04-24 18:05:25.250  1704  4377 V WindowManager: Collecting in transition 3618: ActivityRecord{67158192 u0 com.anonymous.gurustudy.dev/expo.modules.devlauncher.launcher.DevLauncherActivity t2449 f}}, caller=com.android.server.wm.Transition.collectClose:12 com.android.server.wm.ActivityRecord.finishIfPossible:50 com.android.server.wm.ActivityRecord.finishIfPossible:1 com.android.server.wm.Task.removeActivities:65 com.android.server.wm.Task.performClearTaskForReuse:13 
04-24 18:05:25.250  1704  4377 V WindowManager: Collecting in transition 3618: ActivityRecord{51175733 u0 com.anonymous.gurustudy.dev/com.anonymous.gurustudy.MainActivity t2449 f}}, caller=com.android.server.wm.Transition.collectExistenceChange:40 com.android.server.wm.Transition.collectClose:7 com.android.server.wm.ActivityRecord.finishIfPossible:50 com.android.server.wm.ActivityRecord.finishIfPossible:1 com.android.server.wm.Task.removeActivities:65 
04-24 18:05:25.250  1704  4377 V WindowManager: Collecting in transition 3618: ActivityRecord{51175733 u0 com.anonymous.gurustudy.dev/com.anonymous.gurustudy.MainActivity t2449 f}}, caller=com.android.server.wm.TransitionController.collect:7 com.android.server.wm.ActivityRecord.setVisibility:132 com.android.server.wm.ActivityRecord.finishIfPossible:87 com.android.server.wm.ActivityRecord.finishIfPossible:1 com.android.server.wm.Task.removeActivities:65 
04-24 18:05:25.251  1704  4377 D BLASTSyncEngine: SyncGroup 3618: Set ready false, caller=com.android.server.wm.BLASTSyncEngine.setReady:32 com.android.server.wm.Transition.applyReady:54 com.android.server.wm.Transition.setReady:72 com.android.server.wm.TransitionController.setReady:6 com.android.server.wm.TaskFragment.startPausing$1:708 com.android.server.wm.ActivityRecord.finishIfPossible:94 
04-24 18:05:25.251  1704  4377 D ActivityTaskManager: scheduleTopResumedActivityChanged, onTop=false, r=ActivityRecord{51175733 u0 com.anonymous.gurustudy.dev/com.anonymous.gurustudy.MainActivity t2449 f}}, caller=com.android.server.wm.ActivityTaskSupervisor.scheduleTopResumedActivityStateLossIfNeeded:19 com.android.server.wm.ActivityTaskSupervisor.endDeferResume:21 com.android.server.wm.Task.performClearTaskForReuse:18 com.android.server.wm.ActivityStarter.recycleTask:897 com.android.server.wm.ActivityStarter.startActivityInner:261 com.android.server.wm.ActivityStarter.startActivityUnchecked:111 
04-24 18:05:25.251  1704  4377 W OptProp : Cannot read opt property android.window.PROPERTY_COMPAT_ALLOW_MIN_ASPECT_RATIO_OVERRIDE
04-24 18:05:25.251  1177  1228 I SurfaceFlinger: id=57283 createSurf, flag=84004, ActivityRecord{16136226 u0 com.anonymous.gurustudy.dev/expo.modules.devlauncher.launcher.DevLauncherActivity t2449}#57283
04-24 18:05:25.252  1704  4377 V WindowManager: Checking theme of starting window: 0x7f130253
04-24 18:05:25.252  1704  4377 V WindowManager: Translucent=false Floating=false ShowWallpaper=false Disable=false
04-24 18:05:25.252  1704  4377 D ActivityTaskManager: addStartingWindow: type=2 typeParameter=8d
04-24 18:05:25.252  1704  4377 V WindowManager: Creating SplashScreenStartingData
04-24 18:05:25.252  1704  4377 V WindowManager: Add starting ActivityRecord{16136226 u0 com.anonymous.gurustudy.dev/expo.modules.devlauncher.launcher.DevLauncherActivity t2449}: startingData=SplashScreenStartingData{219070 removeAfterTransaction= 0}
04-24 18:05:25.252  1704  4377 V WindowManager: Added starting ActivityRecord{16136226 u0 com.anonymous.gurustudy.dev/expo.modules.devlauncher.launcher.DevLauncherActivity t2449}: startingWindow=null startingView=com.android.server.wm.StartingSurfaceController$StartingSurface@eeccfe9
04-24 18:05:25.252  1704  4377 V WindowManager: Collecting in transition 3618: ActivityRecord{16136226 u0 com.anonymous.gurustudy.dev/expo.modules.devlauncher.launcher.DevLauncherActivity t2449}, caller=com.android.server.wm.Transition.collectExistenceChange:40 com.android.server.wm.ActivityStarter.handleStartResult:761 com.android.server.wm.ActivityStarter.startActivityUnchecked:124 com.android.server.wm.ActivityStarter.executeRequest:3559 com.android.server.wm.ActivityStarter.execute:1752 
04-24 18:05:25.253  1704  4377 I Pageboost: stop alp
04-24 18:05:25.253  1704  4377 I ActivityTaskManager: START u0 {flg=0x10018000 xflg=0x4 cmp=com.anonymous.gurustudy.dev/expo.modules.devlauncher.launcher.DevLauncherActivity} with LAUNCH_SINGLE_TASK from uid 10479 (BAL_ALLOW_VISIBLE_WINDOW) result code=0
04-24 18:05:25.254  2461  2624 D ViewRootImpl: desktopMode is false
04-24 18:05:25.254  2461  2624 I ViewRootImpl: dVRR is disabled
04-24 18:05:25.254 30973 30973 W WindowOnBackDispatcher: OnBackInvokedCallback is not enabled for the application.
04-24 18:05:25.254 30973 30973 W WindowOnBackDispatcher: Set 'android:enableOnBackInvokedCallback="true"' in the application manifest.
04-24 18:05:25.255  2461  2683 D NativeCustomFrequencyManager: [NativeCFMS] BpCustomFrequencyManager::BpCustomFrequencyManager()
04-24 18:05:25.255 30973 30973 D ViewRootImpl: desktopMode is false
04-24 18:05:25.256 30973 30973 I ViewRootImpl: dVRR is disabled
04-24 18:05:25.256 30973 31012 D NativeCustomFrequencyManager: [NativeCFMS] BpCustomFrequencyManager::BpCustomFrequencyManager()
04-24 18:05:25.257  3120  3120 E pageboostd: Received HALT command code 2
04-24 18:05:25.258  1704  3043 D InputTransport: Input channel constructed: '1e7439c', fd=1016
04-24 18:05:25.258  1704  3043 D InputTransport: Input channel constructed: '1e7439c', fd=1037
04-24 18:05:25.258  1704  3043 D InputTransport: Input channel constructed: '1e7439c', fd=1056
04-24 18:05:25.258  1704  3043 D InputTransport: Input channel destroyed: '1e7439c', fd=1037
04-24 18:05:25.258  1704  3043 D WindowManager: prepareSync <SYNC_STATE_WAITING_FOR_DRAW>, mPrepareSyncSeqId=0, win=Window{1e7439c u0 com.anonymous.gurustudy.dev/com.anonymous.gurustudy.MainActivity}
04-24 18:05:25.258  1177  1228 I SurfaceFlinger: id=57284 createSurf, flag=84004, 1e7439c com.anonymous.gurustudy.dev/com.anonymous.gurustudy.MainActivity#57284
04-24 18:05:25.258  1704  3043 D RestrictionPolicy: isScreenCaptureEnabled : ret=true userId=0
04-24 18:05:25.258  1704  3043 D RestrictionPolicy: isScreenCaptureEnabled : ret=true userId=0
04-24 18:05:25.258  1704  3043 D InputTransport: Input channel destroyed: '1e7439c', fd=1056
04-24 18:05:25.259 30973 30973 D InputTransport: Input channel constructed: '1e7439c', fd=131
04-24 18:05:25.259  1299  1299 I CameraService: onUidStateChanged: uid=10065, procState is changed. (0 -> 1)
04-24 18:05:25.259 30973 30973 I InsetsController: onStateChanged: host=com.anonymous.gurustudy.dev/com.anonymous.gurustudy.MainActivity, from=android.view.ViewRootImpl.onInsetsStateChanged:3026, state=InsetsState: {mDisplayFrame=Rect(0, 0 - 2800, 1752), mDisplayCutout=DisplayCutout{insets=Rect(0, 0 - 0, 0) waterfall=Insets{left=0, top=0, right=0, bottom=0} boundingRect={Bounds=[Rect(0, 0 - 0, 0), Rect(0, 0 - 0, 0), Rect(0, 0 - 0, 0), Rect(0, 0 - 0, 0)]} cutoutPathParserInfo={CutoutPathParserInfo{displayWidth=0 displayHeight=0 physicalDisplayWidth=0 physicalDisplayHeight=0 density={0.0} cutoutSpec={} rotation={0} scale={0.0} physicalPixelDisplaySizeRatio={0.0}}} sideOverrides=null}, mRoundedCorners=RoundedCorners{[RoundedCorner{position=TopLeft, radius=26, center=Point(26, 26)}, RoundedCorner{position=TopRight, radius=26, center=Point(2774, 26)}, RoundedCorner{position=BottomRight, radius=26, center=Point(2774, 1726)}, RoundedCorner{position=BottomLeft, radius=26, center=Point(26, 1726)}]}  mRoundedCornerFrame=Rect(0, 0 - 2800, 1752), mPrivacyIndicatorBounds=PrivacyIndicatorBounds {static bounds=Rect(2712, 0 - 2800, 60) rotation=1}, mDisplayShape=DisplayShape{ spec=-311912193 displayWidth=1752 displayHeight=2800 physicalPixelDisplaySizeRatio=1.0 rotation=1 offsetX=0 offsetY=0 scale=1.0}, mSources= { InsetsSource: {3 mType=ime mFrame=[0,0][0,0] mVisible=false mFlags= mSideHint=NONE mBoundingRects=null}, InsetsSource: {632f0000 mType=statusBars mFrame=[0,0][2800,60] mVisible=true mFlags= mSideHint=TOP mBoundingRects=null}, InsetsSource: {632f0005 mType=mandatorySystemGestures mFrame=[0,0][2800,60] mVisible=true mFlags= mSideHint=TOP mBoundingRects=null}, InsetsSource: {632f0006 mType=tappableElement mFrame=[0,0][2800,60] mVisible=true mFlags= mSideHint=TOP mBoundingRects=null}, InsetsSource: {7cf00001 mType=navigationBars mFrame=[0,1722][2800,1752] mVisible=true mFlags=SUPPRESS_SCRIM mSideHint=BOTTOM mBoundingRects=null}, InsetsSource: {7cf00004 mType=systemGestures mFrame=[0,0][45,1752] mVisible=true mFlags= mSideHint=LEFT mBoundingRects=null}, InsetsSource: {7cf00005 mType=mandatorySystemGestures mFrame=[0,1688][2800,1752] mVisible=true mFlags= mSideHint=BOTTOM mBoundingRects=null}, InsetsSource: {7cf00006 mType=tappableElement mFrame=[0,0][0,0] mVisible=true mFlags= mSideHint=NONE mBoundingRects=null}, InsetsSource: {7cf00024 mType=systemGestures mFrame=[2755,0][2800,1752] mVisible=true mFlags= mSideHint=RIGHT mBoundingRects=null} }
04-24 18:05:25.259 30973 30973 I VRI[MainActivity]@7e241c1: synced displayState. AttachInfo displayState=2
04-24 18:05:25.259 30973 30973 I VRI[MainActivity]@7e241c1: setView = com.android.internal.policy.DecorView@d836154 IsHRR=false mFlingFrameRateChange=0 TM=true
04-24 18:05:25.260  1104  1126 I HYPER-HAL: [RequestManager.cpp]acquire(): Acquired ID : -772691497  [1114 / 51321]    HINT :      list : [TID_LOW_LATENCY / 1] [TID / 2674] [TID / 2675] [TID / 2624] [TID / 2683] 
04-24 18:05:25.260  1104  1126 I mtkpower_client: perf_lock_acq, hdl:0, dur:0, num:2, pid:1104, tid:1126
04-24 18:05:25.261  1704  4180 I WindowManager: Relayout Window{1e7439c u0 com.anonymous.gurustudy.dev/com.anonymous.gurustudy.MainActivity}: viewVisibility=0 req=2800x1752 ty=1 d0
04-24 18:05:25.262  1104  1126 I mtkpower_client: ret_hdl:66825
04-24 18:05:25.262  1104  1126 I mtkpower_client: perf_lock_acq, hdl:0, dur:0, num:2, pid:1104, tid:1126
04-24 18:05:25.262  1177  1228 I SurfaceFlinger: id=57285 createSurf, flag=44004, com.anonymous.gurustudy.dev/com.anonymous.gurustudy.MainActivity$_30973#57285
04-24 18:05:25.262  1114  1198 I libPowerHal: [perfLockAcq] idx:4 hdl:66825 hint:-1 pid:1104 tid:1126 duration:0 lock_user:vendor.samsung. => ret_hdl:66825
04-24 18:05:25.262  1704  4180 D WindowManager: makeSurface duration=1 name=com.anonymous.gurustudy.dev/com.anonymous.gurustudy.MainActivity$_30973
04-24 18:05:25.262  1704  4602 D HintManagerService: SystemUI make new AppHintSession but force pause
04-24 18:05:25.262  1114  1198 I libPowerHal: [PE] vendor.samsung. update ONESHOT(set) cmd:1450000 param:2674
04-24 18:05:25.263  1104  1126 I mtkpower_client: ret_hdl:66826
04-24 18:05:25.263  1104  1126 I mtkpower_client: perf_lock_acq, hdl:0, dur:0, num:2, pid:1104, tid:1126
04-24 18:05:25.263  1704  4180 W OptProp : Cannot read opt property android.window.PROPERTY_COMPAT_ALLOW_ORIENTATION_OVERRIDE
04-24 18:05:25.263  1114  1198 I libPowerHal: [perfLockAcq] idx:16 hdl:66826 hint:-1 pid:1104 tid:1126 duration:0 lock_user:vendor.samsung. => ret_hdl:66826
04-24 18:05:25.263  1114  1198 I libPowerHal: [PE] vendor.samsung. update ONESHOT(set) cmd:1450000 param:2675
04-24 18:05:25.263  1704  4180 I WindowManager: Relayout hash=1e7439c, pid=30973, syncId=-1: mAttrs={(0,0)(fillxfill) sim={adjust=resize forwardNavigation} layoutInDisplayCutoutMode=always ty=BASE_APPLICATION wanim=0x1030317
04-24 18:05:25.263  1704  4180 I WindowManager:   fl=81810100
04-24 18:05:25.263  1704  4180 I WindowManager:   pfl=100088c0
04-24 18:05:25.263  1704  4180 I WindowManager:   bhv=1
04-24 18:05:25.263  1704  4180 I WindowManager:   fitSides=0
04-24 18:05:25.263  1704  4180 I WindowManager:   frameRateBoostOnTouch=true
04-24 18:05:25.263  1704  4180 I WindowManager:   dvrrWindowFrameRateHint=true naviIconColor=0}
04-24 18:05:25.263  1104  1126 I mtkpower_client: ret_hdl:66827
04-24 18:05:25.263  1104  1126 I mtkpower_client: perf_lock_acq, hdl:0, dur:0, num:2, pid:1104, tid:1126
04-24 18:05:25.264  1104  1126 I mtkpower_client: ret_hdl:66828
04-24 18:05:25.264  1104  1126 I HYPER-HAL: [RequestManager.cpp]acquire(): Acquired ID : -772586622  [1114 / 51323]    HINT :      list : [TID_LOW_LATENCY / 1] [TID / 31029] [TID / 31030] [TID / 30973] [TID / 31012] 
04-24 18:05:25.264 30973 30973 D BufferQueueConsumer: [](id:78fd00000001,api:0,p:-1,c:30973) connect: controlledByApp=false
04-24 18:05:25.264  1704  3043 D CoreBackPreview: Window{1e7439c u0 com.anonymous.gurustudy.dev/com.anonymous.gurustudy.MainActivity}: Setting back callback OnBackInvokedCallbackInfo{mCallback=android.window.IOnBackInvokedCallback$Stub$Proxy@6694907, mPriority=0, mIsAnimationCallback=false, mOverrideBehavior=0}
04-24 18:05:25.264  1114  1198 I libPowerHal: [perfLockAcq] idx:27 hdl:66827 hint:-1 pid:1104 tid:1126 duration:0 lock_user:vendor.samsung. => ret_hdl:66827
04-24 18:05:25.264  1114  1198 I libPowerHal: [PE] vendor.samsung. update ONESHOT(set) cmd:1450000 param:2624
04-24 18:05:25.264  1104  1126 I HYPER-HAL: [RequestManager.cpp]acquire(): Acquired ID : -772691497  [1114 / 51321]    HINT :      list : [TID_LOW_LATENCY / 0] [TID / 2674] [TID / 2675] [TID / 2624] [TID / 2683] 
04-24 18:05:25.264 30973 30973 I BLASTBufferQueue: [VRI[MainActivity]@7e241c1#1](f:0,a:0,s:0) constructor()
04-24 18:05:25.264  1104  1126 I mtkpower_client: perf_lock_rel, hdl:66825, tid:1126
04-24 18:05:25.264 30973 30973 I BLASTBufferQueue_Java: new BLASTBufferQueue, mName= VRI[MainActivity]@7e241c1 mNativeObject= 0xb4000072be27c210 caller= android.view.ViewRootImpl.updateBlastSurfaceIfNeeded:3585 android.view.ViewRootImpl.relayoutWindow:11685 android.view.ViewRootImpl.performTraversals:4804 android.view.ViewRootImpl.doTraversal:3924 android.view.ViewRootImpl$TraversalRunnable.run:12903 android.view.Choreographer$CallbackRecord.run:1901 android.view.Choreographer$CallbackRecord.run:1910 android.view.Choreographer.doCallbacks:1367 android.view.Choreographer.doFrame:1292 android.view.Choreographer$FrameDisplayEventReceiver.run:1870 
04-24 18:05:25.264  1704  2729 D InputTransport: Input channel constructed: 'f67405d', fd=1037
04-24 18:05:25.264  1704  2729 D InputTransport: Input channel constructed: 'f67405d', fd=1056
04-24 18:05:25.264 30973 30973 I BLASTBufferQueue_Java: update, w= 2800 h= 1752 mName = VRI[MainActivity]@7e241c1 mNativeObject= 0xb4000072be27c210 sc.mNativeObject= 0xb4000072de25dc10 format= -1 caller= android.view.ViewRootImpl.updateBlastSurfaceIfNeeded:3590 android.view.ViewRootImpl.relayoutWindow:11685 android.view.ViewRootImpl.performTraversals:4804 android.view.ViewRootImpl.doTraversal:3924 android.view.ViewRootImpl$TraversalRunnable.run:12903 android.view.Choreographer$CallbackRecord.run:1901 
04-24 18:05:25.264 30973 30973 I BLASTBufferQueue: [VRI[MainActivity]@7e241c1#1](f:0,a:0,s:0) update width=2800 height=1752 format=-1 mTransformHint=0
04-24 18:05:25.264  1704  2729 D InputTransport: Input channel constructed: 'f67405d', fd=1110
04-24 18:05:25.264  1704  2729 D InputTransport: Input channel destroyed: 'f67405d', fd=1056
04-24 18:05:25.264  1704  2729 D WindowManager: prepareSync <SYNC_STATE_WAITING_FOR_DRAW>, mPrepareSyncSeqId=0, win=Window{f67405d u0 Splash Screen com.anonymous.gurustudy.dev}
04-24 18:05:25.264 30973 30973 I VRI[MainActivity]@7e241c1: Relayout returned: old=(0,0,2800,1752) new=(0,0,2800,1752) relayoutAsync=false req=(2800,1752)0 dur=3 res=0x3 s={true 0xb40000726e278690} ch=true seqId=0
04-24 18:05:25.264  1177  1503 I SurfaceFlinger: id=57286 createSurf, flag=84004, f67405d Splash Screen com.anonymous.gurustudy.dev#57286
04-24 18:05:25.264  1114  1198 I libPowerHal: [perfLockAcq] idx:28 hdl:66828 hint:-1 pid:1104 tid:1126 duration:0 lock_user:vendor.samsung. => ret_hdl:66828
04-24 18:05:25.264  1114  1198 I libPowerHal: [PE] vendor.samsung. update ONESHOT(set) cmd:1450000 param:2683
04-24 18:05:25.265  1704  2729 D RestrictionPolicy: isScreenCaptureEnabled : ret=true userId=0
04-24 18:05:25.265  1104  1126 I mtkpower_client: perf_lock_rel, hdl:66826, tid:1126
04-24 18:05:25.265  1704  2729 V WindowManager: addWindow: ActivityRecord{16136226 u0 com.anonymous.gurustudy.dev/expo.modules.devlauncher.launcher.DevLauncherActivity t2449} startingWindow=Window{f67405d u0 Splash Screen com.anonymous.gurustudy.dev}
04-24 18:05:25.265 30973 30973 D VRI[MainActivity]@7e241c1: mThreadedRenderer.initialize() mSurface={isValid=true 0xb40000726e278690} hwInitialized=true
04-24 18:05:25.265 30973 30973 D VRI[MainActivity]@7e241c1: reportNextDraw android.view.ViewRootImpl.performTraversals:5443 android.view.ViewRootImpl.doTraversal:3924 android.view.ViewRootImpl$TraversalRunnable.run:12903 android.view.Choreographer$CallbackRecord.run:1901 android.view.Choreographer$CallbackRecord.run:1910 
04-24 18:05:25.265 30973 30973 D VRI[MainActivity]@7e241c1: Setup new sync=wmsSync-VRI[MainActivity]@7e241c1#2
04-24 18:05:25.265 30973 30973 I VRI[MainActivity]@7e241c1: Creating new active sync group VRI[MainActivity]@7e241c1#3
04-24 18:05:25.265  1177  1177 I SurfaceFlinger: [ActivityRecord{16136226 u0 com.anonymous.gurustudy.dev/expo.modules.devlauncher.launcher.DevLauncherActivity t2449}#57283] attach to parent LayerHierarchy{RequestedLayerState{Task=2449#57264 parentId=10 z=8} 3 children}
04-24 18:05:25.265  1704  2729 D InputTransport: Input channel destroyed: 'f67405d', fd=1110
04-24 18:05:25.265  1177  1177 I SurfaceFlinger: [1e7439c com.anonymous.gurustudy.dev/com.anonymous.gurustudy.MainActivity#57284] attach to parent LayerHierarchy{RequestedLayerState{ActivityRecord{51175733 u0 com.anonymous.gurustudy.dev/com.anonymous.gurustudy.MainActivity t2449}#57282 parentId=57264} 1 children}
04-24 18:05:25.265  1177  1177 I SurfaceFlinger: [com.anonymous.gurustudy.dev/com.anonymous.gurustudy.MainActivity$_30973#57285] attach to parent LayerHierarchy{RequestedLayerState{1e7439c com.anonymous.gurustudy.dev/com.anonymous.gurustudy.MainActivity#57284 parentId=57282} 1 children}
04-24 18:05:25.265  1177  1177 I SurfaceFlinger: [f67405d Splash Screen com.anonymous.gurustudy.dev#57286] attach to parent LayerHierarchy{RequestedLayerState{ActivityRecord{16136226 u0 com.anonymous.gurustudy.dev/expo.modules.devlauncher.launcher.DevLauncherActivity t2449}#57283 parentId=57264} 1 children}
04-24 18:05:25.265 30973 30973 D VRI[MainActivity]@7e241c1: registerCallbacksForSync syncBuffer=false
04-24 18:05:25.265  1114  1198 I libPowerHal: [perfLockRel] hdl:66825, idx:4
04-24 18:05:25.265  1114  1198 I libPowerHal: [PD] vendor.samsung. update ONESHOT(unset) cmd:1450000 param:2674
04-24 18:05:25.266 30973 31029 D VRI[MainActivity]@7e241c1: Received frameDrawingCallback syncResult=0 frameNum=1.
04-24 18:05:25.266  2461  2624 D InputTransport: Input channel constructed: 'f67405d', fd=473
04-24 18:05:25.266 30973 31029 I VRI[MainActivity]@7e241c1: mWNT: t=0xb40000723e27ca50 mBlastBufferQueue=0xb4000072be27c210 fn= 1 HdrRenderState mRenderHdrSdrRatio=1.0 caller= android.view.ViewRootImpl$12.onFrameDraw:15441 android.view.ThreadedRenderer$1.onFrameDraw:718 <bottom of call stack> 
04-24 18:05:25.266 30973 31029 I VRI[MainActivity]@7e241c1: Setting up sync and frameCommitCallback
04-24 18:05:25.266  2461  2624 I InsetsController: onStateChanged: host=Splash Screen com.anonymous.gurustudy.dev, from=android.view.ViewRootImpl.onInsetsStateChanged:3026, state=InsetsState: {mDisplayFrame=Rect(0, 0 - 2800, 1752), mDisplayCutout=DisplayCutout{insets=Rect(0, 0 - 0, 0) waterfall=Insets{left=0, top=0, right=0, bottom=0} boundingRect={Bounds=[Rect(0, 0 - 0, 0), Rect(0, 0 - 0, 0), Rect(0, 0 - 0, 0), Rect(0, 0 - 0, 0)]} cutoutPathParserInfo={CutoutPathParserInfo{displayWidth=0 displayHeight=0 physicalDisplayWidth=0 physicalDisplayHeight=0 density={0.0} cutoutSpec={} rotation={0} scale={0.0} physicalPixelDisplaySizeRatio={0.0}}} sideOverrides=null}, mRoundedCorners=RoundedCorners{[RoundedCorner{position=TopLeft, radius=26, center=Point(26, 26)}, RoundedCorner{position=TopRight, radius=26, center=Point(2774, 26)}, RoundedCorner{position=BottomRight, radius=26, center=Point(2774, 1726)}, RoundedCorner{position=BottomLeft, radius=26, center=Point(26, 1726)}]}  mRoundedCornerFrame=Rect(0, 0 - 2800, 1752), mPrivacyIndicatorBounds=PrivacyIndicatorBounds {static bounds=Rect(2712, 0 - 2800, 60) rotation=1}, mDisplayShape=DisplayShape{ spec=-311912193 displayWidth=1752 displayHeight=2800 physicalPixelDisplaySizeRatio=1.0 rotation=1 offsetX=0 offsetY=0 scale=1.0}, mSources= { InsetsSource: {3 mType=ime mFrame=[0,0][0,0] mVisible=false mFlags= mSideHint=NONE mBoundingRects=null}, InsetsSource: {632f0000 mType=statusBars mFrame=[0,0][2800,60] mVisible=true mFlags= mSideHint=TOP mBoundingRects=null}, InsetsSource: {632f0005 mType=mandatorySystemGestures mFrame=[0,0][2800,60] mVisible=true mFlags= mSideHint=TOP mBoundingRects=null}, InsetsSource: {632f0006 mType=tappableElement mFrame=[0,0][2800,60] mVisible=true mFlags= mSideHint=TOP mBoundingRects=null}, InsetsSource: {7cf00001 mType=navigationBars mFrame=[0,1722][2800,1752] mVisible=true mFlags=SUPPRESS_SCRIM mSideHint=BOTTOM mBoundingRects=null}, InsetsSource: {7cf00004 mType=systemGestures mFrame=[0,0][45,1752] mVisible=true mFlags= mSideHint=LEFT mBoundingRects=null}, InsetsSource: {7cf00005 mType=mandatorySystemGestures mFrame=[0,1688][2800,1752] mVisible=true mFlags= mSideHint=BOTTOM mBoundingRects=null}, InsetsSource: {7cf00006 mType=tappableElement mFrame=[0,0][0,0] mVisible=true mFlags= mSideHint=NONE mBoundingRects=null}, InsetsSource: {7cf00024 mType=systemGestures mFrame=[2755,0][2800,1752] mVisible=true mFlags= mSideHint=RIGHT mBoundingRects=null} }
04-24 18:05:25.266  2461  2624 I VRI[dev]@e0c7262: onActiveControlsChanged, removed=false, mAdded=true, caller=android.view.ViewRootImpl.handleInsetsControlChanged:3002 android.view.ViewRootImpl.setView:2014 android.view.WindowManagerGlobal.addView:604 com.android.wm.shell.startingsurface.SplashscreenWindowCreator.addWindow:38 com.android.wm.shell.startingsurface.StartingWindowController$$ExternalSyntheticLambda4.run:1365 
04-24 18:05:25.267  2461  2624 I VRI[dev]@e0c7262: synced displayState. AttachInfo displayState=2
04-24 18:05:25.267  2461  2624 I VRI[dev]@e0c7262: setView = android.widget.FrameLayout@c6f684f IsHRR=false mFlingFrameRateChange=0 TM=true
04-24 18:05:25.268  1177  1343 D SurfaceFlinger: [input] setFocusedWindow: <null>
04-24 18:05:25.268  1177  1343 D SurfaceFlinger: updateWinowInfo=1, setFocusedWindow timestamp=851238951355805, windowName=<null>
04-24 18:05:25.268  1704  4377 D InputDispatcher: Once focus requested (0): <null>
04-24 18:05:25.268 30973 31012 I BLASTBufferQueue: [VRI[MainActivity]@7e241c1#1](f:0,a:0,s:0) onFrameAvailable the first frame is available
04-24 18:05:25.268  1704  4377 D InputDispatcher: Focus request (0): <null> but waiting because NO_WINDOW
04-24 18:05:25.268  1704  4377 D InputDispatcher: Focus left window (0): e03762f com.anonymous.gurustudy.dev/expo.modules.devlauncher.launcher.DevLauncherActivity
04-24 18:05:25.268 30973 31012 I BLASTBufferQueue: [VRI[MainActivity]@7e241c1#1](f:0,a:1,s:0) acquireNextBufferLocked size=2800x1752 mFrameNumber=1 applyTransaction=true mTimestamp=851238983201343(auto) mPendingTransactions.size=0 graphicBufferId=133028022059013 transform=0
04-24 18:05:25.268 30973 31012 I VRI[MainActivity]@7e241c1: Received frameCommittedCallback lastAttemptedDrawFrameNum=1 didProduceBuffer=true
04-24 18:05:25.269  1104  1126 I mtkpower_client: perf_lock_rel, hdl:66827, tid:1126
04-24 18:05:25.269  1114  1198 I libPowerHal: [perfLockRel] hdl:66826, idx:16
04-24 18:05:25.269  1114  1198 I libPowerHal: [PD] vendor.samsung. update ONESHOT(unset) cmd:1450000 param:2675
04-24 18:05:25.270  1104  1126 I mtkpower_client: perf_lock_rel, hdl:66828, tid:1126
04-24 18:05:25.270 30973 31012 D HWUI    : CFMS:: SetUp Pid : 30973    Tid : 31012
04-24 18:05:25.270  1114  1198 I libPowerHal: [perfLockRel] hdl:66827, idx:27
04-24 18:05:25.270 30973 30973 D VRI[MainActivity]@7e241c1: reportDrawFinished seqId=0
04-24 18:05:25.270  1114  1198 I libPowerHal: [PD] vendor.samsung. update ONESHOT(unset) cmd:1450000 param:2624
04-24 18:05:25.270  1704  2729 D WindowManager: finishDrawingWindow: Window{1e7439c u0 com.anonymous.gurustudy.dev/com.anonymous.gurustudy.MainActivity} mDrawState=DRAW_PENDING seqId=0
04-24 18:05:25.271  1114  1198 I libPowerHal: [perfLockRel] hdl:66828, idx:28
04-24 18:05:25.271 30973 30973 I View    : setRequestedFrameRate frameRate=NaN, this=androidx.compose.ui.platform.AndroidComposeView{4247ba5 VFED..... ........ 0,0-2800,1752 aid=1073741824}, caller=android.view.ViewGroup.setRequestedFrameRate:9952 androidx.compose.ui.platform.Api35Impl.setRequestedFrameRate:3314 androidx.compose.ui.platform.AndroidComposeView.dispatchDraw:1949 android.view.View.draw:26345 android.view.View.updateDisplayListIfDirty:25175 
04-24 18:05:25.271  1114  1198 I libPowerHal: [PD] vendor.samsung. update ONESHOT(unset) cmd:1450000 param:2683
04-24 18:05:25.271 30973 30973 I View    : setRequestedFrameRate frameRate=NaN, this=android.view.View{f53077 V.ED..... ........ 0,0-0,0}, caller=androidx.compose.ui.platform.Api35Impl.setRequestedFrameRate:3314 androidx.compose.ui.platform.AndroidComposeView.dispatchDraw:1950 android.view.View.draw:26345 android.view.View.updateDisplayListIfDirty:25175 android.view.ViewGroup.recreateChildDisplayList:4794 
04-24 18:05:25.272  2461  2683 D HWUI    : HWUI - treat SMPTE_170M as sRGB
04-24 18:05:25.273  1704  2305 I CocktailBarManagerServiceContainer: handleMessage: entry what = 6
04-24 18:05:25.273  1704  3043 V WindowManager: Collecting in transition 3618: ActivityRecord{16136226 u0 com.anonymous.gurustudy.dev/expo.modules.devlauncher.launcher.DevLauncherActivity t2449}, caller=com.android.server.wm.TransitionController.collect:7 com.android.server.wm.ActivityRecord.setVisibility:132 com.android.server.wm.ActivityRecord.makeVisibleIfNeeded:36 com.android.server.wm.EnsureActivitiesVisibleHelper.process:538 com.android.server.wm.TaskFragment.updateActivityVisibilities:12 
04-24 18:05:25.273  1704  3043 V WindowManager: rotationForOrientation(orient=SCREEN_ORIENTATION_UNSPECIFIED (-1), last=ROTATION_90 (1)); user=ROTATION_0 (0) 
04-24 18:05:25.273  1704  3043 D WindowManager: rotationForOrientation, orientationSource=ActivityRecord{16136226 u0 com.anonymous.gurustudy.dev/expo.modules.devlauncher.launcher.DevLauncherActivity t2449}
04-24 18:05:25.273  1704  3043 V WindowManager: Computed rotation=ROTATION_90 (1) for display id=0 based on lastOrientation=SCREEN_ORIENTATION_UNSPECIFIED (-1) and oldRotation=ROTATION_90 (1), caller=com.android.server.wm.DisplayRotation.updateOrientation:79 com.android.server.wm.DisplayContent.updateOrientation:41 com.android.server.wm.DisplayContent.updateOrientationAndComputeConfig:48 com.android.server.wm.RootWindowContainer.ensureVisibilityAndConfig:7 com.android.server.wm.ActivityTaskSupervisor.realStartActivityLocked:182 com.android.server.wm.ActivityTaskSupervisor.startSpecificActivity:27 
04-24 18:05:25.273  1704  3043 V WindowManager: Collecting in transition 3618: ActivityRecord{16136226 u0 com.anonymous.gurustudy.dev/expo.modules.devlauncher.launcher.DevLauncherActivity t2449}, caller=com.android.server.wm.TransitionController.collect:7 com.android.server.wm.ActivityRecord.setVisibility:132 com.android.server.wm.ActivityTaskSupervisor.realStartActivityLocked:203 com.android.server.wm.ActivityTaskSupervisor.startSpecificActivity:27 com.android.server.wm.TaskFragment.resumeTopActivity:2089 
04-24 18:05:25.273  1704  3043 D SGM:FgCheckThread: notifyAppCreated(), packageName: com.anonymous.gurustudy.dev, userId: 0, sendRet: true
04-24 18:05:25.274  1704  2201 D SGM:FgCheckThread: onLooperPrepared(), msg: MSG_APP_CREATE, pkgName: com.anonymous.gurustudy.dev, userId: 0
04-24 18:05:25.274  1704  2319 D BackgroundInstallControlService: Package event received: 0
04-24 18:05:25.274  1704  3043 D InputDispatcher: Focused application(0): ActivityRecord{16136226 u0 com.anonymous.gurustudy.dev/expo.modules.devlauncher.launcher.DevLauncherActivity t2449}
04-24 18:05:25.274  1704  3043 D BLASTSyncEngine: SyncGroup 3618: Set ready true, caller=com.android.server.wm.BLASTSyncEngine.setReady:32 com.android.server.wm.Transition.applyReady:54 com.android.server.wm.Transition.setReady:72 com.android.server.wm.TransitionController.setReady:6 com.android.server.wm.DisplayContent.executeAppTransition:4 com.android.server.wm.ActivityRecord.completeResumeLocked:115 
04-24 18:05:25.274  1704  3043 D WindowManagerServiceExt: updateTaskbarTargetIfNeeded: cn=ComponentInfo{com.anonymous.gurustudy.dev/expo.modules.devlauncher.launcher.DevLauncherActivity} occludesParent=true isInSplitScreenMode=false
04-24 18:05:25.274  1704  3043 D BLASTSyncEngine: SyncGroup 3618:  Unfinished container: ActivityRecord{16136226 u0 com.anonymous.gurustudy.dev/expo.modules.devlauncher.launcher.DevLauncherActivity t2449} mSyncState=2
04-24 18:05:25.275  1704  4362 D ActivityTaskManager: scheduleTopResumedActivityChanged, onTop=true, r=ActivityRecord{16136226 u0 com.anonymous.gurustudy.dev/expo.modules.devlauncher.launcher.DevLauncherActivity t2449}, caller=com.android.server.wm.ActivityTaskSupervisor.scheduleTopResumedActivityStateIfNeeded:18 com.android.server.wm.ActivityTaskSupervisor.handleTopResumedStateReleased:44 com.android.server.wm.ActivityClientController.activityTopResumedStateLost:14 android.app.IActivityClientController$Stub.onTransact:716 com.android.server.wm.ActivityClientController.onTransact:1 android.os.Binder.execTransactInternal:1457 
04-24 18:05:25.275  1704  2729 D CoreBackPreview: Window{f67405d u0 Splash Screen com.anonymous.gurustudy.dev}: Setting back callback OnBackInvokedCallbackInfo{mCallback=android.window.IOnBackInvokedCallback$Stub$Proxy@7d0cbcc, mPriority=0, mIsAnimationCallback=false, mOverrideBehavior=0}
04-24 18:05:25.275 30973 31012 D HWUI    : HWUI - treat SMPTE_170M as sRGB
04-24 18:05:25.275  1704  4377 I WindowManager: Relayout Window{f67405d u0 Splash Screen com.anonymous.gurustudy.dev}: viewVisibility=0 req=2800x1752 ty=3 d0
04-24 18:05:25.276  1177  1503 I SurfaceFlinger: id=57287 createSurf, flag=44004, Splash Screen com.anonymous.gurustudy.dev$_2461#57287
04-24 18:05:25.276  1704  4377 D WindowManager: makeSurface duration=1 name=Splash Screen com.anonymous.gurustudy.dev$_2461
04-24 18:05:25.277  1704  4377 D BLASTSyncEngine: SyncGroup 3618:  Unfinished container: ActivityRecord{16136226 u0 com.anonymous.gurustudy.dev/expo.modules.devlauncher.launcher.DevLauncherActivity t2449} mSyncState=2
04-24 18:05:25.277 30973 30973 I View    : setRequestedFrameRate frameRate=NaN, this=androidx.compose.ui.platform.AndroidComposeView{4247ba5 VFED..... ........ 0,0-2800,1752 aid=1073741824}, caller=android.view.ViewGroup.setRequestedFrameRate:9952 androidx.compose.ui.platform.Api35Impl.setRequestedFrameRate:3314 androidx.compose.ui.platform.AndroidComposeView.dispatchDraw:1949 android.view.View.draw:26345 android.view.View.updateDisplayListIfDirty:25175 
04-24 18:05:25.277 30973 30973 I View    : setRequestedFrameRate frameRate=NaN, this=android.view.View{f53077 V.ED..... ........ 0,0-0,0}, caller=androidx.compose.ui.platform.Api35Impl.setRequestedFrameRate:3314 androidx.compose.ui.platform.AndroidComposeView.dispatchDraw:1950 android.view.View.draw:26345 android.view.View.updateDisplayListIfDirty:25175 android.view.ViewGroup.recreateChildDisplayList:4794 
04-24 18:05:25.277 30973 30973 I ImeFocusController: onPreWindowFocus: skipped hasWindowFocus=false mHasImeFocus=true
04-24 18:05:25.277 30973 30973 I ImeFocusController: onPostWindowFocus: skipped hasWindowFocus=false mHasImeFocus=true
04-24 18:05:25.278  1704  1877 D SGM:FgCheckThread: notePauseComponent(), received pkgName: com.anonymous.gurustudy.dev, userId: 0
04-24 18:05:25.278  1704  2729 D GraphicsStatsService: requestRenderEngineFor(com.anonymous.gurustudy.dev)
04-24 18:05:25.278  1704  4377 I WindowManager: Relayout hash=f67405d, pid=2461, syncId=-1: mAttrs={(0,0)(fillxfill) sim={adjust=pan} layoutInDisplayCutoutMode=always ty=APPLICATION_STARTING fmt=TRANSLUCENT wanim=0x1030317
04-24 18:05:25.278  1704  4377 I WindowManager:   fl=81030118
04-24 18:05:25.278  1704  4377 I WindowManager:   pfl=10000810
04-24 18:05:25.278  1704  4377 I WindowManager:   bhv=1
04-24 18:05:25.278  1704  4377 I WindowManager:   fitSides=0
04-24 18:05:25.278  1704  4377 I WindowManager:   frameRateBoostOnTouch=true
04-24 18:05:25.278  1704  4377 I WindowManager:   dvrrWindowFrameRateHint=true naviIconColor=0}
04-24 18:05:25.278 30973 30973 D ActivityThread: com.anonymous.gurustudy.dev will use render engine as VK
04-24 18:05:25.278  2461  2624 I VRI[dev]@e0c7262: onActiveControlsChanged, removed=false, mAdded=true, caller=android.view.ViewRootImpl.handleInsetsControlChanged:3002 android.view.ViewRootImpl.relayoutWindow:11629 android.view.ViewRootImpl.performTraversals:4804 android.view.ViewRootImpl.doTraversal:3924 android.view.ViewRootImpl$TraversalRunnable.run:12903 
04-24 18:05:25.279  1704  2305 I CocktailBarManagerServiceContainer: handleMessage: entry what = 5
04-24 18:05:25.279  2933  2933 I HoneySpace.EdgePanel.CocktailHostRepositoryImpl: onNoteResume
04-24 18:05:25.279  2933  2933 I HoneySpace.EdgePanel.EdgePanelContainerViewModel: cocktailHostRepository.edgePanelOperation NoteResumeComponent(componentName=ComponentInfo{com.anonymous.gurustudy.dev/expo.modules.devlauncher.launcher.DevLauncherActivity})
04-24 18:05:25.279  2933  2933 I HoneySpace.EdgePanel.ActivityUtils: HomePackage : com.sec.android.app.launcher, resumePackageName : com.anonymous.gurustudy.dev, className : expo.modules.devlauncher.launcher.DevLauncherActivity
04-24 18:05:25.279  1704  1877 D SGM:FgCheckThread: noteResumeComponent(), received pkgName: com.anonymous.gurustudy.dev, userId: 0
04-24 18:05:25.280  1704  2319 D BackgroundInstallControlService: Package event received: 0
04-24 18:05:25.280  1704  2201 D SGM:FgCheckThread: onLooperPrepared(), msg: MSG_APP_RESUME, pkgName: com.anonymous.gurustudy.dev, userid: 0
04-24 18:05:25.280  1704  2201 D SGM:FgCheckThread: handleResume().
04-24 18:05:25.280  1704  2201 D SGM:FgCheckThread:   handleResume(). same package with Prev KILL_YOURSELF. ignore
04-24 18:05:25.280  4203  4863 I SDHMS:k : handleResumeComponent : put = com.anonymous.gurustudy.dev, userid = 0 instanceid =171733683
04-24 18:05:25.280  1704  2319 D BackgroundInstallControlService: Package event received: 0
04-24 18:05:25.281  2461  2624 D BufferQueueConsumer: [](id:99d000004a2,api:0,p:-1,c:2461) connect: controlledByApp=false
04-24 18:05:25.281  2461  2624 I BLASTBufferQueue: [VRI[dev]@e0c7262#1185](f:0,a:0,s:0) constructor()
04-24 18:05:25.281  2461  2624 I BLASTBufferQueue_Java: new BLASTBufferQueue, mName= VRI[dev]@e0c7262 mNativeObject= 0xb4000072be2c8e50 caller= android.view.ViewRootImpl.updateBlastSurfaceIfNeeded:3585 android.view.ViewRootImpl.relayoutWindow:11685 android.view.ViewRootImpl.performTraversals:4804 android.view.ViewRootImpl.doTraversal:3924 android.view.ViewRootImpl$TraversalRunnable.run:12903 android.view.Choreographer$CallbackRecord.run:1901 android.view.Choreographer$CallbackRecord.run:1910 android.view.Choreographer.doCallbacks:1367 android.view.Choreographer.doFrame:1292 android.view.Choreographer$FrameDisplayEventReceiver.run:1870 
04-24 18:05:25.281  2933  2933 I HoneySpace.TaskbarVisibilityController@186349949@OneUI: onTaskbarIconVisibleChangeRequest occlude:true cn:ComponentInfo{com.anonymous.gurustudy.dev/expo.modules.devlauncher.launcher.DevLauncherActivity}, isResume:false, isGestureTransition : false, isDock : false
04-24 18:05:25.281  2461  2624 I BLASTBufferQueue_Java: update, w= 2800 h= 1752 mName = VRI[dev]@e0c7262 mNativeObject= 0xb4000072be2c8e50 sc.mNativeObject= 0xb4000072de29b4d0 format= -3 caller= android.view.ViewRootImpl.updateBlastSurfaceIfNeeded:3590 android.view.ViewRootImpl.relayoutWindow:11685 android.view.ViewRootImpl.performTraversals:4804 android.view.ViewRootImpl.doTraversal:3924 android.view.ViewRootImpl$TraversalRunnable.run:12903 android.view.Choreographer$CallbackRecord.run:1901 
04-24 18:05:25.281  2461  2624 I BLASTBufferQueue: [VRI[dev]@e0c7262#1185](f:0,a:0,s:0) update width=2800 height=1752 format=-3 mTransformHint=0
04-24 18:05:25.281  2933  4556 I HoneySpace.TaskbarVisibilityController@186349949@OneUI: updateRules() isDock:false occlude:true needToHide:false hideFlag:false forceMinusOnePage:false launcher:false recent:false minus:false homePackage:false AppPicker:false
04-24 18:05:25.281  2933  4556 I HoneySpace.TaskbarVisibilityController@186349949@OneUI: updateVisibility(0) VisibilityRule(priority=OtherAppActivity, action=Show, isActive=true) :: state 1 -> 1
04-24 18:05:25.282  1177  1177 I SurfaceFlinger: [Splash Screen com.anonymous.gurustudy.dev$_2461#57287] attach to parent LayerHierarchy{RequestedLayerState{f67405d Splash Screen com.anonymous.gurustudy.dev#57286 parentId=57283} 1 children}
04-24 18:05:25.282  2461  2624 I VRI[dev]@e0c7262: Relayout returned: old=(0,0,2800,1752) new=(0,0,2800,1752) relayoutAsync=false req=(2800,1752)0 dur=7 res=0x3 s={true 0xb40000726e531450} ch=true seqId=0
04-24 18:05:25.283  2461  2624 I VRI[dev]@e0c7262: performConfigurationChange setNightDimText nightDimLevel=0
04-24 18:05:25.283  2461  2624 D VRI[dev]@e0c7262: mThreadedRenderer.initialize() mSurface={isValid=true 0xb40000726e531450} hwInitialized=true
04-24 18:05:25.284  2461  2624 D VRI[dev]@e0c7262: reportNextDraw android.view.ViewRootImpl.performTraversals:5443 android.view.ViewRootImpl.doTraversal:3924 android.view.ViewRootImpl$TraversalRunnable.run:12903 android.view.Choreographer$CallbackRecord.run:1901 android.view.Choreographer$CallbackRecord.run:1910 
04-24 18:05:25.284  2461  2624 D VRI[dev]@e0c7262: Setup new sync=wmsSync-VRI[dev]@e0c7262#14
04-24 18:05:25.284  2461  2624 I VRI[dev]@e0c7262: Creating new active sync group VRI[dev]@e0c7262#15
04-24 18:05:25.285 30973 30973 I DecorView: setWindowBackground: isPopOver=false color=ff303030 d=android.graphics.drawable.ColorDrawable@5ff6aab
04-24 18:05:25.285  2461  2624 D VRI[dev]@e0c7262: registerCallbacksForSync syncBuffer=false
04-24 18:05:25.286  2461  2674 D VRI[dev]@e0c7262: Received frameDrawingCallback syncResult=0 frameNum=1.
04-24 18:05:25.287  2461  2674 I VRI[dev]@e0c7262: mWNT: t=0xb40000723e426e10 mBlastBufferQueue=0xb4000072be2c8e50 fn= 1 HdrRenderState mRenderHdrSdrRatio=1.0 caller= android.view.ViewRootImpl$12.onFrameDraw:15441 android.view.ThreadedRenderer$1.onFrameDraw:718 <bottom of call stack> 
04-24 18:05:25.287  2461  2674 I VRI[dev]@e0c7262: Setting up sync and frameCommitCallback
04-24 18:05:25.288 30973 30973 D ViewRootImpl: desktopMode is false
04-24 18:05:25.288 30973 30973 I ViewRootImpl: dVRR is disabled
04-24 18:05:25.288 30973 31012 D NativeCustomFrequencyManager: [NativeCFMS] BpCustomFrequencyManager::BpCustomFrequencyManager()
04-24 18:05:25.290  2461  2683 I BLASTBufferQueue: [VRI[dev]@e0c7262#1185](f:0,a:0,s:0) onFrameAvailable the first frame is available
04-24 18:05:25.290  1704  2729 D InputTransport: Input channel constructed: '230652a', fd=1056
04-24 18:05:25.290  1704  2729 D InputTransport: Input channel constructed: '230652a', fd=1110
04-24 18:05:25.290  1704  2729 D InputTransport: Input channel constructed: '230652a', fd=1212
04-24 18:05:25.290  1704  2729 D InputTransport: Input channel destroyed: '230652a', fd=1110
04-24 18:05:25.290  1704  2729 D WindowManager: prepareSync <SYNC_STATE_WAITING_FOR_DRAW>, mPrepareSyncSeqId=0, win=Window{230652a u0 com.anonymous.gurustudy.dev/expo.modules.devlauncher.launcher.DevLauncherActivity}
04-24 18:05:25.290  1104  1126 I HYPER-HAL: [RequestManager.cpp]acquire(): Acquired ID : -772481743  [1114 / 51325]    HINT :      list : [TID_LOW_LATENCY / 1] [TID / 31029] [TID / 31030] [TID / 30973] [TID / 31012] 
04-24 18:05:25.290  1177  1503 I SurfaceFlinger: id=57288 createSurf, flag=84004, 230652a com.anonymous.gurustudy.dev/expo.modules.devlauncher.launcher.DevLauncherActivity#57288
04-24 18:05:25.291  1704  2729 D RestrictionPolicy: isScreenCaptureEnabled : ret=true userId=0
04-24 18:05:25.291  1704  2729 D RestrictionPolicy: isScreenCaptureEnabled : ret=true userId=0
04-24 18:05:25.291  2461  2683 I BLASTBufferQueue: [VRI[dev]@e0c7262#1185](f:0,a:1,s:0) acquireNextBufferLocked size=2800x1752 mFrameNumber=1 applyTransaction=true mTimestamp=851239004830959(auto) mPendingTransactions.size=0 graphicBufferId=10569914554782 transform=0
04-24 18:05:25.291  2461  2683 I VRI[dev]@e0c7262: Received frameCommittedCallback lastAttemptedDrawFrameNum=1 didProduceBuffer=true
04-24 18:05:25.291  1704  2729 D InputTransport: Input channel destroyed: '230652a', fd=1212
04-24 18:05:25.291 30973 30973 D InputTransport: Input channel constructed: '230652a', fd=216
04-24 18:05:25.292 30973 30973 I InsetsController: onStateChanged: host=com.anonymous.gurustudy.dev/expo.modules.devlauncher.launcher.DevLauncherActivity, from=android.view.ViewRootImpl.onInsetsStateChanged:3026, state=InsetsState: {mDisplayFrame=Rect(0, 0 - 2800, 1752), mDisplayCutout=DisplayCutout{insets=Rect(0, 0 - 0, 0) waterfall=Insets{left=0, top=0, right=0, bottom=0} boundingRect={Bounds=[Rect(0, 0 - 0, 0), Rect(0, 0 - 0, 0), Rect(0, 0 - 0, 0), Rect(0, 0 - 0, 0)]} cutoutPathParserInfo={CutoutPathParserInfo{displayWidth=0 displayHeight=0 physicalDisplayWidth=0 physicalDisplayHeight=0 density={0.0} cutoutSpec={} rotation={0} scale={0.0} physicalPixelDisplaySizeRatio={0.0}}} sideOverrides=null}, mRoundedCorners=RoundedCorners{[RoundedCorner{position=TopLeft, radius=26, center=Point(26, 26)}, RoundedCorner{position=TopRight, radius=26, center=Point(2774, 26)}, RoundedCorner{position=BottomRight, radius=26, center=Point(2774, 1726)}, RoundedCorner{position=BottomLeft, radius=26, center=Point(26, 1726)}]}  mRoundedCornerFrame=Rect(0, 0 - 2800, 1752), mPrivacyIndicatorBounds=PrivacyIndicatorBounds {static bounds=Rect(2712, 0 - 2800, 60) rotation=1}, mDisplayShape=DisplayShape{ spec=-311912193 displayWidth=1752 displayHeight=2800 physicalPixelDisplaySizeRatio=1.0 rotation=1 offsetX=0 offsetY=0 scale=1.0}, mSources= { InsetsSource: {3 mType=ime mFrame=[0,0][0,0] mVisible=false mFlags= mSideHint=NONE mBoundingRects=null}, InsetsSource: {632f0000 mType=statusBars mFrame=[0,0][2800,60] mVisible=true mFlags= mSideHint=TOP mBoundingRects=null}, InsetsSource: {632f0005 mType=mandatorySystemGestures mFrame=[0,0][2800,60] mVisible=true mFlags= mSideHint=TOP mBoundingRects=null}, InsetsSource: {632f0006 mType=tappableElement mFrame=[0,0][2800,60] mVisible=true mFlags= mSideHint=TOP mBoundingRects=null}, InsetsSource: {7cf00001 mType=navigationBars mFrame=[0,1722][2800,1752] mVisible=true mFlags=SUPPRESS_SCRIM mSideHint=BOTTOM mBoundingRects=null}, InsetsSource: {7cf00004 mType=systemGestures mFrame=[0,0][45,1752] mVisible=true mFlags= mSideHint=LEFT mBoundingRects=null}, InsetsSource: {7cf00005 mType=mandatorySystemGestures mFrame=[0,1688][2800,1752] mVisible=true mFlags= mSideHint=BOTTOM mBoundingRects=null}, InsetsSource: {7cf00006 mType=tappableElement mFrame=[0,0][0,0] mVisible=true mFlags= mSideHint=NONE mBoundingRects=null}, InsetsSource: {7cf00024 mType=systemGestures mFrame=[2755,0][2800,1752] mVisible=true mFlags= mSideHint=RIGHT mBoundingRects=null} }
04-24 18:05:25.292 30973 30973 I VRI[DevLauncherActivity]@f6956d9: synced displayState. AttachInfo displayState=2
04-24 18:05:25.292  2461  2683 D HWUI    : CFMS:: SetUp Pid : 2461    Tid : 2683
04-24 18:05:25.292 30973 30973 I VRI[DevLauncherActivity]@f6956d9: setView = com.android.internal.policy.DecorView@3aeb4c IsHRR=false mFlingFrameRateChange=0 TM=true
04-24 18:05:25.292  2461  2624 D VRI[dev]@e0c7262: reportDrawFinished seqId=0
04-24 18:05:25.293  1704  4377 D WindowManager: finishDrawingWindow: Window{f67405d u0 Splash Screen com.anonymous.gurustudy.dev} mDrawState=DRAW_PENDING seqId=0
04-24 18:05:25.293  1704  4377 V WindowManager: Finishing drawing window Window{f67405d u0 Splash Screen com.anonymous.gurustudy.dev}: mDrawState=DRAW_PENDING
04-24 18:05:25.293  1704  4377 V WindowManager: Draw state now committed in Window{f67405d u0 Splash Screen com.anonymous.gurustudy.dev}
04-24 18:05:25.294  1704  1878 V WindowManager: SyncGroup 3618: Finished!
04-24 18:05:25.294  1704  1878 V WindowManager: performShowLocked: mDrawState=HAS_DRAWN in Window{f67405d u0 Splash Screen com.anonymous.gurustudy.dev}
04-24 18:05:25.294  1704  1878 D ChangeTransitionController: onTransactionReady: TransitionRecord{895276c id=3618 type=OPEN flags=0x0 overrideAnimOptions={t=CUSTOM enterResId=0 changeResId=0 exitResId=0 mUserId=0} c=[
04-24 18:05:25.294  1704  1878 D ChangeTransitionController:    ChangeInfo{a1dfacd container=ActivityRecord{16136226 u0 com.anonymous.gurustudy.dev/expo.modules.devlauncher.launcher.DevLauncherActivity t2449} flags=0x8}
04-24 18:05:25.294  1704  1878 D ChangeTransitionController:    ChangeInfo{b634e58 container=ActivityRecord{51175733 u0 com.anonymous.gurustudy.dev/com.anonymous.gurustudy.MainActivity t2449 f}} flags=0x0}
04-24 18:05:25.294  1704  1878 D ChangeTransitionController:    ChangeInfo{8bc6f82 container=ActivityRecord{67158192 u0 com.anonymous.gurustudy.dev/expo.modules.devlauncher.launcher.DevLauncherActivity t2449 f}} flags=0x0}
04-24 18:05:25.294  1704  1878 D ChangeTransitionController:    ChangeInfo{b375bb1 container=Task{d3776c7 #2449 type=standard A=10479:com.anonymous.gurustudy.dev} flags=0x0}
04-24 18:05:25.294  1704  1878 D ChangeTransitionController:    ChangeInfo{682896 container=DefaultTaskDisplayArea_d0@246631494 flags=0x0}
04-24 18:05:25.294  1704  1878 D ChangeTransitionController:    ChangeInfo{2bb2c17 container=Display{#0 state=ON size=2800x1752 ROTATION_90} flags=0x0}
04-24 18:05:25.294  1704  1878 D ChangeTransitionController: ]
04-24 18:05:25.294  1704  1878 D ChangeTransitionController: }
04-24 18:05:25.295  1704  1878 V WindowManager: Start calculating TransitionInfo based on participants: {ActivityRecord{16136226 u0 com.anonymous.gurustudy.dev/expo.modules.devlauncher.launcher.DevLauncherActivity t2449}, ActivityRecord{51175733 u0 com.anonymous.gurustudy.dev/com.anonymous.gurustudy.MainActivity t2449 f}}, ActivityRecord{67158192 u0 com.anonymous.gurustudy.dev/expo.modules.devlauncher.launcher.DevLauncherActivity t2449 f}}}
04-24 18:05:25.295  1704  1878 V WindowManager:   Final targets: [ChangeInfo{a1dfacd container=ActivityRecord{16136226 u0 com.anonymous.gurustudy.dev/expo.modules.devlauncher.launcher.DevLauncherActivity t2449} flags=0x8}, ChangeInfo{8bc6f82 container=ActivityRecord{67158192 u0 com.anonymous.gurustudy.dev/expo.modules.devlauncher.launcher.DevLauncherActivity t2449 f}} flags=0x0}]
04-24 18:05:25.295  1177  1503 I SurfaceFlinger: id=57289 createSurf, flag=84004, Transition Root: ActivityRecord{16136226 u0 com.anonymous.gurustudy.dev/expo.modules.devlauncher.launcher.DevLauncherActivity t2449}#57289
04-24 18:05:25.296  1704  1878 I SurfaceControlRegistry: show, t=StartTransaction_SyncId<3618> sc=ActivityRecord{16136226 u0 com.anonymous.gurustudy.dev/expo.modules.devlauncher.launcher.DevLauncherActivity t2449}, caller=android.view.SurfaceControl$Transaction.show:3557 com.android.server.wm.Transition.onTransactionReady:2048 com.android.server.wm.BLASTSyncEngine$SyncGroup.finishNow:240 com.android.server.wm.BLASTSyncEngine.onSurfacePlacement:263 com.android.server.wm.RootWindowContainer.performSurfacePlacementNoTrace:1083 com.android.server.wm.WindowSurfacePlacer.performSurfacePlacement:166 
04-24 18:05:25.296  1704  1878 V WindowManager: Calling onTransitionReady: {id=3618 t=OPEN f=0x0 trk=0 r=[0@Point(0, 0)] c=[
04-24 18:05:25.296  1704  1878 V WindowManager:         {m=OPEN f=FILLS_TASK|IS_BEHIND_STARTING_WINDOW|NO_ANIMATION|IS_ACTIVITY leash=Surface(name=ActivityRecord{16136226 u0 com.anonymous.gurustudy.dev/expo.modules.devlauncher.launcher.DevLauncherActivity t2449})/@0x2c14693 sb=Rect(0, 0 - 0, 0) eb=Rect(0, 0 - 2800, 1752) epz=Point(2800, 1752) d=-1->0 r=-1->1:-1 component=com.anonymous.gurustudy.dev/expo.modules.devlauncher.launcher.DevLauncherActivity opt={t=CUSTOM enterResId=0 changeResId=0 exitResId=0 mUserId=0} inset=Rect(0, 0 - 0, 0) dim=true taskIdForActivity=2449},
04-24 18:05:25.296  1704  1878 V WindowManager:         {m=TO_BACK f=FILLS_TASK|IS_BEHIND_STARTING_WINDOW|IS_ACTIVITY leash=Surface(name=ActivityRecord{67158192 u0 com.anonymous.gurustudy.dev/expo.modules.devlauncher.launcher.DevLauncherActivity t2449})/@0xc11b5c2 sb=Rect(0, 0 - 2800, 1752) eb=Rect(0, 0 - 2800, 1752) epz=Point(2800, 1752) d=0 component=com.anonymous.gurustudy.dev/expo.modules.devlauncher.launcher.DevLauncherActivity opt={t=CUSTOM enterResId=0 changeResId=0 exitResId=0 mUserId=0} inset=Rect(0, 0 - 0, 0) taskIdForActivity=2449}
04-24 18:05:25.296  1704  1878 V WindowManager:     ]}
04-24 18:05:25.296  1704  1878 D PowerManagerService: [api] setPowerBoost(L) boost:0, durationMs:0, caller (uid: 1000 pid: 1704) <- m() in com.android.server.display.DisplayManagerService$BinderService$$ExternalSyntheticOutline0:1
