04-24 18:05:25.384  1177  1343 D SurfaceFlinger: [input] setFocusedWindow: 230652a com.anonymous.gurustudy.dev/expo.modules.devlauncher.launcher.DevLauncherActivity
04-24 18:05:25.384  1177  1343 D SurfaceFlinger: updateWinowInfo=1, setFocusedWindow timestamp=851239074981959, windowName=230652a com.anonymous.gurustudy.dev/expo.modules.devlauncher.launcher.DevLauncherActivity
04-24 18:05:25.385  2461  2597 D ShellTaskOrganizer: removeStartingWindow, removalInfo=StartingWindowRemovalInfo{taskId=2449 frame=Rect(0, 0 - 2800, 1752) playRevealAnimation=true roundedCornerRadius=0.0 deferRemoveMode=0 windowlessSurface=false removeImmediately=false}
04-24 18:05:25.385  1704  3043 D InputDispatcher: Once focus requested (0): 230652a com.anonymous.gurustudy.dev/expo.modules.devlauncher.launcher.DevLauncherActivity
04-24 18:05:25.385  1704  3043 D InputDispatcher: Focus request (0): 230652a com.anonymous.gurustudy.dev/expo.modules.devlauncher.launcher.DevLauncherActivity but waiting because NOT_VISIBLE
04-24 18:05:25.394 30973 30973 I View    : setRequestedFrameRate frameRate=NaN, this=androidx.compose.ui.platform.AndroidComposeView{ab4cd76 VFED..... ........ 0,0-2800,1752 aid=1073741824}, caller=android.view.ViewGroup.setRequestedFrameRate:9952 androidx.compose.ui.platform.Api35Impl.setRequestedFrameRate:3314 androidx.compose.ui.platform.AndroidComposeView.dispatchDraw:1949 android.view.View.draw:26345 android.view.View.updateDisplayListIfDirty:25175 
04-24 18:05:25.394 30973 30973 I View    : setRequestedFrameRate frameRate=NaN, this=android.view.View{bf49d72 V.ED..... ........ 0,0-0,0}, caller=androidx.compose.ui.platform.Api35Impl.setRequestedFrameRate:3314 androidx.compose.ui.platform.AndroidComposeView.dispatchDraw:1950 android.view.View.draw:26345 android.view.View.updateDisplayListIfDirty:25175 android.view.View.draw:26072 
04-24 18:05:25.395 30973 30973 I View    : setRequestedFrameRate frameRate=NaN, this=androidx.compose.ui.platform.AndroidComposeView{4247ba5 VFED..... ........ 0,0-2800,1752 aid=1073741824}, caller=android.view.ViewGroup.setRequestedFrameRate:9952 androidx.compose.ui.platform.Api35Impl.setRequestedFrameRate:3314 androidx.compose.ui.platform.AndroidComposeView.dispatchDraw:1949 android.view.View.draw:26345 android.view.View.updateDisplayListIfDirty:25175 
04-24 18:05:25.395 30973 30973 I View    : setRequestedFrameRate frameRate=NaN, this=android.view.View{f53077 V.ED..... ........ 0,0-0,0}, caller=androidx.compose.ui.platform.Api35Impl.setRequestedFrameRate:3314 androidx.compose.ui.platform.AndroidComposeView.dispatchDraw:1950 android.view.View.draw:26345 android.view.View.updateDisplayListIfDirty:25175 android.view.ViewGroup.recreateChildDisplayList:4794 
04-24 18:05:25.397 30973 30973 I VRI[DevLauncherActivity]@8848d28: handleAppVisibility mAppVisible = true visible = false
04-24 18:05:25.397 30973 30973 D VRI[DevLauncherActivity]@8848d28: visibilityChanged oldVisibility=true newVisibility=false
04-24 18:05:25.397  1177  1228 I SurfaceFlinger: onHandleDestroyed: layerId=57278, name=Surface(name=ce7e9ff NavigationBar0)/@0xf60ee0f - animation-leash of insets_animation#57278
04-24 18:05:25.397  1177  1228 I SurfaceFlinger: id=57278 Removed Surface(name=ce7e9ff NavigationBar0)/@0xf60ee0f - animation-leash of insets_animation#57278 (191)
04-24 18:05:25.397  1177  1228 I SurfaceFlinger: onHandleDestroyed: layerId=57279, name=Surface(name=d5a8451 StatusBar)/@0x2b27c7a - animation-leash of insets_animation#57279
04-24 18:05:25.397  1177  1228 I SurfaceFlinger: id=57279 Removed Surface(name=d5a8451 StatusBar)/@0x2b27c7a - animation-leash of insets_animation#57279 (191)
04-24 18:05:25.397 30973 30973 I InsetsSourceConsumer: applyRequestedVisibilityToControl: visible=true, type=navigationBars, host=com.anonymous.gurustudy.dev/expo.modules.devlauncher.launcher.DevLauncherActivity
04-24 18:05:25.397 30973 30973 I InsetsSourceConsumer: applyRequestedVisibilityToControl: visible=true, type=statusBars, host=com.anonymous.gurustudy.dev/expo.modules.devlauncher.launcher.DevLauncherActivity
04-24 18:05:25.398  1177  1177 I SurfaceFlinger: [Display 0 name="Built-in Screen"#49] setFrameRateCategory: High
04-24 18:05:25.398  1177  1177 I SurfaceFlinger: RequestedLayer [com.anonymous.gurustudy.dev/expo.mod[...]her.DevLauncherActivity$_30973#57293] hidden!! flag  from(1) --> to(0)
04-24 18:05:25.398  1177  1177 I SurfaceFlinger: destroyed Surface(name=d5a8451 StatusBar)/@0x2b27c7a - animation-leash of insets_animation#57279
04-24 18:05:25.398  1177  1177 I SurfaceFlinger: destroyed Surface(name=ce7e9ff NavigationBar0)/@0xf60ee0f - animation-leash of insets_animation#57278
04-24 18:05:25.398  1177  1177 I SurfaceFlinger: [Surface(name=230652a com.anonymous.gurustudy.dev/expo.modules.devlauncher.launcher.DevLauncherActivity)/@0x52fd6e7 - animation-leash of starting_reveal#57296] attach to parent LayerHierarchy{RequestedLayerState{ActivityRecord{16136226 u0 com.anonymous.gurustudy.dev/expo.modules.devlauncher.launcher.DevLauncherActivity t2449}#57283 parentId=57264 z=2} 4 children}
04-24 18:05:25.398  1177  1177 I SurfaceFlinger: [LayerHierarchy{RequestedLayerState{230652a com.anonymous.gurustudy.dev/expo.modules.devlauncher.launcher.DevLauncherActivity#57288 parentId=57296} 1 children}] reparent to LayerHierarchy{RequestedLayerState{Surface(name=230652a com.anonymous.gurustudy.dev/expo.modules.devlauncher.launcher.DevLauncherActivity)/@0x52fd6e7 - animation-leash of starting_reveal#57296 parentId=57283} 1 children}
04-24 18:05:25.399  1177  1177 I Layer   : id=57279 Destroyed Surface(name=d5a8451 StatusBar)/@0x2b27c7a - animation-leash of insets_animation#57279
04-24 18:05:25.399  1177  1177 I Layer   : id=57278 Destroyed Surface(name=ce7e9ff NavigationBar0)/@0xf60ee0f - animation-leash of insets_animation#57278
04-24 18:05:25.399  1704  1877 I DisplayDeviceRepository: Display device changed render timings: "Built-in Screen", renderFrameRate=60.0, presentationDeadlineNanos=14600000, appVsyncOffsetNanos=3133334, frameRateOverrides=[{uid=10049 frameRateHz=60.0}, {uid=10065 frameRateHz=60.0}, {uid=10147 frameRateHz=60.0}, {uid=10479 frameRateHz=60.0}]
04-24 18:05:25.400  2461  2674 I VRI[dev]@e0c7262: mWNT: t=0xb40000723e3af010 mBlastBufferQueue=0xb4000072be2c8e50 fn= 2 HdrRenderState mRenderHdrSdrRatio=1.0 caller= android.view.SyncRtSurfaceTransactionApplier.applyTransaction:100 android.view.SyncRtSurfaceTransactionApplier.lambda$scheduleApply$0:73 android.view.SyncRtSurfaceTransactionApplier.$r8$lambda$afI4fXg3U3-nBZQEDQMiNy-B06s:0 
04-24 18:05:25.400  2461  2624 I VRI[dev]@e0c7262: onActiveControlsChanged, removed=false, mAdded=true, caller=android.view.ViewRootImpl.handleInsetsControlChanged:3002 android.view.ViewRootImpl$ViewRootHandler.handleMessageImpl:8352 android.view.ViewRootImpl$ViewRootHandler.handleMessage:8301 android.os.Handler.dispatchMessage:110 android.os.Looper.loopOnce:273 
04-24 18:05:25.401  2461  2674 I VRI[dev]@e0c7262: mWNT: t=0xb40000723e3d2550 mBlastBufferQueue=0xb4000072be2c8e50 fn= 2 HdrRenderState mRenderHdrSdrRatio=1.0 caller= android.view.SyncRtSurfaceTransactionApplier.applyTransaction:100 android.view.SyncRtSurfaceTransactionApplier.lambda$scheduleApply$0:73 android.view.SyncRtSurfaceTransactionApplier.$r8$lambda$afI4fXg3U3-nBZQEDQMiNy-B06s:0 
04-24 18:05:25.401  1177  1229 I SurfaceFlinger: onHandleDestroyed: layerId=57291, name=Surface(name=ce7e9ff NavigationBar0)/@0xf60ee0f - animation-leash of insets_animation#57291
04-24 18:05:25.401  1177  1229 I SurfaceFlinger: id=57291 Removed Surface(name=ce7e9ff NavigationBar0)/@0xf60ee0f - animation-leash of insets_animation#57291 (189)
04-24 18:05:25.401  1177  1229 I SurfaceFlinger: onHandleDestroyed: layerId=57292, name=Surface(name=d5a8451 StatusBar)/@0x2b27c7a - animation-leash of insets_animation#57292
04-24 18:05:25.401  1177  1229 I SurfaceFlinger: id=57292 Removed Surface(name=d5a8451 StatusBar)/@0x2b27c7a - animation-leash of insets_animation#57292 (189)
04-24 18:05:25.401  1097  1279 W hwcomposer: [DRMDEV] paramIsSame(), id 14110, w 2800/2800, h 1752/1752, pitch 2816/2816, format 0x2/0x1, secure 0/0  
04-24 18:05:25.401  1177  1177 D SurfaceFlinger: Display 4627039422300187648 HWC layers:
04-24 18:05:25.401  1177  1177 D SurfaceFlinger:        DEVICE |          133028022059021 | 00002102 | RGBA_8888    |    0.0    0.0 2800.0 1752.0 |    0    0 2800 1752 | com.anonymous.gurustudy.dev/expo.mod[...]her.DevLauncherActivity$_30973#57293 (2)
04-24 18:05:25.401  1177  1177 D SurfaceFlinger:        DEVICE |           10569914554782 | 00002100 | RGBA_8888    |    0.0    0.0 2800.0 1752.0 |    0    0 2800 1752 | Splash Screen com.anonymous.gurustudy.dev$_2461#57287 (1)
04-24 18:05:25.401  1177  1177 D SurfaceFlinger:        DEVICE |           10569914554746 | 00002100 | RGBA_8888    |    0.0    0.0 2800.0   60.0 |    0    0 2800   60 | StatusBar$_2461#106 (112961)
04-24 18:05:25.401  1177  1177 D SurfaceFlinger:        CLIENT |           12597139089787 | 00002100 | RGBA_8888    |    0.0    0.0   67.0  172.0 | 2733  466 2800  638 | com.sec.android.app.launcher/com.sam[...]l.app.CocktailBarService$_2933#57198 (1)
04-24 18:05:25.401  1177  1177 D SurfaceFlinger:        CLIENT |           10569914554763 | 00002100 | RGBA_8888    |    0.0    0.0 2800.0   96.0 |    0 1656 2800 1752 | NavigationBar0$_2461#102 (39100)
04-24 18:05:25.401  1177  1177 D SurfaceFlinger:        CLIENT |           17630840751895 | 00002100 | RGBA_8888    |    0.0    0.0  124.0  162
04-24 18:05:25.401  1177  1177 D SurfaceFlinger: .0 | 2676  435 2800  597 | Air_Cmd(Floating)$_4105#57212 (1)
04-24 18:05:25.401  1177  1177 D SurfaceFlinger: 
04-24 18:05:25.402  2933 28801 I HoneySpace.Memory-Monitor: current state = 2, didTrim = false
04-24 18:05:25.402  2461  2461 D DisplayLifecycle: updateDisplay id = 0
04-24 18:05:25.402  1704  3043 D InputDispatcher: Focus entered window (0): 230652a com.anonymous.gurustudy.dev/expo.modules.devlauncher.launcher.DevLauncherActivity
04-24 18:05:25.403  2461  2630 D StackScroller: onDisplayChanged for predraw skip to 2
04-24 18:05:25.403  1704  3043 I WindowManager: Relayout Window{e03762f u0 com.anonymous.gurustudy.dev/expo.modules.devlauncher.launcher.DevLauncherActivity}: viewVisibility=8 req=2800x1752 ty=1 d0
04-24 18:05:25.403  1704  4377 D WifiDisplayAdapter: isFitToActiveDisplayLocked : false
04-24 18:05:25.404  1704  3043 I WindowManager: Relayout hash=e03762f, pid=30973, syncId=-1: mAttrs={(0,0)(fillxfill) sim={adjust=pan forwardNavigation} layoutInDisplayCutoutMode=always ty=BASE_APPLICATION wanim=0x1030317
04-24 18:05:25.404  1704  3043 I WindowManager:   fl=81810100
04-24 18:05:25.404  1704  3043 I WindowManager:   pfl=100088c0
04-24 18:05:25.404  1704  3043 I WindowManager:   bhv=1
04-24 18:05:25.404  1704  3043 I WindowManager:   fitSides=0
04-24 18:05:25.404  1704  3043 I WindowManager:   frameRateBoostOnTouch=true
04-24 18:05:25.404  1704  3043 I WindowManager:   dvrrWindowFrameRateHint=true naviIconColor=0}
04-24 18:05:25.405 30973 30973 I VRI[DevLauncherActivity]@8848d28: Relayout returned: old=(0,0,2800,1752) new=(0,0,2800,1752) relayoutAsync=false req=(2800,1752)8 dur=2 res=0x2 s={false 0x0} ch=true seqId=0
04-24 18:05:25.405 30973 30973 D VRI[DevLauncherActivity]@8848d28: Not drawing due to not visible. Reason=!mAppVisible && !mForceDecorViewVisibility
04-24 18:05:25.406 30973 30973 I View    : setRequestedFrameRate frameRate=NaN, this=androidx.compose.ui.platform.AndroidComposeView{ab4cd76 VFED..... ........ 0,0-2800,1752 aid=1073741824}, caller=android.view.ViewGroup.setRequestedFrameRate:9952 androidx.compose.ui.platform.Api35Impl.setRequestedFrameRate:3314 androidx.compose.ui.platform.AndroidComposeView.dispatchDraw:1949 android.view.View.draw:26345 android.view.View.updateDisplayListIfDirty:25175 
04-24 18:05:25.406 30973 30973 I View    : setRequestedFrameRate frameRate=NaN, this=android.view.View{bf49d72 V.ED..... ........ 0,0-0,0}, caller=androidx.compose.ui.platform.Api35Impl.setRequestedFrameRate:3314 androidx.compose.ui.platform.AndroidComposeView.dispatchDraw:1950 android.view.View.draw:26345 android.view.View.updateDisplayListIfDirty:25175 android.view.ViewGroup.recreateChildDisplayList:4794 
04-24 18:05:25.406 30973 30973 D VRI[DevLauncherActivity]@f6956d9: mThreadedRenderer.initializeIfNeeded()#2 mSurface={isValid=true 0xb40000726e2ba650}
04-24 18:05:25.407 30973 30973 D InputMethodManagerUtils: startInputInner - Id : 0
04-24 18:05:25.407 30973 30973 I InputMethodManager: startInputInner - IInputMethodManagerGlobalInvoker.startInputOrWindowGainedFocus
04-24 18:05:25.407  1704  2194 V InputMethodManagerService: startInputOrWindowGainedFocusInternalLocked: reason=WINDOW_FOCUS_GAIN client=android.os.BinderProxy@502a674 inputContext=null editorInfo=android.view.inputmethod.EditorInfo@7f0313d startInputFlags=VIEW_HAS_FOCUS|INITIAL_CONNECTION softInputMode=STATE_UNSPECIFIED|ADJUST_PAN|IS_FORWARD_NAVIGATION windowFlags=#81810100 unverifiedTargetSdkVersion=36 bindingController=com.android.server.inputmethod.InputMethodBindingController@a39d8f3 imeDispatcher=android.window.ImeOnBackInvokedDispatcher@273bd32 cs=ClientState{107c4b1 mUid=10479 mPid=30973 mSelfReportedDisplayId=0} imeRequestedVisible=false
04-24 18:05:25.408  1704  2194 V InputMethodManagerService: setWindowStateInner, windowToken=android.os.BinderProxy@dc71e15, state=ImeTargetWindowState{ imeToken null imeFocusChanged true hasEditorFocused false requestedImeVisible false imeDisplayId 0 softInputModeState STATE_UNSPECIFIED|ADJUST_PAN|IS_FORWARD_NAVIGATION isStartInputByGainFocus true}
04-24 18:05:25.408  1704  2194 V InputMethodManagerService: Unspecified window will hide input
04-24 18:05:25.408  1704  2194 I ImeTracker: com.anonymous.gurustudy.dev:17ee8caa: onRequestHide at ORIGIN_SERVER reason HIDE_UNSPECIFIED_WINDOW fromUser false
04-24 18:05:25.408  1704  4377 I SemDvfsHyPerManager: acquire hyper - AMS_RESUME_TAIL/1704@18, type = -999
04-24 18:05:25.408  1704  2194 V InputMethodManagerService: applyImeVisibility state=6
04-24 18:05:25.408  1704  4377 I SemDvfsHyPerManager: acquire hyper - AMS_ACT_LAZY/1704@19, type = -999
04-24 18:05:25.408  1704  4377 D ActivityManagerPerformance: AMP_acquire() TAIL
04-24 18:05:25.408  1704  4377 D ActivityManagerPerformance: AMP_release() ACT_START
04-24 18:05:25.408  1704  2194 D SemInputMethodManagerServiceUtil: restorePreviousUsedInputMethod : failed to return the previous ime becuase the stored info is null or do not need restore
04-24 18:05:25.408  1704  2194 V InputMethodManagerService: semComputeImeDisplayIdForTarget: displayToShowIme=0
04-24 18:05:25.408  1704  2194 V InputMethodManagerService: Creating new accessibility sessions for client ClientState{107c4b1 mUid=10479 mPid=30973 mSelfReportedDisplayId=0}
04-24 18:05:25.409  1104  1126 I HYPER-HAL: [RequestManager.cpp]acquire(): Acquired ID : 1483521  [1704 / 18]    HINT : AMS_RESUME_TAIL    list : 
04-24 18:05:25.409  1704  4377 V WindowManager: Cleaning splash screen token=ActivityRecord{51175733 u0 com.anonymous.gurustudy.dev/com.anonymous.gurustudy.MainActivity t2449 f}}
04-24 18:05:25.409  1104  1126 I mtkpower_client: perf_lock_rel, hdl:66823, tid:1126
04-24 18:05:25.409  1104  1126 I mtkpower_client: perf_lock_acq, hdl:0, dur:0, num:2, pid:1104, tid:1126
04-24 18:05:25.409 30973 30973 I InputMethodManager: handleMessage: setImeVisibility visible=false
04-24 18:05:25.409  1104  1126 I mtkpower_client: ret_hdl:66829
04-24 18:05:25.409  1104  1126 I mtkpower_client: perf_lock_rel, hdl:66822, tid:1126
04-24 18:05:25.409 30973 30973 D InsetsController: hide(ime(), fromIme=false)
04-24 18:05:25.409 30973 30973 I ImeTracker: com.anonymous.gurustudy.dev:17ee8caa: onCancelled at PHASE_CLIENT_ALREADY_HIDDEN
04-24 18:05:25.409  1104  1126 I mtkpower_client: perf_lock_acq, hdl:0, dur:0, num:2, pid:1104, tid:1126
04-24 18:05:25.410  1114  1198 I libPowerHal: [perfLockRel] hdl:66823, idx:17
04-24 18:05:25.410  1114  1198 I libPowerHal: [set_cpuidle] enable:1, fd:15, scn:0xb400007764e7dea8
04-24 18:05:25.410  1114  1198 I libPowerHal: [PD] vendor.samsung. update cmd:1c3c100 param:1
04-24 18:05:25.410 30973 30973 I VRI[DevLauncherActivity]@8848d28: stopped(true) old = false
04-24 18:05:25.410  1704  2194 D InputMethodManagerService: isImeSwitcherDisabledPackage : false
04-24 18:05:25.411 30973 30973 D VRI[DevLauncherActivity]@8848d28: WindowStopped on com.anonymous.gurustudy.dev/expo.modules.devlauncher.launcher.DevLauncherActivity set to true
04-24 18:05:25.411  1114  1198 I libPowerHal: [perfLockAcq] idx:4 hdl:66829 hint:-1 pid:1104 tid:1126 duration:0 lock_user:vendor.samsung. => ret_hdl:66829
04-24 18:05:25.411  1704  2194 D InputMethodManagerService: shouldShowImeSwitcherLocked : checking vis : 3
04-24 18:05:25.411  1114  1198 I libPowerHal: [set_cpuidle] enable:0, fd:15, scn:0xb400007764e538a0
04-24 18:05:25.411  1114  1198 I libPowerHal: [PE] vendor.samsung. update cmd:1c3c100 param:0
04-24 18:05:25.411  1114  1198 I libPowerHal: [perfLockRel] hdl:66822, idx:2
04-24 18:05:25.411  1114  1198 I libPowerHal: [setClusterCores] [CORE_CTL_SET_LIMIT_CPUS] cid:0 min:4 max:4
04-24 18:05:25.411  1114  1198 I libPowerHal: [setClusterCores] [CORE_CTL_SET_LIMIT_CPUS] cid:1 min:3 max:3
04-24 18:05:25.411  1114  1198 I libPowerHal: [setClusterCores] [CORE_CTL_SET_LIMIT_CPUS] cid:2 min:0 max:1
04-24 18:05:25.411  1114  1198 I libPowerHal: [setClusterCores] vendor.samsung.: set core_ctrl: -1 -1 -1 -1 -1 -1 
04-24 18:05:25.412  1704  2194 D InputMethodManagerService: checkDisplayOfStartInputAndUpdateKeyboard: displayId=0, mFocusedDisplayId=0
04-24 18:05:25.412  1114  1198 I libPowerHal: [perfLockAcq] idx:16 hdl:66830 hint:-1 pid:1104 tid:1126 duration:0 lock_user:vendor.samsung. => ret_hdl:66830
04-24 18:05:25.412  1114  1198 I libPowerHal: [setClusterCores] scn:vendor.samsung. set cpu core[2] min:1 max:-1
04-24 18:05:25.412  1114  1198 I libPowerHal: [setClusterCores] [CORE_CTL_SET_LIMIT_CPUS] cid:0 min:4 max:4
04-24 18:05:25.412  1114  1198 I libPowerHal: [setClusterCores] [CORE_CTL_SET_LIMIT_CPUS] cid:1 min:3 max:3
04-24 18:05:25.412  1114  1198 I libPowerHal: [setClusterCores] [CORE_CTL_SET_LIMIT_CPUS] cid:2 min:1 max:1
04-24 18:05:25.412  1704  2194 D InputTransport: Input channel constructed: 'ClientS', fd=1110
04-24 18:05:25.412  1114  1198 I libPowerHal: [setClusterCores] vendor.samsung.: set core_ctrl: -1 -1 -1 -1 1 -1 
04-24 18:05:25.412  1104  1126 I mtkpower_client: ret_hdl:66830
04-24 18:05:25.412  1704  2194 D InputTransport: Input channel destroyed: 'ClientS', fd=1110
04-24 18:05:25.412  1104  1126 I mtkpower_client: perf_lock_rel, hdl:66824, tid:1126
04-24 18:05:25.412  1104  1126 I mtkpower_client: perf_lock_acq, hdl:0, dur:0, num:2, pid:1104, tid:1126
04-24 18:05:25.412  1114  1198 I libPowerHal: [perfLockRel] hdl:66824, idx:18
04-24 18:05:25.412 30973 30987 D InputTransport: Input channel constructed: 'ClientS', fd=143
04-24 18:05:25.413  1114  1198 I libPowerHal: [PD] vendor.samsung. update cmd:1000000 param:-1
04-24 18:05:25.413  1114  1198 I libPowerHal: [perfLockAcq] idx:2 hdl:66831 hint:-1 pid:1104 tid:1126 duration:0 lock_user:vendor.samsung. => ret_hdl:66831
04-24 18:05:25.413  1114  1198 I libPowerHal: [setDvfsrcDevFreqOpp] opp:2, freq:7488000000
04-24 18:05:25.413  1114  1198 I libPowerHal: [PE] vendor.samsung. update cmd:1000000 param:2
04-24 18:05:25.414  1104  1126 I mtkpower_client: ret_hdl:66831
04-24 18:05:25.414  1104  1126 I mtkpower_client: perf_lock_rel, hdl:66830, tid:1126
04-24 18:05:25.414  1104  1126 I mtkpower_client: perf_lock_acq, hdl:0, dur:0, num:2, pid:1104, tid:1126
04-24 18:05:25.414  1114  1198 I libPowerHal: [perfLockRel] hdl:66830, idx:16
04-24 18:05:25.414  1114  1198 I libPowerHal: [setClusterCores] [CORE_CTL_SET_LIMIT_CPUS] cid:0 min:4 max:4
04-24 18:05:25.414  1114  1198 I libPowerHal: [setClusterCores] [CORE_CTL_SET_LIMIT_CPUS] cid:1 min:3 max:3
04-24 18:05:25.414  1114  1198 I libPowerHal: [setClusterCores] [CORE_CTL_SET_LIMIT_CPUS] cid:2 min:0 max:1
04-24 18:05:25.414  1114  1198 I libPowerHal: [setClusterCores] vendor.samsung.: set core_ctrl: -1 -1 -1 -1 -1 -1 
04-24 18:05:25.415  1114  1198 I libPowerHal: [perfLockAcq] idx:16 hdl:66832 hint:-1 pid:1104 tid:1126 duration:0 lock_user:vendor.samsung. => ret_hdl:66832
04-24 18:05:25.415  1114  1198 I libPowerHal: [setClusterCores] scn:vendor.samsung. set cpu core[2] min:1 max:-1
04-24 18:05:25.415  1114  1198 I libPowerHal: [setClusterCores] [CORE_CTL_SET_LIMIT_CPUS] cid:0 min:4 max:4
04-24 18:05:25.415  1114  1198 I libPowerHal: [setClusterCores] [CORE_CTL_SET_LIMIT_CPUS] cid:1 min:3 max:3
04-24 18:05:25.415  1114  1198 I libPowerHal: [setClusterCores] [CORE_CTL_SET_LIMIT_CPUS] cid:2 min:1 max:1
04-24 18:05:25.415  1114  1198 I libPowerHal: [setClusterCores] vendor.samsung.: set core_ctrl: -1 -1 -1 -1 1 -1 
04-24 18:05:25.415  1177  1177 I SurfaceFlinger: destroyed Surface(name=d5a8451 StatusBar)/@0x2b27c7a - animation-leash of insets_animation#57292
04-24 18:05:25.415  4053  4053 I HBD     : HoneyBoardService onFinishInput 
04-24 18:05:25.415  1177  1177 I SurfaceFlinger: destroyed Surface(name=ce7e9ff NavigationBar0)/@0xf60ee0f - animation-leash of insets_animation#57291
04-24 18:05:25.415  1104  1126 I mtkpower_client: ret_hdl:66832
04-24 18:05:25.415  1104  1126 I mtkpower_client: perf_lock_rel, hdl:66829, tid:1126
04-24 18:05:25.415  4053  4053 I HBD     : a IC have been unbinding,  RemoteInputConnection{idHash=#c158fb}
04-24 18:05:25.416  4053  4053 I HBD     : HoneyBoardService [PF_CL][onFinishInput]  0 ms 
04-24 18:05:25.416  1104  1126 I mtkpower_client: perf_lock_acq, hdl:0, dur:0, num:2, pid:1104, tid:1126
04-24 18:05:25.416  1177  1177 I Layer   : id=57292 Destroyed Surface(name=d5a8451 StatusBar)/@0x2b27c7a - animation-leash of insets_animation#57292
04-24 18:05:25.416  1177  1177 I Layer   : id=57291 Destroyed Surface(name=ce7e9ff NavigationBar0)/@0xf60ee0f - animation-leash of insets_animation#57291
04-24 18:05:25.416  1104  1126 I mtkpower_client: ret_hdl:66833
04-24 18:05:25.416  1114  1198 I libPowerHal: [perfLockRel] hdl:66829, idx:4
04-24 18:05:25.416  1104  1126 I mtkpower_client: perf_lock_rel, hdl:66831, tid:1126
04-24 18:05:25.416  1114  1198 I libPowerHal: [set_cpuidle] enable:1, fd:15, scn:0xb400007764e538a0
04-24 18:05:25.416  1114  1198 I libPowerHal: [PD] vendor.samsung. update cmd:1c3c100 param:1
04-24 18:05:25.416  1114  1198 I libPowerHal: [perfLockAcq] idx:17 hdl:66833 hint:-1 pid:1104 tid:1126 duration:0 lock_user:vendor.samsung. => ret_hdl:66833
04-24 18:05:25.416  1114  1198 I libPowerHal: [set_cpuidle] enable:0, fd:15, scn:0xb400007764e7dea8
04-24 18:05:25.416  1114  1198 I libPowerHal: [PE] vendor.samsung. update cmd:1c3c100 param:0
04-24 18:05:25.416  1704  3043 D RestrictionPolicy: isScreenCaptureEnabled : ret=true userId=0
04-24 18:05:25.416  4053  4053 I HBD     : HoneyBoardService [IMI] onStartInput - caller pid : 30973 , caller uid : 10479 
04-24 18:05:25.416  4053  4053 I HBD     : k updateConfigs 
04-24 18:05:25.416  4053  4053 I HBD     : k isEnabledNightMode : true 
04-24 18:05:25.417  4053  4053 I HBD     : a IC have been binding, RemoteInputConnection{idHash=#c158fb} 
04-24 18:05:25.417  4053  4053 I HBD     : h [EditorInputType]setPrivateImeOptionsToTable privateImeOptions ( null )
04-24 18:05:25.417  4053  4053 I HBD     : b incognitoMode : false 
04-24 18:05:25.417  1704  3043 I WindowManager: Cancelling animation restarting=true, leash=Surface(name=Surface(name=675925d InputMethod)/@0xec880d0 - animation-leash of insets_animation)/@0x5d0d6ce
04-24 18:05:25.417  4053  4053 I HBD     : c needOff = true , isForceOff = false, isNullInputClass : true 
04-24 18:05:25.417  1704  3043 I WindowManager: Reparenting to original parent: Surface(name=WindowToken{fd28927 type=2011 android.os.Binder@d9d8fe6})/@0x37e68c9, destroy=false, surface=Surface(name=675925d InputMethod)/@0xec880d0
04-24 18:05:25.417  4053  4053 I HBD     : h getDefaultInputRange : UNKNOWN 
04-24 18:05:25.417  4053  4053 I HBD     : h getDefaultInputRange : UNKNOWN 
04-24 18:05:25.417  4053  4053 I HBD     : h getDefaultInputRange : UNKNOWN 
04-24 18:05:25.417  1704  3043 I WindowManager: Reparenting to leash, surface=Surface(name=675925d InputMethod)/@0xec880d0, leashParent=Surface(name=WindowToken{fd28927 type=2011 android.os.Binder@d9d8fe6})/@0x37e68c9
04-24 18:05:25.417  2461  2674 I VRI[dev]@e0c7262: mWNT: t=0xb40000723e3c6bd0 mBlastBufferQueue=0xb4000072be2c8e50 fn= 3 HdrRenderState mRenderHdrSdrRatio=1.0 caller= android.view.SyncRtSurfaceTransactionApplier.applyTransaction:100 android.view.SyncRtSurfaceTransactionApplier.lambda$scheduleApply$0:73 android.view.SyncRtSurfaceTransactionApplier.$r8$lambda$afI4fXg3U3-nBZQEDQMiNy-B06s:0 
04-24 18:05:25.417  1177  1228 I SurfaceFlinger: id=57297 createSurf, flag=24004, Surface(name=675925d InputMethod)/@0xec880d0 - animation-leash of insets_animation#57297
04-24 18:05:25.417  1104  1126 I mtkpower_client: perf_lock_acq, hdl:0, dur:0, num:2, pid:1104, tid:1126
04-24 18:05:25.417  1704  3043 D WindowManager: makeSurface duration=0 leash=Surface(name=Surface(name=675925d InputMethod)/@0xec880d0 - animation-leash of insets_animation)/@0x61c7a7e
04-24 18:05:25.417  1704  3043 D InsetsSourceProvider: updateControlForTarget: control=InsetsSourceControl: {3 mType=ime mSurfacePosition=Point(0, 60) mInsetsHint=Insets{left=0, top=0, right=0, bottom=885}}, target=Window{230652a u0 com.anonymous.gurustudy.dev/expo.modules.devlauncher.launcher.DevLauncherActivity}, from=com.android.server.wm.ImeInsetsSourceProvider.updateControlForTarget:17 com.android.server.wm.InsetsStateController.onControlTargetChanged:83 com.android.server.wm.DisplayContent.updateImeControlTarget:21 com.android.server.wm.DisplayContent.updateImeInputAndControlTarget:156 com.android.server.wm.WindowManagerService$LocalService.updateInputMethodTargetWindow:64 
04-24 18:05:25.417  1704  3043 I ImeTracker: system_server:2ea1f606: onRequestHide at ORIGIN_SERVER reason IME_REQUESTED_CHANGED_LISTENER fromUser false
04-24 18:05:25.418  1104  1126 I mtkpower_client: ret_hdl:66834
04-24 18:05:25.418  1104  1126 I HYPER-HAL: [RequestManager.cpp]releaseLocked(): Released ID : 1480076
04-24 18:05:25.418  1704  1877 V InputMethodManagerService: Client requesting input be hidden
04-24 18:05:25.418  1704  1877 V InputMethodManagerService: setWindowStateInner, windowToken=android.os.BinderProxy@dc71e15, state=ImeTargetWindowState{ imeToken android.os.Binder@6f6202c imeFocusChanged true hasEditorFocused false requestedImeVisible false imeDisplayId 0 softInputModeState STATE_UNSPECIFIED|ADJUST_PAN|IS_FORWARD_NAVIGATION isStartInputByGainFocus true}
04-24 18:05:25.418  1114  1198 I libPowerHal: [perfLockRel] hdl:66831, idx:2
04-24 18:05:25.418  1704  1877 I ImeTracker: system_server:2ea1f606: onCancelled at PHASE_SERVER_SHOULD_HIDE
04-24 18:05:25.418  1704  1877 V InputMethodManagerService: hideCurrentInputLocked : canceled, shouldHideSoftInput=false, mInputShown=false, mImeWindowVis=0
04-24 18:05:25.418  1114  1198 I libPowerHal: [PD] vendor.samsung. update cmd:1000000 param:-1
04-24 18:05:25.419  1114  1198 I libPowerHal: [perfLockAcq] idx:4 hdl:66834 hint:-1 pid:1104 tid:1126 duration:0 lock_user:vendor.samsung. => ret_hdl:66834
04-24 18:05:25.419  1114  1198 I libPowerHal: [setDvfsrcDevFreqOpp] opp:2, freq:7488000000
04-24 18:05:25.419  1114  1198 I libPowerHal: [PE] vendor.samsung. update cmd:1000000 param:2
04-24 18:05:25.419  4053  4053 I HBD     : c needOff = true , isForceOff = false, isNullInputClass : true 
04-24 18:05:25.419  4053  4053 I HBD     : c update cached prediction status : false 
04-24 18:05:25.419  4053  4053 I HBD     : h getDefaultInputRange : UNKNOWN 
04-24 18:05:25.419  4053  4053 I HBD     : a currentState : 0 
04-24 18:05:25.419 30973 30987 I BLASTBufferQueue: [VRI[DevLauncherActivity]@8848d28#0](f:0,a:2,s:0) destructor()
04-24 18:05:25.419  4053  4053 I HBD     : a [UpdatePolicy] [post] a: 0 cl: 65555 kit: [0/0] vt: 0 ir: 1 
04-24 18:05:25.420 30973 30987 D BufferQueueConsumer: [VRI[DevLauncherActivity]@8848d28#0(BLAST Consumer)0](id:78fd00000000,api:0,p:-1,c:30973) disconnect
04-24 18:05:25.427 30973 30973 W WindowOnBackDispatcher: sendCancelIfRunning: isInProgress=false callback=android.view.ViewRootImpl$$ExternalSyntheticLambda16@fa68596
04-24 18:05:25.427  1704  3043 D CoreBackPreview: Window{e03762f u0 com.anonymous.gurustudy.dev/expo.modules.devlauncher.launcher.DevLauncherActivity}: Setting back callback null
04-24 18:05:25.428 30973 30973 D ViewRootImpl: Skipping stats log for color mode
04-24 18:05:25.428 30973 30973 I VRI[DevLauncherActivity]@8848d28: dispatchDetachedFromWindow
04-24 18:05:25.428  1704  3043 D InputTransport: Input channel destroyed: 'e03762f', fd=1246
04-24 18:05:25.428  1704  3043 V WindowManager: Remove Window{e03762f u0 com.anonymous.gurustudy.dev/expo.modules.devlauncher.launcher.DevLauncherActivity}: mSurfaceControl=Surface(name=com.anonymous.gurustudy.dev/expo.modules.devlauncher.launcher.DevLauncherActivity$_30973)/@0x2a14af5 mAnimatingExit=false mRemoveOnExit=false mHasSurface=true surfaceShowing=false animating=false app-animation=false callers=com.android.server.wm.Session.remove:16 android.view.IWindowSession$Stub.onTransact:804 com.android.server.wm.Session.onTransact:1 android.os.Binder.execTransactInternal:1457 android.os.Binder.execTransact:1401 <bottom of call stack> 
04-24 18:05:25.428  1704  3043 D RestrictionPolicy: isScreenCaptureEnabled : ret=true userId=0
04-24 18:05:25.429 30973 30973 D InputTransport: Input channel destroyed: 'e03762f', fd=134
04-24 18:05:25.429 30973 30973 I VRI[MainActivity]@7e241c1: stopped(true) old = false
04-24 18:05:25.429 30973 30973 D VRI[MainActivity]@7e241c1: WindowStopped on com.anonymous.gurustudy.dev/com.anonymous.gurustudy.MainActivity set to true
04-24 18:05:25.429  1704  1877 D SGM:FgCheckThread: getForegroundApp(), foregroundPkgName=com.anonymous.gurustudy.dev
04-24 18:05:25.430  1177  1503 I SurfaceFlinger: onHandleDestroyed: layerId=57275, name=b3b5e62 ActivityRecordInputSink com.anonymous.gurustudy.dev/expo.modules.devlauncher.launcher.DevLauncherActivity#57275
04-24 18:05:25.430  1177  1503 I SurfaceFlinger: id=57275 Removed b3b5e62 ActivityRecordInputSink com.anonymous.gurustudy.dev/expo.modules.devlauncher.launcher.DevLauncherActivity#57275 (188)
04-24 18:05:25.430 30973 30973 W WindowOnBackDispatcher: sendCancelIfRunning: isInProgress=false callback=android.view.ViewRootImpl$$ExternalSyntheticLambda16@39038fd
04-24 18:05:25.431  1704  3043 D CoreBackPreview: Window{1e7439c u0 com.anonymous.gurustudy.dev/com.anonymous.gurustudy.MainActivity}: Setting back callback null
04-24 18:05:25.431 30973 31012 I BLASTBufferQueue: [VRI[MainActivity]@7e241c1#1](f:0,a:1,s:0) destructor()
04-24 18:05:25.431 30973 31012 D BufferQueueConsumer: [VRI[MainActivity]@7e241c1#1(BLAST Consumer)1](id:78fd00000001,api:0,p:-1,c:30973) disconnect
04-24 18:05:25.432  1177  1177 I SurfaceFlinger: [Surface(name=675925d InputMethod)/@0xec880d0 - animation-leash of insets_animation#57297] attach to parent LayerHierarchy{RequestedLayerState{WindowToken{fd28927 type=2011 android.os.Binder@d9d8fe6}#125 parentId=15} 2 children}
04-24 18:05:25.432 30973 30973 D ViewRootImpl: Skipping stats log for color mode
04-24 18:05:25.432 30973 30973 I VRI[MainActivity]@7e241c1: dispatchDetachedFromWindow
04-24 18:05:25.432  1704  1877 D SGM:FgCheckThread: pkgName: com.anonymous.gurustudy.dev is in foreground
04-24 18:05:25.432  1704  2319 D BackgroundInstallControlService: Package event received: 0
04-24 18:05:25.433  1704  3043 D InputTransport: Input channel destroyed: '1e7439c', fd=1016
04-24 18:05:25.433  1704  2365 V SemStrongRssiRoaming: POLL (Rssi:-61 MinRssi:-55 Guard:0)
04-24 18:05:25.433  1704  3043 V WindowManager: Remove Window{1e7439c u0 com.anonymous.gurustudy.dev/com.anonymous.gurustudy.MainActivity}: mSurfaceControl=Surface(name=com.anonymous.gurustudy.dev/com.anonymous.gurustudy.MainActivity$_30973)/@0x201c08a mAnimatingExit=false mRemoveOnExit=false mHasSurface=true surfaceShowing=false animating=false app-animation=false callers=com.android.server.wm.Session.remove:16 android.view.IWindowSession$Stub.onTransact:804 com.android.server.wm.Session.onTransact:1 android.os.Binder.execTransactInternal:1457 android.os.Binder.execTransact:1401 <bottom of call stack> 
04-24 18:05:25.434  1704  3043 D RestrictionPolicy: isScreenCaptureEnabled : ret=true userId=0
04-24 18:05:25.434  2461  2674 I VRI[dev]@e0c7262: mWNT: t=0xb40000723e3cca50 mBlastBufferQueue=0xb4000072be2c8e50 fn= 4 HdrRenderState mRenderHdrSdrRatio=1.0 caller= android.view.SyncRtSurfaceTransactionApplier.applyTransaction:100 android.view.SyncRtSurfaceTransactionApplier.lambda$scheduleApply$0:73 android.view.SyncRtSurfaceTransactionApplier.$r8$lambda$afI4fXg3U3-nBZQEDQMiNy-B06s:0 
04-24 18:05:25.435 30973 30973 D InputTransport: Input channel destroyed: '1e7439c', fd=131
04-24 18:05:25.436  1704  3043 V WindowManager: Cleaning splash screen token=ActivityRecord{51175733 u0 com.anonymous.gurustudy.dev/com.anonymous.gurustudy.MainActivity t2449 f}}
04-24 18:05:25.436  1704  1877 D SGM:FgCheckThread: getForegroundApp(), foregroundPkgName=com.anonymous.gurustudy.dev
04-24 18:05:25.437  1704  1877 D SGM:FgCheckThread: pkgName: com.anonymous.gurustudy.dev is in foreground
04-24 18:05:25.437  1704  2319 D BackgroundInstallControlService: Package event received: 0
04-24 18:05:25.440  1177  1319 I SurfaceFlinger: Capture layer list: 	 com.anonymous.gurustudy.dev/expo.modules.devlauncher.launcher.DevLauncherActivity$_30973#57293(seamlessTransition:0)
04-24 18:05:25.440  1177  1319 I SurfaceFlinger: Capture layer list: 	 Splash Screen com.anonymous.gurustudy.dev$_2461#57287(seamlessTransition:0)
04-24 18:05:25.441 30973 30973 I View    : setRequestedFrameRate frameRate=NaN, this=androidx.compose.ui.platform.AndroidComposeView{ab4cd76 VFED..... ........ 0,0-2800,1752 aid=1073741824}, caller=android.view.ViewGroup.setRequestedFrameRate:9952 androidx.compose.ui.platform.Api35Impl.setRequestedFrameRate:3314 androidx.compose.ui.platform.AndroidComposeView.dispatchDraw:1949 android.view.View.draw:26345 android.view.View.updateDisplayListIfDirty:25175 
04-24 18:05:25.441 30973 30973 I View    : setRequestedFrameRate frameRate=NaN, this=android.view.View{bf49d72 V.ED..... ........ 0,0-0,0}, caller=androidx.compose.ui.platform.Api35Impl.setRequestedFrameRate:3314 androidx.compose.ui.platform.AndroidComposeView.dispatchDraw:1950 android.view.View.draw:26345 android.view.View.updateDisplayListIfDirty:25175 android.view.ViewGroup.recreateChildDisplayList:4794 
04-24 18:05:25.442  4053  4053 I HBD     : a [NRIC] resetNoResponseState 
04-24 18:05:25.442  4053  4053 I HBD     : c needOff = true , isForceOff = false, isNullInputClass : true 
04-24 18:05:25.442  4053  4053 I HBD     : c update cached prediction status : false 
04-24 18:05:25.442  4053  4053 I HBD     : b [AiWriter] setContact : com.anonymous.gurustudy.dev
04-24 18:05:25.443  4053  4053 I HBD     : HoneyBoardService [PF_OP][onStartInput]  27 ms 
04-24 18:05:25.443  4053  4053 I HBD     : [DirectWriting] DirectWriting emitInputConnection : RemoteInputConnection{idHash=#c158fb} 
04-24 18:05:25.448  1177  1177 I SurfaceFlinger: RequestedLayer [Surface(name=675925d InputMethod)/@0[...]tion-leash of insets_animation#57297] hidden!! flag  from(1) --> to(0)
04-24 18:05:25.448  1177  1177 E SurfaceFlinger: alpha changed 1.000 -> 0.000 - Surface(name=675925d InputMethod)/@0xec880d0 - animation-leash of insets_animation#57297
04-24 18:05:25.448  1177  1177 I SurfaceFlinger: [LayerHierarchy{RequestedLayerState{ImeContainer#15 parentId=57283 relativeParentId=57283 z=3} 1 children}] reparent to LayerHierarchy{RequestedLayerState{ActivityRecord{16136226 u0 com.anonymous.gurustudy.dev/expo.modules.devlauncher.launcher.DevLauncherActivity t2449}#57283 parentId=57264 z=2} 4 children}
04-24 18:05:25.448  1177  1177 I SurfaceFlinger: [LayerHierarchy{RequestedLayerState{ImeContainer#15 parentId=57283 relativeParentId=57283 z=3} 1 children}] RelativeParent to null
04-24 18:05:25.448  1177  1177 I SurfaceFlinger: [LayerHierarchy{RequestedLayerState{675925d InputMethod#139 parentId=57297} no children}] reparent to LayerHierarchy{RequestedLayerState{Surface(name=675925d InputMethod)/@0xec880d0 - animation-leash of insets_animation#57297 parentId=125} 1 children}
04-24 18:05:25.448  1177  1177 I SurfaceFlinger: [LayerHierarchy{RequestedLayerState{com.anonymous.gurustudy.dev/expo.modules.devlauncher.launcher.DevLauncherActivity$_30973#57277} no children}] reparent to OffscreenRoot
04-24 18:05:25.448  1177  1177 I SurfaceFlinger: [LayerHierarchy{RequestedLayerState{com.anonymous.gurustudy.dev/expo.modules.devlauncher.launcher.DevLauncherActivity$_30973#57277} no children}] RelativeParent to null
04-24 18:05:25.448  1177  1177 I SurfaceFlinger: [LayerHierarchy{RequestedLayerState{e03762f com.anonymous.gurustudy.dev/expo.modules.devlauncher.launcher.DevLauncherActivity#57276} no children}] reparent to OffscreenRoot
04-24 18:05:25.448  1177  1177 I SurfaceFlinger: [LayerHierarchy{RequestedLayerState{e03762f com.anonymous.gurustudy.dev/expo.modules.devlauncher.launcher.DevLauncherActivity#57276} no children}] RelativeParent to null
04-24 18:05:25.448  1177  1177 I SurfaceFlinger: [LayerHierarchy{RequestedLayerState{Surface(name=675925d InputMethod)/@0xec880d0 - animation-leash of insets_animation#57281} no children}] reparent to OffscreenRoot
04-24 18:05:25.448  1177  1177 I SurfaceFlinger: [LayerHierarchy{RequestedLayerState{Surface(name=675925d InputMethod)/@0xec880d0 - animation-leash of insets_animation#57281} no children}] RelativeParent to null
04-24 18:05:25.448  1177  1177 I SurfaceFlinger: [LayerHierarchy{RequestedLayerState{ActivityRecord{67158192 u0 com.anonymous.gurustudy.dev/expo.modules.devlauncher.launcher.DevLauncherActivity t2449}#57272} 1 children}] reparent to OffscreenRoot
04-24 18:05:25.448  1177  1177 I SurfaceFlinger: [LayerHierarchy{RequestedLayerState{ActivityRecord{67158192 u0 com.anonymous.gurustudy.dev/expo.modules.devlauncher.launcher.DevLauncherActivity t2449}#57272} 1 children}] RelativeParent to null
04-24 18:05:25.449  1177  1229 I SurfaceFlinger: onHandleDestroyed: layerId=57281, name=Surface(name=675925d InputMethod)/@0xec880d0 - animation-leash of insets_animation#57281
04-24 18:05:25.449  1177  1229 I SurfaceFlinger: id=57281 Removed Surface(name=675925d InputMethod)/@0xec880d0 - animation-leash of insets_animation#57281 (188)
04-24 18:05:25.449  1177  1229 I SurfaceFlinger: onHandleDestroyed: layerId=57276, name=e03762f com.anonymous.gurustudy.dev/expo.modules.devlauncher.launcher.DevLauncherActivity#57276
04-24 18:05:25.449  1177  1229 I SurfaceFlinger: id=57276 Removed e03762f com.anonymous.gurustudy.dev/expo.modules.devlauncher.launcher.DevLauncherActivity#57276 (188)
04-24 18:05:25.449  1177  1229 I SurfaceFlinger: onHandleDestroyed: layerId=57277, name=com.anonymous.gurustudy.dev/expo.modules.devlauncher.launcher.DevLauncherActivity$_30973#57277
04-24 18:05:25.449  1177  1229 I SurfaceFlinger: id=57277 Removed com.anonymous.gurustudy.dev/expo.modules.devlauncher.launcher.DevLauncherActivity$_30973#57277 (188)
04-24 18:05:25.450 30973 30973 I View    : setRequestedFrameRate frameRate=NaN, this=androidx.compose.ui.platform.AndroidComposeView{ab4cd76 VFED..... ........ 0,0-2800,1752 aid=1073741824}, caller=android.view.ViewGroup.setRequestedFrameRate:9952 androidx.compose.ui.platform.Api35Impl.setRequestedFrameRate:3314 androidx.compose.ui.platform.AndroidComposeView.dispatchDraw:1949 android.view.View.draw:26345 android.view.View.updateDisplayListIfDirty:25175 
04-24 18:05:25.450 30973 30973 I View    : setRequestedFrameRate frameRate=NaN, this=android.view.View{bf49d72 V.ED..... ........ 0,0-0,0}, caller=androidx.compose.ui.platform.Api35Impl.setRequestedFrameRate:3314 androidx.compose.ui.platform.AndroidComposeView.dispatchDraw:1950 android.view.View.draw:26345 android.view.View.updateDisplayListIfDirty:25175 android.view.ViewGroup.recreateChildDisplayList:4794 
04-24 18:05:25.454  1299  1299 I CameraService: onUidStateChanged: uid=10065, procState is changed. (1 -> 0)
04-24 18:05:25.454  1704  2729 I WindowManager: Relayout Window{f67405d u0 Splash Screen com.anonymous.gurustudy.dev}: viewVisibility=8 req=2800x1752 ty=3 d0
04-24 18:05:25.455  4053  4053 I InputMethodService: scheduleImeSurfaceRemoval: removeImeSurface is posted.
04-24 18:05:25.455  1704  2729 I WindowManager: Relayout hash=f67405d, pid=2461, syncId=-1: mAttrs={(0,0)(fillxfill) sim={adjust=pan} layoutInDisplayCutoutMode=always ty=APPLICATION_STARTING fmt=TRANSLUCENT wanim=0x1030317
04-24 18:05:25.455  1704  2729 I WindowManager:   fl=81030118
04-24 18:05:25.455  1704  2729 I WindowManager:   pfl=10000810
04-24 18:05:25.455  1704  2729 I WindowManager:   bhv=1
04-24 18:05:25.455  1704  2729 I WindowManager:   fitSides=0
04-24 18:05:25.455  1704  2729 I WindowManager:   frameRateBoostOnTouch=true
04-24 18:05:25.455  1704  2729 I WindowManager:   dvrrWindowFrameRateHint=true naviIconColor=0}
04-24 18:05:25.456  2461  2624 I VRI[dev]@e0c7262: onActiveControlsChanged, removed=false, mAdded=true, caller=android.view.ViewRootImpl.handleInsetsControlChanged:3002 android.view.ViewRootImpl.relayoutWindow:11629 android.view.ViewRootImpl.performTraversals:4804 android.view.ViewRootImpl.doTraversal:3924 android.view.ViewRootImpl$TraversalRunnable.run:12903 
04-24 18:05:25.456  2461  2624 I BLASTBufferQueue: [VRI[dev]@e0c7262#1185](f:0,a:2,s:0) destructor()
04-24 18:05:25.456  2461  2624 D BufferQueueConsumer: [VRI[dev]@e0c7262#1185(BLAST Consumer)1185](id:99d000004a2,api:0,p:-1,c:2461) disconnect
04-24 18:05:25.457  2461  2624 I VRI[dev]@e0c7262: Relayout returned: old=(0,0,2800,1752) new=(0,0,2800,1752) relayoutAsync=false req=(2800,1752)8 dur=6 res=0x2 s={false 0x0} ch=true seqId=0
04-24 18:05:25.457  2461  2624 D VRI[dev]@e0c7262: Not drawing due to not visible. Reason=View.GONE
04-24 18:05:25.457  2461  2624 W WindowOnBackDispatcher: sendCancelIfRunning: isInProgress=false callback=android.view.ViewRootImpl$$ExternalSyntheticLambda16@9070986
04-24 18:05:25.457  2461  2624 I VRI[dev]@e0c7262: dispatchDetachedFromWindow
04-24 18:05:25.457  1704  2729 D CoreBackPreview: Window{f67405d u0 Splash Screen com.anonymous.gurustudy.dev}: Setting back callback null
04-24 18:05:25.457  1704  4362 D WindowManager: Starting window removed Window{f67405d u0 Splash Screen com.anonymous.gurustudy.dev}
04-24 18:05:25.458  1704  4362 I WindowManager: Cancelling animation restarting=false, leash=Surface(name=Surface(name=230652a com.anonymous.gurustudy.dev/expo.modules.devlauncher.launcher.DevLauncherActivity)/@0x52fd6e7 - animation-leash of starting_reveal)/@0x6831294
04-24 18:05:25.458  1704  4362 I WindowManager: Reparenting to original parent: Surface(name=ActivityRecord{16136226 u0 com.anonymous.gurustudy.dev/expo.modules.devlauncher.launcher.DevLauncherActivity t2449})/@0x2c14693, destroy=false, surface=Surface(name=230652a com.anonymous.gurustudy.dev/expo.modules.devlauncher.launcher.DevLauncherActivity)/@0x52fd6e7
04-24 18:05:25.458  1704  4362 D InputTransport: Input channel destroyed: 'f67405d', fd=1037
04-24 18:05:25.458  1704  4362 V WindowManager: Remove Window{f67405d u0 Splash Screen com.anonymous.gurustudy.dev}: mSurfaceControl=Surface(name=Splash Screen com.anonymous.gurustudy.dev$_2461)/@0x6435b56 mAnimatingExit=false mRemoveOnExit=false mHasSurface=true surfaceShowing=true animating=false app-animation=false callers=com.android.server.wm.Session.remove:16 android.view.IWindowSession$Stub.onTransact:804 com.android.server.wm.Session.onTransact:1 android.os.Binder.execTransactInternal:1462 android.os.Binder.execTransact:1401 <bottom of call stack> 
04-24 18:05:25.460  2461  2624 D InputTransport: Input channel destroyed: 'f67405d', fd=473
04-24 18:05:25.465  1177  1177 I SurfaceFlinger: destroyed com.anonymous.gurustudy.dev/expo.modules.devlauncher.launcher.DevLauncherActivity$_30973#57277
04-24 18:05:25.465  1177  1177 I SurfaceFlinger: destroyed e03762f com.anonymous.gurustudy.dev/expo.modules.devlauncher.launcher.DevLauncherActivity#57276
04-24 18:05:25.465  1177  1177 I SurfaceFlinger: destroyed Surface(name=675925d InputMethod)/@0xec880d0 - animation-leash of insets_animation#57281
04-24 18:05:25.465  1177  1177 I SurfaceFlinger: [LayerHierarchy{RequestedLayerState{ActivityRecord{51175733 u0 com.anonymous.gurustudy.dev/com.anonymous.gurustudy.MainActivity t2449}#57282} 1 children}] reparent to OffscreenRoot
04-24 18:05:25.465  1177  1177 I SurfaceFlinger: [LayerHierarchy{RequestedLayerState{ActivityRecord{51175733 u0 com.anonymous.gurustudy.dev/com.anonymous.gurustudy.MainActivity t2449}#57282} 1 children}] RelativeParent to null
04-24 18:05:25.465  1177  1177 I SurfaceFlinger: [LayerHierarchy{RequestedLayerState{1e7439c com.anonymous.gurustudy.dev/com.anonymous.gurustudy.MainActivity#57284} 1 children}] reparent to OffscreenRoot
04-24 18:05:25.465  1177  1177 I SurfaceFlinger: [LayerHierarchy{RequestedLayerState{1e7439c com.anonymous.gurustudy.dev/com.anonymous.gurustudy.MainActivity#57284} 1 children}] RelativeParent to null
04-24 18:05:25.465  1177  1177 I SurfaceFlinger: [LayerHierarchy{RequestedLayerState{com.anonymous.gurustudy.dev/com.anonymous.gurustudy.MainActivity$_30973#57285} no children}] reparent to OffscreenRoot
04-24 18:05:25.465  1177  1177 I SurfaceFlinger: [LayerHierarchy{RequestedLayerState{com.anonymous.gurustudy.dev/com.anonymous.gurustudy.MainActivity$_30973#57285} no children}] RelativeParent to null
04-24 18:05:25.465  2461  2461 D SystemUIService: SYSUI_RAM_OPTIMIZATION onTrimMemory=20
04-24 18:05:25.465  2461  2461 D CentralSurfaces: SYSUI_RAM_OPTIMIZATION onTrimMemory=20
04-24 18:05:25.465  2461  2683 D HWUI    : CacheManager::trimMemory(20)
04-24 18:05:25.466  1177  1177 I Layer   : id=57277 Destroyed com.anonymous.gurustudy.dev/expo.modules.devlauncher.launcher.DevLauncherActivity$_30973#57277
04-24 18:05:25.467 30973 30973 I View    : setRequestedFrameRate frameRate=NaN, this=androidx.compose.ui.platform.AndroidComposeView{ab4cd76 VFED..... ........ 0,0-2800,1752 aid=1073741824}, caller=android.view.ViewGroup.setRequestedFrameRate:9952 androidx.compose.ui.platform.Api35Impl.setRequestedFrameRate:3314 androidx.compose.ui.platform.AndroidComposeView.dispatchDraw:1949 android.view.View.draw:26345 android.view.View.updateDisplayListIfDirty:25175 
04-24 18:05:25.467 30973 30973 I View    : setRequestedFrameRate frameRate=NaN, this=android.view.View{bf49d72 V.ED..... ........ 0,0-0,0}, caller=androidx.compose.ui.platform.Api35Impl.setRequestedFrameRate:3314 androidx.compose.ui.platform.AndroidComposeView.dispatchDraw:1950 android.view.View.draw:26345 android.view.View.updateDisplayListIfDirty:25175 android.view.ViewGroup.recreateChildDisplayList:4794 
04-24 18:05:25.467  1177  1177 I Layer   : id=57276 Destroyed e03762f com.anonymous.gurustudy.dev/expo.modules.devlauncher.launcher.DevLauncherActivity#57276
04-24 18:05:25.467  1177  1177 I Layer   : id=57281 Destroyed Surface(name=675925d InputMethod)/@0xec880d0 - animation-leash of insets_animation#57281
04-24 18:05:25.467  1177  1503 I SurfaceFlinger: onHandleDestroyed: layerId=57284, name=1e7439c com.anonymous.gurustudy.dev/com.anonymous.gurustudy.MainActivity#57284
04-24 18:05:25.467  1177  1503 I SurfaceFlinger: id=57284 Removed 1e7439c com.anonymous.gurustudy.dev/com.anonymous.gurustudy.MainActivity#57284 (185)
04-24 18:05:25.468  1177  1503 I SurfaceFlinger: onHandleDestroyed: layerId=57282, name=ActivityRecord{51175733 u0 com.anonymous.gurustudy.dev/com.anonymous.gurustudy.MainActivity t2449}#57282
04-24 18:05:25.468  1177  1503 I SurfaceFlinger: id=57282 Removed ActivityRecord{51175733 u0 com.anonymous.gurustudy.dev/com.anonymous.gurustudy.MainActivity t2449}#57282 (185)
04-24 18:05:25.468  1177  1503 I SurfaceFlinger: onHandleDestroyed: layerId=57285, name=com.anonymous.gurustudy.dev/com.anonymous.gurustudy.MainActivity$_30973#57285
04-24 18:05:25.468  1177  1503 I SurfaceFlinger: id=57285 Removed com.anonymous.gurustudy.dev/com.anonymous.gurustudy.MainActivity$_30973#57285 (185)
04-24 18:05:25.482  1177  1177 I SurfaceFlinger: [Display 0 name="Built-in Screen"#49] setFrameRateCategory: Default
04-24 18:05:25.482  1177  1177 I SurfaceFlinger: destroyed ActivityRecord{51175733 u0 com.anonymous.gurustudy.dev/com.anonymous.gurustudy.MainActivity t2449}#57282
04-24 18:05:25.482  1177  1177 I SurfaceFlinger: destroyed 1e7439c com.anonymous.gurustudy.dev/com.anonymous.gurustudy.MainActivity#57284
04-24 18:05:25.482  1177  1177 I SurfaceFlinger: destroyed com.anonymous.gurustudy.dev/com.anonymous.gurustudy.MainActivity$_30973#57285
04-24 18:05:25.482  1177  1177 I SurfaceFlinger: [LayerHierarchy{RequestedLayerState{ImeContainer#15 parentId=57283 relativeParentId=57288 z=1} 1 children}] RelativeParent to LayerHierarchy{RequestedLayerState{230652a com.anonymous.gurustudy.dev/expo.modules.devlauncher.launcher.DevLauncherActivity#57288 parentId=57283} 2 children}
04-24 18:05:25.482  1177  1177 I SurfaceFlinger: [LayerHierarchy{RequestedLayerState{Surface(name=230652a com.anonymous.gurustudy.dev/expo.modules.devlauncher.launcher.DevLauncherActivity)/@0x52fd6e7 - animation-leash of starting_reveal#57296} 1 children}] reparent to OffscreenRoot
04-24 18:05:25.482  1177  1177 I SurfaceFlinger: [LayerHierarchy{RequestedLayerState{Surface(name=230652a com.anonymous.gurustudy.dev/expo.modules.devlauncher.launcher.DevLauncherActivity)/@0x52fd6e7 - animation-leash of starting_reveal#57296} 1 children}] RelativeParent to null
