04-24 18:05:27.054 30973 30973 I View    : setRequestedFrameRate frameRate=NaN, this=androidx.compose.ui.platform.AndroidComposeView{ab4cd76 VFED..... ........ 0,0-2800,1752 aid=1073741824}, caller=android.view.ViewGroup.setRequestedFrameRate:9952 androidx.compose.ui.platform.Api35Impl.setRequestedFrameRate:3314 androidx.compose.ui.platform.AndroidComposeView.dispatchDraw:1949 android.view.View.draw:26345 android.view.View.updateDisplayListIfDirty:25175 
04-24 18:05:27.054 30973 30973 I View    : setRequestedFrameRate frameRate=NaN, this=android.view.View{bf49d72 V.ED..... ........ 0,0-0,0}, caller=androidx.compose.ui.platform.Api35Impl.setRequestedFrameRate:3314 androidx.compose.ui.platform.AndroidComposeView.dispatchDraw:1950 android.view.View.draw:26345 android.view.View.updateDisplayListIfDirty:25175 android.view.ViewGroup.recreateChildDisplayList:4794 
04-24 18:05:27.059  1177  1319 I SurfaceFlinger: Capture layer list: 	 com.anonymous.gurustudy.dev/expo.modules.devlauncher.launcher.DevLauncherActivity$_30973#57293(seamlessTransition:0)
04-24 18:05:27.070 30973 30973 I View    : setRequestedFrameRate frameRate=NaN, this=androidx.compose.ui.platform.AndroidComposeView{ab4cd76 VFED..... ........ 0,0-2800,1752 aid=1073741824}, caller=android.view.ViewGroup.setRequestedFrameRate:9952 androidx.compose.ui.platform.Api35Impl.setRequestedFrameRate:3314 androidx.compose.ui.platform.AndroidComposeView.dispatchDraw:1949 android.view.View.draw:26345 android.view.View.updateDisplayListIfDirty:25175 
04-24 18:05:27.070 30973 30973 I View    : setRequestedFrameRate frameRate=NaN, this=android.view.View{bf49d72 V.ED..... ........ 0,0-0,0}, caller=androidx.compose.ui.platform.Api35Impl.setRequestedFrameRate:3314 androidx.compose.ui.platform.AndroidComposeView.dispatchDraw:1950 android.view.View.draw:26345 android.view.View.updateDisplayListIfDirty:25175 android.view.ViewGroup.recreateChildDisplayList:4794 
04-24 18:05:27.087 30973 30973 I View    : setRequestedFrameRate frameRate=NaN, this=androidx.compose.ui.platform.AndroidComposeView{ab4cd76 VFED..... ........ 0,0-2800,1752 aid=1073741824}, caller=android.view.ViewGroup.setRequestedFrameRate:9952 androidx.compose.ui.platform.Api35Impl.setRequestedFrameRate:3314 androidx.compose.ui.platform.AndroidComposeView.dispatchDraw:1949 android.view.View.draw:26345 android.view.View.updateDisplayListIfDirty:25175 
04-24 18:05:27.087 30973 30973 I View    : setRequestedFrameRate frameRate=NaN, this=android.view.View{bf49d72 V.ED..... ........ 0,0-0,0}, caller=androidx.compose.ui.platform.Api35Impl.setRequestedFrameRate:3314 androidx.compose.ui.platform.AndroidComposeView.dispatchDraw:1950 android.view.View.draw:26345 android.view.View.updateDisplayListIfDirty:25175 android.view.ViewGroup.recreateChildDisplayList:4794 
04-24 18:05:27.104 30973 30973 I View    : setRequestedFrameRate frameRate=NaN, this=androidx.compose.ui.platform.AndroidComposeView{ab4cd76 VFED..... ........ 0,0-2800,1752 aid=1073741824}, caller=android.view.ViewGroup.setRequestedFrameRate:9952 androidx.compose.ui.platform.Api35Impl.setRequestedFrameRate:3314 androidx.compose.ui.platform.AndroidComposeView.dispatchDraw:1949 android.view.View.draw:26345 android.view.View.updateDisplayListIfDirty:25175 
04-24 18:05:27.104 30973 30973 I View    : setRequestedFrameRate frameRate=NaN, this=android.view.View{bf49d72 V.ED..... ........ 0,0-0,0}, caller=androidx.compose.ui.platform.Api35Impl.setRequestedFrameRate:3314 androidx.compose.ui.platform.AndroidComposeView.dispatchDraw:1950 android.view.View.draw:26345 android.view.View.updateDisplayListIfDirty:25175 android.view.ViewGroup.recreateChildDisplayList:4794 
04-24 18:05:27.120 30973 30973 I View    : setRequestedFrameRate frameRate=NaN, this=androidx.compose.ui.platform.AndroidComposeView{ab4cd76 VFED..... ........ 0,0-2800,1752 aid=1073741824}, caller=android.view.ViewGroup.setRequestedFrameRate:9952 androidx.compose.ui.platform.Api35Impl.setRequestedFrameRate:3314 androidx.compose.ui.platform.AndroidComposeView.dispatchDraw:1949 android.view.View.draw:26345 android.view.View.updateDisplayListIfDirty:25175 
04-24 18:05:27.121 30973 30973 I View    : setRequestedFrameRate frameRate=NaN, this=android.view.View{bf49d72 V.ED..... ........ 0,0-0,0}, caller=androidx.compose.ui.platform.Api35Impl.setRequestedFrameRate:3314 androidx.compose.ui.platform.AndroidComposeView.dispatchDraw:1950 android.view.View.draw:26345 android.view.View.updateDisplayListIfDirty:25175 android.view.ViewGroup.recreateChildDisplayList:4794 
04-24 18:05:27.136  1289  1311 E thermal_core: find_tz_idx_by_name:"Failed to find thermal zone index of ap_ntc\n"
04-24 18:05:27.136  1289  1311 E thermal_core: find_tz_idx_by_name:"Failed to find thermal zone index of mtk-master-charger\n"
04-24 18:05:27.137 30973 30973 I View    : setRequestedFrameRate frameRate=NaN, this=androidx.compose.ui.platform.AndroidComposeView{ab4cd76 VFED..... ........ 0,0-2800,1752 aid=1073741824}, caller=android.view.ViewGroup.setRequestedFrameRate:9952 androidx.compose.ui.platform.Api35Impl.setRequestedFrameRate:3314 androidx.compose.ui.platform.AndroidComposeView.dispatchDraw:1949 android.view.View.draw:26345 android.view.View.updateDisplayListIfDirty:25175 
04-24 18:05:27.137 30973 30973 I View    : setRequestedFrameRate frameRate=NaN, this=android.view.View{bf49d72 V.ED..... ........ 0,0-0,0}, caller=androidx.compose.ui.platform.Api35Impl.setRequestedFrameRate:3314 androidx.compose.ui.platform.AndroidComposeView.dispatchDraw:1950 android.view.View.draw:26345 android.view.View.updateDisplayListIfDirty:25175 android.view.ViewGroup.recreateChildDisplayList:4794 
04-24 18:05:27.154 30973 30973 I View    : setRequestedFrameRate frameRate=NaN, this=androidx.compose.ui.platform.AndroidComposeView{ab4cd76 VFED..... ........ 0,0-2800,1752 aid=1073741824}, caller=android.view.ViewGroup.setRequestedFrameRate:9952 androidx.compose.ui.platform.Api35Impl.setRequestedFrameRate:3314 androidx.compose.ui.platform.AndroidComposeView.dispatchDraw:1949 android.view.View.draw:26345 android.view.View.updateDisplayListIfDirty:25175 
04-24 18:05:27.154 30973 30973 I View    : setRequestedFrameRate frameRate=NaN, this=android.view.View{bf49d72 V.ED..... ........ 0,0-0,0}, caller=androidx.compose.ui.platform.Api35Impl.setRequestedFrameRate:3314 androidx.compose.ui.platform.AndroidComposeView.dispatchDraw:1950 android.view.View.draw:26345 android.view.View.updateDisplayListIfDirty:25175 android.view.ViewGroup.recreateChildDisplayList:4794 
04-24 18:05:27.161  1177  1319 I SurfaceFlinger: Capture layer list: 	 com.anonymous.gurustudy.dev/expo.modules.devlauncher.launcher.DevLauncherActivity$_30973#57293(seamlessTransition:0)
04-24 18:05:27.171 30973 30973 I View    : setRequestedFrameRate frameRate=NaN, this=androidx.compose.ui.platform.AndroidComposeView{ab4cd76 VFED..... ........ 0,0-2800,1752 aid=1073741824}, caller=android.view.ViewGroup.setRequestedFrameRate:9952 androidx.compose.ui.platform.Api35Impl.setRequestedFrameRate:3314 androidx.compose.ui.platform.AndroidComposeView.dispatchDraw:1949 android.view.View.draw:26345 android.view.View.updateDisplayListIfDirty:25175 
04-24 18:05:27.171 30973 30973 I View    : setRequestedFrameRate frameRate=NaN, this=android.view.View{bf49d72 V.ED..... ........ 0,0-0,0}, caller=androidx.compose.ui.platform.Api35Impl.setRequestedFrameRate:3314 androidx.compose.ui.platform.AndroidComposeView.dispatchDraw:1950 android.view.View.draw:26345 android.view.View.updateDisplayListIfDirty:25175 android.view.ViewGroup.recreateChildDisplayList:4794 
04-24 18:05:27.190 30973 30973 I View    : setRequestedFrameRate frameRate=NaN, this=androidx.compose.ui.platform.AndroidComposeView{ab4cd76 VFED..... ........ 0,0-2800,1752 aid=1073741824}, caller=android.view.ViewGroup.setRequestedFrameRate:9952 androidx.compose.ui.platform.Api35Impl.setRequestedFrameRate:3314 androidx.compose.ui.platform.AndroidComposeView.dispatchDraw:1949 android.view.View.draw:26345 android.view.View.updateDisplayListIfDirty:25175 
04-24 18:05:27.190 30973 30973 I View    : setRequestedFrameRate frameRate=NaN, this=android.view.View{bf49d72 V.ED..... ........ 0,0-0,0}, caller=androidx.compose.ui.platform.Api35Impl.setRequestedFrameRate:3314 androidx.compose.ui.platform.AndroidComposeView.dispatchDraw:1950 android.view.View.draw:26345 android.view.View.updateDisplayListIfDirty:25175 android.view.ViewGroup.recreateChildDisplayList:4794 
04-24 18:05:27.205 30973 30973 I View    : setRequestedFrameRate frameRate=NaN, this=androidx.compose.ui.platform.AndroidComposeView{ab4cd76 VFED..... ........ 0,0-2800,1752 aid=1073741824}, caller=android.view.ViewGroup.setRequestedFrameRate:9952 androidx.compose.ui.platform.Api35Impl.setRequestedFrameRate:3314 androidx.compose.ui.platform.AndroidComposeView.dispatchDraw:1949 android.view.View.draw:26345 android.view.View.updateDisplayListIfDirty:25175 
04-24 18:05:27.205 30973 30973 I View    : setRequestedFrameRate frameRate=NaN, this=android.view.View{bf49d72 V.ED..... ........ 0,0-0,0}, caller=androidx.compose.ui.platform.Api35Impl.setRequestedFrameRate:3314 androidx.compose.ui.platform.AndroidComposeView.dispatchDraw:1950 android.view.View.draw:26345 android.view.View.updateDisplayListIfDirty:25175 android.view.ViewGroup.recreateChildDisplayList:4794 
04-24 18:05:27.221 30973 30973 I View    : setRequestedFrameRate frameRate=NaN, this=androidx.compose.ui.platform.AndroidComposeView{ab4cd76 VFED..... ........ 0,0-2800,1752 aid=1073741824}, caller=android.view.ViewGroup.setRequestedFrameRate:9952 androidx.compose.ui.platform.Api35Impl.setRequestedFrameRate:3314 androidx.compose.ui.platform.AndroidComposeView.dispatchDraw:1949 android.view.View.draw:26345 android.view.View.updateDisplayListIfDirty:25175 
04-24 18:05:27.222 30973 30973 I View    : setRequestedFrameRate frameRate=NaN, this=android.view.View{bf49d72 V.ED..... ........ 0,0-0,0}, caller=androidx.compose.ui.platform.Api35Impl.setRequestedFrameRate:3314 androidx.compose.ui.platform.AndroidComposeView.dispatchDraw:1950 android.view.View.draw:26345 android.view.View.updateDisplayListIfDirty:25175 android.view.ViewGroup.recreateChildDisplayList:4794 
04-24 18:05:27.238 30973 30973 I View    : setRequestedFrameRate frameRate=NaN, this=androidx.compose.ui.platform.AndroidComposeView{ab4cd76 VFED..... ........ 0,0-2800,1752 aid=1073741824}, caller=android.view.ViewGroup.setRequestedFrameRate:9952 androidx.compose.ui.platform.Api35Impl.setRequestedFrameRate:3314 androidx.compose.ui.platform.AndroidComposeView.dispatchDraw:1949 android.view.View.draw:26345 android.view.View.updateDisplayListIfDirty:25175 
04-24 18:05:27.239 30973 30973 I View    : setRequestedFrameRate frameRate=NaN, this=android.view.View{bf49d72 V.ED..... ........ 0,0-0,0}, caller=androidx.compose.ui.platform.Api35Impl.setRequestedFrameRate:3314 androidx.compose.ui.platform.AndroidComposeView.dispatchDraw:1950 android.view.View.draw:26345 android.view.View.updateDisplayListIfDirty:25175 android.view.ViewGroup.recreateChildDisplayList:4794 
04-24 18:05:27.255 30973 30973 I View    : setRequestedFrameRate frameRate=NaN, this=androidx.compose.ui.platform.AndroidComposeView{ab4cd76 VFED..... ........ 0,0-2800,1752 aid=1073741824}, caller=android.view.ViewGroup.setRequestedFrameRate:9952 androidx.compose.ui.platform.Api35Impl.setRequestedFrameRate:3314 androidx.compose.ui.platform.AndroidComposeView.dispatchDraw:1949 android.view.View.draw:26345 android.view.View.updateDisplayListIfDirty:25175 
04-24 18:05:27.255 30973 30973 I View    : setRequestedFrameRate frameRate=NaN, this=android.view.View{bf49d72 V.ED..... ........ 0,0-0,0}, caller=androidx.compose.ui.platform.Api35Impl.setRequestedFrameRate:3314 androidx.compose.ui.platform.AndroidComposeView.dispatchDraw:1950 android.view.View.draw:26345 android.view.View.updateDisplayListIfDirty:25175 android.view.ViewGroup.recreateChildDisplayList:4794 
04-24 18:05:27.261  1177  1319 I SurfaceFlinger: Capture layer list: 	 com.anonymous.gurustudy.dev/expo.modules.devlauncher.launcher.DevLauncherActivity$_30973#57293(seamlessTransition:0)
04-24 18:05:27.271 30973 30973 I View    : setRequestedFrameRate frameRate=NaN, this=androidx.compose.ui.platform.AndroidComposeView{ab4cd76 VFED..... ........ 0,0-2800,1752 aid=1073741824}, caller=android.view.ViewGroup.setRequestedFrameRate:9952 androidx.compose.ui.platform.Api35Impl.setRequestedFrameRate:3314 androidx.compose.ui.platform.AndroidComposeView.dispatchDraw:1949 android.view.View.draw:26345 android.view.View.updateDisplayListIfDirty:25175 
04-24 18:05:27.271 30973 30973 I View    : setRequestedFrameRate frameRate=NaN, this=android.view.View{bf49d72 V.ED..... ........ 0,0-0,0}, caller=androidx.compose.ui.platform.Api35Impl.setRequestedFrameRate:3314 androidx.compose.ui.platform.AndroidComposeView.dispatchDraw:1950 android.view.View.draw:26345 android.view.View.updateDisplayListIfDirty:25175 android.view.ViewGroup.recreateChildDisplayList:4794 
04-24 18:05:27.288 30973 30973 I View    : setRequestedFrameRate frameRate=NaN, this=androidx.compose.ui.platform.AndroidComposeView{ab4cd76 VFED..... ........ 0,0-2800,1752 aid=1073741824}, caller=android.view.ViewGroup.setRequestedFrameRate:9952 androidx.compose.ui.platform.Api35Impl.setRequestedFrameRate:3314 androidx.compose.ui.platform.AndroidComposeView.dispatchDraw:1949 android.view.View.draw:26345 android.view.View.updateDisplayListIfDirty:25175 
04-24 18:05:27.289 30973 30973 I View    : setRequestedFrameRate frameRate=NaN, this=android.view.View{bf49d72 V.ED..... ........ 0,0-0,0}, caller=androidx.compose.ui.platform.Api35Impl.setRequestedFrameRate:3314 androidx.compose.ui.platform.AndroidComposeView.dispatchDraw:1950 android.view.View.draw:26345 android.view.View.updateDisplayListIfDirty:25175 android.view.ViewGroup.recreateChildDisplayList:4794 
04-24 18:05:27.305 30973 30973 I View    : setRequestedFrameRate frameRate=NaN, this=androidx.compose.ui.platform.AndroidComposeView{ab4cd76 VFED..... ........ 0,0-2800,1752 aid=1073741824}, caller=android.view.ViewGroup.setRequestedFrameRate:9952 androidx.compose.ui.platform.Api35Impl.setRequestedFrameRate:3314 androidx.compose.ui.platform.AndroidComposeView.dispatchDraw:1949 android.view.View.draw:26345 android.view.View.updateDisplayListIfDirty:25175 
04-24 18:05:27.305 30973 30973 I View    : setRequestedFrameRate frameRate=NaN, this=android.view.View{bf49d72 V.ED..... ........ 0,0-0,0}, caller=androidx.compose.ui.platform.Api35Impl.setRequestedFrameRate:3314 androidx.compose.ui.platform.AndroidComposeView.dispatchDraw:1950 android.view.View.draw:26345 android.view.View.updateDisplayListIfDirty:25175 android.view.ViewGroup.recreateChildDisplayList:4794 
04-24 18:05:27.321 30973 30973 I View    : setRequestedFrameRate frameRate=NaN, this=androidx.compose.ui.platform.AndroidComposeView{ab4cd76 VFED..... ........ 0,0-2800,1752 aid=1073741824}, caller=android.view.ViewGroup.setRequestedFrameRate:9952 androidx.compose.ui.platform.Api35Impl.setRequestedFrameRate:3314 androidx.compose.ui.platform.AndroidComposeView.dispatchDraw:1949 android.view.View.draw:26345 android.view.View.updateDisplayListIfDirty:25175 
04-24 18:05:27.322 30973 30973 I View    : setRequestedFrameRate frameRate=NaN, this=android.view.View{bf49d72 V.ED..... ........ 0,0-0,0}, caller=androidx.compose.ui.platform.Api35Impl.setRequestedFrameRate:3314 androidx.compose.ui.platform.AndroidComposeView.dispatchDraw:1950 android.view.View.draw:26345 android.view.View.updateDisplayListIfDirty:25175 android.view.ViewGroup.recreateChildDisplayList:4794 
04-24 18:05:27.338 30973 30973 I View    : setRequestedFrameRate frameRate=NaN, this=androidx.compose.ui.platform.AndroidComposeView{ab4cd76 VFED..... ........ 0,0-2800,1752 aid=1073741824}, caller=android.view.ViewGroup.setRequestedFrameRate:9952 androidx.compose.ui.platform.Api35Impl.setRequestedFrameRate:3314 androidx.compose.ui.platform.AndroidComposeView.dispatchDraw:1949 android.view.View.draw:26345 android.view.View.updateDisplayListIfDirty:25175 
04-24 18:05:27.338 30973 30973 I View    : setRequestedFrameRate frameRate=NaN, this=android.view.View{bf49d72 V.ED..... ........ 0,0-0,0}, caller=androidx.compose.ui.platform.Api35Impl.setRequestedFrameRate:3314 androidx.compose.ui.platform.AndroidComposeView.dispatchDraw:1950 android.view.View.draw:26345 android.view.View.updateDisplayListIfDirty:25175 android.view.ViewGroup.recreateChildDisplayList:4794 
04-24 18:05:27.352  1177  1177 I BufferQueueProducer: [FramebufferSurface](this:0xb4000079c5b1b880,id:-1,api:1,p:1177,c:1177) queueBuffer: fps=59.97 dur=1000.49 max=17.43 min=15.69
04-24 18:05:27.356 30973 30973 I View    : setRequestedFrameRate frameRate=NaN, this=androidx.compose.ui.platform.AndroidComposeView{ab4cd76 VFED..... ........ 0,0-2800,1752 aid=1073741824}, caller=android.view.ViewGroup.setRequestedFrameRate:9952 androidx.compose.ui.platform.Api35Impl.setRequestedFrameRate:3314 androidx.compose.ui.platform.AndroidComposeView.dispatchDraw:1949 android.view.View.draw:26345 android.view.View.updateDisplayListIfDirty:25175 
04-24 18:05:27.356 30973 30973 I View    : setRequestedFrameRate frameRate=NaN, this=android.view.View{bf49d72 V.ED..... ........ 0,0-0,0}, caller=androidx.compose.ui.platform.Api35Impl.setRequestedFrameRate:3314 androidx.compose.ui.platform.AndroidComposeView.dispatchDraw:1950 android.view.View.draw:26345 android.view.View.updateDisplayListIfDirty:25175 android.view.ViewGroup.recreateChildDisplayList:4794 
04-24 18:05:27.362  1177  1319 I SurfaceFlinger: Capture layer list: 	 com.anonymous.gurustudy.dev/expo.modules.devlauncher.launcher.DevLauncherActivity$_30973#57293(seamlessTransition:0)
04-24 18:05:27.371 30973 30973 I View    : setRequestedFrameRate frameRate=NaN, this=androidx.compose.ui.platform.AndroidComposeView{ab4cd76 VFED..... ........ 0,0-2800,1752 aid=1073741824}, caller=android.view.ViewGroup.setRequestedFrameRate:9952 androidx.compose.ui.platform.Api35Impl.setRequestedFrameRate:3314 androidx.compose.ui.platform.AndroidComposeView.dispatchDraw:1949 android.view.View.draw:26345 android.view.View.updateDisplayListIfDirty:25175 
04-24 18:05:27.371 30973 30973 I View    : setRequestedFrameRate frameRate=NaN, this=android.view.View{bf49d72 V.ED..... ........ 0,0-0,0}, caller=androidx.compose.ui.platform.Api35Impl.setRequestedFrameRate:3314 androidx.compose.ui.platform.AndroidComposeView.dispatchDraw:1950 android.view.View.draw:26345 android.view.View.updateDisplayListIfDirty:25175 android.view.ViewGroup.recreateChildDisplayList:4794 
04-24 18:05:27.386  1097  1123 I hwcomposer: [HWCDisplay] [Display_0 (type:1, mode:2)] fps:59.986050,dur:1016.90,max:17.41,min:15.67  
04-24 18:05:27.388 30973 30973 I View    : setRequestedFrameRate frameRate=NaN, this=androidx.compose.ui.platform.AndroidComposeView{ab4cd76 VFED..... ........ 0,0-2800,1752 aid=1073741824}, caller=android.view.ViewGroup.setRequestedFrameRate:9952 androidx.compose.ui.platform.Api35Impl.setRequestedFrameRate:3314 androidx.compose.ui.platform.AndroidComposeView.dispatchDraw:1949 android.view.View.draw:26345 android.view.View.updateDisplayListIfDirty:25175 
04-24 18:05:27.389 30973 30973 I View    : setRequestedFrameRate frameRate=NaN, this=android.view.View{bf49d72 V.ED..... ........ 0,0-0,0}, caller=androidx.compose.ui.platform.Api35Impl.setRequestedFrameRate:3314 androidx.compose.ui.platform.AndroidComposeView.dispatchDraw:1950 android.view.View.draw:26345 android.view.View.updateDisplayListIfDirty:25175 android.view.ViewGroup.recreateChildDisplayList:4794 
04-24 18:05:27.399  1177  1177 I BufferQueueProducer: [com.anonymous.gurustudy.dev/expo.modules.devlauncher.launcher.DevLauncherActivity$_30973#57293](this:0xb400007905da5be8,id:-1,api:0,p:-1,c:1177) queueBuffer: fps=60.04 dur=1016.02 max=17.18 min=16.11
04-24 18:05:27.406 30973 30973 I View    : setRequestedFrameRate frameRate=NaN, this=androidx.compose.ui.platform.AndroidComposeView{ab4cd76 VFED..... ........ 0,0-2800,1752 aid=1073741824}, caller=android.view.ViewGroup.setRequestedFrameRate:9952 androidx.compose.ui.platform.Api35Impl.setRequestedFrameRate:3314 androidx.compose.ui.platform.AndroidComposeView.dispatchDraw:1949 android.view.View.draw:26345 android.view.View.updateDisplayListIfDirty:25175 
04-24 18:05:27.406 30973 30973 I View    : setRequestedFrameRate frameRate=NaN, this=android.view.View{bf49d72 V.ED..... ........ 0,0-0,0}, caller=androidx.compose.ui.platform.Api35Impl.setRequestedFrameRate:3314 androidx.compose.ui.platform.AndroidComposeView.dispatchDraw:1950 android.view.View.draw:26345 android.view.View.updateDisplayListIfDirty:25175 android.view.ViewGroup.recreateChildDisplayList:4794 
04-24 18:05:27.421 30973 30973 I View    : setRequestedFrameRate frameRate=NaN, this=androidx.compose.ui.platform.AndroidComposeView{ab4cd76 VFED..... ........ 0,0-2800,1752 aid=1073741824}, caller=android.view.ViewGroup.setRequestedFrameRate:9952 androidx.compose.ui.platform.Api35Impl.setRequestedFrameRate:3314 androidx.compose.ui.platform.AndroidComposeView.dispatchDraw:1949 android.view.View.draw:26345 android.view.View.updateDisplayListIfDirty:25175 
04-24 18:05:27.421 30973 30973 I View    : setRequestedFrameRate frameRate=NaN, this=android.view.View{bf49d72 V.ED..... ........ 0,0-0,0}, caller=androidx.compose.ui.platform.Api35Impl.setRequestedFrameRate:3314 androidx.compose.ui.platform.AndroidComposeView.dispatchDraw:1950 android.view.View.draw:26345 android.view.View.updateDisplayListIfDirty:25175 android.view.ViewGroup.recreateChildDisplayList:4794 
04-24 18:05:27.430  1104  1126 I HYPER-HAL: [RequestManager.cpp]acquire(): Acquired ID : -772901235  [1114 / 51317]    HINT :      list : [TID_LOW_LATENCY / 0] [TID / 31029] [TID / 31030] [TID / 30973] [TID / 31012] 
04-24 18:05:27.430  1104  1126 I HYPER-HAL: [RequestManager.cpp]acquire(): Acquired ID : -772848802  [1114 / 51318]    HINT :      list : [UCLAMP_MIN_BOOST / 0] [TID / 31029] [TID / 31030] [TID / 30973] [TID / 31012] 
04-24 18:05:27.431  1104  1126 I HYPER-HAL: [RequestManager.cpp]releaseLocked(): Released ID : -772901235
04-24 18:05:27.431  1104  1126 I HYPER-HAL: [RequestManager.cpp]releaseLocked(): Released ID : -772848802
04-24 18:05:27.433  1104  1126 I HYPER-HAL: [RequestManager.cpp]acquire(): Acquired ID : -772586622  [1114 / 51323]    HINT :      list : [TID_LOW_LATENCY / 0] [TID / 31029] [TID / 31030] [TID / 30973] [TID / 31012] 
04-24 18:05:27.434  1104  1126 I HYPER-HAL: [RequestManager.cpp]acquire(): Acquired ID : -772534183  [1114 / 51324]    HINT :      list : [UCLAMP_MIN_BOOST / 0] [TID / 31029] [TID / 31030] [TID / 30973] [TID / 31012] 
04-24 18:05:27.434  1104  1126 I HYPER-HAL: [RequestManager.cpp]releaseLocked(): Released ID : -772586622
04-24 18:05:27.435  1104  1126 I HYPER-HAL: [RequestManager.cpp]releaseLocked(): Released ID : -772534183
04-24 18:05:27.438 30973 30973 I View    : setRequestedFrameRate frameRate=NaN, this=androidx.compose.ui.platform.AndroidComposeView{ab4cd76 VFED..... ........ 0,0-2800,1752 aid=1073741824}, caller=android.view.ViewGroup.setRequestedFrameRate:9952 androidx.compose.ui.platform.Api35Impl.setRequestedFrameRate:3314 androidx.compose.ui.platform.AndroidComposeView.dispatchDraw:1949 android.view.View.draw:26345 android.view.View.updateDisplayListIfDirty:25175 
04-24 18:05:27.438 30973 30973 I View    : setRequestedFrameRate frameRate=NaN, this=android.view.View{bf49d72 V.ED..... ........ 0,0-0,0}, caller=androidx.compose.ui.platform.Api35Impl.setRequestedFrameRate:3314 androidx.compose.ui.platform.AndroidComposeView.dispatchDraw:1950 android.view.View.draw:26345 android.view.View.updateDisplayListIfDirty:25175 android.view.ViewGroup.recreateChildDisplayList:4794 
04-24 18:05:27.453  1104  1126 I HYPER-HAL: [RequestManager.cpp]acquire(): Acquired ID : -772691497  [1114 / 51321]    HINT :      list : [TID_LOW_LATENCY / 0] [TID / 2674] [TID / 2675] [TID / 2624] [TID / 2683] 
04-24 18:05:27.454  1104  1126 I HYPER-HAL: [RequestManager.cpp]acquire(): Acquired ID : -772639060  [1114 / 51322]    HINT :      list : [UCLAMP_MIN_BOOST / 0] [TID / 2674] [TID / 2675] [TID / 2624] [TID / 2683] 
04-24 18:05:27.454 30973 30973 I View    : setRequestedFrameRate frameRate=NaN, this=androidx.compose.ui.platform.AndroidComposeView{ab4cd76 VFED..... ........ 0,0-2800,1752 aid=1073741824}, caller=android.view.ViewGroup.setRequestedFrameRate:9952 androidx.compose.ui.platform.Api35Impl.setRequestedFrameRate:3314 androidx.compose.ui.platform.AndroidComposeView.dispatchDraw:1949 android.view.View.draw:26345 android.view.View.updateDisplayListIfDirty:25175 
04-24 18:05:27.454  1104  1126 I HYPER-HAL: [RequestManager.cpp]releaseLocked(): Released ID : -772691497
04-24 18:05:27.454  1104  1126 I HYPER-HAL: [RequestManager.cpp]releaseLocked(): Released ID : -772639060
04-24 18:05:27.454 30973 30973 I View    : setRequestedFrameRate frameRate=NaN, this=android.view.View{bf49d72 V.ED..... ........ 0,0-0,0}, caller=androidx.compose.ui.platform.Api35Impl.setRequestedFrameRate:3314 androidx.compose.ui.platform.AndroidComposeView.dispatchDraw:1950 android.view.View.draw:26345 android.view.View.updateDisplayListIfDirty:25175 android.view.ViewGroup.recreateChildDisplayList:4794 
04-24 18:05:27.471  1177  1319 I SurfaceFlinger: Capture layer list: 	 com.anonymous.gurustudy.dev/expo.modules.devlauncher.launcher.DevLauncherActivity$_30973#57293(seamlessTransition:0)
04-24 18:05:27.472 30973 30973 I View    : setRequestedFrameRate frameRate=NaN, this=androidx.compose.ui.platform.AndroidComposeView{ab4cd76 VFED..... ........ 0,0-2800,1752 aid=1073741824}, caller=android.view.ViewGroup.setRequestedFrameRate:9952 androidx.compose.ui.platform.Api35Impl.setRequestedFrameRate:3314 androidx.compose.ui.platform.AndroidComposeView.dispatchDraw:1949 android.view.View.draw:26345 android.view.View.updateDisplayListIfDirty:25175 
04-24 18:05:27.472 30973 30973 I View    : setRequestedFrameRate frameRate=NaN, this=android.view.View{bf49d72 V.ED..... ........ 0,0-0,0}, caller=androidx.compose.ui.platform.Api35Impl.setRequestedFrameRate:3314 androidx.compose.ui.platform.AndroidComposeView.dispatchDraw:1950 android.view.View.draw:26345 android.view.View.updateDisplayListIfDirty:25175 android.view.ViewGroup.recreateChildDisplayList:4794 
04-24 18:05:27.488 30973 30973 I View    : setRequestedFrameRate frameRate=NaN, this=androidx.compose.ui.platform.AndroidComposeView{ab4cd76 VFED..... ........ 0,0-2800,1752 aid=1073741824}, caller=android.view.ViewGroup.setRequestedFrameRate:9952 androidx.compose.ui.platform.Api35Impl.setRequestedFrameRate:3314 androidx.compose.ui.platform.AndroidComposeView.dispatchDraw:1949 android.view.View.draw:26345 android.view.View.updateDisplayListIfDirty:25175 
04-24 18:05:27.488 30973 30973 I View    : setRequestedFrameRate frameRate=NaN, this=android.view.View{bf49d72 V.ED..... ........ 0,0-0,0}, caller=androidx.compose.ui.platform.Api35Impl.setRequestedFrameRate:3314 androidx.compose.ui.platform.AndroidComposeView.dispatchDraw:1950 android.view.View.draw:26345 android.view.View.updateDisplayListIfDirty:25175 android.view.ViewGroup.recreateChildDisplayList:4794 
04-24 18:05:27.506 30973 30973 I View    : setRequestedFrameRate frameRate=NaN, this=androidx.compose.ui.platform.AndroidComposeView{ab4cd76 VFED..... ........ 0,0-2800,1752 aid=1073741824}, caller=android.view.ViewGroup.setRequestedFrameRate:9952 androidx.compose.ui.platform.Api35Impl.setRequestedFrameRate:3314 androidx.compose.ui.platform.AndroidComposeView.dispatchDraw:1949 android.view.View.draw:26345 android.view.View.updateDisplayListIfDirty:25175 
04-24 18:05:27.506 30973 30973 I View    : setRequestedFrameRate frameRate=NaN, this=android.view.View{bf49d72 V.ED..... ........ 0,0-0,0}, caller=androidx.compose.ui.platform.Api35Impl.setRequestedFrameRate:3314 androidx.compose.ui.platform.AndroidComposeView.dispatchDraw:1950 android.view.View.draw:26345 android.view.View.updateDisplayListIfDirty:25175 android.view.ViewGroup.recreateChildDisplayList:4794 
04-24 18:05:27.521 30973 30973 I View    : setRequestedFrameRate frameRate=NaN, this=androidx.compose.ui.platform.AndroidComposeView{ab4cd76 VFED..... ........ 0,0-2800,1752 aid=1073741824}, caller=android.view.ViewGroup.setRequestedFrameRate:9952 androidx.compose.ui.platform.Api35Impl.setRequestedFrameRate:3314 androidx.compose.ui.platform.AndroidComposeView.dispatchDraw:1949 android.view.View.draw:26345 android.view.View.updateDisplayListIfDirty:25175 
04-24 18:05:27.521 30973 30973 I View    : setRequestedFrameRate frameRate=NaN, this=android.view.View{bf49d72 V.ED..... ........ 0,0-0,0}, caller=androidx.compose.ui.platform.Api35Impl.setRequestedFrameRate:3314 androidx.compose.ui.platform.AndroidComposeView.dispatchDraw:1950 android.view.View.draw:26345 android.view.View.updateDisplayListIfDirty:25175 android.view.ViewGroup.recreateChildDisplayList:4794 
04-24 18:05:27.538 30973 30973 I View    : setRequestedFrameRate frameRate=NaN, this=androidx.compose.ui.platform.AndroidComposeView{ab4cd76 VFED..... ........ 0,0-2800,1752 aid=1073741824}, caller=android.view.ViewGroup.setRequestedFrameRate:9952 androidx.compose.ui.platform.Api35Impl.setRequestedFrameRate:3314 androidx.compose.ui.platform.AndroidComposeView.dispatchDraw:1949 android.view.View.draw:26345 android.view.View.updateDisplayListIfDirty:25175 
04-24 18:05:27.539 30973 30973 I View    : setRequestedFrameRate frameRate=NaN, this=android.view.View{bf49d72 V.ED..... ........ 0,0-0,0}, caller=androidx.compose.ui.platform.Api35Impl.setRequestedFrameRate:3314 androidx.compose.ui.platform.AndroidComposeView.dispatchDraw:1950 android.view.View.draw:26345 android.view.View.updateDisplayListIfDirty:25175 android.view.ViewGroup.recreateChildDisplayList:4794 
04-24 18:05:27.545  1704  3147 I NSLocationMonitor: getGPSUsingApps() called
04-24 18:05:27.546  3095  3119 I NSLocationManager_FLP: getGPSUsingApps, No change
04-24 18:05:27.554 30973 30973 I View    : setRequestedFrameRate frameRate=NaN, this=androidx.compose.ui.platform.AndroidComposeView{ab4cd76 VFED..... ........ 0,0-2800,1752 aid=1073741824}, caller=android.view.ViewGroup.setRequestedFrameRate:9952 androidx.compose.ui.platform.Api35Impl.setRequestedFrameRate:3314 androidx.compose.ui.platform.AndroidComposeView.dispatchDraw:1949 android.view.View.draw:26345 android.view.View.updateDisplayListIfDirty:25175 
04-24 18:05:27.555 30973 30973 I View    : setRequestedFrameRate frameRate=NaN, this=android.view.View{bf49d72 V.ED..... ........ 0,0-0,0}, caller=androidx.compose.ui.platform.Api35Impl.setRequestedFrameRate:3314 androidx.compose.ui.platform.AndroidComposeView.dispatchDraw:1950 android.view.View.draw:26345 android.view.View.updateDisplayListIfDirty:25175 android.view.ViewGroup.recreateChildDisplayList:4794 
04-24 18:05:27.559  1704  3147 D FreecessHandler: freeze com.google.android.youtube(10279) result : 2
04-24 18:05:27.571 30973 30973 I View    : setRequestedFrameRate frameRate=NaN, this=androidx.compose.ui.platform.AndroidComposeView{ab4cd76 VFED..... ........ 0,0-2800,1752 aid=1073741824}, caller=android.view.ViewGroup.setRequestedFrameRate:9952 androidx.compose.ui.platform.Api35Impl.setRequestedFrameRate:3314 androidx.compose.ui.platform.AndroidComposeView.dispatchDraw:1949 android.view.View.draw:26345 android.view.View.updateDisplayListIfDirty:25175 
04-24 18:05:27.571  1177  1319 I SurfaceFlinger: Capture layer list: 	 com.anonymous.gurustudy.dev/expo.modules.devlauncher.launcher.DevLauncherActivity$_30973#57293(seamlessTransition:0)
04-24 18:05:27.572 30973 30973 I View    : setRequestedFrameRate frameRate=NaN, this=android.view.View{bf49d72 V.ED..... ........ 0,0-0,0}, caller=androidx.compose.ui.platform.Api35Impl.setRequestedFrameRate:3314 androidx.compose.ui.platform.AndroidComposeView.dispatchDraw:1950 android.view.View.draw:26345 android.view.View.updateDisplayListIfDirty:25175 android.view.ViewGroup.recreateChildDisplayList:4794 
04-24 18:05:27.588 30973 30973 I View    : setRequestedFrameRate frameRate=NaN, this=androidx.compose.ui.platform.AndroidComposeView{ab4cd76 VFED..... ........ 0,0-2800,1752 aid=1073741824}, caller=android.view.ViewGroup.setRequestedFrameRate:9952 androidx.compose.ui.platform.Api35Impl.setRequestedFrameRate:3314 androidx.compose.ui.platform.AndroidComposeView.dispatchDraw:1949 android.view.View.draw:26345 android.view.View.updateDisplayListIfDirty:25175 
04-24 18:05:27.589 30973 30973 I View    : setRequestedFrameRate frameRate=NaN, this=android.view.View{bf49d72 V.ED..... ........ 0,0-0,0}, caller=androidx.compose.ui.platform.Api35Impl.setRequestedFrameRate:3314 androidx.compose.ui.platform.AndroidComposeView.dispatchDraw:1950 android.view.View.draw:26345 android.view.View.updateDisplayListIfDirty:25175 android.view.ViewGroup.recreateChildDisplayList:4794 
04-24 18:05:27.604 30973 30973 I View    : setRequestedFrameRate frameRate=NaN, this=androidx.compose.ui.platform.AndroidComposeView{ab4cd76 VFED..... ........ 0,0-2800,1752 aid=1073741824}, caller=android.view.ViewGroup.setRequestedFrameRate:9952 androidx.compose.ui.platform.Api35Impl.setRequestedFrameRate:3314 androidx.compose.ui.platform.AndroidComposeView.dispatchDraw:1949 android.view.View.draw:26345 android.view.View.updateDisplayListIfDirty:25175 
04-24 18:05:27.605 30973 30973 I View    : setRequestedFrameRate frameRate=NaN, this=android.view.View{bf49d72 V.ED..... ........ 0,0-0,0}, caller=androidx.compose.ui.platform.Api35Impl.setRequestedFrameRate:3314 androidx.compose.ui.platform.AndroidComposeView.dispatchDraw:1950 android.view.View.draw:26345 android.view.View.updateDisplayListIfDirty:25175 android.view.ViewGroup.recreateChildDisplayList:4794 
04-24 18:05:27.622 30973 30973 I View    : setRequestedFrameRate frameRate=NaN, this=androidx.compose.ui.platform.AndroidComposeView{ab4cd76 VFED..... ........ 0,0-2800,1752 aid=1073741824}, caller=android.view.ViewGroup.setRequestedFrameRate:9952 androidx.compose.ui.platform.Api35Impl.setRequestedFrameRate:3314 androidx.compose.ui.platform.AndroidComposeView.dispatchDraw:1949 android.view.View.draw:26345 android.view.View.updateDisplayListIfDirty:25175 
04-24 18:05:27.622 30973 30973 I View    : setRequestedFrameRate frameRate=NaN, this=android.view.View{bf49d72 V.ED..... ........ 0,0-0,0}, caller=androidx.compose.ui.platform.Api35Impl.setRequestedFrameRate:3314 androidx.compose.ui.platform.AndroidComposeView.dispatchDraw:1950 android.view.View.draw:26345 android.view.View.updateDisplayListIfDirty:25175 android.view.ViewGroup.recreateChildDisplayList:4794 
04-24 18:05:27.638 30973 30973 I View    : setRequestedFrameRate frameRate=NaN, this=androidx.compose.ui.platform.AndroidComposeView{ab4cd76 VFED..... ........ 0,0-2800,1752 aid=1073741824}, caller=android.view.ViewGroup.setRequestedFrameRate:9952 androidx.compose.ui.platform.Api35Impl.setRequestedFrameRate:3314 androidx.compose.ui.platform.AndroidComposeView.dispatchDraw:1949 android.view.View.draw:26345 android.view.View.updateDisplayListIfDirty:25175 
04-24 18:05:27.638 30973 30973 I View    : setRequestedFrameRate frameRate=NaN, this=android.view.View{bf49d72 V.ED..... ........ 0,0-0,0}, caller=androidx.compose.ui.platform.Api35Impl.setRequestedFrameRate:3314 androidx.compose.ui.platform.AndroidComposeView.dispatchDraw:1950 android.view.View.draw:26345 android.view.View.updateDisplayListIfDirty:25175 android.view.ViewGroup.recreateChildDisplayList:4794 
04-24 18:05:27.656 30973 30973 I View    : setRequestedFrameRate frameRate=NaN, this=androidx.compose.ui.platform.AndroidComposeView{ab4cd76 VFED..... ........ 0,0-2800,1752 aid=1073741824}, caller=android.view.ViewGroup.setRequestedFrameRate:9952 androidx.compose.ui.platform.Api35Impl.setRequestedFrameRate:3314 androidx.compose.ui.platform.AndroidComposeView.dispatchDraw:1949 android.view.View.draw:26345 android.view.View.updateDisplayListIfDirty:25175 
04-24 18:05:27.657 30973 30973 I View    : setRequestedFrameRate frameRate=NaN, this=android.view.View{bf49d72 V.ED..... ........ 0,0-0,0}, caller=androidx.compose.ui.platform.Api35Impl.setRequestedFrameRate:3314 androidx.compose.ui.platform.AndroidComposeView.dispatchDraw:1950 android.view.View.draw:26345 android.view.View.updateDisplayListIfDirty:25175 android.view.ViewGroup.recreateChildDisplayList:4794 
04-24 18:05:27.670 30973 30973 I View    : setRequestedFrameRate frameRate=NaN, this=androidx.compose.ui.platform.AndroidComposeView{ab4cd76 VFED..... ........ 0,0-2800,1752 aid=1073741824}, caller=android.view.ViewGroup.setRequestedFrameRate:9952 androidx.compose.ui.platform.Api35Impl.setRequestedFrameRate:3314 androidx.compose.ui.platform.AndroidComposeView.dispatchDraw:1949 android.view.View.draw:26345 android.view.View.updateDisplayListIfDirty:25175 
04-24 18:05:27.671 30973 30973 I View    : setRequestedFrameRate frameRate=NaN, this=android.view.View{bf49d72 V.ED..... ........ 0,0-0,0}, caller=androidx.compose.ui.platform.Api35Impl.setRequestedFrameRate:3314 androidx.compose.ui.platform.AndroidComposeView.dispatchDraw:1950 android.view.View.draw:26345 android.view.View.updateDisplayListIfDirty:25175 android.view.ViewGroup.recreateChildDisplayList:4794 
04-24 18:05:27.672  1177  1319 I SurfaceFlinger: Capture layer list: 	 com.anonymous.gurustudy.dev/expo.modules.devlauncher.launcher.DevLauncherActivity$_30973#57293(seamlessTransition:0)
04-24 18:05:27.688 30973 30973 I View    : setRequestedFrameRate frameRate=NaN, this=androidx.compose.ui.platform.AndroidComposeView{ab4cd76 VFED..... ........ 0,0-2800,1752 aid=1073741824}, caller=android.view.ViewGroup.setRequestedFrameRate:9952 androidx.compose.ui.platform.Api35Impl.setRequestedFrameRate:3314 androidx.compose.ui.platform.AndroidComposeView.dispatchDraw:1949 android.view.View.draw:26345 android.view.View.updateDisplayListIfDirty:25175 
04-24 18:05:27.689 30973 30973 I View    : setRequestedFrameRate frameRate=NaN, this=android.view.View{bf49d72 V.ED..... ........ 0,0-0,0}, caller=androidx.compose.ui.platform.Api35Impl.setRequestedFrameRate:3314 androidx.compose.ui.platform.AndroidComposeView.dispatchDraw:1950 android.view.View.draw:26345 android.view.View.updateDisplayListIfDirty:25175 android.view.ViewGroup.recreateChildDisplayList:4794 
04-24 18:05:27.704 30973 30973 I View    : setRequestedFrameRate frameRate=NaN, this=androidx.compose.ui.platform.AndroidComposeView{ab4cd76 VFED..... ........ 0,0-2800,1752 aid=1073741824}, caller=android.view.ViewGroup.setRequestedFrameRate:9952 androidx.compose.ui.platform.Api35Impl.setRequestedFrameRate:3314 androidx.compose.ui.platform.AndroidComposeView.dispatchDraw:1949 android.view.View.draw:26345 android.view.View.updateDisplayListIfDirty:25175 
04-24 18:05:27.704 30973 30973 I View    : setRequestedFrameRate frameRate=NaN, this=android.view.View{bf49d72 V.ED..... ........ 0,0-0,0}, caller=androidx.compose.ui.platform.Api35Impl.setRequestedFrameRate:3314 androidx.compose.ui.platform.AndroidComposeView.dispatchDraw:1950 android.view.View.draw:26345 android.view.View.updateDisplayListIfDirty:25175 android.view.ViewGroup.recreateChildDisplayList:4794 
04-24 18:05:27.722 30973 30973 I View    : setRequestedFrameRate frameRate=NaN, this=androidx.compose.ui.platform.AndroidComposeView{ab4cd76 VFED..... ........ 0,0-2800,1752 aid=1073741824}, caller=android.view.ViewGroup.setRequestedFrameRate:9952 androidx.compose.ui.platform.Api35Impl.setRequestedFrameRate:3314 androidx.compose.ui.platform.AndroidComposeView.dispatchDraw:1949 android.view.View.draw:26345 android.view.View.updateDisplayListIfDirty:25175 
04-24 18:05:27.722 30973 30973 I View    : setRequestedFrameRate frameRate=NaN, this=android.view.View{bf49d72 V.ED..... ........ 0,0-0,0}, caller=androidx.compose.ui.platform.Api35Impl.setRequestedFrameRate:3314 androidx.compose.ui.platform.AndroidComposeView.dispatchDraw:1950 android.view.View.draw:26345 android.view.View.updateDisplayListIfDirty:25175 android.view.ViewGroup.recreateChildDisplayList:4794 
04-24 18:05:27.738 30973 30973 I View    : setRequestedFrameRate frameRate=NaN, this=androidx.compose.ui.platform.AndroidComposeView{ab4cd76 VFED..... ........ 0,0-2800,1752 aid=1073741824}, caller=android.view.ViewGroup.setRequestedFrameRate:9952 androidx.compose.ui.platform.Api35Impl.setRequestedFrameRate:3314 androidx.compose.ui.platform.AndroidComposeView.dispatchDraw:1949 android.view.View.draw:26345 android.view.View.updateDisplayListIfDirty:25175 
04-24 18:05:27.738 30973 30973 I View    : setRequestedFrameRate frameRate=NaN, this=android.view.View{bf49d72 V.ED..... ........ 0,0-0,0}, caller=androidx.compose.ui.platform.Api35Impl.setRequestedFrameRate:3314 androidx.compose.ui.platform.AndroidComposeView.dispatchDraw:1950 android.view.View.draw:26345 android.view.View.updateDisplayListIfDirty:25175 android.view.ViewGroup.recreateChildDisplayList:4794 
04-24 18:05:27.755 30973 30973 I View    : setRequestedFrameRate frameRate=NaN, this=androidx.compose.ui.platform.AndroidComposeView{ab4cd76 VFED..... ........ 0,0-2800,1752 aid=1073741824}, caller=android.view.ViewGroup.setRequestedFrameRate:9952 androidx.compose.ui.platform.Api35Impl.setRequestedFrameRate:3314 androidx.compose.ui.platform.AndroidComposeView.dispatchDraw:1949 android.view.View.draw:26345 android.view.View.updateDisplayListIfDirty:25175 
04-24 18:05:27.756 30973 30973 I View    : setRequestedFrameRate frameRate=NaN, this=android.view.View{bf49d72 V.ED..... ........ 0,0-0,0}, caller=androidx.compose.ui.platform.Api35Impl.setRequestedFrameRate:3314 androidx.compose.ui.platform.AndroidComposeView.dispatchDraw:1950 android.view.View.draw:26345 android.view.View.updateDisplayListIfDirty:25175 android.view.ViewGroup.recreateChildDisplayList:4794 
04-24 18:05:27.771 30973 30973 I View    : setRequestedFrameRate frameRate=NaN, this=androidx.compose.ui.platform.AndroidComposeView{ab4cd76 VFED..... ........ 0,0-2800,1752 aid=1073741824}, caller=android.view.ViewGroup.setRequestedFrameRate:9952 androidx.compose.ui.platform.Api35Impl.setRequestedFrameRate:3314 androidx.compose.ui.platform.AndroidComposeView.dispatchDraw:1949 android.view.View.draw:26345 android.view.View.updateDisplayListIfDirty:25175 
04-24 18:05:27.771 30973 30973 I View    : setRequestedFrameRate frameRate=NaN, this=android.view.View{bf49d72 V.ED..... ........ 0,0-0,0}, caller=androidx.compose.ui.platform.Api35Impl.setRequestedFrameRate:3314 androidx.compose.ui.platform.AndroidComposeView.dispatchDraw:1950 android.view.View.draw:26345 android.view.View.updateDisplayListIfDirty:25175 android.view.ViewGroup.recreateChildDisplayList:4794 
04-24 18:05:27.772  1155  1189 E HeatmapThread: ECT Thread time in milliseconds: 1777034127
04-24 18:05:27.773  1177  1319 I SurfaceFlinger: Capture layer list: 	 com.anonymous.gurustudy.dev/expo.modules.devlauncher.launcher.DevLauncherActivity$_30973#57293(seamlessTransition:0)
04-24 18:05:27.774  1155  1189 D HeatmapThread: !@ batteryplugType : 0
04-24 18:05:27.774  1155  1189 D HeatmapThread: !@ batteryLevel : 79  batteryTemperature : 304 
04-24 18:05:27.774  1155  1189 D HeatmapThread: !@ Heatmap currtime: 29617235
04-24 18:05:27.774  1155  1189 D HeatmapThread: !@ Heatmap prevtime: 29617210
04-24 18:05:27.774  1155  1189 D HeatmapThread: !@ Heatmap plugstarttime: 35791394
04-24 18:05:27.774  1155  1189 D HeatmapThread: !@ Heatmap prevv_dsoh_update_time: 29616754
04-24 18:05:27.774  1155  1189 E HeatmapThread: !@ CAM New BSOH: 100
04-24 18:05:27.787 30973 30973 I View    : setRequestedFrameRate frameRate=NaN, this=androidx.compose.ui.platform.AndroidComposeView{ab4cd76 VFED..... ........ 0,0-2800,1752 aid=1073741824}, caller=android.view.ViewGroup.setRequestedFrameRate:9952 androidx.compose.ui.platform.Api35Impl.setRequestedFrameRate:3314 androidx.compose.ui.platform.AndroidComposeView.dispatchDraw:1949 android.view.View.draw:26345 android.view.View.updateDisplayListIfDirty:25175 
04-24 18:05:27.788 30973 30973 I View    : setRequestedFrameRate frameRate=NaN, this=android.view.View{bf49d72 V.ED..... ........ 0,0-0,0}, caller=androidx.compose.ui.platform.Api35Impl.setRequestedFrameRate:3314 androidx.compose.ui.platform.AndroidComposeView.dispatchDraw:1950 android.view.View.draw:26345 android.view.View.updateDisplayListIfDirty:25175 android.view.ViewGroup.recreateChildDisplayList:4794 
04-24 18:05:27.804 30973 30973 I View    : setRequestedFrameRate frameRate=NaN, this=androidx.compose.ui.platform.AndroidComposeView{ab4cd76 VFED..... ........ 0,0-2800,1752 aid=1073741824}, caller=android.view.ViewGroup.setRequestedFrameRate:9952 androidx.compose.ui.platform.Api35Impl.setRequestedFrameRate:3314 androidx.compose.ui.platform.AndroidComposeView.dispatchDraw:1949 android.view.View.draw:26345 android.view.View.updateDisplayListIfDirty:25175 
04-24 18:05:27.805 30973 30973 I View    : setRequestedFrameRate frameRate=NaN, this=android.view.View{bf49d72 V.ED..... ........ 0,0-0,0}, caller=androidx.compose.ui.platform.Api35Impl.setRequestedFrameRate:3314 androidx.compose.ui.platform.AndroidComposeView.dispatchDraw:1950 android.view.View.draw:26345 android.view.View.updateDisplayListIfDirty:25175 android.view.ViewGroup.recreateChildDisplayList:4794 
04-24 18:05:27.822 30973 30973 I View    : setRequestedFrameRate frameRate=NaN, this=androidx.compose.ui.platform.AndroidComposeView{ab4cd76 VFED..... ........ 0,0-2800,1752 aid=1073741824}, caller=android.view.ViewGroup.setRequestedFrameRate:9952 androidx.compose.ui.platform.Api35Impl.setRequestedFrameRate:3314 androidx.compose.ui.platform.AndroidComposeView.dispatchDraw:1949 android.view.View.draw:26345 android.view.View.updateDisplayListIfDirty:25175 
04-24 18:05:27.823 30973 30973 I View    : setRequestedFrameRate frameRate=NaN, this=android.view.View{bf49d72 V.ED..... ........ 0,0-0,0}, caller=androidx.compose.ui.platform.Api35Impl.setRequestedFrameRate:3314 androidx.compose.ui.platform.AndroidComposeView.dispatchDraw:1950 android.view.View.draw:26345 android.view.View.updateDisplayListIfDirty:25175 android.view.ViewGroup.recreateChildDisplayList:4794 
04-24 18:05:27.838 30973 30973 I View    : setRequestedFrameRate frameRate=NaN, this=androidx.compose.ui.platform.AndroidComposeView{ab4cd76 VFED..... ........ 0,0-2800,1752 aid=1073741824}, caller=android.view.ViewGroup.setRequestedFrameRate:9952 androidx.compose.ui.platform.Api35Impl.setRequestedFrameRate:3314 androidx.compose.ui.platform.AndroidComposeView.dispatchDraw:1949 android.view.View.draw:26345 android.view.View.updateDisplayListIfDirty:25175 
04-24 18:05:27.838 30973 30973 I View    : setRequestedFrameRate frameRate=NaN, this=android.view.View{bf49d72 V.ED..... ........ 0,0-0,0}, caller=androidx.compose.ui.platform.Api35Impl.setRequestedFrameRate:3314 androidx.compose.ui.platform.AndroidComposeView.dispatchDraw:1950 android.view.View.draw:26345 android.view.View.updateDisplayListIfDirty:25175 android.view.ViewGroup.recreateChildDisplayList:4794 
04-24 18:05:27.855 30973 30973 I View    : setRequestedFrameRate frameRate=NaN, this=androidx.compose.ui.platform.AndroidComposeView{ab4cd76 VFED..... ........ 0,0-2800,1752 aid=1073741824}, caller=android.view.ViewGroup.setRequestedFrameRate:9952 androidx.compose.ui.platform.Api35Impl.setRequestedFrameRate:3314 androidx.compose.ui.platform.AndroidComposeView.dispatchDraw:1949 android.view.View.draw:26345 android.view.View.updateDisplayListIfDirty:25175 
04-24 18:05:27.856 30973 30973 I View    : setRequestedFrameRate frameRate=NaN, this=android.view.View{bf49d72 V.ED..... ........ 0,0-0,0}, caller=androidx.compose.ui.platform.Api35Impl.setRequestedFrameRate:3314 androidx.compose.ui.platform.AndroidComposeView.dispatchDraw:1950 android.view.View.draw:26345 android.view.View.updateDisplayListIfDirty:25175 android.view.ViewGroup.recreateChildDisplayList:4794 
04-24 18:05:27.871 30973 30973 I View    : setRequestedFrameRate frameRate=NaN, this=androidx.compose.ui.platform.AndroidComposeView{ab4cd76 VFED..... ........ 0,0-2800,1752 aid=1073741824}, caller=android.view.ViewGroup.setRequestedFrameRate:9952 androidx.compose.ui.platform.Api35Impl.setRequestedFrameRate:3314 androidx.compose.ui.platform.AndroidComposeView.dispatchDraw:1949 android.view.View.draw:26345 android.view.View.updateDisplayListIfDirty:25175 
04-24 18:05:27.872 30973 30973 I View    : setRequestedFrameRate frameRate=NaN, this=android.view.View{bf49d72 V.ED..... ........ 0,0-0,0}, caller=androidx.compose.ui.platform.Api35Impl.setRequestedFrameRate:3314 androidx.compose.ui.platform.AndroidComposeView.dispatchDraw:1950 android.view.View.draw:26345 android.view.View.updateDisplayListIfDirty:25175 android.view.ViewGroup.recreateChildDisplayList:4794 
04-24 18:05:27.873  1177  1319 I SurfaceFlinger: Capture layer list: 	 com.anonymous.gurustudy.dev/expo.modules.devlauncher.launcher.DevLauncherActivity$_30973#57293(seamlessTransition:0)
04-24 18:05:27.887 30973 30973 I View    : setRequestedFrameRate frameRate=NaN, this=androidx.compose.ui.platform.AndroidComposeView{ab4cd76 VFED..... ........ 0,0-2800,1752 aid=1073741824}, caller=android.view.ViewGroup.setRequestedFrameRate:9952 androidx.compose.ui.platform.Api35Impl.setRequestedFrameRate:3314 androidx.compose.ui.platform.AndroidComposeView.dispatchDraw:1949 android.view.View.draw:26345 android.view.View.updateDisplayListIfDirty:25175 
04-24 18:05:27.888 30973 30973 I View    : setRequestedFrameRate frameRate=NaN, this=android.view.View{bf49d72 V.ED..... ........ 0,0-0,0}, caller=androidx.compose.ui.platform.Api35Impl.setRequestedFrameRate:3314 androidx.compose.ui.platform.AndroidComposeView.dispatchDraw:1950 android.view.View.draw:26345 android.view.View.updateDisplayListIfDirty:25175 android.view.ViewGroup.recreateChildDisplayList:4794 
