04-24 18:07:15.357  2461  2597 I SurfaceControlRegistry: apply, t=FinishTransaction_SyncId<3620>, caller=android.view.SurfaceControl$Transaction.apply:3459 android.view.SurfaceControl$Transaction.apply:3447 android.view.SurfaceControl$Transaction.apply:3397 com.android.wm.shell.transition.Transitions.onFinish:315 com.android.wm.shell.transition.Transitions$$ExternalSyntheticLambda7.onTransitionFinished:12 com.android.wm.shell.transition.RemoteTransitionHandler$1$$ExternalSyntheticLambda0.run:78 
04-24 18:07:15.358  1177  1319 I SurfaceFlinger: Capture layer list: 	 Wallpaper BBQ wrapper 7_systemlock#83(seamlessTransition:0)
04-24 18:07:15.358  1177  1319 I SurfaceFlinger: Capture layer list: 	 com.sec.android.app.launcher/com.sec.android.app.launcher.activities.LauncherActivity$_2933#57299(seamlessTransition:0)
04-24 18:07:15.358  1704  4362 V WindowManager: Finish Transition: TransitionRecord{c4d3d4a id=3620 type=CLOSE flags=0x0 c=[
04-24 18:07:15.358  1704  4362 V WindowManager:    ChangeInfo{a4c6393 container=ActivityRecord{16136226 u0 com.anonymous.gurustudy.dev/expo.modules.devlauncher.launcher.DevLauncherActivity t2449 f} isExiting} flags=0x0}
04-24 18:07:15.358  1704  4362 V WindowManager:    ChangeInfo{f8f5fd0 container=ActivityRecord{31828230 u0 com.sec.android.app.launcher/.activities.LauncherActivity t1694} flags=0x0}
04-24 18:07:15.358  1704  4362 V WindowManager:    ChangeInfo{a1d5bc9 container=WallpaperWindowToken{26b110b showWhenLocked=true}_<lock> flags=0x0}
04-24 18:07:15.358  1704  4362 V WindowManager:    ChangeInfo{6ed82ce container=Task{4efa92b #1 type=home} flags=0x30}
04-24 18:07:15.358  1704  4362 V WindowManager:    ChangeInfo{a4fa5ef container=Task{94ffb2b #1694 type=home I=com.sec.android.app.launcher/.activities.LauncherActivity} flags=0x30}
04-24 18:07:15.358  1704  4362 V WindowManager:    ChangeInfo{e52a8fc container=Task{d3776c7 #2449 type=standard A=10479:com.anonymous.gurustudy.dev} flags=0x0}
04-24 18:07:15.358  1704  4362 V WindowManager:    ChangeInfo{796eb85 container=DefaultTaskDisplayArea_d0@246631494 flags=0x0}
04-24 18:07:15.358  1704  4362 V WindowManager:    ChangeInfo{4e2fdda container=RemoteWallpaperAnim:1:1@252835199 flags=0x0}
04-24 18:07:15.358  1704  4362 V WindowManager:    ChangeInfo{e9ab20b container=Display{#0 state=ON size=2800x1752 ROTATION_90} flags=0x0}
04-24 18:07:15.358  1704  4362 V WindowManager: ]
04-24 18:07:15.358  1704  4362 V WindowManager: }, caller=com.android.server.wm.WindowOrganizerController.finishTransitionInner:31 com.android.server.wm.WindowOrganizerController.finishAllTransitions:60 android.window.IWindowOrganizerController$Stub.onTransact:283 
04-24 18:07:15.358  2933  7571 I HoneySpace.AnimationResult: asyncFinishRunnable run
04-24 18:07:15.359  2933  2933 I HoneySpace.AnimationResult: completeCallback run
04-24 18:07:15.359  1704  1874 V WindowManager: Finish Transition (#3620): created at 04-24 18:07:14.726 collect-started=0.582ms request-sent=0.953ms started=13.934ms ready=13.929ms sent=38.385ms commit=18.902ms finished=632.829ms
04-24 18:07:15.359  2933  2933 I HoneySpace.RunnableList: executeAllAndClear() called, size: 1
04-24 18:07:15.360  1704  4362 V WindowManager: Setting visibility of Window{230652a u0 com.anonymous.gurustudy.dev/expo.modules.devlauncher.launcher.DevLauncherActivity EXITING}: false, caller=com.android.server.wm.WindowContainer.sendAppVisibilityToClients:19 com.android.server.wm.WindowToken.setClientVisible:48 com.android.server.wm.ActivityRecord.commitVisibility:186 com.android.server.wm.TransitionController.finishTransition:846 com.android.server.wm.WindowOrganizerController.finishTransitionInner:31 
04-24 18:07:15.360  2933  2933 I HoneySpace.FloatingFinishHelper: finishInProgress: false
04-24 18:07:15.360  1704  4362 E IPCThreadState: Binder transaction failure. id: 238659842, BR_*: 29189, error: -22 (Invalid argument)
04-24 18:07:15.360  1704  4362 W ActivityManager: pid 1704 system sent binder code 7 with flags 1 to frozen apps and got error -32
04-24 18:07:15.360  1704  4362 W WindowManager: Exception thrown during dispatchAppVisibility Window{230652a u0 com.anonymous.gurustudy.dev/expo.modules.devlauncher.launcher.DevLauncherActivity EXITING}
04-24 18:07:15.360  1704  4362 W WindowManager: android.os.DeadObjectException
04-24 18:07:15.360  1704  4362 W WindowManager: 	at android.os.BinderProxy.transactNative(Native Method)
04-24 18:07:15.360  1704  4362 W WindowManager: 	at android.os.BinderProxy.transact(BinderProxy.java:661)
04-24 18:07:15.360  1704  4362 W WindowManager: 	at android.view.IWindow$Stub$Proxy.dispatchAppVisibility(IWindow.java:659)
04-24 18:07:15.360  1704  4362 W WindowManager: 	at com.android.server.wm.WindowState.sendAppVisibilityToClients(qb/106575009 d6c61ac5994791d6f6e215a2d88205fda4ad12db9a13f7368941569110c1c216:63)
04-24 18:07:15.360  1704  4362 W WindowManager: 	at com.android.server.wm.WindowContainer.sendAppVisibilityToClients(qb/106575009 d6c61ac5994791d6f6e215a2d88205fda4ad12db9a13f7368941569110c1c216:19)
04-24 18:07:15.360  1704  4362 W WindowManager: 	at com.android.server.wm.WindowToken.setClientVisible(qb/106575009 d6c61ac5994791d6f6e215a2d88205fda4ad12db9a13f7368941569110c1c216:48)
04-24 18:07:15.360  1704  4362 W WindowManager: 	at com.android.server.wm.ActivityRecord.commitVisibility(qb/106575009 d6c61ac5994791d6f6e215a2d88205fda4ad12db9a13f7368941569110c1c216:186)
04-24 18:07:15.360  1704  4362 W WindowManager: 	at com.android.server.wm.TransitionController.finishTransition(qb/106575009 d6c61ac5994791d6f6e215a2d88205fda4ad12db9a13f7368941569110c1c216:846)
04-24 18:07:15.360  1704  4362 W WindowManager: 	at com.android.server.wm.WindowOrganizerController.finishTransitionInner(qb/106575009 d6c61ac5994791d6f6e215a2d88205fda4ad12db9a13f7368941569110c1c216:31)
04-24 18:07:15.360  1704  4362 W WindowManager: 	at com.android.server.wm.WindowOrganizerController.finishAllTransitions(qb/106575009 d6c61ac5994791d6f6e215a2d88205fda4ad12db9a13f7368941569110c1c216:60)
04-24 18:07:15.360  1704  4362 W WindowManager: 	at android.window.IWindowOrganizerController$Stub.onTransact(IWindowOrganizerController.java:283)
04-24 18:07:15.360  1704  4362 W WindowManager: 	at com.android.server.wm.WindowOrganizerController.onTransact(qb/106575009 d6c61ac5994791d6f6e215a2d88205fda4ad12db9a13f7368941569110c1c216:1)
04-24 18:07:15.360  1704  4362 W WindowManager: 	at android.os.Binder.execTransactInternal(Binder.java:1462)
04-24 18:07:15.360  1704  4362 W WindowManager: 	at android.os.Binder.execTransact(Binder.java:1401)
04-24 18:07:15.360  1704  4362 W Process : Unable to open /proc/30973/status
04-24 18:07:15.361  1704  4362 W Process : Unable to open /proc/30973/status
04-24 18:07:15.361  1704  4362 V WindowManager: Remove Window{230652a u0 com.anonymous.gurustudy.dev/expo.modules.devlauncher.launcher.DevLauncherActivity EXITING}: mSurfaceControl=Surface(name=com.anonymous.gurustudy.dev/expo.modules.devlauncher.launcher.DevLauncherActivity$_30973)/@0x6289164 mAnimatingExit=true mRemoveOnExit=true mHasSurface=true surfaceShowing=true animating=false app-animation=false callers=com.android.server.wm.WindowToken.removeAllWindowsIfPossible:45 com.android.server.wm.WindowToken.removeIfPossible:16 com.android.server.wm.WindowToken.handleCompleteDeferredRemoval:5 com.android.server.wm.WindowContainer.handleCompleteDeferredRemoval:21 com.android.server.wm.TaskFragment.handleCompleteDeferredRemoval:17 com.android.server.wm.WindowContainer.handleCompleteDeferredRemoval:21 
04-24 18:07:15.362  2933  2933 I HoneySpace.Launcher: onEnterAnimationComplete
04-24 18:07:15.363  1704  4362 V WindowManager: Remove Window{230652a u0 com.anonymous.gurustudy.dev/expo.modules.devlauncher.launcher.DevLauncherActivity EXITING}: mSurfaceControl=Surface(name=com.anonymous.gurustudy.dev/expo.modules.devlauncher.launcher.DevLauncherActivity$_30973)/@0x6289164 mAnimatingExit=true mRemoveOnExit=true mHasSurface=true surfaceShowing=true animating=false app-animation=false callers=com.android.server.wm.WindowToken.removeAllWindowsIfPossible:45 com.android.server.wm.WindowToken.removeIfPossible:16 com.android.server.wm.ActivityRecord.onRemovedFromDisplay:407 com.android.server.wm.ActivityRecord.removeImmediately:46 com.android.server.wm.WindowToken.removeIfPossible:19 com.android.server.wm.WindowToken.handleCompleteDeferredRemoval:5 
04-24 18:07:15.364  1177  1229 I SurfaceFlinger: onHandleDestroyed: layerId=57290, name=fb501ed ActivityRecordInputSink com.anonymous.gurustudy.dev/expo.modules.devlauncher.launcher.DevLauncherActivity#57290
04-24 18:07:15.364  1177  1229 I SurfaceFlinger: id=57290 Removed fb501ed ActivityRecordInputSink com.anonymous.gurustudy.dev/expo.modules.devlauncher.launcher.DevLauncherActivity#57290 (186)
04-24 18:07:15.364  1704  4362 D RestrictionPolicy: isScreenCaptureEnabled : ret=true userId=0
04-24 18:07:15.365  1177  1177 I SurfaceFlinger: RequestedLayer [Task=2449#57264] hidden!! flag  from(0) --> to(1)
04-24 18:07:15.365  2461  2461 D SystemUIService: SYSUI_RAM_OPTIMIZATION onTrimMemory=20
04-24 18:07:15.365  1177  1177 I SurfaceFlinger: [LayerHierarchy{RequestedLayerState{Task=1#53 parentId=10} 2 children}] reparent to LayerHierarchy{RequestedLayerState{DefaultTaskDisplayArea_d0#10 parentId=9} 13 children}
04-24 18:07:15.365  1177  1177 I SurfaceFlinger: [LayerHierarchy{RequestedLayerState{WallpaperWindowToken{26b110b showWhenLocked=false}#79 parentId=8} 1 children}] reparent to LayerHierarchy{RequestedLayerState{Leaf:1:1#8 parentId=7} 1 children}
04-24 18:07:15.365  1177  1177 I SurfaceFlinger: [LayerHierarchy{RequestedLayerState{Task=2449#57264 parentId=10 z=8} 1 children}] reparent to LayerHierarchy{RequestedLayerState{DefaultTaskDisplayArea_d0#10 parentId=9} 14 children}
04-24 18:07:15.365  1177  1177 I SurfaceFlinger: [LayerHierarchy{RequestedLayerState{Transition Root: Task=1#57302} 2 children}] reparent to OffscreenRoot
04-24 18:07:15.365  2461  2461 D CentralSurfaces: SYSUI_RAM_OPTIMIZATION onTrimMemory=20
04-24 18:07:15.365  1177  1177 I SurfaceFlinger: [LayerHierarchy{RequestedLayerState{Transition Root: Task=1#57302} 2 children}] RelativeParent to null
04-24 18:07:15.365  2933  2933 I HoneySpace.DeJankUtils: traversals callback's received
04-24 18:07:15.365  2933  2933 I HoneySpace.DeJankUtils: doActionRunnable is called com.honeyspace.common.performance.JankWrapper$addCujInstrumentation$1$4$1@28c2d3a, immediate = true, detail : app transition end
04-24 18:07:15.365  2461  2683 D HWUI    : CacheManager::trimMemory(20)
04-24 18:07:15.366  1177  1177 I SurfaceFlinger: onHandleDestroyed: layerId=57302, name=Transition Root: Task=1#57302
04-24 18:07:15.366  1177  1177 I SurfaceFlinger: id=57302 Removed Transition Root: Task=1#57302 (186)
04-24 18:07:15.366  1177  1229 I SurfaceFlinger: id=57307 createSurf, flag=24004, Task=2449#57307
04-24 18:07:15.366  1704  4362 D ChangeTransitionController: onTransitionFinished: TransitionRecord{c4d3d4a id=3620 type=CLOSE flags=0x0 c=[
04-24 18:07:15.366  1704  4362 D ChangeTransitionController:    ChangeInfo{a4c6393 container=ActivityRecord{16136226 u0 com.anonymous.gurustudy.dev/expo.modules.devlauncher.launcher.DevLauncherActivity t-1 f}} flags=0x0}
04-24 18:07:15.366  1704  4362 D ChangeTransitionController:    ChangeInfo{f8f5fd0 container=ActivityRecord{31828230 u0 com.sec.android.app.launcher/.activities.LauncherActivity t1694} flags=0x0}
04-24 18:07:15.366  1704  4362 D ChangeTransitionController:    ChangeInfo{a1d5bc9 container=WallpaperWindowToken{26b110b showWhenLocked=true}_<lock> flags=0x0}
04-24 18:07:15.366  1704  4362 D ChangeTransitionController:    ChangeInfo{6ed82ce container=Task{4efa92b #1 type=home} flags=0x30}
04-24 18:07:15.366  1704  4362 D ChangeTransitionController:    ChangeInfo{a4fa5ef container=Task{94ffb2b #1694 type=home I=com.sec.android.app.launcher/.activities.LauncherActivity} flags=0x30}
04-24 18:07:15.366  1704  4362 D ChangeTransitionController:    ChangeInfo{e52a8fc container=Task{d3776c7 #2449 type=standard A=10479:com.anonymous.gurustudy.dev} flags=0x0}
04-24 18:07:15.366  1704  4362 D ChangeTransitionController:    ChangeInfo{796eb85 container=DefaultTaskDisplayArea_d0@246631494 flags=0x0}
04-24 18:07:15.366  1704  4362 D ChangeTransitionController:    ChangeInfo{4e2fdda container=RemoteWallpaperAnim:1:1@252835199 flags=0x0}
04-24 18:07:15.366  1704  4362 D ChangeTransitionController:    ChangeInfo{e9ab20b container=Display{#0 state=ON size=2800x1752 ROTATION_90} flags=0x0}
04-24 18:07:15.366  1704  4362 D ChangeTransitionController: ]
04-24 18:07:15.366  1704  4362 D ChangeTransitionController: }
04-24 18:07:15.366  2933  2933 I HoneySpace.AppTransitionAnimationAwait: proceed 1
04-24 18:07:15.367  2461  2597 V WindowManagerShell: Track 0 became idle
04-24 18:07:15.367  2461  2597 V WindowManagerShell: All active transition animations finished
04-24 18:07:15.368  4053  4053 I InputMethodService: removeImeSurface
04-24 18:07:15.368  4053  4053 I InputMethodService: cancelImeSurfaceRemoval: removeCallbacks
04-24 18:07:15.369  1177  1502 I SurfaceFlinger: onHandleDestroyed: layerId=57304, name=Surface(name=Task=2449)/@0xd45000a_transition-leash#57304
04-24 18:07:15.369  1177  1502 I SurfaceFlinger: id=57304 Removed Surface(name=Task=2449)/@0xd45000a_transition-leash#57304 (187)
04-24 18:07:15.369  1177  1502 I SurfaceFlinger: onHandleDestroyed: layerId=57303, name=Surface(name=Task=1)/@0xec73ac_transition-leash#57303
04-24 18:07:15.369  1177  1502 I SurfaceFlinger: id=57303 Removed Surface(name=Task=1)/@0xec73ac_transition-leash#57303 (187)
04-24 18:07:15.371  2461  2597 V ShellDesktopMode: Task Vanished: #2449 closed=true
04-24 18:07:15.372  2933  3029 I HoneySpace.RecentTasks: onRecentTasksChanged l:22268208
04-24 18:07:15.373  2933  2933 I HoneySpace.TaskStackChangeRepositoryImpl: onTaskRemoved : 2449
04-24 18:07:15.373  2933 30155 I HoneySpace.RecentTasks: onRunningTaskVanished
04-24 18:07:15.373  2933  3008 I HoneySpace.TopTaskSource: onTaskRemoved: 2449
04-24 18:07:15.373  2933  2933 I HoneySpace.TaskStackChangeRepositoryImpl: onTaskRemoved : 2449
04-24 18:07:15.373  2933  2933 I HoneySpace.TaskListViewModel[217930210]: taskRemoveId, 2449
04-24 18:07:15.373  2933  2933 W HoneySpace.TaskListViewModel[217930210]: task is already removed: 2449
04-24 18:07:15.374  2933  2933 I HoneySpace.TaskListViewModel[217930210]: taskRemoveId, 2449
04-24 18:07:15.374  2933  2933 W HoneySpace.TaskListViewModel[217930210]: task is already removed: 2449
04-24 18:07:15.374  2933 30155 I HoneySpace.HistoryViewModel@115467139@OneUI: loadItemJob canceled
04-24 18:07:15.376  2933 30155 I HoneySpace.HistoryViewModel@115467139@OneUI: loadItems(HOTSEATBAR) called - delay=200, reason=Update
04-24 18:07:15.377  2933  3008 I HoneySpace.TopTaskSource: onTaskRemoved: 2449
04-24 18:07:15.377  2933  2933 I HoneySpace.HistoryTaskView@224364360@OneUI: loading ? true
04-24 18:07:15.382  1177  1177 I SurfaceFlinger: [Display 0 name="Built-in Screen"#49] setFrameRateCategory: Default
04-24 18:07:15.382  1177  1177 I SurfaceFlinger: destroyed Surface(name=Task=2449)/@0xd45000a_transition-leash#57304
04-24 18:07:15.382  1177  1177 I SurfaceFlinger: destroyed Transition Root: Task=1#57302
04-24 18:07:15.382  1177  1177 I SurfaceFlinger: destroyed Surface(name=Task=1)/@0xec73ac_transition-leash#57303
04-24 18:07:15.382  1177  1177 I SurfaceFlinger: [LayerHierarchy{RequestedLayerState{Task=2449#57264 z=8} 1 children}] reparent to OffscreenRoot
04-24 18:07:15.382  1177  1177 I SurfaceFlinger: [LayerHierarchy{RequestedLayerState{Task=2449#57264 z=8} 1 children}] RelativeParent to null
04-24 18:07:15.382  1177  1177 I SurfaceFlinger: [LayerHierarchy{RequestedLayerState{com.anonymous.gurustudy.dev/expo.modules.devlauncher.launcher.DevLauncherActivity$_30973#57293} no children}] reparent to OffscreenRoot
04-24 18:07:15.382  1177  1177 I SurfaceFlinger: [LayerHierarchy{RequestedLayerState{com.anonymous.gurustudy.dev/expo.modules.devlauncher.launcher.DevLauncherActivity$_30973#57293} no children}] RelativeParent to null
04-24 18:07:15.382  1177  1177 I SurfaceFlinger: [Task=2449#57307] attach to parent OffscreenRoot
04-24 18:07:15.382  1177  1177 I SurfaceFlinger: [LayerHierarchy{RequestedLayerState{ActivityRecord{16136226 u0 com.anonymous.gurustudy.dev/expo.modules.devlauncher.launcher.DevLauncherActivity t2449}#57283} 2 children}] reparent to OffscreenRoot
04-24 18:07:15.382  1177  1177 I SurfaceFlinger: [LayerHierarchy{RequestedLayerState{ActivityRecord{16136226 u0 com.anonymous.gurustudy.dev/expo.modules.devlauncher.launcher.DevLauncherActivity t2449}#57283} 2 children}] RelativeParent to null
04-24 18:07:15.382  1177  1177 I SurfaceFlinger: [LayerHierarchy{RequestedLayerState{230652a com.anonymous.gurustudy.dev/expo.modules.devlauncher.launcher.DevLauncherActivity#57288} no children}] reparent to OffscreenRoot
04-24 18:07:15.382  1177  1177 I SurfaceFlinger: [LayerHierarchy{RequestedLayerState{230652a com.anonymous.gurustudy.dev/expo.modules.devlauncher.launcher.DevLauncherActivity#57288} no children}] RelativeParent to null
04-24 18:07:15.382  1177  1177 I Layer   : id=57303 Destroyed Surface(name=Task=1)/@0xec73ac_transition-leash#57303
04-24 18:07:15.383  1177  1177 I Layer   : id=57304 Destroyed Surface(name=Task=2449)/@0xd45000a_transition-leash#57304
04-24 18:07:15.383  1177  1177 I Layer   : id=57302 Destroyed Transition Root: Task=1#57302
04-24 18:07:15.383  1177  1177 I SurfaceFlinger: onHandleDestroyed: layerId=57307, name=Task=2449#57307
04-24 18:07:15.383  1177  1177 I SurfaceFlinger: id=57307 Removed Task=2449#57307 (184)
04-24 18:07:15.383  1177  1177 I SurfaceFlinger: onHandleDestroyed: layerId=57288, name=230652a com.anonymous.gurustudy.dev/expo.modules.devlauncher.launcher.DevLauncherActivity#57288
04-24 18:07:15.383  1177  1177 I SurfaceFlinger: id=57288 Removed 230652a com.anonymous.gurustudy.dev/expo.modules.devlauncher.launcher.DevLauncherActivity#57288 (184)
04-24 18:07:15.383  1177  1177 I SurfaceFlinger: onHandleDestroyed: layerId=57293, name=com.anonymous.gurustudy.dev/expo.modules.devlauncher.launcher.DevLauncherActivity$_30973#57293
04-24 18:07:15.383  1177  1177 I SurfaceFlinger: id=57293 Removed com.anonymous.gurustudy.dev/expo.modules.devlauncher.launcher.DevLauncherActivity$_30973#57293 (184)
04-24 18:07:15.383  1704  1877 I DisplayDeviceRepository: Display device changed render timings: "Built-in Screen", renderFrameRate=60.0, presentationDeadlineNanos=14600000, appVsyncOffsetNanos=3133334, frameRateOverrides=[]
04-24 18:07:15.384  2461  2461 D DisplayLifecycle: updateDisplay id = 0
04-24 18:07:15.385  2461  2630 D StackScroller: onDisplayChanged for predraw skip to 2
04-24 18:07:15.386  1704  4362 D WifiDisplayAdapter: isFitToActiveDisplayLocked : false
04-24 18:07:15.386  2933 31247 I HoneySpace.Memory-Monitor: current state = 2, didTrim = false
04-24 18:07:15.399  1177  1177 I SurfaceFlinger: destroyed com.anonymous.gurustudy.dev/expo.modules.devlauncher.launcher.DevLauncherActivity$_30973#57293
04-24 18:07:15.399  1177  1177 I SurfaceFlinger: destroyed Task=2449#57307
04-24 18:07:15.399  1177  1177 I SurfaceFlinger: destroyed 230652a com.anonymous.gurustudy.dev/expo.modules.devlauncher.launcher.DevLauncherActivity#57288
04-24 18:07:15.399  1177  1177 E BpTransactionCompletedListener: Failed to transact (-32)
04-24 18:07:15.399  1177  1177 I Layer   : id=57293 Destroyed com.anonymous.gurustudy.dev/expo.modules.devlauncher.launcher.DevLauncherActivity$_30973#57293
04-24 18:07:15.400  1177  1177 I Layer   : id=57288 Destroyed 230652a com.anonymous.gurustudy.dev/expo.modules.devlauncher.launcher.DevLauncherActivity#57288
04-24 18:07:15.400  1177  1177 I Layer   : id=57307 Destroyed Task=2449#57307
04-24 18:07:15.458  1177  1319 I SurfaceFlinger: Capture layer list: 	 Wallpaper BBQ wrapper 7_systemlock#83(seamlessTransition:0)
04-24 18:07:15.458  1177  1319 I SurfaceFlinger: Capture layer list: 	 com.sec.android.app.launcher/com.sec.android.app.launcher.activities.LauncherActivity$_2933#57299(seamlessTransition:0)
04-24 18:07:15.482  2933  2933 I HoneySpace.AppscreenViewModel: endGestureHint
04-24 18:07:15.483  2933  2933 I HoneySpace.AppscreenViewModel: resetAnimatedValues
04-24 18:07:15.483  2933  2933 I HoneySpace.HoneyScreenManagerImpl: transitionAnimator is ended, onCancel: false
04-24 18:07:15.483  2933  2933 I HoneySpace.ContentsAnimator: ContentsAnimator end [171844393]
04-24 18:07:15.503  1177  1177 I BufferQueueProducer: [FramebufferSurface](this:0xb4000079c5b1b880,id:-1,api:1,p:1177,c:1177) queueBuffer: fps=58.92 dur=1001.28 max=29.24 min=11.98
04-24 18:07:15.503  1097  1123 I hwcomposer: [HWCDisplay] [Display_0 (type:1, mode:2)] fps:58.939133,dur:1001.03,max:29.20,min:11.98  
04-24 18:07:15.536  1104 31245 I mtkpower_client: perf_lock_rel, hdl:66855, tid:31245
04-24 18:07:15.536  1104 31245 I mtkpower_client: perf_lock_rel, hdl:66856, tid:31245
04-24 18:07:15.537  1114  1198 I libPowerHal: [perfLockRel] hdl:66855, idx:0
04-24 18:07:15.537  1114  1198 I libPowerHal: [setClusterCores] [CORE_CTL_SET_LIMIT_CPUS] cid:0 min:4 max:4
04-24 18:07:15.537  1114  1198 I libPowerHal: [setClusterCores] [CORE_CTL_SET_LIMIT_CPUS] cid:1 min:3 max:3
04-24 18:07:15.537  1114  1198 I libPowerHal: [setClusterCores] [CORE_CTL_SET_LIMIT_CPUS] cid:2 min:0 max:1
04-24 18:07:15.537  1114  1198 I libPowerHal: [setClusterCores] vendor.samsung.: set core_ctrl: -1 -1 -1 -1 -1 -1 
04-24 18:07:15.538  1114  1198 I libPowerHal: [perfLockRel] hdl:66856, idx:2
04-24 18:07:15.538  1104 31245 I HYPER-HAL: [RequestManager.cpp]releaseLocked(): Released ID : 1499073
04-24 18:07:15.538  1114  1198 I libPowerHal: [set_cpuidle] enable:1, fd:15, scn:0xb400007764e4d050
04-24 18:07:15.538  1114  1198 I libPowerHal: [PD] vendor.samsung. update cmd:1c3c100 param:1
04-24 18:07:15.559  1177  1319 I SurfaceFlinger: Capture layer list: 	 Wallpaper BBQ wrapper 7_systemlock#83(seamlessTransition:0)
04-24 18:07:15.560  1177  1319 I SurfaceFlinger: Capture layer list: 	 com.sec.android.app.launcher/com.sec.android.app.launcher.activities.LauncherActivity$_2933#57299(seamlessTransition:0)
04-24 18:07:15.580  2933 31251 I HoneySpace.HistoryRepositoryImpl52079154@OneUI: loadHistoryItems() displayId:0, deskId:-1, rawTasks:4
04-24 18:07:15.581  2933 31251 I HoneySpace.GroupTask: userId:0, isDeviceLocked:false
04-24 18:07:15.589  2933 31251 I HoneySpace.HistoryRepositoryImpl52079154@OneUI: [Add] displayId:-1, deskId:-1 item:[0], (#-1,#-1,#1), item=id:-2 label:Guru (Dev) componnet:com.anonymous.gurustudy.dev/com.anonymous.gurustudy.MainActivity#UserHandle{0} badgeCount:0  drag:false iconState:NONE, tasks=[[id=2449 windowingMode=1 user=0 lastActiveTime=1572828544] null], [RecentApp], showRunningCue=false, isRunning=false, isMinimized=false, [2449]
04-24 18:07:15.589  2933 31251 I HoneySpace.HistoryRepositoryImpl52079154@OneUI: [Add] displayId:-1, deskId:-1 item:[0], (#-1,#-1,#1), item=id:-2 label:YouTube componnet:com.google.android.youtube/.app.honeycomb.Shell$HomeActivity#UserHandle{0} badgeCount:0  drag:false iconState:NONE, tasks=[[id=2380 windowingMode=1 user=0 lastActiveTime=1482561363] null], [RecentApp], showRunningCue=false, isRunning=false, isMinimized=false, [2380]
04-24 18:07:15.589  2933 31251 I HoneySpace.HistoryRepositoryImpl52079154@OneUI: [Add] displayId:-1, deskId:-1 item:[0], (#-1,#-1,#1), item=id:-2 label:Optimise battery usage componnet:com.android.settings/.fuelgauge.RequestIgnoreBatteryOptimizations#UserHandle{0} badgeCount:0  drag:false iconState:NONE, tasks=[[id=2346 windowingMode=1 user=0 lastActiveTime=1426310907] null], [RecentApp], showRunningCue=false, isRunning=false, isMinimized=false, [2346]
04-24 18:07:15.589  2933 31251 I HoneySpace.HistoryRepositoryImpl52079154@OneUI: result : 3
04-24 18:07:15.590  2933 31251 I HoneySpace.HistoryViewModel@115467139@OneUI: getSuggestedAppsData
04-24 18:07:15.590  2933 31251 I HoneySpace.SuggestedAppsRepositoryImpl: fetchSuggestedApps()
04-24 18:07:15.591  2933 31251 I HoneySpace.GroupTask: userId:0, isDeviceLocked:false
04-24 18:07:15.591  2933 31251 I HoneySpace.SuggestedAppsRepositoryImpl: getTaskListData() collected: 4
04-24 18:07:15.591  2933 31251 I HoneySpace.SuggestedItemsFacade: updateTaskList : 4
04-24 18:07:15.591  2933 31251 I HoneySpace.BadgeDataSourceImpl: Get notification count. PK(p='com.google.android.gm', u=UserHandle{0}) - forceBadgeCount: false, notification listener: 14, badge provider: 0
04-24 18:07:15.592  2933 31251 I HoneySpace.SuggestedAppsRepositoryImpl: getDPSData() collected: 9
04-24 18:07:15.592  2933 31251 I HoneySpace.SuggestedItemsFacade: updateItems :  9
04-24 18:07:15.592  2933 31251 I HoneySpace.SuggestedItemsFacade: DPS items : Chrome, com.android.chrome/com.google.android.apps.chrome.Main#UserHandle{0}
04-24 18:07:15.592  2933 31251 I HoneySpace.SuggestedItemsFacade: DPS items : Messages, com.google.android.apps.messaging/.ui.ConversationListActivity#UserHandle{0}
04-24 18:07:15.592  2933 31251 I HoneySpace.SuggestedItemsFacade: DPS items : Play Store, com.android.vending/.AssetBrowserActivity#UserHandle{0}
04-24 18:07:15.593  2933 31251 I HoneySpace.SuggestedItemsFacade: DPS items : Gmail, com.google.android.gm/.ConversationListActivityGmail#UserHandle{0}
04-24 18:07:15.593  2933 31251 I HoneySpace.SuggestedItemsFacade: DPS items : YouTube, com.google.android.youtube/.app.honeycomb.Shell$HomeActivity#UserHandle{0}
04-24 18:07:15.593  2933 31251 I HoneySpace.SuggestedItemsFacade: DPS items : Settings, com.android.settings/.Settings#UserHandle{0}
04-24 18:07:15.593  2933 31251 I HoneySpace.SuggestedItemsFacade: DPS items : Photos, com.google.android.apps.photos/.home.HomeActivity#UserHandle{0}
04-24 18:07:15.593  2933 31251 I HoneySpace.SuggestedItemsFacade: DPS items : Outlook, com.microsoft.office.outlook/.MainActivity#UserHandle{0}
04-24 18:07:15.593  2933 31251 I HoneySpace.SuggestedItemsFacade: DPS items : Spotify, com.spotify.music/.MainActivity#UserHandle{0}
04-24 18:07:15.594  2933 31251 I HoneySpace.FilteredItemProvider: collect filtered items o, [PK(p='com.anonymous.gurustudy.dev', u=UserHandle{0}), PK(p='com.google.android.youtube', u=UserHandle{0}), PK(p='com.samsung.android.lool', u=UserHandle{0}), PK(p='com.android.settings', u=UserHandle{0})]
04-24 18:07:15.594  2933 31251 I HoneySpace.FilteredItemProvider: collect filtered items i, [PK(p='com.samsung.android.calendar', u=UserHandle{0}), PK(p='com.sec.android.app.camera', u=UserHandle{0}), PK(p='com.android.chrome', u=UserHandle{0}), PK(p='com.samsung.android.app.notes', u=UserHandle{0}), PK(p='com.sec.android.app.myfiles', u=UserHandle{0})]
04-24 18:07:15.594  2933 31251 I HoneySpace.FilteredItemProvider: collect filtered items e, [PK(p='com.samsung.android.appseparation', u=UserHandle{0})]
04-24 18:07:15.594  2933 31251 I HoneySpace.FilteredItemProvider: collect filtered items f, []
04-24 18:07:15.594  2933 31251 I HoneySpace.FilteredItemProvider: collect filtered items m, [PK(p='com.nautilus.realcricket', u=UserHandle{0}), PK(p='com.anonymous.gurustudy', u=UserHandle{0})]
04-24 18:07:15.594  2933 31251 I HoneySpace.FilteredItemProvider: collect filtered items b, []
04-24 18:07:15.595  2933 31251 I HoneySpace.FilteredItemProvider: collect filtered items d, []
04-24 18:07:15.595  2933 31251 I HoneySpace.SuggestedItemsFacade: filteredItem : PK(p='com.anonymous.gurustudy.dev', u=UserHandle{0})
04-24 18:07:15.595  2933 31251 I HoneySpace.SuggestedItemsFacade: filteredItem : PK(p='com.google.android.youtube', u=UserHandle{0})
04-24 18:07:15.595  2933 31251 I HoneySpace.SuggestedItemsFacade: item removed by filter - PK(p='com.google.android.youtube', u=UserHandle{0})
04-24 18:07:15.595  2933 31251 I HoneySpace.SuggestedItemsFacade: filteredItem : PK(p='com.samsung.android.lool', u=UserHandle{0})
04-24 18:07:15.595  2933 31251 I HoneySpace.SuggestedItemsFacade: filteredItem : PK(p='com.android.settings', u=UserHandle{0})
04-24 18:07:15.595  2933 31251 I HoneySpace.SuggestedItemsFacade: item removed by filter - PK(p='com.android.settings', u=UserHandle{0})
04-24 18:07:15.596  2933 31251 I HoneySpace.SuggestedItemsFacade: filteredItem : PK(p='com.samsung.android.calendar', u=UserHandle{0})
04-24 18:07:15.596  2933 31251 I HoneySpace.SuggestedItemsFacade: filteredItem : PK(p='com.sec.android.app.camera', u=UserHandle{0})
04-24 18:07:15.596  2933 31251 I HoneySpace.SuggestedItemsFacade: filteredItem : PK(p='com.android.chrome', u=UserHandle{0})
04-24 18:07:15.596  2933 31251 I HoneySpace.SuggestedItemsFacade: item removed by filter - PK(p='com.android.chrome', u=UserHandle{0})
04-24 18:07:15.596  2933 31251 I HoneySpace.SuggestedItemsFacade: filteredItem : PK(p='com.samsung.android.app.notes', u=UserHandle{0})
04-24 18:07:15.596  2933 31251 I HoneySpace.SuggestedItemsFacade: filteredItem : PK(p='com.sec.android.app.myfiles', u=UserHandle{0})
04-24 18:07:15.596  2933 31251 I HoneySpace.SuggestedItemsFacade: filteredItem : PK(p='com.samsung.android.appseparation', u=UserHandle{0})
04-24 18:07:15.597  2933 31251 I HoneySpace.SuggestedItemsFacade: filteredItem : PK(p='com.nautilus.realcricket', u=UserHandle{0})
04-24 18:07:15.597  2933 31251 I HoneySpace.SuggestedItemsFacade: filteredItem : PK(p='com.anonymous.gurustudy', u=UserHandle{0})
04-24 18:07:15.597  2933 31251 I HoneySpace.BadgeDataSourceImpl: Get notification count. PK(p='com.google.android.gm', u=UserHandle{0}) - forceBadgeCount: false, notification listener: 14, badge provider: 0
04-24 18:07:15.597  2933 31251 I HoneySpace.SuggestedItemsFacade: after getFilteredDPSItems: 6 / max: 18
04-24 18:07:15.598  2933 31251 I HoneySpace.SuggestedAppsProvider[InstalledItems]: Initialized time=Mon Aug 04 09:16:15 GMT+05:30 2025
04-24 18:07:15.600  2933  4730 I Kumiho-Kumiho: getPackageName: com.sec.android.app.launcher
04-24 18:07:15.602  2933  4730 I Kumiho-Kumiho: getPackageName: com.sec.android.app.launcher
04-24 18:07:15.606  2933 30155 I HoneySpace.FilteredItemProvider: collect filtered items o, [PK(p='com.anonymous.gurustudy.dev', u=UserHandle{0}), PK(p='com.google.android.youtube', u=UserHandle{0}), PK(p='com.samsung.android.lool', u=UserHandle{0}), PK(p='com.android.settings', u=UserHandle{0})]
04-24 18:07:15.606  2933 30155 I HoneySpace.FilteredItemProvider: collect filtered items i, [PK(p='com.samsung.android.calendar', u=UserHandle{0}), PK(p='com.sec.android.app.camera', u=UserHandle{0}), PK(p='com.android.chrome', u=UserHandle{0}), PK(p='com.samsung.android.app.notes', u=UserHandle{0}), PK(p='com.sec.android.app.myfiles', u=UserHandle{0})]
04-24 18:07:15.606  2933 30155 I HoneySpace.FilteredItemProvider: collect filtered items e, [PK(p='com.samsung.android.appseparation', u=UserHandle{0})]
04-24 18:07:15.606  2933 30155 I HoneySpace.FilteredItemProvider: collect filtered items f, []
04-24 18:07:15.606  2933 30155 I HoneySpace.FilteredItemProvider: collect filtered items m, [PK(p='com.nautilus.realcricket', u=UserHandle{0}), PK(p='com.anonymous.gurustudy', u=UserHandle{0})]
04-24 18:07:15.606  2933 30155 I HoneySpace.FilteredItemProvider: collect filtered items b, []
04-24 18:07:15.606  2933 30155 I HoneySpace.FilteredItemProvider: collect filtered items d, []
04-24 18:07:15.606  2933 30155 I HoneySpace.SuggestedAppsProvider: Collecting Start : P5.f@2ff529b
04-24 18:07:15.606  2933 30155 I HoneySpace.SuggestedAppsProvider: Collecting Start : P5.z@8efdbda
04-24 18:07:15.610  2933 30155 I HoneySpace.SuggestedAppsProvider[UsedCountItems]: usageStats: 5, filter: 12, 18
04-24 18:07:15.610  2933 30155 W HoneySpace.SuggestedAppsItemMaker: Fail to create ItemInfo from com.samsung.android.app.interpreter
04-24 18:07:15.610  2933 30155 W HoneySpace.SuggestedAppsItemMaker: Fail to get item com.samsung.android.app.interpreter
04-24 18:07:15.610  2933 30155 W HoneySpace.SuggestedAppsItemMaker: Fail to create ItemInfo from com.android.dreams.basic
04-24 18:07:15.610  2933 30155 W HoneySpace.SuggestedAppsItemMaker: Fail to get item com.android.dreams.basic
04-24 18:07:15.610  2933 30155 I HoneySpace.SuggestedAppsProvider: Collecting Start : P5.j@8258cf9
04-24 18:07:15.610  2933 30155 I HoneySpace.BadgeDataSourceImpl: Get notification count. PK(p='com.cerebellummobileapp', u=UserHandle{0}) - forceBadgeCount: false, notification listener: 6, badge provider: 0
04-24 18:07:15.610  2933 30155 I HoneySpace.BadgeDataSourceImpl: Get notification count. PK(p='com.google.android.googlequicksearchbox', u=UserHandle{0}) - forceBadgeCount: false, notification listener: 1, badge provider: 0
04-24 18:07:15.610  2933 30155 I HoneySpace.BadgeDataSourceImpl: Get notification count. PK(p='one.dbmci', u=UserHandle{0}) - forceBadgeCount: false, notification listener: 5, badge provider: 5
04-24 18:07:15.611  2933 30155 I HoneySpace.SuggestedItemsFacade: getFinalItems() : 18 / 24, 18
04-24 18:07:15.611  2933 30155 I HoneySpace.SuggestedItemsFacade: getFinalItems : Messages, com.google.android.apps.messaging/.ui.ConversationListActivity#UserHandle{0}
04-24 18:07:15.611  2933 30155 I HoneySpace.SuggestedItemsFacade: getFinalItems : Play Store, com.android.vending/.AssetBrowserActivity#UserHandle{0}
04-24 18:07:15.611  2933 30155 I HoneySpace.SuggestedItemsFacade: getFinalItems : Gmail, com.google.android.gm/.ConversationListActivityGmail#UserHandle{0}
04-24 18:07:15.611  2933 30155 I HoneySpace.SuggestedItemsFacade: getFinalItems : Photos, com.google.android.apps.photos/.home.HomeActivity#UserHandle{0}
04-24 18:07:15.611  2933 30155 I HoneySpace.SuggestedItemsFacade: getFinalItems : Outlook, com.microsoft.office.outlook/.MainActivity#UserHandle{0}
04-24 18:07:15.611  2933 30155 I HoneySpace.SuggestedItemsFacade: getFinalItems : Spotify, com.spotify.music/.MainActivity#UserHandle{0}
04-24 18:07:15.611  2933 30155 I HoneySpace.SuggestedItemsFacade: getFinalItems : Firefox, org.mozilla.firefox/.App#UserHandle{0}
04-24 18:07:15.611  2933 30155 I HoneySpace.SuggestedItemsFacade: getFinalItems : Cerebellum, com.cerebellummobileapp/.MainActivity#UserHandle{0}
04-24 18:07:15.611  2933 30155 I HoneySpace.SuggestedItemsFacade: getFinalItems : Google, com.google.android.googlequicksearchbox/.SearchActivity#UserHandle{0}
04-24 18:07:15.611  2933 30155 I HoneySpace.SuggestedItemsFacade: getFinalItems : eFootball™, jp.konami.pesam/com.epicgames.ue4.SplashActivity#UserHandle{0}
04-24 18:07:15.611  2933 30155 I HoneySpace.SuggestedItemsFacade: getFinalItems : Gallery, com.sec.android.gallery3d/com.samsung.android.gallery.app.activity.GalleryActivity#UserHandle{0}
04-24 18:07:15.611  2933 30155 I HoneySpace.SuggestedItemsFacade: getFinalItems : NotiStar, com.samsung.systemui.notilus/.NotiCenterPage#UserHandle{0}
04-24 18:07:15.611  2933 30155 I HoneySpace.SuggestedItemsFacade: getFinalItems : 1.1.1.1, com.cloudflare.onedotonedotonedotone/com.cloudflare.app.presentation.main.SplashActivity#UserHandle{0}
04-24 18:07:15.611  2933 30155 I HoneySpace.SuggestedItemsFacade: getFinalItems : Proton VPN, ch.protonvpn.android/.RoutingActivity#UserHandle{0}
04-24 18:07:15.611  2933 30155 I HoneySpace.SuggestedItemsFacade: getFinalItems : Edge Gallery, com.google.ai.edge.gallery/.MainActivity#UserHandle{0}
04-24 18:07:15.611  2933 30155 I HoneySpace.SuggestedItemsFacade: getFinalItems : ZArchiver, ru.zdevs.zarchiver/.ZArchiver#UserHandle{0}
04-24 18:07:15.611  2933 30155 I HoneySpace.SuggestedItemsFacade: getFinalItems : ChatGPT, com.openai.chatgpt/.MainActivity#UserHandle{0}
04-24 18:07:15.611  2933 30155 I HoneySpace.SuggestedItemsFacade: getFinalItems : Riseup VPN, se.leap.riseupvpn/se.leap.bitmaskclient.base.StartActivity#UserHandle{0}
04-24 18:07:15.611  2933 30155 I HoneySpace.SuggestedAppsRepositoryImpl: fetchSuggestedApps() end: 18, isDPSAvailable: true
04-24 18:07:15.611  2933 30155 I HoneySpace.HistoryViewModel@115467139@OneUI: classify subHotseat items, mode:Base
04-24 18:07:15.618  2933 30155 I HoneySpace.BadgeDataSourceImpl: Get notification count. PK(p='com.google.android.gm', u=UserHandle{0}) - forceBadgeCount: false, notification listener: 14, badge provider: 0
04-24 18:07:15.623  2933 30155 I HoneySpace.BadgeDataSourceImpl: Get notification count. PK(p='com.cerebellummobileapp', u=UserHandle{0}) - forceBadgeCount: false, notification listener: 6, badge provider: 0
04-24 18:07:15.623  2933 30155 I HoneySpace.BadgeDataSourceImpl: Get notification count. PK(p='com.google.android.googlequicksearchbox', u=UserHandle{0}) - forceBadgeCount: false, notification listener: 1, badge provider: 0
04-24 18:07:15.629  2933  2933 I HoneySpace.HistoryViewModel@115467139@OneUI: loadItem(HOTSEATBAR) : recentApp=id:-1058 label:Guru (Dev) componnet:com.anonymous.gurustudy.dev/com.anonymous.gurustudy.MainActivity#UserHandle{0} badgeCount:0  drag:false iconState:NONE, displayId:-1, deskId:-1, taskInfo=[[id=2449 windowingMode=1 user=0 lastActiveTime=1572828544] null], isRunning=false, isMinimized=false, [2449]
04-24 18:07:15.629  2933  2933 I HoneySpace.HistoryViewModel@115467139@OneUI: loadItem(HOTSEATBAR) : recentApp=id:-1042 label:YouTube componnet:com.google.android.youtube/.app.honeycomb.Shell$HomeActivity#UserHandle{0} badgeCount:0  drag:false iconState:NONE, displayId:-1, deskId:-1, taskInfo=[[id=2380 windowingMode=1 user=0 lastActiveTime=1482561363] null], isRunning=false, isMinimized=false, [2380]
04-24 18:07:15.630  2933  2933 I HoneySpace.HistoryViewModel@115467139@OneUI: loadItem(HOTSEATBAR) : recentApp=id:-1070 label:Optimise battery usage componnet:com.android.settings/.fuelgauge.RequestIgnoreBatteryOptimizations#UserHandle{0} badgeCount:0  drag:false iconState:NONE, displayId:-1, deskId:-1, taskInfo=[[id=2346 windowingMode=1 user=0 lastActiveTime=1426310907] null], isRunning=false, isMinimized=false, [2346]
04-24 18:07:15.630  2933  2933 I HoneySpace.HistoryViewModel@115467139@OneUI: loadItem(HOTSEATBAR) : suggestedApp=id:-1046 label:Messages componnet:com.google.android.apps.messaging/.ui.ConversationListActivity#UserHandle{0} badgeCount:0  drag:false iconState:NONE, isRunning=false, isMinimized=false, [-1]
04-24 18:07:15.630  2933  2933 I HoneySpace.HistoryTaskView@224364360@OneUI: loading ? false
04-24 18:07:15.630  2933  2933 I HoneySpace.HistoryTaskView@224364360@OneUI: current state com.honeyspace.sdk.HomeScreen$Normal@163f84d
04-24 18:07:15.642  3256  3675 E frs     : Failed to open /sys/kernel/thermal/frs_nl_id: No such file or directory
04-24 18:07:15.643  3256  3675 I frs     : read netlink id fail, reason:No such file or directory
04-24 18:07:15.660  1177  1319 I SurfaceFlinger: Capture layer list: 	 Wallpaper BBQ wrapper 7_systemlock#83(seamlessTransition:0)
04-24 18:07:15.661  1177  1319 I SurfaceFlinger: Capture layer list: 	 com.sec.android.app.launcher/com.sec.android.app.launcher.activities.LauncherActivity$_2933#57299(seamlessTransition:0)
04-24 18:07:15.682  2416  2417 D WifiHAL : WifiRequest::create vendor command to iface 15, vendor_id=0x1a11, subcmd=0x1200, res=0
04-24 18:07:15.701  2416  2417 I WifiHAL : LLS RSP: data=0xb40000790871f030, len=4084
04-24 18:07:15.702  2416  2417 I WifiHAL : LLS check_data_sanity: 1819: current_radio_stat->num_channels=13
04-24 18:07:15.702  2416  2417 I WifiHAL : LLS check_data_sanity: 1819: current_radio_stat->num_channels=25
04-24 18:07:15.702  2416  2417 I WifiHAL : LLS check_data_sanity: confirmed_size=4084, len=4084
04-24 18:07:15.709  1704  3651 D SemWifiUsabilityStatsMonitor: onWifiUsabilityStats - seqNum 193344, isSameBssidAndFreq true
04-24 18:07:15.711  1704  2346 D InsDataManager: onOutageCountUpdate() - Outage Data: 0, LQ : Y. Outage Triggered: false
04-24 18:07:15.711  1704  2346 D InsDataManager: Trying to save initial normal data.
04-24 18:07:15.711  1704  2346 D SensorCollector: syncMappedBuffers: 0, 405, 0
04-24 18:07:15.711  1704  2346 D InsDataManager: trimBuffers start.
04-24 18:07:15.711  1704  2346 D InsDataManager: trimBuffers - nsmBuffer size: 26
04-24 18:07:15.712  1704  2346 D InsDataManager: Too short for collecting additional normal data
04-24 18:07:15.712  1704  2346 D SemInsManager: {"bssid": "2305c7d92437","rssi": -62.0,"latency": 0.0,"outage_count": 0,"lq_callback_triggered": true,"outage_log": "Unreliable statistics: -62.0 / 3 / 581 / 150 / 0 || 2305c7d92437: 0.000 / 0.000 / @ || N N / 0 0 / Y 2.0 / Y X 0 / 851349425 0 || Invalid""Magnetic Sensor Events size": "0""Pressure Sensor Events size": "0"}
04-24 18:07:15.714  2461  2812 I WifiPickerTracker: NetworkCallback : onCapabilitiesChanged
04-24 18:07:15.714  2461  2812 D WifiPickerTracker: updateWifiEntries capabilities
04-24 18:07:15.716 14072 14164 D WM-WorkConstraintsTrack: NetworkRequestConstraintController onCapabilitiesChanged callback
04-24 18:07:15.717  1704  2363 D SGM:GameManager: identifyGamePackage. com.sec.android.app.launcher, mCurrentUserId: 0, callingMethodInfo: com.samsung.android.game.SemGameManager.isGamePackage(SemGameManager.java:106)
04-24 18:07:15.717  1704  2363 D SGM:SemGameManager: isGamePackage(), pkgName=com.sec.android.app.launcher, ret=false
04-24 18:07:15.718  1704  2363 W ContextImpl: Calling a method in the system process without a qualified user: android.app.ContextImpl.bindService:2167 com.samsung.android.server.wifi.SemWifiIntelligentConnectionManager.iwh_predict_action:8 com.samsung.android.server.wifi.SemWifiIntelligentConnectionManager.-$$Nest$miwh_predict_action:1 com.samsung.android.server.wifi.SemWifiIntelligentConnectionManager$IntelligentConnectionManagerHandler.handleMessage:762 android.os.Handler.dispatchMessage:110 
04-24 18:07:15.723  1704  2319 D BackgroundInstallControlService: Package event received: 0
04-24 18:07:15.724  4053  5073 I HBD     : g onCapabilitiesChanged network : 151 current network state : invalid 
04-24 18:07:15.725  2461  2812 D WifiPickerTracker: update AutoHotspot Entries() : bleAccessPoints -> 0
04-24 18:07:15.725  2461  2812 D WifiPickerTracker: handleNetworkCapabilitiesChanged
04-24 18:07:15.725  2461  2812 I WifiPickerTracker: DefaultNetworkCallback : onCapabilitiesChanged
04-24 18:07:15.726 16761 16795 I NullBinder: NullBinder for android.net.action.RECOMMEND_NETWORKS triggering remote TransactionTooLargeException due to Service without Chimera impl, calling uid: 1000, calling pid: 0
04-24 18:07:15.726 16761 16795 W .gms.persistent: Large reply transaction of 1056768 bytes, interface descriptor , code 1
04-24 18:07:15.728  2461  2650 D WifiInteractor: get wifiIconGroup ePDGConnected : false
04-24 18:07:15.729  1704  2293 D SemWifiApNsd:Client: lpInterface:wlan0
04-24 18:07:15.728  2461  2651 D WifiInteractor: get wifiIconGroup ePDGConnected : false
04-24 18:07:15.730  1704  3117 D ActivityManager: unpendingScheduleServiceRestart: u=10342, drop=false
04-24 18:07:15.730  1704  2293 D SemWifiSwitchForIndividualAppsService: stopTCPMonitoring : already stopped
04-24 18:07:15.730  1704  2293 I WifiConnectivityMonitor.NCC: sNetworkCallback(oCC) FULL : 151(valid: true/captive: false)
04-24 18:07:15.730  2933  3007 I HoneySpace.StatusIconTracker: invokeEvent() called with: event = Wifi(visible=true, resId=2131236023, activityId=2131236043)
04-24 18:07:15.730  2933  3007 I HoneySpace.StatusIconTracker: invokeEvent() called with: event = Wifi(visible=true, resId=2131236023, activityId=2131236043)
04-24 18:07:15.731  2461  2461 D SemCarrierFeature: [get] phoneId should be 0 or 1
04-24 18:07:15.731  1704  3115 D FreecessController: UFZ : com.google.android.apps.photos(10342) [31008] reason: Binder(1)-free_buffer_full
04-24 18:07:15.732  2461  2461 D SemCarrierFeature: [get] phoneId should be 0 or 1
04-24 18:07:15.732  1704  3147 W LocationManagerService: onFreezeStateChanged, uid[10342]=false
04-24 18:07:15.732  1704  3147 I PowerManagerService: [PWL] SetWakeLockEnableDisable uid = 10342 , disable= false
04-24 18:07:15.732  1704  3147 I PowerManagerService: [PWL] can not change uid =  10342
04-24 18:07:15.732  2461  2461 D SemCarrierFeature: [get] phoneId should be 0 or 1
04-24 18:07:15.732  2461  2461 D SemCarrierFeature: [get] phoneId should be 0 or 1
04-24 18:07:15.733  1704  2293 I WifiConnectivityMonitor.NCC: [ Transports: WIFI Capabilities: NOT_METERED&INTERNET&NOT_RESTRICTED&TRUSTED&NOT_VPN&VALIDATED&NOT_ROAMING&FOREGROUND&NOT_CONGESTED&NOT_SUSPENDED&NOT_VCN_MANAGED&NOT_BANDWIDTH_CONSTRAINED LinkUpBandwidth>=19984Kbps LinkDnBandwidth>=39730Kbps TransportInfo: <SSID: <unknown ssid>, BSSID: 02:00:00:**:**:00, MAC: 02:00:00:**:**:00, IP: /192.***.*.6, Security type: 2, Supplicant state: COMPLETED, Wi-Fi standard: 11ax, RSSI: -62, Link speed: 17Mbps, Tx Link speed: 17Mbps, Max Supported Tx Link speed: 286Mbps, Rx Link speed: 17Mbps, Max Supported Rx Link speed: 286Mbps, Frequency: 2437MHz, Net ID: -1, Metered hint: false, score: 60, isUsable: true, CarrierMerged: false, SubscriptionId: -1, IsPrimary: 1, Trusted: true, Restricted: false, Ephemeral: false, OEM paid: false, OEM private: false, OSU AP: false, FQDN: <none>, Provider friendly name: <none>, Requesting package name: <none><none>MLO Information: , Is TID-To-Link negotiation supported by the AP: false, AP MLD Address: <none>, AP MLO Link Id: <none>, AP MLO Affiliated links: <none>, Vendor Data: <none>> SignalStrength: -62 AdminUids: [1000] SSID: "Airtel_Haven" UnderlyingNetworks: Null]
04-24 18:07:15.733  1704  2372 D WifiConnectivityMonitor: HANDLE_ON_CAPABILITIES_CHANGED
04-24 18:07:15.733  1704  2372 I WifiConnectivityMonitor: determineMode : MODE_NON_SWITCHABLE_BY_POOR_NETWORK_DETECTION_DISABLED
04-24 18:07:15.733  1704  2372 D OpenNetworkQos[4.00]: updateBssidNoInternet: mBssidNoInternet = false
04-24 18:07:15.733  1704  2372 D OpenNetworkQos[4.00]: getOpenNetworkQosNoInternetStatus: false
04-24 18:07:15.733  1704  2372 D OpenNetworkQos[4.00]: getOpenNetworkQosScores: 26 26 26 
04-24 18:07:15.733  1704  2372 D KNOX_MDM_SettingsProvider: isChangeAllowed() : name = wifi_wcm_qos_sharing_score_summary
04-24 18:07:15.733  1704  2372 I WifiProfileShare: network QoS data was changed (internet), updateQoSData networkType: true, qosData: false
04-24 18:07:15.733  2461  2630 D Tile.WifiTile: handleUpdateState isTransient=false transientEnabling =false cb.isTransient=false state.state = 2 mStateBeforeClick.value =false enabled =true
04-24 18:07:15.733  2461  2461 D CarrierTextController: setCarrierText : Airtel_Haven, Airtel_Haven allSimsMissing : true anySimReady : false
04-24 18:07:15.734  2461  2461 D SemCarrierFeature: [get] phoneId should be 0 or 1
04-24 18:07:15.734  2461  2461 D SemCarrierFeature: [get] phoneId should be 0 or 1
04-24 18:07:15.734  2461  2461 D SemCarrierFeature: [get] phoneId should be 0 or 1
04-24 18:07:15.734  2461  2461 D SemCarrierFeature: [get] phoneId should be 0 or 1
04-24 18:07:15.734  2461  2461 D CarrierTextController: setCarrierText : Airtel_Haven, Airtel_Haven allSimsMissing : true anySimReady : false
04-24 18:07:15.734  2461  2461 D SemCarrierFeature: [get] phoneId should be 0 or 1
04-24 18:07:15.734  2461  2461 D SemCarrierFeature: [get] phoneId should be 0 or 1
04-24 18:07:15.734  2461  2461 D SemCarrierFeature: [get] phoneId should be 0 or 1
04-24 18:07:15.734  2461  2461 D SemCarrierFeature: [get] phoneId should be 0 or 1
04-24 18:07:15.734  2461  2461 D CarrierTextController: setCarrierText : Airtel_Haven, Airtel_Haven allSimsMissing : true anySimReady : false
04-24 18:07:15.734  2461  2461 D SemCarrierFeature: [get] phoneId should be 0 or 1
04-24 18:07:15.734  2461  2461 D SemCarrierFeature: [get] phoneId should be 0 or 1
04-24 18:07:15.734  2461  2461 D SemCarrierFeature: [get] phoneId should be 0 or 1
04-24 18:07:15.734  2461  2461 D SemCarrierFeature: [get] phoneId should be 0 or 1
04-24 18:07:15.734  2461  2461 D CarrierTextController: setCarrierText : Airtel_Haven, Airtel_Haven allSimsMissing : true anySimReady : false
04-24 18:07:15.735  2461  2461 D SemCarrierFeature: [get] phoneId should be 0 or 1
04-24 18:07:15.735  2461  2461 D SemCarrierFeature: [get] phoneId should be 0 or 1
04-24 18:07:15.735  2461  2461 D SemCarrierFeature: [get] phoneId should be 0 or 1
04-24 18:07:15.735  2461  2461 D SemCarrierFeature: [get] phoneId should be 0 or 1
04-24 18:07:15.735  2461  2461 D CarrierTextController: setCarrierText : Airtel_Haven, Airtel_Haven allSimsMissing : true anySimReady : false
04-24 18:07:15.735  2461  2461 D SemCarrierFeature: [get] phoneId should be 0 or 1
04-24 18:07:15.735  2461  2461 D SemCarrierFeature: [get] phoneId should be 0 or 1
04-24 18:07:15.735  2461  2461 D SemCarrierFeature: [get] phoneId should be 0 or 1
04-24 18:07:15.735  2461  2461 D SemCarrierFeature: [get] phoneId should be 0 or 1
04-24 18:07:15.735  2461  2461 D CarrierTextController: setCarrierText : Airtel_Haven, Airtel_Haven allSimsMissing : true anySimReady : false
04-24 18:07:15.735  1082  1082 D Zygote  : Forked child process 31273
04-24 18:07:15.735  2461  2461 D SemCarrierFeature: [get] phoneId should be 0 or 1
04-24 18:07:15.735  1704  1884 I ActivityManager: Start proc 31273:com.samsung.android.wifi.intelligence:iwhInfService/1000 for service {com.samsung.android.wifi.intelligence/com.samsung.android.wifi.intelligence.iwh.IwhInfService}
04-24 18:07:15.735  1704  1884 I ActivityManager: ProcessObserver broadcast disabled
04-24 18:07:15.735  2461  2461 D SemCarrierFeature: [get] phoneId should be 0 or 1
04-24 18:07:15.736  2461  2461 D SemCarrierFeature: [get] phoneId should be 0 or 1
04-24 18:07:15.736  2461  2461 D SemCarrierFeature: [get] phoneId should be 0 or 1
04-24 18:07:15.736  2461  2461 D CarrierTextController: setCarrierText : Airtel_Haven, Airtel_Haven allSimsMissing : true anySimReady : false
04-24 18:07:15.736  2461  2461 D SemCarrierFeature: [get] phoneId should be 0 or 1
04-24 18:07:15.736  2461  2461 D SemCarrierFeature: [get] phoneId should be 0 or 1
04-24 18:07:15.736  2461  2461 D SemCarrierFeature: [get] phoneId should be 0 or 1
04-24 18:07:15.736  2461  2461 D SemCarrierFeature: [get] phoneId should be 0 or 1
