04-24 18:07:14.951  2933  4516 I VRI[LauncherActivity]@3f09a2d: mWNT: t=0xb40000723e2bb190 mBlastBufferQueue=0xb4000072be341b00 fn= 13 HdrRenderState mRenderHdrSdrRatio=1.0 caller= com.android.systemui.shared.launcher.ViewRootImplCompat.mergeWithNextTransaction:4 com.honeyspace.transition.utils.SurfaceTransactionApplier.scheduleApply$lambda$1:16 com.honeyspace.transition.utils.SurfaceTransactionApplier.b:0 
04-24 18:07:14.952  2933  4516 I VRI[LauncherActivity]@3f09a2d: mWNT: t=0xb40000723e328090 mBlastBufferQueue=0xb4000072be341b00 fn= 13 HdrRenderState mRenderHdrSdrRatio=1.0 caller= com.android.systemui.shared.launcher.ViewRootImplCompat.mergeWithNextTransaction:4 com.honeyspace.transition.utils.SurfaceTransactionApplier.scheduleApply$lambda$1:16 com.honeyspace.transition.utils.SurfaceTransactionApplier.b:0 
04-24 18:07:14.952  2933 30155 I HoneySpace.HistoryRepositoryImpl52079154@OneUI: [Add] displayId:0, deskId:-1 item:[0], (#0,#-1,#1), item=id:-2 label:Guru (Dev) componnet:com.anonymous.gurustudy.dev/com.anonymous.gurustudy.MainActivity#UserHandle{0} badgeCount:0  drag:false iconState:NONE, tasks=[[id=2449 windowingMode=1 user=0 lastActiveTime=1572828544] null], [RecentApp], showRunningCue=false, isRunning=false, isMinimized=false, [2449]
04-24 18:07:14.952  2933 30155 I HoneySpace.HistoryRepositoryImpl52079154@OneUI: [Add] displayId:-1, deskId:-1 item:[0], (#-1,#-1,#1), item=id:-2 label:YouTube componnet:com.google.android.youtube/.app.honeycomb.Shell$HomeActivity#UserHandle{0} badgeCount:0  drag:false iconState:NONE, tasks=[[id=2380 windowingMode=1 user=0 lastActiveTime=1482561363] null], [RecentApp], showRunningCue=false, isRunning=false, isMinimized=false, [2380]
04-24 18:07:14.952  2933 30155 I HoneySpace.HistoryRepositoryImpl52079154@OneUI: [Add] displayId:-1, deskId:-1 item:[0], (#-1,#-1,#1), item=id:-2 label:Optimise battery usage componnet:com.android.settings/.fuelgauge.RequestIgnoreBatteryOptimizations#UserHandle{0} badgeCount:0  drag:false iconState:NONE, tasks=[[id=2346 windowingMode=1 user=0 lastActiveTime=1426310907] null], [RecentApp], showRunningCue=false, isRunning=false, isMinimized=false, [2346]
04-24 18:07:14.952  2933 30155 I HoneySpace.HistoryRepositoryImpl52079154@OneUI: result : 3
04-24 18:07:14.952  2933 30155 I HoneySpace.HistoryViewModel@115467139@OneUI: getSuggestedAppsData
04-24 18:07:14.952  2933 30155 I HoneySpace.SuggestedAppsRepositoryImpl: fetchSuggestedApps()
04-24 18:07:14.952  2933 30155 I HoneySpace.GroupTask: userId:0, isDeviceLocked:false
04-24 18:07:14.952  2933 30155 I HoneySpace.SuggestedAppsRepositoryImpl: getTaskListData() collected: 4
04-24 18:07:14.952  2933 30155 I HoneySpace.SuggestedItemsFacade: updateTaskList : 4
04-24 18:07:14.952  2933 30155 I HoneySpace.BadgeDataSourceImpl: Get notification count. PK(p='com.google.android.gm', u=UserHandle{0}) - forceBadgeCount: false, notification listener: 14, badge provider: 0
04-24 18:07:14.953  2933 30155 I HoneySpace.SuggestedAppsRepositoryImpl: getDPSData() collected: 9
04-24 18:07:14.953  2933 30155 I HoneySpace.SuggestedItemsFacade: updateItems :  9
04-24 18:07:14.953  2933 30155 I HoneySpace.SuggestedItemsFacade: DPS items : Chrome, com.android.chrome/com.google.android.apps.chrome.Main#UserHandle{0}
04-24 18:07:14.953  2933 30155 I HoneySpace.SuggestedItemsFacade: DPS items : Messages, com.google.android.apps.messaging/.ui.ConversationListActivity#UserHandle{0}
04-24 18:07:14.953  2933 30155 I HoneySpace.SuggestedItemsFacade: DPS items : Play Store, com.android.vending/.AssetBrowserActivity#UserHandle{0}
04-24 18:07:14.953  2933 30155 I HoneySpace.SuggestedItemsFacade: DPS items : Gmail, com.google.android.gm/.ConversationListActivityGmail#UserHandle{0}
04-24 18:07:14.953  2933 30155 I HoneySpace.SuggestedItemsFacade: DPS items : YouTube, com.google.android.youtube/.app.honeycomb.Shell$HomeActivity#UserHandle{0}
04-24 18:07:14.953  2933 30155 I HoneySpace.SuggestedItemsFacade: DPS items : Settings, com.android.settings/.Settings#UserHandle{0}
04-24 18:07:14.953  2933 30155 I HoneySpace.SuggestedItemsFacade: DPS items : Photos, com.google.android.apps.photos/.home.HomeActivity#UserHandle{0}
04-24 18:07:14.953  2933 30155 I HoneySpace.SuggestedItemsFacade: DPS items : Outlook, com.microsoft.office.outlook/.MainActivity#UserHandle{0}
04-24 18:07:14.953  2933 30155 I HoneySpace.SuggestedItemsFacade: DPS items : Spotify, com.spotify.music/.MainActivity#UserHandle{0}
04-24 18:07:14.953  2933 30155 I HoneySpace.FilteredItemProvider: collect filtered items o, [PK(p='com.anonymous.gurustudy.dev', u=UserHandle{0}), PK(p='com.google.android.youtube', u=UserHandle{0}), PK(p='com.samsung.android.lool', u=UserHandle{0}), PK(p='com.android.settings', u=UserHandle{0})]
04-24 18:07:14.953  2933 30155 I HoneySpace.FilteredItemProvider: collect filtered items i, [PK(p='com.samsung.android.calendar', u=UserHandle{0}), PK(p='com.sec.android.app.camera', u=UserHandle{0}), PK(p='com.android.chrome', u=UserHandle{0}), PK(p='com.samsung.android.app.notes', u=UserHandle{0}), PK(p='com.sec.android.app.myfiles', u=UserHandle{0})]
04-24 18:07:14.953  2933 30155 I HoneySpace.FilteredItemProvider: collect filtered items e, [PK(p='com.samsung.android.appseparation', u=UserHandle{0})]
04-24 18:07:14.953  2933 30155 I HoneySpace.FilteredItemProvider: collect filtered items f, []
04-24 18:07:14.953  2933 30155 I HoneySpace.FilteredItemProvider: collect filtered items m, [PK(p='com.nautilus.realcricket', u=UserHandle{0}), PK(p='com.anonymous.gurustudy', u=UserHandle{0})]
04-24 18:07:14.953  2933 30155 I HoneySpace.FilteredItemProvider: collect filtered items b, []
04-24 18:07:14.953  2933 30155 I HoneySpace.FilteredItemProvider: collect filtered items d, []
04-24 18:07:14.953  2933 30155 I HoneySpace.SuggestedItemsFacade: filteredItem : PK(p='com.anonymous.gurustudy.dev', u=UserHandle{0})
04-24 18:07:14.953  2933 30155 I HoneySpace.SuggestedItemsFacade: filteredItem : PK(p='com.google.android.youtube', u=UserHandle{0})
04-24 18:07:14.953  2933 30155 I HoneySpace.SuggestedItemsFacade: item removed by filter - PK(p='com.google.android.youtube', u=UserHandle{0})
04-24 18:07:14.953  2933 30155 I HoneySpace.SuggestedItemsFacade: filteredItem : PK(p='com.samsung.android.lool', u=UserHandle{0})
04-24 18:07:14.953  2933 30155 I HoneySpace.SuggestedItemsFacade: filteredItem : PK(p='com.android.settings', u=UserHandle{0})
04-24 18:07:14.953  2933 30155 I HoneySpace.SuggestedItemsFacade: item removed by filter - PK(p='com.android.settings', u=UserHandle{0})
04-24 18:07:14.953  2933 30155 I HoneySpace.SuggestedItemsFacade: filteredItem : PK(p='com.samsung.android.calendar', u=UserHandle{0})
04-24 18:07:14.953  2933 30155 I HoneySpace.SuggestedItemsFacade: filteredItem : PK(p='com.sec.android.app.camera', u=UserHandle{0})
04-24 18:07:14.953  2933 30155 I HoneySpace.SuggestedItemsFacade: filteredItem : PK(p='com.android.chrome', u=UserHandle{0})
04-24 18:07:14.953  2933 30155 I HoneySpace.SuggestedItemsFacade: item removed by filter - PK(p='com.android.chrome', u=UserHandle{0})
04-24 18:07:14.953  2933 30155 I HoneySpace.SuggestedItemsFacade: filteredItem : PK(p='com.samsung.android.app.notes', u=UserHandle{0})
04-24 18:07:14.953  2933 30155 I HoneySpace.SuggestedItemsFacade: filteredItem : PK(p='com.sec.android.app.myfiles', u=UserHandle{0})
04-24 18:07:14.953  2933 30155 I HoneySpace.SuggestedItemsFacade: filteredItem : PK(p='com.samsung.android.appseparation', u=UserHandle{0})
04-24 18:07:14.953  2933 30155 I HoneySpace.SuggestedItemsFacade: filteredItem : PK(p='com.nautilus.realcricket', u=UserHandle{0})
04-24 18:07:14.953  2933 30155 I HoneySpace.SuggestedItemsFacade: filteredItem : PK(p='com.anonymous.gurustudy', u=UserHandle{0})
04-24 18:07:14.953  2933 30155 I HoneySpace.BadgeDataSourceImpl: Get notification count. PK(p='com.google.android.gm', u=UserHandle{0}) - forceBadgeCount: false, notification listener: 14, badge provider: 0
04-24 18:07:14.953  2933 30155 I HoneySpace.SuggestedItemsFacade: after getFilteredDPSItems: 6 / max: 18
04-24 18:07:14.953  2933 30155 I HoneySpace.SuggestedAppsProvider[InstalledItems]: Initialized time=Mon Aug 04 09:16:15 GMT+05:30 2025
04-24 18:07:14.955  2933  4814 I Kumiho-Kumiho: getPackageName: com.sec.android.app.launcher
04-24 18:07:14.956  1177  1319 I SurfaceFlinger: Capture layer list: 	 Wallpaper BBQ wrapper 7_systemlock#83(seamlessTransition:0)
04-24 18:07:14.956  1177  1319 I SurfaceFlinger: Capture layer list: 	 com.sec.android.app.launcher/com.sec.android.app.launcher.activities.LauncherActivity$_2933#57299(seamlessTransition:0)
04-24 18:07:14.957  2933  4814 I Kumiho-Kumiho: getPackageName: com.sec.android.app.launcher
04-24 18:07:14.959  2933 30155 I HoneySpace.FilteredItemProvider: collect filtered items o, [PK(p='com.anonymous.gurustudy.dev', u=UserHandle{0}), PK(p='com.google.android.youtube', u=UserHandle{0}), PK(p='com.samsung.android.lool', u=UserHandle{0}), PK(p='com.android.settings', u=UserHandle{0})]
04-24 18:07:14.959  2933 30155 I HoneySpace.FilteredItemProvider: collect filtered items i, [PK(p='com.samsung.android.calendar', u=UserHandle{0}), PK(p='com.sec.android.app.camera', u=UserHandle{0}), PK(p='com.android.chrome', u=UserHandle{0}), PK(p='com.samsung.android.app.notes', u=UserHandle{0}), PK(p='com.sec.android.app.myfiles', u=UserHandle{0})]
04-24 18:07:14.959  2933 30155 I HoneySpace.FilteredItemProvider: collect filtered items e, [PK(p='com.samsung.android.appseparation', u=UserHandle{0})]
04-24 18:07:14.959  2933 30155 I HoneySpace.FilteredItemProvider: collect filtered items f, []
04-24 18:07:14.960  2933 30155 I HoneySpace.FilteredItemProvider: collect filtered items m, [PK(p='com.nautilus.realcricket', u=UserHandle{0}), PK(p='com.anonymous.gurustudy', u=UserHandle{0})]
04-24 18:07:14.960  2933 30155 I HoneySpace.FilteredItemProvider: collect filtered items b, []
04-24 18:07:14.960  2933 30155 I HoneySpace.FilteredItemProvider: collect filtered items d, []
04-24 18:07:14.960  2933 30155 I HoneySpace.SuggestedAppsProvider: Collecting Start : P5.f@2ff529b
04-24 18:07:14.960  2933 30155 I HoneySpace.SuggestedAppsProvider: Collecting Start : P5.z@8efdbda
04-24 18:07:14.962  2933 30155 I HoneySpace.SuggestedAppsProvider[UsedCountItems]: usageStats: 5, filter: 12, 18
04-24 18:07:14.962  2933 30155 W HoneySpace.SuggestedAppsItemMaker: Fail to create ItemInfo from com.samsung.android.app.interpreter
04-24 18:07:14.962  2933 30155 W HoneySpace.SuggestedAppsItemMaker: Fail to get item com.samsung.android.app.interpreter
04-24 18:07:14.963  2933 30155 W HoneySpace.SuggestedAppsItemMaker: Fail to create ItemInfo from com.android.dreams.basic
04-24 18:07:14.963  2933 30155 W HoneySpace.SuggestedAppsItemMaker: Fail to get item com.android.dreams.basic
04-24 18:07:14.963  2933 30155 I HoneySpace.SuggestedAppsProvider: Collecting Start : P5.j@8258cf9
04-24 18:07:14.963  2933 30155 I HoneySpace.BadgeDataSourceImpl: Get notification count. PK(p='com.cerebellummobileapp', u=UserHandle{0}) - forceBadgeCount: false, notification listener: 6, badge provider: 0
04-24 18:07:14.963  2933 30155 I HoneySpace.BadgeDataSourceImpl: Get notification count. PK(p='com.google.android.googlequicksearchbox', u=UserHandle{0}) - forceBadgeCount: false, notification listener: 1, badge provider: 0
04-24 18:07:14.963  2933 30155 I HoneySpace.BadgeDataSourceImpl: Get notification count. PK(p='one.dbmci', u=UserHandle{0}) - forceBadgeCount: false, notification listener: 5, badge provider: 5
04-24 18:07:14.964  2933 30155 I HoneySpace.SuggestedItemsFacade: getFinalItems() : 18 / 24, 18
04-24 18:07:14.964  2933 30155 I HoneySpace.SuggestedItemsFacade: getFinalItems : Messages, com.google.android.apps.messaging/.ui.ConversationListActivity#UserHandle{0}
04-24 18:07:14.964  2933 30155 I HoneySpace.SuggestedItemsFacade: getFinalItems : Play Store, com.android.vending/.AssetBrowserActivity#UserHandle{0}
04-24 18:07:14.964  2933 30155 I HoneySpace.SuggestedItemsFacade: getFinalItems : Gmail, com.google.android.gm/.ConversationListActivityGmail#UserHandle{0}
04-24 18:07:14.964  2933 30155 I HoneySpace.SuggestedItemsFacade: getFinalItems : Photos, com.google.android.apps.photos/.home.HomeActivity#UserHandle{0}
04-24 18:07:14.964  2933 30155 I HoneySpace.SuggestedItemsFacade: getFinalItems : Outlook, com.microsoft.office.outlook/.MainActivity#UserHandle{0}
04-24 18:07:14.964  2933 30155 I HoneySpace.SuggestedItemsFacade: getFinalItems : Spotify, com.spotify.music/.MainActivity#UserHandle{0}
04-24 18:07:14.964  2933 30155 I HoneySpace.SuggestedItemsFacade: getFinalItems : Firefox, org.mozilla.firefox/.App#UserHandle{0}
04-24 18:07:14.964  2933 30155 I HoneySpace.SuggestedItemsFacade: getFinalItems : Cerebellum, com.cerebellummobileapp/.MainActivity#UserHandle{0}
04-24 18:07:14.964  2933 30155 I HoneySpace.SuggestedItemsFacade: getFinalItems : Google, com.google.android.googlequicksearchbox/.SearchActivity#UserHandle{0}
04-24 18:07:14.964  2933 30155 I HoneySpace.SuggestedItemsFacade: getFinalItems : eFootball™, jp.konami.pesam/com.epicgames.ue4.SplashActivity#UserHandle{0}
04-24 18:07:14.965  2933 30155 I HoneySpace.SuggestedItemsFacade: getFinalItems : Gallery, com.sec.android.gallery3d/com.samsung.android.gallery.app.activity.GalleryActivity#UserHandle{0}
04-24 18:07:14.965  2933 30155 I HoneySpace.SuggestedItemsFacade: getFinalItems : NotiStar, com.samsung.systemui.notilus/.NotiCenterPage#UserHandle{0}
04-24 18:07:14.965  2933 30155 I HoneySpace.SuggestedItemsFacade: getFinalItems : 1.1.1.1, com.cloudflare.onedotonedotonedotone/com.cloudflare.app.presentation.main.SplashActivity#UserHandle{0}
04-24 18:07:14.965  2933 30155 I HoneySpace.SuggestedItemsFacade: getFinalItems : Proton VPN, ch.protonvpn.android/.RoutingActivity#UserHandle{0}
04-24 18:07:14.965  2933 30155 I HoneySpace.SuggestedItemsFacade: getFinalItems : Edge Gallery, com.google.ai.edge.gallery/.MainActivity#UserHandle{0}
04-24 18:07:14.965  2933 30155 I HoneySpace.SuggestedItemsFacade: getFinalItems : ZArchiver, ru.zdevs.zarchiver/.ZArchiver#UserHandle{0}
04-24 18:07:14.965  2933 30155 I HoneySpace.SuggestedItemsFacade: getFinalItems : ChatGPT, com.openai.chatgpt/.MainActivity#UserHandle{0}
04-24 18:07:14.965  2933 30155 I HoneySpace.SuggestedItemsFacade: getFinalItems : Riseup VPN, se.leap.riseupvpn/se.leap.bitmaskclient.base.StartActivity#UserHandle{0}
04-24 18:07:14.965  2933 30155 I HoneySpace.SuggestedAppsRepositoryImpl: fetchSuggestedApps() end: 18, isDPSAvailable: true
04-24 18:07:14.965  2933  2933 I HoneySpace.FloatingAnimator: [Player:A(14.769)] container x: 955.053, y: 166.60387, scale : 0.28002563
04-24 18:07:14.966  2933 30155 I HoneySpace.HistoryViewModel@115467139@OneUI: classify subHotseat items, mode:Base
04-24 18:07:14.966  2933  2933 I HoneySpace.FloatingAnimator: [Player:A(14.769)] container x: 1013.8181, y: 174.25891, scale : 0.24027535
04-24 18:07:14.966  2933  2933 I HoneySpace.FloatingAnimator: [Player:A(14.769)] container x: 1005.45776, y: 174.25891, scale : 0.24027535
04-24 18:07:14.967  2933  4515 I VRI[LauncherActivity]@3f09a2d: mWNT: t=0xb40000723e32ca10 mBlastBufferQueue=0xb4000072be341b00 fn= 14 HdrRenderState mRenderHdrSdrRatio=1.0 caller= com.android.systemui.shared.launcher.ViewRootImplCompat.mergeWithNextTransaction:4 com.honeyspace.transition.utils.SurfaceTransactionApplier.scheduleApply$lambda$1:16 com.honeyspace.transition.utils.SurfaceTransactionApplier.b:0 
04-24 18:07:14.968  2933  4515 I VRI[LauncherActivity]@3f09a2d: mWNT: t=0xb40000723e2cf390 mBlastBufferQueue=0xb4000072be341b00 fn= 14 HdrRenderState mRenderHdrSdrRatio=1.0 caller= com.android.systemui.shared.launcher.ViewRootImplCompat.mergeWithNextTransaction:4 com.honeyspace.transition.utils.SurfaceTransactionApplier.scheduleApply$lambda$1:16 com.honeyspace.transition.utils.SurfaceTransactionApplier.b:0 
04-24 18:07:14.968  2933  4515 I VRI[LauncherActivity]@3f09a2d: mWNT: t=0xb40000723e316f90 mBlastBufferQueue=0xb4000072be341b00 fn= 14 HdrRenderState mRenderHdrSdrRatio=1.0 caller= com.android.systemui.shared.launcher.ViewRootImplCompat.mergeWithNextTransaction:4 com.honeyspace.transition.utils.SurfaceTransactionApplier.scheduleApply$lambda$1:16 com.honeyspace.transition.utils.SurfaceTransactionApplier.b:0 
04-24 18:07:14.972  2933 30155 I HoneySpace.BadgeDataSourceImpl: Get notification count. PK(p='com.google.android.gm', u=UserHandle{0}) - forceBadgeCount: false, notification listener: 14, badge provider: 0
04-24 18:07:14.975  1704  2270 V MdnieScenarioControlService: mAclOffEnabled : false
04-24 18:07:14.979  2933 30155 I HoneySpace.BadgeDataSourceImpl: Get notification count. PK(p='com.cerebellummobileapp', u=UserHandle{0}) - forceBadgeCount: false, notification listener: 6, badge provider: 0
04-24 18:07:14.980  2933 30155 I HoneySpace.BadgeDataSourceImpl: Get notification count. PK(p='com.google.android.googlequicksearchbox', u=UserHandle{0}) - forceBadgeCount: false, notification listener: 1, badge provider: 0
04-24 18:07:14.982  2933  2933 I HoneySpace.FloatingAnimator: [Player:A(14.769)] container x: 1004.64606, y: 174.18065, scale : 0.24104106
04-24 18:07:14.982  2933  2933 I HoneySpace.FloatingAnimator: [Player:A(14.769)] container x: 1056.4215, y: 180.81476, scale : 0.20590223
04-24 18:07:14.982  2933  2933 I HoneySpace.FloatingAnimator: [Player:A(14.769)] container x: 1048.4365, y: 180.81476, scale : 0.20590223
04-24 18:07:14.983  2933  4516 I VRI[LauncherActivity]@3f09a2d: mWNT: t=0xb40000723e2e9090 mBlastBufferQueue=0xb4000072be341b00 fn= 15 HdrRenderState mRenderHdrSdrRatio=1.0 caller= com.android.systemui.shared.launcher.ViewRootImplCompat.mergeWithNextTransaction:4 com.honeyspace.transition.utils.SurfaceTransactionApplier.scheduleApply$lambda$1:16 com.honeyspace.transition.utils.SurfaceTransactionApplier.b:0 
04-24 18:07:14.983  2933  4516 I VRI[LauncherActivity]@3f09a2d: mWNT: t=0xb40000723e3086d0 mBlastBufferQueue=0xb4000072be341b00 fn= 15 HdrRenderState mRenderHdrSdrRatio=1.0 caller= com.android.systemui.shared.launcher.ViewRootImplCompat.mergeWithNextTransaction:4 com.honeyspace.transition.utils.SurfaceTransactionApplier.scheduleApply$lambda$1:16 com.honeyspace.transition.utils.SurfaceTransactionApplier.b:0 
04-24 18:07:14.983  2933  4516 I VRI[LauncherActivity]@3f09a2d: mWNT: t=0xb40000723e2d9650 mBlastBufferQueue=0xb4000072be341b00 fn= 15 HdrRenderState mRenderHdrSdrRatio=1.0 caller= com.android.systemui.shared.launcher.ViewRootImplCompat.mergeWithNextTransaction:4 com.honeyspace.transition.utils.SurfaceTransactionApplier.scheduleApply$lambda$1:16 com.honeyspace.transition.utils.SurfaceTransactionApplier.b:0 
04-24 18:07:14.986  2933  2933 I HoneySpace.HistoryViewModel@115467139@OneUI: loadItem(HOTSEATBAR) : recentApp=id:-1058 label:Guru (Dev) componnet:com.anonymous.gurustudy.dev/com.anonymous.gurustudy.MainActivity#UserHandle{0} badgeCount:0  drag:false iconState:NONE, displayId:0, deskId:-1, taskInfo=[[id=2449 windowingMode=1 user=0 lastActiveTime=1572828544] null], isRunning=false, isMinimized=false, [2449]
04-24 18:07:14.987  2933  2933 I HoneySpace.HistoryViewModel@115467139@OneUI: loadItem(HOTSEATBAR) : recentApp=id:-1042 label:YouTube componnet:com.google.android.youtube/.app.honeycomb.Shell$HomeActivity#UserHandle{0} badgeCount:0  drag:false iconState:NONE, displayId:-1, deskId:-1, taskInfo=[[id=2380 windowingMode=1 user=0 lastActiveTime=1482561363] null], isRunning=false, isMinimized=false, [2380]
04-24 18:07:14.987  2933  2933 I HoneySpace.HistoryViewModel@115467139@OneUI: loadItem(HOTSEATBAR) : recentApp=id:-1070 label:Optimise battery usage componnet:com.android.settings/.fuelgauge.RequestIgnoreBatteryOptimizations#UserHandle{0} badgeCount:0  drag:false iconState:NONE, displayId:-1, deskId:-1, taskInfo=[[id=2346 windowingMode=1 user=0 lastActiveTime=1426310907] null], isRunning=false, isMinimized=false, [2346]
04-24 18:07:14.987  2933  2933 I HoneySpace.HistoryViewModel@115467139@OneUI: loadItem(HOTSEATBAR) : suggestedApp=id:-1046 label:Messages componnet:com.google.android.apps.messaging/.ui.ConversationListActivity#UserHandle{0} badgeCount:0  drag:false iconState:NONE, isRunning=false, isMinimized=false, [-1]
04-24 18:07:14.987  2933  2933 I HoneySpace.HistoryTaskView@224364360@OneUI: loading ? false
04-24 18:07:14.988  2933  2933 I HoneySpace.HistoryTaskView@224364360@OneUI: current state com.honeyspace.sdk.HomeScreen$Normal@163f84d
04-24 18:07:14.999  2933  2933 I HoneySpace.FloatingAnimator: [Player:A(14.769)] container x: 1047.5864, y: 181.16481, scale : 0.20658818
04-24 18:07:15.000  2933  2933 I HoneySpace.FloatingAnimator: [Player:A(14.769)] container x: 1089.8456, y: 186.52072, scale : 0.17795242
04-24 18:07:15.000  2933  2933 I HoneySpace.FloatingAnimator: [Player:A(14.769)] container x: 1082.7993, y: 186.52072, scale : 0.17795242
04-24 18:07:15.001  2933  4515 I VRI[LauncherActivity]@3f09a2d: mWNT: t=0xb40000723e2b3e10 mBlastBufferQueue=0xb4000072be341b00 fn= 16 HdrRenderState mRenderHdrSdrRatio=1.0 caller= com.android.systemui.shared.launcher.ViewRootImplCompat.mergeWithNextTransaction:4 com.honeyspace.transition.utils.SurfaceTransactionApplier.scheduleApply$lambda$1:16 com.honeyspace.transition.utils.SurfaceTransactionApplier.b:0 
04-24 18:07:15.002  2933  4515 I VRI[LauncherActivity]@3f09a2d: mWNT: t=0xb40000723e2cde90 mBlastBufferQueue=0xb4000072be341b00 fn= 16 HdrRenderState mRenderHdrSdrRatio=1.0 caller= com.android.systemui.shared.launcher.ViewRootImplCompat.mergeWithNextTransaction:4 com.honeyspace.transition.utils.SurfaceTransactionApplier.scheduleApply$lambda$1:16 com.honeyspace.transition.utils.SurfaceTransactionApplier.b:0 
04-24 18:07:15.002  2933  4515 I VRI[LauncherActivity]@3f09a2d: mWNT: t=0xb40000723e297a90 mBlastBufferQueue=0xb4000072be341b00 fn= 16 HdrRenderState mRenderHdrSdrRatio=1.0 caller= com.android.systemui.shared.launcher.ViewRootImplCompat.mergeWithNextTransaction:4 com.honeyspace.transition.utils.SurfaceTransactionApplier.scheduleApply$lambda$1:16 com.honeyspace.transition.utils.SurfaceTransactionApplier.b:0 
04-24 18:07:15.015  1377  1448 D agps    : [agps] WARNING: [CP] cp2_fd_1_reconnect_timeout
04-24 18:07:15.016  1377  1400 E agps    : [agps] ERR: [CP] get_ccci_uart  open failed node=[/dev/ttyC2] reason=[No such file or directory]
04-24 18:07:15.016  2933  2933 I HoneySpace.FloatingAnimator: [Player:A(14.769)] container x: 1081.9176, y: 186.42131, scale : 0.17856568
04-24 18:07:15.016  1377  1400 E agps    : [agps] ERR: [CP] get_eemcs_uart  open failed node=[/dev/eemcs_ipc_uart] reason=[No such file or directory]
04-24 18:07:15.016  2933  2933 I HoneySpace.FloatingAnimator: [Player:A(14.769)] container x: 1114.2865, y: 190.4786, scale : 0.15659958
04-24 18:07:15.016  1377  1400 E agps    : [agps] ERR: [CP] ccci_uart_1  open failed
04-24 18:07:15.016  2933  2933 I HoneySpace.FloatingAnimator: [Player:A(14.769)] container x: 1108.493, y: 190.4786, scale : 0.15659958
04-24 18:07:15.017  2933  4516 I VRI[LauncherActivity]@3f09a2d: mWNT: t=0xb40000723e2ebc50 mBlastBufferQueue=0xb4000072be341b00 fn= 17 HdrRenderState mRenderHdrSdrRatio=1.0 caller= com.android.systemui.shared.launcher.ViewRootImplCompat.mergeWithNextTransaction:4 com.honeyspace.transition.utils.SurfaceTransactionApplier.scheduleApply$lambda$1:16 com.honeyspace.transition.utils.SurfaceTransactionApplier.b:0 
04-24 18:07:15.018  2933  4516 I VRI[LauncherActivity]@3f09a2d: mWNT: t=0xb40000723e2f28d0 mBlastBufferQueue=0xb4000072be341b00 fn= 17 HdrRenderState mRenderHdrSdrRatio=1.0 caller= com.android.systemui.shared.launcher.ViewRootImplCompat.mergeWithNextTransaction:4 com.honeyspace.transition.utils.SurfaceTransactionApplier.scheduleApply$lambda$1:16 com.honeyspace.transition.utils.SurfaceTransactionApplier.b:0 
04-24 18:07:15.018  2933  4516 I VRI[LauncherActivity]@3f09a2d: mWNT: t=0xb40000723e2a9ed0 mBlastBufferQueue=0xb4000072be341b00 fn= 17 HdrRenderState mRenderHdrSdrRatio=1.0 caller= com.android.systemui.shared.launcher.ViewRootImplCompat.mergeWithNextTransaction:4 com.honeyspace.transition.utils.SurfaceTransactionApplier.scheduleApply$lambda$1:16 com.honeyspace.transition.utils.SurfaceTransactionApplier.b:0 
04-24 18:07:15.032  2933  2933 I HoneySpace.FloatingAnimator: [Player:A(14.769)] container x: 1107.5873, y: 189.26682, scale : 0.1571524
04-24 18:07:15.033  2933  2933 I HoneySpace.FloatingAnimator: [Player:A(14.769)] container x: 1135.3715, y: 192.68994, scale : 0.13824324
04-24 18:07:15.033  2933  2933 I HoneySpace.FloatingAnimator: [Player:A(14.769)] container x: 1130.0624, y: 192.68994, scale : 0.13824324
04-24 18:07:15.034  2933  4515 I VRI[LauncherActivity]@3f09a2d: mWNT: t=0xb40000723e2d2b90 mBlastBufferQueue=0xb4000072be341b00 fn= 18 HdrRenderState mRenderHdrSdrRatio=1.0 caller= com.android.systemui.shared.launcher.ViewRootImplCompat.mergeWithNextTransaction:4 com.honeyspace.transition.utils.SurfaceTransactionApplier.scheduleApply$lambda$1:16 com.honeyspace.transition.utils.SurfaceTransactionApplier.b:0 
04-24 18:07:15.035  2933  4515 I VRI[LauncherActivity]@3f09a2d: mWNT: t=0xb40000723e31e690 mBlastBufferQueue=0xb4000072be341b00 fn= 18 HdrRenderState mRenderHdrSdrRatio=1.0 caller= com.android.systemui.shared.launcher.ViewRootImplCompat.mergeWithNextTransaction:4 com.honeyspace.transition.utils.SurfaceTransactionApplier.scheduleApply$lambda$1:16 com.honeyspace.transition.utils.SurfaceTransactionApplier.b:0 
04-24 18:07:15.035  2933  4515 I VRI[LauncherActivity]@3f09a2d: mWNT: t=0xb40000723e2a66d0 mBlastBufferQueue=0xb4000072be341b00 fn= 18 HdrRenderState mRenderHdrSdrRatio=1.0 caller= com.android.systemui.shared.launcher.ViewRootImplCompat.mergeWithNextTransaction:4 com.honeyspace.transition.utils.SurfaceTransactionApplier.scheduleApply$lambda$1:16 com.honeyspace.transition.utils.SurfaceTransactionApplier.b:0 
04-24 18:07:15.041  6259  6856 I SGPController: onForegroundAppChanged() update=false, cn=ComponentInfo{com.sec.android.app.launcher/com.sec.android.app.launcher.Launcher}, r=SkRegion((0,0,133,1752)(2667,0,2800,1752))
04-24 18:07:15.049  2933  2933 I HoneySpace.FloatingAnimator: [Player:A(14.769)] container x: 1129.136, y: 192.02834, scale : 0.13874087
04-24 18:07:15.049  2933  2933 I HoneySpace.FloatingAnimator: [Player:A(14.769)] container x: 1150.1041, y: 194.58237, scale : 0.12442797
04-24 18:07:15.050  2933  2933 I HoneySpace.FloatingAnimator: [Player:A(14.769)] container x: 1145.8488, y: 194.58237, scale : 0.12442797
04-24 18:07:15.051  2933  4516 I VRI[LauncherActivity]@3f09a2d: mWNT: t=0xb40000723e2d7c10 mBlastBufferQueue=0xb4000072be341b00 fn= 19 HdrRenderState mRenderHdrSdrRatio=1.0 caller= com.android.systemui.shared.launcher.ViewRootImplCompat.mergeWithNextTransaction:4 com.honeyspace.transition.utils.SurfaceTransactionApplier.scheduleApply$lambda$1:16 com.honeyspace.transition.utils.SurfaceTransactionApplier.b:0 
04-24 18:07:15.051  2933  4516 I VRI[LauncherActivity]@3f09a2d: mWNT: t=0xb40000723e2cf8d0 mBlastBufferQueue=0xb4000072be341b00 fn= 19 HdrRenderState mRenderHdrSdrRatio=1.0 caller= com.android.systemui.shared.launcher.ViewRootImplCompat.mergeWithNextTransaction:4 com.honeyspace.transition.utils.SurfaceTransactionApplier.scheduleApply$lambda$1:16 com.honeyspace.transition.utils.SurfaceTransactionApplier.b:0 
04-24 18:07:15.052  2933  4516 I VRI[LauncherActivity]@3f09a2d: mWNT: t=0xb40000723e2c0590 mBlastBufferQueue=0xb4000072be341b00 fn= 19 HdrRenderState mRenderHdrSdrRatio=1.0 caller= com.android.systemui.shared.launcher.ViewRootImplCompat.mergeWithNextTransaction:4 com.honeyspace.transition.utils.SurfaceTransactionApplier.scheduleApply$lambda$1:16 com.honeyspace.transition.utils.SurfaceTransactionApplier.b:0 
04-24 18:07:15.057  1177  1319 I SurfaceFlinger: Capture layer list: 	 Wallpaper BBQ wrapper 7_systemlock#83(seamlessTransition:0)
04-24 18:07:15.057  1177  1319 I SurfaceFlinger: Capture layer list: 	 com.sec.android.app.launcher/com.sec.android.app.launcher.activities.LauncherActivity$_2933#57299(seamlessTransition:0)
04-24 18:07:15.066  2933  2933 I HoneySpace.FloatingAnimator: [Player:A(14.769)] container x: 1145.8488, y: 194.69102, scale : 0.12442797
04-24 18:07:15.066  2933  2933 I HoneySpace.FloatingAnimator: [Player:A(14.769)] container x: 1163.6166, y: 196.84198, scale : 0.112299554
04-24 18:07:15.066  2933  2933 I HoneySpace.FloatingAnimator: [Player:A(14.769)] container x: 1159.8135, y: 196.84198, scale : 0.112299554
04-24 18:07:15.068  2933  4515 I VRI[LauncherActivity]@3f09a2d: mWNT: t=0xb40000723e2f0950 mBlastBufferQueue=0xb4000072be341b00 fn= 20 HdrRenderState mRenderHdrSdrRatio=1.0 caller= com.android.systemui.shared.launcher.ViewRootImplCompat.mergeWithNextTransaction:4 com.honeyspace.transition.utils.SurfaceTransactionApplier.scheduleApply$lambda$1:16 com.honeyspace.transition.utils.SurfaceTransactionApplier.b:0 
04-24 18:07:15.068  2933  4515 I VRI[LauncherActivity]@3f09a2d: mWNT: t=0xb40000723e309d90 mBlastBufferQueue=0xb4000072be341b00 fn= 20 HdrRenderState mRenderHdrSdrRatio=1.0 caller= com.android.systemui.shared.launcher.ViewRootImplCompat.mergeWithNextTransaction:4 com.honeyspace.transition.utils.SurfaceTransactionApplier.scheduleApply$lambda$1:16 com.honeyspace.transition.utils.SurfaceTransactionApplier.b:0 
04-24 18:07:15.068  2933  4515 I VRI[LauncherActivity]@3f09a2d: mWNT: t=0xb40000723e27aad0 mBlastBufferQueue=0xb4000072be341b00 fn= 20 HdrRenderState mRenderHdrSdrRatio=1.0 caller= com.android.systemui.shared.launcher.ViewRootImplCompat.mergeWithNextTransaction:4 com.honeyspace.transition.utils.SurfaceTransactionApplier.scheduleApply$lambda$1:16 com.honeyspace.transition.utils.SurfaceTransactionApplier.b:0 
04-24 18:07:15.082  2933  2933 I HoneySpace.FloatingAnimator: [Player:A(14.769)] container x: 1158.8582, y: 195.7864, scale : 0.11271509
04-24 18:07:15.083  2933  2933 I HoneySpace.FloatingAnimator: [Player:A(14.769)] container x: 1172.8268, y: 197.45786, scale : 0.1031128
04-24 18:07:15.083  2933  2933 I HoneySpace.FloatingAnimator: [Player:A(14.769)] container x: 1169.6875, y: 197.45786, scale : 0.1031128
04-24 18:07:15.084  2933  4516 I VRI[LauncherActivity]@3f09a2d: mWNT: t=0xb40000723e2b4a50 mBlastBufferQueue=0xb4000072be341b00 fn= 21 HdrRenderState mRenderHdrSdrRatio=1.0 caller= com.android.systemui.shared.launcher.ViewRootImplCompat.mergeWithNextTransaction:4 com.honeyspace.transition.utils.SurfaceTransactionApplier.scheduleApply$lambda$1:16 com.honeyspace.transition.utils.SurfaceTransactionApplier.b:0 
04-24 18:07:15.084  2933  4516 I VRI[LauncherActivity]@3f09a2d: mWNT: t=0xb40000723e30d3d0 mBlastBufferQueue=0xb4000072be341b00 fn= 21 HdrRenderState mRenderHdrSdrRatio=1.0 caller= com.android.systemui.shared.launcher.ViewRootImplCompat.mergeWithNextTransaction:4 com.honeyspace.transition.utils.SurfaceTransactionApplier.scheduleApply$lambda$1:16 com.honeyspace.transition.utils.SurfaceTransactionApplier.b:0 
04-24 18:07:15.085  2933  4516 I VRI[LauncherActivity]@3f09a2d: mWNT: t=0xb40000723e2c1e10 mBlastBufferQueue=0xb4000072be341b00 fn= 21 HdrRenderState mRenderHdrSdrRatio=1.0 caller= com.android.systemui.shared.launcher.ViewRootImplCompat.mergeWithNextTransaction:4 com.honeyspace.transition.utils.SurfaceTransactionApplier.scheduleApply$lambda$1:16 com.honeyspace.transition.utils.SurfaceTransactionApplier.b:0 
04-24 18:07:15.099  2933  2933 I HoneySpace.FloatingAnimator: [Player:A(14.769)] container x: 1169.6875, y: 196.21133, scale : 0.1031128
04-24 18:07:15.099  2933  2933 I HoneySpace.FloatingAnimator: [Player:A(14.769)] container x: 1180.6082, y: 197.50179, scale : 0.0956627
04-24 18:07:15.100  2933  2933 I HoneySpace.FloatingAnimator: [Player:A(14.769)] container x: 1178.054, y: 197.50179, scale : 0.0956627
04-24 18:07:15.101  2933  4515 I VRI[LauncherActivity]@3f09a2d: mWNT: t=0xb40000723e2f3510 mBlastBufferQueue=0xb4000072be341b00 fn= 22 HdrRenderState mRenderHdrSdrRatio=1.0 caller= com.android.systemui.shared.launcher.ViewRootImplCompat.mergeWithNextTransaction:4 com.honeyspace.transition.utils.SurfaceTransactionApplier.scheduleApply$lambda$1:16 com.honeyspace.transition.utils.SurfaceTransactionApplier.b:0 
04-24 18:07:15.101  2933  4515 I VRI[LauncherActivity]@3f09a2d: mWNT: t=0xb40000723e3158d0 mBlastBufferQueue=0xb4000072be341b00 fn= 22 HdrRenderState mRenderHdrSdrRatio=1.0 caller= com.android.systemui.shared.launcher.ViewRootImplCompat.mergeWithNextTransaction:4 com.honeyspace.transition.utils.SurfaceTransactionApplier.scheduleApply$lambda$1:16 com.honeyspace.transition.utils.SurfaceTransactionApplier.b:0 
04-24 18:07:15.101  2933  4515 I VRI[LauncherActivity]@3f09a2d: mWNT: t=0xb40000723e28c490 mBlastBufferQueue=0xb4000072be341b00 fn= 22 HdrRenderState mRenderHdrSdrRatio=1.0 caller= com.android.systemui.shared.launcher.ViewRootImplCompat.mergeWithNextTransaction:4 com.honeyspace.transition.utils.SurfaceTransactionApplier.scheduleApply$lambda$1:16 com.honeyspace.transition.utils.SurfaceTransactionApplier.b:0 
04-24 18:07:15.116  2933  2933 I HoneySpace.FloatingAnimator: [Player:A(14.769)] container x: 1177.0802, y: 197.03893, scale : 0.09602231
04-24 18:07:15.116  2933  2933 I HoneySpace.FloatingAnimator: [Player:A(14.769)] container x: 1185.119, y: 197.98355, scale : 0.09050661
04-24 18:07:15.116  2933  2933 I HoneySpace.FloatingAnimator: [Player:A(14.769)] container x: 1183.1808, y: 197.98355, scale : 0.09050661
04-24 18:07:15.118  2933  4516 I VRI[LauncherActivity]@3f09a2d: mWNT: t=0xb40000723e2c7210 mBlastBufferQueue=0xb4000072be341b00 fn= 23 HdrRenderState mRenderHdrSdrRatio=1.0 caller= com.android.systemui.shared.launcher.ViewRootImplCompat.mergeWithNextTransaction:4 com.honeyspace.transition.utils.SurfaceTransactionApplier.scheduleApply$lambda$1:16 com.honeyspace.transition.utils.SurfaceTransactionApplier.b:0 
04-24 18:07:15.118  2933  4516 I VRI[LauncherActivity]@3f09a2d: mWNT: t=0xb40000723e2b07d0 mBlastBufferQueue=0xb4000072be341b00 fn= 23 HdrRenderState mRenderHdrSdrRatio=1.0 caller= com.android.systemui.shared.launcher.ViewRootImplCompat.mergeWithNextTransaction:4 com.honeyspace.transition.utils.SurfaceTransactionApplier.scheduleApply$lambda$1:16 com.honeyspace.transition.utils.SurfaceTransactionApplier.b:0 
04-24 18:07:15.119  2933  4516 I VRI[LauncherActivity]@3f09a2d: mWNT: t=0xb40000723e328950 mBlastBufferQueue=0xb4000072be341b00 fn= 23 HdrRenderState mRenderHdrSdrRatio=1.0 caller= com.android.systemui.shared.launcher.ViewRootImplCompat.mergeWithNextTransaction:4 com.honeyspace.transition.utils.SurfaceTransactionApplier.scheduleApply$lambda$1:16 com.honeyspace.transition.utils.SurfaceTransactionApplier.b:0 
04-24 18:07:15.132  2933  2933 I HoneySpace.FloatingAnimator: [Player:A(14.769)] container x: 1183.1808, y: 197.85048, scale : 0.09050661
04-24 18:07:15.133  2933  2933 I HoneySpace.FloatingAnimator: [Player:A(14.769)] container x: 1189.8324, y: 198.62714, scale : 0.085895695
04-24 18:07:15.133  2933  2933 I HoneySpace.FloatingAnimator: [Player:A(14.769)] container x: 1188.1987, y: 198.62714, scale : 0.085895695
04-24 18:07:15.134  2933  4515 I VRI[LauncherActivity]@3f09a2d: mWNT: t=0xb40000723e304b50 mBlastBufferQueue=0xb4000072be341b00 fn= 24 HdrRenderState mRenderHdrSdrRatio=1.0 caller= com.android.systemui.shared.launcher.ViewRootImplCompat.mergeWithNextTransaction:4 com.honeyspace.transition.utils.SurfaceTransactionApplier.scheduleApply$lambda$1:16 com.honeyspace.transition.utils.SurfaceTransactionApplier.b:0 
04-24 18:07:15.135  2933  4515 I VRI[LauncherActivity]@3f09a2d: mWNT: t=0xb40000723e2c5b50 mBlastBufferQueue=0xb4000072be341b00 fn= 24 HdrRenderState mRenderHdrSdrRatio=1.0 caller= com.android.systemui.shared.launcher.ViewRootImplCompat.mergeWithNextTransaction:4 com.honeyspace.transition.utils.SurfaceTransactionApplier.scheduleApply$lambda$1:16 com.honeyspace.transition.utils.SurfaceTransactionApplier.b:0 
04-24 18:07:15.135  2933  4515 I VRI[LauncherActivity]@3f09a2d: mWNT: t=0xb40000723e30fa50 mBlastBufferQueue=0xb4000072be341b00 fn= 24 HdrRenderState mRenderHdrSdrRatio=1.0 caller= com.android.systemui.shared.launcher.ViewRootImplCompat.mergeWithNextTransaction:4 com.honeyspace.transition.utils.SurfaceTransactionApplier.scheduleApply$lambda$1:16 com.honeyspace.transition.utils.SurfaceTransactionApplier.b:0 
04-24 18:07:15.149  2933  2933 I HoneySpace.FloatingAnimator: [Player:A(14.769)] container x: 1192.3198, y: 198.23509, scale : 0.082724765
04-24 18:07:15.149  2933  2933 I HoneySpace.FloatingAnimator: [Player:A(14.769)] container x: 1191.0586, y: 198.23509, scale : 0.082724765
04-24 18:07:15.151  2933  4516 I VRI[LauncherActivity]@3f09a2d: mWNT: t=0xb40000723e2ac390 mBlastBufferQueue=0xb4000072be341b00 fn= 25 HdrRenderState mRenderHdrSdrRatio=1.0 caller= com.android.systemui.shared.launcher.ViewRootImplCompat.mergeWithNextTransaction:4 com.honeyspace.transition.utils.SurfaceTransactionApplier.scheduleApply$lambda$1:16 com.honeyspace.transition.utils.SurfaceTransactionApplier.b:0 
04-24 18:07:15.151  2933  4516 I VRI[LauncherActivity]@3f09a2d: mWNT: t=0xb40000723e2d6a90 mBlastBufferQueue=0xb4000072be341b00 fn= 25 HdrRenderState mRenderHdrSdrRatio=1.0 caller= com.android.systemui.shared.launcher.ViewRootImplCompat.mergeWithNextTransaction:4 com.honeyspace.transition.utils.SurfaceTransactionApplier.scheduleApply$lambda$1:16 com.honeyspace.transition.utils.SurfaceTransactionApplier.b:0 
04-24 18:07:15.154  1289  1311 E thermal_core: find_tz_idx_by_name:"Failed to find thermal zone index of ap_ntc\n"
04-24 18:07:15.154  1289  1311 E thermal_core: find_tz_idx_by_name:"Failed to find thermal zone index of mtk-master-charger\n"
04-24 18:07:15.157  1177  1319 I SurfaceFlinger: Capture layer list: 	 Wallpaper BBQ wrapper 7_systemlock#83(seamlessTransition:0)
04-24 18:07:15.157  1177  1319 I SurfaceFlinger: Capture layer list: 	 com.sec.android.app.launcher/com.sec.android.app.launcher.activities.LauncherActivity$_2933#57299(seamlessTransition:0)
04-24 18:07:15.166  2933  2933 I HoneySpace.FloatingAnimator: [Player:A(14.769)] container x: 1194.7565, y: 197.67305, scale : 0.08015285
04-24 18:07:15.166  2933  2933 I HoneySpace.FloatingAnimator: [Player:A(14.769)] container x: 1193.8546, y: 197.67305, scale : 0.08015285
04-24 18:07:15.167  2933  4515 I VRI[LauncherActivity]@3f09a2d: mWNT: t=0xb40000723e2b4350 mBlastBufferQueue=0xb4000072be341b00 fn= 26 HdrRenderState mRenderHdrSdrRatio=1.0 caller= com.android.systemui.shared.launcher.ViewRootImplCompat.mergeWithNextTransaction:4 com.honeyspace.transition.utils.SurfaceTransactionApplier.scheduleApply$lambda$1:16 com.honeyspace.transition.utils.SurfaceTransactionApplier.b:0 
04-24 18:07:15.168  2933  4515 I VRI[LauncherActivity]@3f09a2d: mWNT: t=0xb40000723e347890 mBlastBufferQueue=0xb4000072be341b00 fn= 26 HdrRenderState mRenderHdrSdrRatio=1.0 caller= com.android.systemui.shared.launcher.ViewRootImplCompat.mergeWithNextTransaction:4 com.honeyspace.transition.utils.SurfaceTransactionApplier.scheduleApply$lambda$1:16 com.honeyspace.transition.utils.SurfaceTransactionApplier.b:0 
04-24 18:07:15.182  2933  2933 I HoneySpace.FloatingAnimator: [Player:A(14.769)] container x: 1196.8632, y: 197.02643, scale : 0.07807204
04-24 18:07:15.183  2933  2933 I HoneySpace.FloatingAnimator: [Player:A(14.769)] container x: 1196.5051, y: 197.02643, scale : 0.07807204
04-24 18:07:15.184  2933  4516 I VRI[LauncherActivity]@3f09a2d: mWNT: t=0xb40000723e2e6f50 mBlastBufferQueue=0xb4000072be341b00 fn= 27 HdrRenderState mRenderHdrSdrRatio=1.0 caller= com.android.systemui.shared.launcher.ViewRootImplCompat.mergeWithNextTransaction:4 com.honeyspace.transition.utils.SurfaceTransactionApplier.scheduleApply$lambda$1:16 com.honeyspace.transition.utils.SurfaceTransactionApplier.b:0 
04-24 18:07:15.184  2933  4516 I VRI[LauncherActivity]@3f09a2d: mWNT: t=0xb40000723e2caf50 mBlastBufferQueue=0xb4000072be341b00 fn= 27 HdrRenderState mRenderHdrSdrRatio=1.0 caller= com.android.systemui.shared.launcher.ViewRootImplCompat.mergeWithNextTransaction:4 com.honeyspace.transition.utils.SurfaceTransactionApplier.scheduleApply$lambda$1:16 com.honeyspace.transition.utils.SurfaceTransactionApplier.b:0 
04-24 18:07:15.199  2933  2933 I HoneySpace.FloatingAnimator: [Player:A(14.769)] container x: 1197.6642, y: 196.27806, scale : 0.07686412
04-24 18:07:15.200  2933  4515 I VRI[LauncherActivity]@3f09a2d: mWNT: t=0xb40000723e349490 mBlastBufferQueue=0xb4000072be341b00 fn= 28 HdrRenderState mRenderHdrSdrRatio=1.0 caller= com.android.systemui.shared.launcher.ViewRootImplCompat.mergeWithNextTransaction:4 com.honeyspace.transition.utils.SurfaceTransactionApplier.scheduleApply$lambda$1:16 com.honeyspace.transition.utils.SurfaceTransactionApplier.b:0 
04-24 18:07:15.216  2933  2933 I HoneySpace.FloatingAnimator: [Player:A(14.769)] container x: 1199.3951, y: 195.47874, scale : 0.07566827
04-24 18:07:15.217  2933  4516 I VRI[LauncherActivity]@3f09a2d: mWNT: t=0xb40000723e2f2010 mBlastBufferQueue=0xb4000072be341b00 fn= 29 HdrRenderState mRenderHdrSdrRatio=1.0 caller= com.android.systemui.shared.launcher.ViewRootImplCompat.mergeWithNextTransaction:4 com.honeyspace.transition.utils.SurfaceTransactionApplier.scheduleApply$lambda$1:16 com.honeyspace.transition.utils.SurfaceTransactionApplier.b:0 
04-24 18:07:15.232  2933  2933 I HoneySpace.FloatingAnimator: [Player:A(14.769)] container x: 1200.685, y: 195.62476, scale : 0.07477616
04-24 18:07:15.234  2933  4515 I VRI[LauncherActivity]@3f09a2d: mWNT: t=0xb40000723e299310 mBlastBufferQueue=0xb4000072be341b00 fn= 30 HdrRenderState mRenderHdrSdrRatio=1.0 caller= com.android.systemui.shared.launcher.ViewRootImplCompat.mergeWithNextTransaction:4 com.honeyspace.transition.utils.SurfaceTransactionApplier.scheduleApply$lambda$1:16 com.honeyspace.transition.utils.SurfaceTransactionApplier.b:0 
04-24 18:07:15.249  2933  2933 I HoneySpace.FloatingAnimator: [Player:A(14.769)] container x: 1201.6396, y: 194.73457, scale : 0.074123405
04-24 18:07:15.250  2933  4516 I VRI[LauncherActivity]@3f09a2d: mWNT: t=0xb40000723e2e2b10 mBlastBufferQueue=0xb4000072be341b00 fn= 31 HdrRenderState mRenderHdrSdrRatio=1.0 caller= com.android.systemui.shared.launcher.ViewRootImplCompat.mergeWithNextTransaction:4 com.honeyspace.transition.utils.SurfaceTransactionApplier.scheduleApply$lambda$1:16 com.honeyspace.transition.utils.SurfaceTransactionApplier.b:0 
04-24 18:07:15.257  1177  1319 I SurfaceFlinger: Capture layer list: 	 Wallpaper BBQ wrapper 7_systemlock#83(seamlessTransition:0)
04-24 18:07:15.257  1177  1319 I SurfaceFlinger: Capture layer list: 	 com.sec.android.app.launcher/com.sec.android.app.launcher.activities.LauncherActivity$_2933#57299(seamlessTransition:0)
04-24 18:07:15.266  2933  2933 I HoneySpace.FloatingAnimator: [Player:A(14.769)] container x: 1201.3065, y: 194.80942, scale : 0.07366495
04-24 18:07:15.267  2933  4515 I VRI[LauncherActivity]@3f09a2d: mWNT: t=0xb40000723e2e6d90 mBlastBufferQueue=0xb4000072be341b00 fn= 32 HdrRenderState mRenderHdrSdrRatio=1.0 caller= com.android.systemui.shared.launcher.ViewRootImplCompat.mergeWithNextTransaction:4 com.honeyspace.transition.utils.SurfaceTransactionApplier.scheduleApply$lambda$1:16 com.honeyspace.transition.utils.SurfaceTransactionApplier.b:0 
04-24 18:07:15.282  2933  2933 I HoneySpace.FloatingAnimator: [Player:A(14.769)] container x: 1201.8263, y: 193.86879, scale : 0.073284656
04-24 18:07:15.284  2933  4516 I VRI[LauncherActivity]@3f09a2d: mWNT: t=0xb40000723e2dd1d0 mBlastBufferQueue=0xb4000072be341b00 fn= 33 HdrRenderState mRenderHdrSdrRatio=1.0 caller= com.android.systemui.shared.launcher.ViewRootImplCompat.mergeWithNextTransaction:4 com.honeyspace.transition.utils.SurfaceTransactionApplier.scheduleApply$lambda$1:16 com.honeyspace.transition.utils.SurfaceTransactionApplier.b:0 
04-24 18:07:15.299  2933  2933 I HoneySpace.FloatingAnimator: [Player:A(14.769)] container x: 1202.2015, y: 193.91075, scale : 0.07302494
04-24 18:07:15.301  2933  4515 I VRI[LauncherActivity]@3f09a2d: mWNT: t=0xb40000723e2b7610 mBlastBufferQueue=0xb4000072be341b00 fn= 34 HdrRenderState mRenderHdrSdrRatio=1.0 caller= com.android.systemui.shared.launcher.ViewRootImplCompat.mergeWithNextTransaction:4 com.honeyspace.transition.utils.SurfaceTransactionApplier.scheduleApply$lambda$1:16 com.honeyspace.transition.utils.SurfaceTransactionApplier.b:0 
04-24 18:07:15.316  2933  2933 I HoneySpace.FloatingAnimator: [Player:A(14.769)] container x: 1203.0, y: 194.0, scale : 0.07248858
04-24 18:07:15.316  2933  2933 I HoneySpace.SpringAnimPlayer: [Player:A(14.769)] spring onAnimationEnd
04-24 18:07:15.317  2933  4516 I VRI[LauncherActivity]@3f09a2d: mWNT: t=0xb40000723e31b3d0 mBlastBufferQueue=0xb4000072be341b00 fn= 35 HdrRenderState mRenderHdrSdrRatio=1.0 caller= com.android.systemui.shared.launcher.ViewRootImplCompat.mergeWithNextTransaction:4 com.honeyspace.transition.utils.SurfaceTransactionApplier.scheduleApply$lambda$1:16 com.honeyspace.transition.utils.SurfaceTransactionApplier.b:0 
04-24 18:07:15.325  1704 31271 D SemInputDeviceManager: setProperty: (0) CMD,GRIP_DATA,2,1,0,0,6,6,37,37
04-24 18:07:15.325  1704 31271 D TspStateManager: wrote command: cmd=2,1,0,0,6,6,37,37, type=2
04-24 18:07:15.326  1704  2307 D SemInputDevice:TSP: SetPropertyTask: CMD,set_grip_data,2,1,0,0,6,6,37,37 [04-24 18:07:15.325]
04-24 18:07:15.327  1121  1136 I sysinput:aidl: onReportInformation:91, 1, cmd@set_grip_data,2,1,0,0,6,6,
04-24 18:07:15.328  1704  2307 D SysinputHAL_AIDL: setProperty(TSP(1)): CMD, set_grip_data,2,1,0,0,6,6,37,37 ret=0
04-24 18:07:15.328  1121  1136 I sysinput:Touch1: operator():237, OK
04-24 18:07:15.332  2933  2933 I HoneySpace.FloatingAnimator: [Player:A(14.769)] container x: 1203.0, y: 193.0, scale : 0.07248858
04-24 18:07:15.334  2933  4515 I VRI[LauncherActivity]@3f09a2d: mWNT: t=0xb40000723e29d910 mBlastBufferQueue=0xb4000072be341b00 fn= 36 HdrRenderState mRenderHdrSdrRatio=1.0 caller= com.android.systemui.shared.launcher.ViewRootImplCompat.mergeWithNextTransaction:4 com.honeyspace.transition.utils.SurfaceTransactionApplier.scheduleApply$lambda$1:16 com.honeyspace.transition.utils.SurfaceTransactionApplier.b:0 
04-24 18:07:15.349  1177  1177 E SurfaceFlinger: alpha changed 0.000 -> 0.000 - Surface(name=Task=2449)/@0xd45000a_transition-leash#57304
04-24 18:07:15.349  2933  2933 I HoneySpace.SpringAnimPlayer: [Player:A(14.769)] floating spring animator end
04-24 18:07:15.349  2933  2933 I HoneySpace.FloatingAnimator: reset containerView, com.honeyspace.transition.anim.floating.ContainerView{3912ce5 V.E...... ........ 0,0-1752,1752}
04-24 18:07:15.349  2933  2933 I HoneySpace.FloatingAnimator: remove positionListener - com.honeyspace.transition.anim.floating.c@3d78c44
04-24 18:07:15.349  2933  2933 I HoneySpace.FloatingAnimator: [Player:A(14.769)] reset
04-24 18:07:15.349  2933  2933 I HoneySpace.IconView: setIconVisible : visible-true, currentForceHideBadge-true
04-24 18:07:15.349  2933  2933 I HoneySpace.IconView: updateInvisibleState true APP_CLOSING current:2 new:0
04-24 18:07:15.350  2933  2933 I HoneySpace.FloatingAnimator: playerCount : 0
04-24 18:07:15.350  2933  2933 I HoneySpace.FloatingFinishHelper: finishInProgress: true
04-24 18:07:15.350  2933  2933 I HoneySpace.AppCloseAnimationDelegate: animatorSet end
04-24 18:07:15.350  2933  2933 I HoneySpace.DeJankUtils: postAfterTraversal is called com.honeyspace.common.performance.JankWrapper$addCujInstrumentation$1$4$1@28c2d3a, immediate : true detail : app transition end
04-24 18:07:15.350  2933  2933 I HoneySpace.AnimationResult: finish, false
04-24 18:07:15.350  2933  2933 I HoneySpace.FloatingFinishHelper: isAppShow reset, immediate
04-24 18:07:15.350  2933  2933 I HoneySpace.FloatingAnimator: [Player:A(14.769)] spring set end called
04-24 18:07:15.351  1704  1877 I DisplayDeviceRepository: Display device changed render timings: "Built-in Screen", renderFrameRate=60.0, presentationDeadlineNanos=14600000, appVsyncOffsetNanos=3133334, frameRateOverrides=[{uid=10049 frameRateHz=60.0}, {uid=10065 frameRateHz=60.0}, {uid=10147 frameRateHz=60.0}]
04-24 18:07:15.356  1177  1177 D SurfaceFlinger: Display 4627039422300187648 HWC layers:
04-24 18:07:15.356  1177  1177 D SurfaceFlinger:        CLIENT |           10569914554691 | 00000100 | RGBA_8888    |   45.0   28.0 2755.0 1724.0 |    0    0 2800 1752 | Wallpaper BBQ wrapper 7_systemlock#83 (53)
04-24 18:07:15.356  1177  1177 D SurfaceFlinger:        CLIENT |           12597139089805 | 00002100 | RGBA_8888    |    0.0    0.0 2800.0 1752.0 |    0    0 2800 1752 | com.sec.android.app.launcher/com.sec[...]ivities.LauncherActivity$_2933#57299 (blurRegions) (35)
04-24 18:07:15.356  1177  1177 D SurfaceFlinger:        CLIENT |           10569914554752 | 00002100 | RGBA_8888    |    0.0    0.0 2800.0   60.0 |    0    0 2800   60 | StatusBar$_2461#106 (112974)
04-24 18:07:15.356  1177  1177 D SurfaceFlinger:        CLIENT |           12597139089787 | 00002100 | RGBA_8888    |    0.0    0.0   67.0  172.0 | 2733  466 2800  638 | com.sec.android.app.launcher/com.sam[...]l.app.CocktailBarService$_2933#57198 (1)
04-24 18:07:15.356  1177  1177 D SurfaceFlinger:        CLIENT |           10569914554763 | 00002100 | RGBA_8888    |    0.0    0.0 2800.0   96.0 |    0 1656 2800 1752 | NavigationBar0$_2461#102 (39100)
04-24 18:07:15.356  1177  1177 D SurfaceFlinger:        CLIENT |           17630840751895 | 00002100 | RGBA_8888    |    0.0    0.0  124.0  162
04-24 18:07:15.356  1177  1177 D SurfaceFlinger: .0 | 2676  435 2800  597 | Air_Cmd(Floating)$_4105#57212 (1)
04-24 18:07:15.356  1177  1177 D SurfaceFlinger: 
04-24 18:07:15.357  2461  2597 V WindowManagerShell: Transition animation finished (aborted=false), notifying core (#3620) android.os.BinderProxy@95118c7@0
