04-24 18:07:17.745  1704  1744 I BroadcastQueue: BOOT_COMPLETED_BROADCAST_COMPLETION_LATENCY_REPORTED action:android.intent.action.BOOT_COMPLETED dispatchLatency:0 completeLatency:733 dispatchRealLatency:0 completeRealLatency:733 receiversSize:3 userId:0 userType:android.os.usertype.full.SYSTEM
04-24 18:07:17.745  1177  1177 D SurfaceFlinger: Display 4627039422300187648 HWC layers:
04-24 18:07:17.745  1177  1177 D SurfaceFlinger:        DEVICE |          134462541135875 | 00002102 | RGBA_8888    |    0.0    0.0 2800.0 1752.0 |    0    0 2800 1752 | com.anonymous.gurustudy.dev/expo.mod[...]her.DevLauncherActivity$_31307#57317 (2)
04-24 18:07:17.745  1177  1177 D SurfaceFlinger:        DEVICE |           10569914554796 | 00002100 | RGBA_8888    |    0.0    0.0 2800.0 1752.0 |    0    0 2800 1752 | Splash Screen com.anonymous.gurustudy.dev$_2461#57311 (2)
04-24 18:07:17.745  1177  1177 D SurfaceFlinger:        DEVICE |           10569914554744 | 00002100 | RGBA_8888    |    0.0    0.0 2800.0   60.0 |    0    0 2800   60 | StatusBar$_2461#106 (112975)
04-24 18:07:17.745  1177  1177 D SurfaceFlinger:        CLIENT |           12597139089787 | 00002100 | RGBA_8888    |    0.0    0.0   67.0  172.0 | 2733  466 2800  638 | com.sec.android.app.launcher/com.sam[...]l.app.CocktailBarService$_2933#57198 (1)
04-24 18:07:17.745  1177  1177 D SurfaceFlinger:        CLIENT |           10569914554763 | 00002100 | RGBA_8888    |    0.0    0.0 2800.0   96.0 |    0 1656 2800 1752 | NavigationBar0$_2461#102 (39100)
04-24 18:07:17.745  1177  1177 D SurfaceFlinger:        CLIENT |           17630840751895 | 00002100 | RGBA_8888    |    0.0    0.0  124.0  162
04-24 18:07:17.745  1177  1177 D SurfaceFlinger: .0 | 2676  435 2800  597 | Air_Cmd(Floating)$_4105#57212 (1)
04-24 18:07:17.745  1177  1177 D SurfaceFlinger: 
04-24 18:07:17.745  1097  1279 W hwcomposer: [DRMDEV] paramIsSame(), id 14114, w 2800/2800, h 1752/1752, pitch 2816/2816, format 0x2/0x1, secure 0/0  
04-24 18:07:17.745  2461  2630 D StackScroller: onDisplayChanged for predraw skip to 2
04-24 18:07:17.746  1704  1744 D InputDispatcher: Focus entered window (0): 86dba15 com.anonymous.gurustudy.dev/expo.modules.devlauncher.launcher.DevLauncherActivity
04-24 18:07:17.754 31307 31307 I View    : setRequestedFrameRate frameRate=NaN, this=androidx.compose.ui.platform.AndroidComposeView{795881a VFED..... ......ID 0,0-2800,1752 aid=1073741824}, caller=android.view.ViewGroup.setRequestedFrameRate:9952 androidx.compose.ui.platform.Api35Impl.setRequestedFrameRate:3314 androidx.compose.ui.platform.AndroidComposeView.dispatchDraw:1949 android.view.View.draw:26345 android.view.View.updateDisplayListIfDirty:25175 
04-24 18:07:17.754 31307 31307 I View    : setRequestedFrameRate frameRate=-4.0, this=android.view.View{65a4116 V.ED..... ........ 0,0-0,0}, caller=androidx.compose.ui.platform.Api35Impl.setRequestedFrameRate:3314 androidx.compose.ui.platform.AndroidComposeView.dispatchDraw:1950 android.view.View.draw:26345 android.view.View.updateDisplayListIfDirty:25175 android.view.ViewGroup.recreateChildDisplayList:4794 
04-24 18:07:17.757 31307 31307 I View    : setRequestedFrameRate frameRate=NaN, this=androidx.compose.ui.platform.AndroidComposeView{795881a VFED..... ........ 0,0-2800,1752 aid=1073741824}, caller=android.view.ViewGroup.setRequestedFrameRate:9952 androidx.compose.ui.platform.Api35Impl.setRequestedFrameRate:3314 androidx.compose.ui.platform.AndroidComposeView.dispatchDraw:1949 android.view.View.draw:26345 android.view.View.updateDisplayListIfDirty:25175 
04-24 18:07:17.757 31307 31307 I View    : setRequestedFrameRate frameRate=NaN, this=android.view.View{65a4116 V.ED..... ........ 0,0-0,0}, caller=androidx.compose.ui.platform.Api35Impl.setRequestedFrameRate:3314 androidx.compose.ui.platform.AndroidComposeView.dispatchDraw:1950 android.view.View.draw:26345 android.view.View.updateDisplayListIfDirty:25175 android.view.ViewGroup.recreateChildDisplayList:4794 
04-24 18:07:17.758 31307 31307 D VRI[DevLauncherActivity]@ea8fbae: mThreadedRenderer.initializeIfNeeded()#2 mSurface={isValid=true 0xb40000726e2800e0}
04-24 18:07:17.758  2461  2675 I VRI[dev]@7c32216: mWNT: t=0xb40000723e3da890 mBlastBufferQueue=0xb4000072be2c8e50 fn= 4 HdrRenderState mRenderHdrSdrRatio=1.0 caller= android.view.SyncRtSurfaceTransactionApplier.applyTransaction:100 android.view.SyncRtSurfaceTransactionApplier.lambda$scheduleApply$0:73 android.view.SyncRtSurfaceTransactionApplier.$r8$lambda$afI4fXg3U3-nBZQEDQMiNy-B06s:0 
04-24 18:07:17.758 31307 31307 D InputMethodManagerUtils: startInputInner - Id : 0
04-24 18:07:17.758 31307 31307 I InputMethodManager: startInputInner - IInputMethodManagerGlobalInvoker.startInputOrWindowGainedFocus
04-24 18:07:17.759  1704  2194 V InputMethodManagerService: startInputOrWindowGainedFocusInternalLocked: reason=WINDOW_FOCUS_GAIN client=android.os.BinderProxy@3916159 inputContext=null editorInfo=android.view.inputmethod.EditorInfo@eed9000 startInputFlags=VIEW_HAS_FOCUS|INITIAL_CONNECTION softInputMode=STATE_UNSPECIFIED|ADJUST_PAN|IS_FORWARD_NAVIGATION windowFlags=#81810100 unverifiedTargetSdkVersion=36 bindingController=com.android.server.inputmethod.InputMethodBindingController@a39d8f3 imeDispatcher=android.window.ImeOnBackInvokedDispatcher@d068039 cs=ClientState{bec267e mUid=10479 mPid=31307 mSelfReportedDisplayId=0} imeRequestedVisible=false
04-24 18:07:17.759  1704  2194 V InputMethodManagerService: setWindowStateInner, windowToken=android.os.BinderProxy@8c057cc, state=ImeTargetWindowState{ imeToken null imeFocusChanged true hasEditorFocused false requestedImeVisible false imeDisplayId 0 softInputModeState STATE_UNSPECIFIED|ADJUST_PAN|IS_FORWARD_NAVIGATION isStartInputByGainFocus true}
04-24 18:07:17.759  1704  2194 V InputMethodManagerService: Unspecified window will hide input
04-24 18:07:17.759  1704  2194 I ImeTracker: com.anonymous.gurustudy.dev:c4101494: onRequestHide at ORIGIN_SERVER reason HIDE_UNSPECIFIED_WINDOW fromUser false
04-24 18:07:17.760  1704  2194 V InputMethodManagerService: applyImeVisibility state=6
04-24 18:07:17.760  1704  2194 D SemInputMethodManagerServiceUtil: restorePreviousUsedInputMethod : failed to return the previous ime becuase the stored info is null or do not need restore
04-24 18:07:17.760  1704  2194 V InputMethodManagerService: semComputeImeDisplayIdForTarget: displayToShowIme=0
04-24 18:07:17.760  1704  2194 V InputMethodManagerService: unbindCurrentInputLocked: client=android.os.BinderProxy@78a2df6
04-24 18:07:17.761  1704  2194 V InputMethodManagerService: Creating new session for client ClientState{bec267e mUid=10479 mPid=31307 mSelfReportedDisplayId=0}
04-24 18:07:17.761  1704  2194 V InputMethodManagerService: Creating new session for client ClientState{bec267e mUid=10479 mPid=31307 mSelfReportedDisplayId=0}
04-24 18:07:17.761  1704  2194 D InputTransport: Input channel constructed: 'ClientS', fd=1334
04-24 18:07:17.761  1704  2194 D InputTransport: Input channel constructed: 'ClientS', fd=1335
04-24 18:07:17.761 31307 31307 I View    : setRequestedFrameRate frameRate=NaN, this=androidx.compose.ui.platform.AndroidComposeView{795881a VFED..... ........ 0,0-2800,1752 aid=1073741824}, caller=android.view.ViewGroup.setRequestedFrameRate:9952 androidx.compose.ui.platform.Api35Impl.setRequestedFrameRate:3314 androidx.compose.ui.platform.AndroidComposeView.dispatchDraw:1949 android.view.View.draw:26345 android.view.View.updateDisplayListIfDirty:25175 
04-24 18:07:17.761 31307 31307 I View    : setRequestedFrameRate frameRate=NaN, this=android.view.View{65a4116 V.ED..... ........ 0,0-0,0}, caller=androidx.compose.ui.platform.Api35Impl.setRequestedFrameRate:3314 androidx.compose.ui.platform.AndroidComposeView.dispatchDraw:1950 android.view.View.draw:26345 android.view.View.updateDisplayListIfDirty:25175 android.view.ViewGroup.recreateChildDisplayList:4794 
04-24 18:07:17.761  1704  2194 D InputTransport: Input channel destroyed: 'ClientS', fd=1335
04-24 18:07:17.762  1704  2194 V InputMethodManagerService: Creating new accessibility sessions for client ClientState{bec267e mUid=10479 mPid=31307 mSelfReportedDisplayId=0}
04-24 18:07:17.762 31307 31307 I InputMethodManager: handleMessage: setImeVisibility visible=false
04-24 18:07:17.762 31307 31307 D InsetsController: hide(ime(), fromIme=false)
04-24 18:07:17.762 31307 31307 I ImeTracker: com.anonymous.gurustudy.dev:c4101494: onCancelled at PHASE_CLIENT_ALREADY_HIDDEN
04-24 18:07:17.762  1704  1744 I SemDvfsHyPerManager: acquire hyper - AMS_RESUME_TAIL/1704@18, type = -999
04-24 18:07:17.763  1704  1744 I SemDvfsHyPerManager: acquire hyper - AMS_ACT_LAZY/1704@19, type = -999
04-24 18:07:17.763  1704  1744 D ActivityManagerPerformance: AMP_acquire() TAIL
04-24 18:07:17.763  1704  1744 D ActivityManagerPerformance: AMP_release() APP_SWITCH
04-24 18:07:17.763  1104  1126 I HYPER-HAL: [RequestManager.cpp]acquire(): Acquired ID : 1483521  [1704 / 18]    HINT : AMS_RESUME_TAIL    list : 
04-24 18:07:17.763  1104  1126 I mtkpower_client: perf_lock_rel, hdl:66886, tid:1126
04-24 18:07:17.763  1104  1126 I mtkpower_client: perf_lock_acq, hdl:0, dur:0, num:2, pid:1104, tid:1126
04-24 18:07:17.763  1104  1126 I mtkpower_client: ret_hdl:66889
04-24 18:07:17.763  1104  1126 I mtkpower_client: perf_lock_rel, hdl:66885, tid:1126
04-24 18:07:17.763  1104  1126 I mtkpower_client: perf_lock_acq, hdl:0, dur:0, num:2, pid:1104, tid:1126
04-24 18:07:17.763  1104  1126 I mtkpower_client: ret_hdl:66890
04-24 18:07:17.763  1104  1126 I mtkpower_client: perf_lock_rel, hdl:66888, tid:1126
04-24 18:07:17.764  1104  1126 I mtkpower_client: perf_lock_acq, hdl:0, dur:0, num:2, pid:1104, tid:1126
04-24 18:07:17.764  1104  1126 I mtkpower_client: ret_hdl:66891
04-24 18:07:17.764  1104  1126 I mtkpower_client: perf_lock_rel, hdl:66884, tid:1126
04-24 18:07:17.764  1104  1126 I mtkpower_client: perf_lock_acq, hdl:0, dur:0, num:2, pid:1104, tid:1126
04-24 18:07:17.764  1114  1198 I libPowerHal: [perfLockRel] hdl:66886, idx:28
04-24 18:07:17.764  1114  1198 I libPowerHal: [set_cpuidle] enable:1, fd:15, scn:0xb400007764ea1c60
04-24 18:07:17.764  1114  1198 I libPowerHal: [PD] vendor.samsung. update cmd:1c3c100 param:1
04-24 18:07:17.765  1114  1198 I libPowerHal: [perfLockAcq] idx:30 hdl:66889 hint:-1 pid:1104 tid:1126 duration:0 lock_user:vendor.samsung. => ret_hdl:66889
04-24 18:07:17.765  1114  1198 I libPowerHal: [set_cpuidle] enable:0, fd:15, scn:0xb400007764ea84b0
04-24 18:07:17.765  2933  2933 I SearchHoneyPot: onViewCreated: onStop
04-24 18:07:17.765  1114  1198 I libPowerHal: [PE] vendor.samsung. update cmd:1c3c100 param:0
04-24 18:07:17.765  2933  2933 I HoneySpace.ContentsAnimator: end call
04-24 18:07:17.766  2933  2933 I HoneySpace.BlurAnimator: end
04-24 18:07:17.766  2933  2933 I HoneySpace.BlurAnimator: reset
04-24 18:07:17.766  2933  2933 I VRI[LauncherActivity]@3f09a2d: stopped(true) old = false
04-24 18:07:17.767  2933  4628 I HoneySpace.HoneyAppWidgetHost: stopListening, host: @e79e4aa, hostId: 1024
04-24 18:07:17.767  1704  3043 I AppWidgetServiceImpl: stopListening callbacks : null
04-24 18:07:17.768  1114  1198 I libPowerHal: [perfLockRel] hdl:66885, idx:27
04-24 18:07:17.768  1114  1198 I libPowerHal: [setClusterCores] [CORE_CTL_SET_LIMIT_CPUS] cid:0 min:4 max:4
04-24 18:07:17.768  1114  1198 I libPowerHal: [setClusterCores] [CORE_CTL_SET_LIMIT_CPUS] cid:1 min:3 max:3
04-24 18:07:17.768  1114  1198 I libPowerHal: [setClusterCores] [CORE_CTL_SET_LIMIT_CPUS] cid:2 min:0 max:1
04-24 18:07:17.768  1114  1198 I libPowerHal: [setClusterCores] vendor.samsung.: set core_ctrl: -1 -1 -1 -1 -1 -1 
04-24 18:07:17.768  1704  1877 I ActivityManager: Changes in 10147 2 to 5, 255 to 184
04-24 18:07:17.768  1114  1198 I libPowerHal: [perfLockAcq] idx:33 hdl:66890 hint:-1 pid:1104 tid:1126 duration:0 lock_user:vendor.samsung. => ret_hdl:66890
04-24 18:07:17.768  1114  1198 I libPowerHal: [setClusterCores] scn:vendor.samsung. set cpu core[2] min:1 max:-1
04-24 18:07:17.768  1114  1198 I libPowerHal: [setClusterCores] [CORE_CTL_SET_LIMIT_CPUS] cid:0 min:4 max:4
04-24 18:07:17.768  1114  1198 I libPowerHal: [setClusterCores] [CORE_CTL_SET_LIMIT_CPUS] cid:1 min:3 max:3
04-24 18:07:17.768  1114  1198 I libPowerHal: [setClusterCores] [CORE_CTL_SET_LIMIT_CPUS] cid:2 min:1 max:1
04-24 18:07:17.768  1114  1198 I libPowerHal: [setClusterCores] vendor.samsung.: set core_ctrl: -1 -1 -1 -1 1 -1 
04-24 18:07:17.769  1114  1198 I libPowerHal: [perfLockRel] hdl:66888, idx:0
04-24 18:07:17.769  1704  4602 D InputMethodManagerService: isImeSwitcherDisabledPackage : false
04-24 18:07:17.769  1114  1198 I libPowerHal: [PD] vendor.samsung. update cmd:1000000 param:-1
04-24 18:07:17.769  1114  1198 I libPowerHal: [perfLockAcq] idx:34 hdl:66891 hint:-1 pid:1104 tid:1126 duration:0 lock_user:vendor.samsung. => ret_hdl:66891
04-24 18:07:17.769  1114  1198 I libPowerHal: [setDvfsrcDevFreqOpp] opp:2, freq:7488000000
04-24 18:07:17.769  1704  4602 D InputMethodManagerService: shouldShowImeSwitcherLocked : checking vis : 3
04-24 18:07:17.769  1114  1198 I libPowerHal: [PE] vendor.samsung. update cmd:1000000 param:2
04-24 18:07:17.770  1114  1198 I libPowerHal: [perfLockRel] hdl:66884, idx:18
04-24 18:07:17.770  1114  1198 I libPowerHal: [PD] vendor.samsung. update cmd:300c000 param:0
04-24 18:07:17.770  1704  4602 V InputMethodManagerService: Disabling: SessionState{uid=10147 pid=2933 method=6b3641d session=e50a692 channel=ClientState{3606dc0 mUid=10147 mPid=2933 mSelfReportedDisplayId=0} userId=0}
04-24 18:07:17.770  1104  1126 I mtkpower_client: ret_hdl:66892
04-24 18:07:17.770  1104  1126 I mtkpower_client: perf_lock_rel, hdl:66889, tid:1126
04-24 18:07:17.770  1704  4602 V InputMethodManagerService: Enabling: SessionState{uid=10479 pid=31307 method=6b3641d session=86976f4 channel=ClientState{bec267e mUid=10479 mPid=31307 mSelfReportedDisplayId=0} userId=0}
04-24 18:07:17.770  2933  2933 I HoneySpace.Launcher: !@Boot_EBS_D: Launcher.onStop()
04-24 18:07:17.770  1704  4602 D InputMethodManagerService: checkDisplayOfStartInputAndUpdateKeyboard: displayId=0, mFocusedDisplayId=0
04-24 18:07:17.770  2933  2933 I AutofillManager: onInvisibleForAutofill(): expiringResponse
04-24 18:07:17.770  1704  4602 D InputTransport: Input channel constructed: 'ClientS', fd=1336
04-24 18:07:17.770  2933  4568 I HoneySpace.Memory-Monitor: scheduleTrim delayTime=30000
04-24 18:07:17.770  2933  2933 I HoneySpace.OneUiSpace: onSaveInstanceState honeyScreen=G3.Z@1e3e7f7
04-24 18:07:17.770  1704  4602 D InputTransport: Input channel destroyed: 'ClientS', fd=1336
04-24 18:07:17.772 31307 31317 D InputTransport: Input channel constructed: 'ClientS', fd=162
04-24 18:07:17.773  1704  3147 D FreecessController: BG freezed, skip OLAF unfreeze for (com.samsung.android.rampart, 10194)
04-24 18:07:17.773  1114  1198 I libPowerHal: [perfLockAcq] idx:35 hdl:66892 hint:-1 pid:1104 tid:1126 duration:0 lock_user:vendor.samsung. => ret_hdl:66892
04-24 18:07:17.773  1155  1189 E HeatmapThread: ECT Thread time in milliseconds: 1777034237
04-24 18:07:17.773  1114  1198 I libPowerHal: [PE] vendor.samsung. update cmd:300c000, param:15
04-24 18:07:17.773  8302  8302 I bvwa    : onStop
04-24 18:07:17.773  4053  4053 I HBD     : HoneyBoardService onFinishInput 
04-24 18:07:17.773  1704  1744 D RestrictionPolicy: isScreenCaptureEnabled : ret=true userId=0
04-24 18:07:17.773  4053  4053 I HBD     : a IC have been unbinding,  RemoteInputConnection{idHash=#f2dc92e}
04-24 18:07:17.773  4053  4053 I HBD     : HoneyBoardService [PF_CL][onFinishInput]  0 ms 
04-24 18:07:17.773  4053  4053 I HBD     : HoneyBoardService [IMI] onStartInput - caller pid : 31307 , caller uid : 10479 
04-24 18:07:17.773  4053  4053 I HBD     : k updateConfigs 
04-24 18:07:17.773  4053  4053 I HBD     : k isEnabledNightMode : true 
04-24 18:07:17.773  4053  4053 I HBD     : a IC have been binding, RemoteInputConnection{idHash=#956a41d} 
04-24 18:07:17.773  4053  4053 I HBD     : h [EditorInputType]setPrivateImeOptionsToTable privateImeOptions ( null )
04-24 18:07:17.773  4053  4053 I HBD     : b incognitoMode : false 
04-24 18:07:17.773  4053  4053 I HBD     : c needOff = true , isForceOff = false, isNullInputClass : true 
04-24 18:07:17.773  1704  1744 I WindowManager: Cancelling animation restarting=true, leash=Surface(name=Surface(name=675925d InputMethod)/@0xec880d0 - animation-leash of insets_animation)/@0x9fdf3f4
04-24 18:07:17.773  1704  1744 I WindowManager: Reparenting to original parent: Surface(name=WindowToken{fd28927 type=2011 android.os.Binder@d9d8fe6})/@0x37e68c9, destroy=false, surface=Surface(name=675925d InputMethod)/@0xec880d0
04-24 18:07:17.773  4053  4053 I HBD     : h getDefaultInputRange : UNKNOWN 
04-24 18:07:17.773  4053  4053 I HBD     : h getDefaultInputRange : UNKNOWN 
04-24 18:07:17.773  4053  4053 I HBD     : h getDefaultInputRange : UNKNOWN 
04-24 18:07:17.774  1704  1744 I WindowManager: Reparenting to leash, surface=Surface(name=675925d InputMethod)/@0xec880d0, leashParent=Surface(name=WindowToken{fd28927 type=2011 android.os.Binder@d9d8fe6})/@0x37e68c9
04-24 18:07:17.774  1177  1502 I SurfaceFlinger: id=57321 createSurf, flag=24004, Surface(name=675925d InputMethod)/@0xec880d0 - animation-leash of insets_animation#57321
04-24 18:07:17.774  1704  1744 D WindowManager: makeSurface duration=0 leash=Surface(name=Surface(name=675925d InputMethod)/@0xec880d0 - animation-leash of insets_animation)/@0xec64978
04-24 18:07:17.774  1704  1744 D InsetsSourceProvider: updateControlForTarget: control=InsetsSourceControl: {3 mType=ime mSurfacePosition=Point(0, 60) mInsetsHint=Insets{left=0, top=0, right=0, bottom=885}}, target=Window{86dba15 u0 com.anonymous.gurustudy.dev/expo.modules.devlauncher.launcher.DevLauncherActivity}, from=com.android.server.wm.ImeInsetsSourceProvider.updateControlForTarget:17 com.android.server.wm.InsetsStateController.onControlTargetChanged:83 com.android.server.wm.DisplayContent.updateImeControlTarget:21 com.android.server.wm.DisplayContent.updateImeInputAndControlTarget:156 com.android.server.wm.WindowManagerService$LocalService.updateInputMethodTargetWindow:64 
04-24 18:07:17.774  1704  1744 I ImeTracker: system_server:2a5a494e: onRequestHide at ORIGIN_SERVER reason IME_REQUESTED_CHANGED_LISTENER fromUser false
04-24 18:07:17.775  1704  1877 V InputMethodManagerService: Client requesting input be hidden
04-24 18:07:17.775  1704  4602 E WindowManager: win=Window{b0adcbc u0 com.sec.android.app.launcher/com.sec.android.app.launcher.activities.LauncherActivity} destroySurfaces: appStopped=true cleanupOnResume=false win.mWindowRemovalAllowed=false win.mRemoveOnExit=false win.mViewVisibility=8 caller=com.android.server.wm.ActivityRecord.destroySurfaces:25 com.android.server.wm.ActivityRecord.activityStopped:192 com.android.server.wm.ActivityClientController.activityStopped:97 android.app.IActivityClientController$Stub.onTransact:740 com.android.server.wm.ActivityClientController.onTransact:1 android.os.Binder.execTransactInternal:1462 android.os.Binder.execTransact:1401 
04-24 18:07:17.775  1704  1877 V InputMethodManagerService: setWindowStateInner, windowToken=android.os.BinderProxy@8c057cc, state=ImeTargetWindowState{ imeToken android.os.Binder@95268b6 imeFocusChanged true hasEditorFocused false requestedImeVisible false imeDisplayId 0 softInputModeState STATE_UNSPECIFIED|ADJUST_PAN|IS_FORWARD_NAVIGATION isStartInputByGainFocus true}
04-24 18:07:17.775  1704  1877 I ImeTracker: system_server:2a5a494e: onCancelled at PHASE_SERVER_SHOULD_HIDE
04-24 18:07:17.775  1704  1877 V InputMethodManagerService: hideCurrentInputLocked : canceled, shouldHideSoftInput=false, mInputShown=false, mImeWindowVis=0
04-24 18:07:17.775  1704  1877 D SGM:FgCheckThread: getForegroundApp(), foregroundPkgName=com.anonymous.gurustudy.dev
04-24 18:07:17.775  1704  4602 E WindowManager: win=Window{d71c366 u0 com.sec.android.app.launcher/com.sec.android.app.launcher.activities.LauncherActivity} destroySurfaces: appStopped=true cleanupOnResume=false win.mWindowRemovalAllowed=false win.mRemoveOnExit=false win.mViewVisibility=8 caller=com.android.server.wm.ActivityRecord.destroySurfaces:25 com.android.server.wm.ActivityRecord.activityStopped:192 com.android.server.wm.ActivityClientController.activityStopped:97 android.app.IActivityClientController$Stub.onTransact:740 com.android.server.wm.ActivityClientController.onTransact:1 android.os.Binder.execTransactInternal:1462 android.os.Binder.execTransact:1401 
04-24 18:07:17.775  1704  1877 D SGM:FgCheckThread: pkgName: com.sec.android.app.launcher is not in foreground
04-24 18:07:17.775  1704  1877 D SGM:FgCheckThread: noteStopComponent(), received pkgName: com.sec.android.app.launcher, focusedPkgName: com.anonymous.gurustudy.dev, userId: 0
04-24 18:07:17.776 31307 31307 I View    : setRequestedFrameRate frameRate=NaN, this=androidx.compose.ui.platform.AndroidComposeView{795881a VFED..... ........ 0,0-2800,1752 aid=1073741824}, caller=android.view.ViewGroup.setRequestedFrameRate:9952 androidx.compose.ui.platform.Api35Impl.setRequestedFrameRate:3314 androidx.compose.ui.platform.AndroidComposeView.dispatchDraw:1949 android.view.View.draw:26345 android.view.View.updateDisplayListIfDirty:25175 
04-24 18:07:17.776 31307 31307 I View    : setRequestedFrameRate frameRate=NaN, this=android.view.View{65a4116 V.ED..... ........ 0,0-0,0}, caller=androidx.compose.ui.platform.Api35Impl.setRequestedFrameRate:3314 androidx.compose.ui.platform.AndroidComposeView.dispatchDraw:1950 android.view.View.draw:26345 android.view.View.updateDisplayListIfDirty:25175 android.view.ViewGroup.recreateChildDisplayList:4794 
04-24 18:07:17.777  1704  3147 D FreecessController: BG freezed, skip OLAF unfreeze for (com.google.android.gm, 10277)
04-24 18:07:17.777  1704  3147 D FreecessController: BG freezed, skip OLAF unfreeze for (com.samsung.android.app.reminder, 10317)
04-24 18:07:17.777  4053  4053 I HBD     : c needOff = true , isForceOff = false, isNullInputClass : true 
04-24 18:07:17.777  4053  4053 I HBD     : c update cached prediction status : false 
04-24 18:07:17.777  4053  4053 I HBD     : h getDefaultInputRange : UNKNOWN 
04-24 18:07:17.777  4053  4053 I HBD     : a currentState : 0 
04-24 18:07:17.777  4053  4053 I HBD     : a [UpdatePolicy] [post] a: 0 cl: 65555 kit: [0/0] vt: 0 ir: 1 
04-24 18:07:17.777  1299  1505 I CameraService: onUidStateChanged: uid=10260, procState is changed. (3 -> 5)
04-24 18:07:17.778  4053  4053 I HBD     : a [NRIC] resetNoResponseState 
04-24 18:07:17.778  4053  4053 I HBD     : c needOff = true , isForceOff = false, isNullInputClass : true 
04-24 18:07:17.778  4053  4053 I HBD     : c update cached prediction status : false 
04-24 18:07:17.778  4053  4053 I HBD     : b [AiWriter] setContact : com.anonymous.gurustudy.dev
04-24 18:07:17.778  4053  4053 I HBD     : a [AiWriter] setContact : com.anonymous.gurustudy.dev
04-24 18:07:17.778  4053  4053 I HBD     : o0 EBD si S 0 
04-24 18:07:17.778  4053  4053 I HBD     : r updateContactDBLanguage : 65555 
04-24 18:07:17.778  4053  4053 I HBD     : g isCoverDisplay : false, cached selected json info : SelectedLanguageInfo(languageVersion=4.2, currentLanguageOrder=0, selectedLanguageList=[SelectedLanguage(id=65555, isUsed=true, engName=English(India), inputType=qwerty, activeOptionList=[auto_replace, spell_check, auto_spacing, prediction], bilingualId=-1)]) 
04-24 18:07:17.778  4053  4053 I HBD     : g updateSelectedLanguageCache is succeeded. English(India) 
04-24 18:07:17.779  1704  1875 D PkgPredictorService-SecIpmManagerServiceImpl: bg information pid:2933 uid:10147 pkgName:com.sec.android.app.launcher
04-24 18:07:17.779  1704  1875 D ScreenCurtainController: ForegroundPackageObserver update: com.anonymous.gurustudy.dev
04-24 18:07:17.779  4053  4053 I HBD     : l writeToFile path : /data/user/0/com.samsung.android.honeyboard/files/selected.json 
04-24 18:07:17.779  4053  4053 I HBD     : l writeToFile json : {"version":"4.2","currentLanguageOrder":0,"selected":[{"activeOptionList":["auto_replace","spell_check","auto_spacing","prediction"],"bilingualId":-1,"engName":"English(India)","id":65555,"inputType":"qwerty","isUsed":true}]} 
04-24 18:07:17.779  1704  1875 D SGM:GameManager: identifyForegroundApp. com.anonymous.gurustudy.dev, mCurrentUserId: 0, callerUserId: 0
04-24 18:07:17.779  1704  1875 D SGM:SemGameManager: isForegroundGame(), ret=false
04-24 18:07:17.779  1704  1875 D SGM:GameManager: identifyForegroundApp. com.anonymous.gurustudy.dev, mCurrentUserId: 0, callerUserId: 0
04-24 18:07:17.779  1704  1875 D SGM:SemGameManager: isForegroundGame(), ret=false
04-24 18:07:17.779  1704  2729 I WindowManager: Relayout Window{31c6695 u0 Splash Screen com.anonymous.gurustudy.dev}: viewVisibility=8 req=2800x1752 ty=3 d0
04-24 18:07:17.779  1177  1319 I SurfaceFlinger: Capture layer list: 	 com.anonymous.gurustudy.dev/expo.modules.devlauncher.launcher.DevLauncherActivity$_31307#57317(seamlessTransition:0)
04-24 18:07:17.779  1177  1319 I SurfaceFlinger: Capture layer list: 	 Splash Screen com.anonymous.gurustudy.dev$_2461#57311(seamlessTransition:0)
04-24 18:07:17.780  1704  1704 I WALLPAPER_SVC:SemWallpaperManagerService: isHomeActivityVisible : false 
04-24 18:07:17.780  1704  1704 D WALLPAPER_SVC:WallpaperData: getWallpaperFile: file = /data/system/users/0/wallpaper_orig 
04-24 18:07:17.780  1704  1704 D WALLPAPER_SVC:WallpaperData: getWallpaperFile: file = /data/system/users/0/wallpaper_orig 
04-24 18:07:17.780  1704  2729 I WindowManager: Relayout hash=31c6695, pid=2461, syncId=-1: mAttrs={(0,0)(fillxfill) sim={adjust=pan} layoutInDisplayCutoutMode=always ty=APPLICATION_STARTING fmt=TRANSLUCENT wanim=0x1030317
04-24 18:07:17.780  1704  2729 I WindowManager:   fl=81030118
04-24 18:07:17.780  1704  2729 I WindowManager:   pfl=10000810
04-24 18:07:17.780  1704  2729 I WindowManager:   bhv=1
04-24 18:07:17.780  1704  2729 I WindowManager:   fitSides=0
04-24 18:07:17.780  1704  2729 I WindowManager:   frameRateBoostOnTouch=true
04-24 18:07:17.780  1704  2729 I WindowManager:   dvrrWindowFrameRateHint=true naviIconColor=0}
04-24 18:07:17.780  1704  1704 D WALLPAPER_SVC:WallpaperManagerService: dispatchHomeVisibilityChanged: visible = false, connection = com.android.server.wallpaper.WallpaperManagerService$WallpaperConnection@3e8a00a, systemWallpaper = WallpaperData@11f884e, id: 7, which: 7, file mod: 1768658951778, info: null, engine(s): Proxy@28fb2ba, type = 0, userId = 0, uri= null, allowBackup= true, wallpaperComponent = ComponentInfo{com.android.systemui/com.android.systemui.wallpapers.ImageWallpaper}, nextWallpaperComponent = ComponentInfo{com.android.systemui/com.android.systemui.wallpapers.ImageWallpaper} 
04-24 18:07:17.780  2461  2624 I VRI[dev]@7c32216: onActiveControlsChanged, removed=false, mAdded=true, caller=android.view.ViewRootImpl.handleInsetsControlChanged:3002 android.view.ViewRootImpl.relayoutWindow:11629 android.view.ViewRootImpl.performTraversals:4804 android.view.ViewRootImpl.doTraversal:3924 android.view.ViewRootImpl$TraversalRunnable.run:12903 
04-24 18:07:17.780  2461  2624 I BLASTBufferQueue: [VRI[dev]@7c32216#1186](f:0,a:2,s:0) destructor()
04-24 18:07:17.780  2461  2624 D BufferQueueConsumer: [VRI[dev]@7c32216#1186(BLAST Consumer)1186](id:99d000004a3,api:0,p:-1,c:2461) disconnect
04-24 18:07:17.780  1104  1126 I mtkpower_client: perf_lock_acq, hdl:0, dur:0, num:2, pid:1104, tid:1126
04-24 18:07:17.780  1704  2319 D BackgroundInstallControlService: Package event received: 0
04-24 18:07:17.780  2461  2624 I VRI[dev]@7c32216: Relayout returned: old=(0,0,2800,1752) new=(0,0,2800,1752) relayoutAsync=false req=(2800,1752)8 dur=2 res=0x2 s={false 0x0} ch=true seqId=0
04-24 18:07:17.780  2461  2624 D VRI[dev]@7c32216: Not drawing due to not visible. Reason=View.GONE
04-24 18:07:17.780  2461  2624 W WindowOnBackDispatcher: sendCancelIfRunning: isInProgress=false callback=android.view.ViewRootImpl$$ExternalSyntheticLambda16@6cc6afa
04-24 18:07:17.780  2461  2624 I VRI[dev]@7c32216: dispatchDetachedFromWindow
04-24 18:07:17.781  1704  4757 D CoreBackPreview: Window{31c6695 u0 Splash Screen com.anonymous.gurustudy.dev}: Setting back callback null
04-24 18:07:17.781  1704  4362 D WindowManager: Starting window removed Window{31c6695 u0 Splash Screen com.anonymous.gurustudy.dev}
04-24 18:07:17.781  1704  4362 I WindowManager: Cancelling animation restarting=false, leash=Surface(name=Surface(name=86dba15 com.anonymous.gurustudy.dev/expo.modules.devlauncher.launcher.DevLauncherActivity)/@0xf8a9201 - animation-leash of starting_reveal)/@0x62892e7
04-24 18:07:17.781  1704  4362 I WindowManager: Reparenting to original parent: Surface(name=ActivityRecord{26288555 u0 com.anonymous.gurustudy.dev/expo.modules.devlauncher.launcher.DevLauncherActivity t2450})/@0x442a8a6, destroy=false, surface=Surface(name=86dba15 com.anonymous.gurustudy.dev/expo.modules.devlauncher.launcher.DevLauncherActivity)/@0xf8a9201
04-24 18:07:17.781  1114  1198 I libPowerHal: [perfLockRel] hdl:66889, idx:30
04-24 18:07:17.781  1155  1189 D HeatmapThread: !@ batteryplugType : 0
04-24 18:07:17.781  1704  4362 D InputTransport: Input channel destroyed: '31c6695', fd=1164
04-24 18:07:17.781  1114  1198 I libPowerHal: [set_cpuidle] enable:1, fd:15, scn:0xb400007764ea84b0
04-24 18:07:17.781  1114  1198 I libPowerHal: [PD] vendor.samsung. update cmd:1c3c100 param:1
04-24 18:07:17.781  1704  4362 V WindowManager: Remove Window{31c6695 u0 Splash Screen com.anonymous.gurustudy.dev}: mSurfaceControl=Surface(name=Splash Screen com.anonymous.gurustudy.dev$_2461)/@0x2f0fefd mAnimatingExit=false mRemoveOnExit=false mHasSurface=true surfaceShowing=true animating=false app-animation=false callers=com.android.server.wm.Session.remove:16 android.view.IWindowSession$Stub.onTransact:804 com.android.server.wm.Session.onTransact:1 android.os.Binder.execTransactInternal:1462 android.os.Binder.execTransact:1401 <bottom of call stack> 
04-24 18:07:17.781  1155  1189 D HeatmapThread: !@ batteryLevel : 79  batteryTemperature : 303 
04-24 18:07:17.781  1155  1189 D HeatmapThread: !@ Heatmap currtime: 29617237
04-24 18:07:17.781  1155  1189 D HeatmapThread: !@ Heatmap prevtime: 29617210
04-24 18:07:17.781  1155  1189 D HeatmapThread: !@ Heatmap plugstarttime: 35791394
04-24 18:07:17.781  1155  1189 D HeatmapThread: !@ Heatmap prevv_dsoh_update_time: 29616754
04-24 18:07:17.781  1104  1126 I mtkpower_client: ret_hdl:66893
04-24 18:07:17.781  1104  1126 I mtkpower_client: perf_lock_rel, hdl:66890, tid:1126
04-24 18:07:17.781  1155  1189 E HeatmapThread: !@ CAM New BSOH: 100
04-24 18:07:17.781  1114  1198 I libPowerHal: [perfLockAcq] idx:0 hdl:66893 hint:-1 pid:1104 tid:1126 duration:0 lock_user:vendor.samsung. => ret_hdl:66893
04-24 18:07:17.781  1114  1198 I libPowerHal: [set_cpuidle] enable:0, fd:15, scn:0xb400007764e46800
04-24 18:07:17.781  1114  1198 I libPowerHal: [PE] vendor.samsung. update cmd:1c3c100 param:0
04-24 18:07:17.781  1104  1126 I mtkpower_client: perf_lock_acq, hdl:0, dur:0, num:2, pid:1104, tid:1126
04-24 18:07:17.782  4053  4053 I HBD     : l writeToFile complete 
04-24 18:07:17.782  1104  1126 I mtkpower_client: ret_hdl:66894
04-24 18:07:17.782  2461  2624 D InputTransport: Input channel destroyed: '31c6695', fd=476
04-24 18:07:17.782  1114  1198 I libPowerHal: [perfLockRel] hdl:66890, idx:33
04-24 18:07:17.782  1114  1198 I libPowerHal: [setClusterCores] [CORE_CTL_SET_LIMIT_CPUS] cid:0 min:4 max:4
04-24 18:07:17.782  1104  1126 I mtkpower_client: perf_lock_rel, hdl:66887, tid:1126
04-24 18:07:17.782  1114  1198 I libPowerHal: [setClusterCores] [CORE_CTL_SET_LIMIT_CPUS] cid:1 min:3 max:3
04-24 18:07:17.782  1114  1198 I libPowerHal: [setClusterCores] [CORE_CTL_SET_LIMIT_CPUS] cid:2 min:0 max:1
04-24 18:07:17.782  1114  1198 I libPowerHal: [setClusterCores] vendor.samsung.: set core_ctrl: -1 -1 -1 -1 -1 -1 
04-24 18:07:17.782  4053 31455 I HBD     : l Write selected lang for DE  
04-24 18:07:17.782  4053 31455 I HBD     : l writeToFile path : /data/user_de/0/com.samsung.android.honeyboard/files/selected.json 
04-24 18:07:17.782  4053  4053 I HBD     : g isCoverDisplay : false, cached selected json info : SelectedLanguageInfo(languageVersion=4.2, currentLanguageOrder=0, selectedLanguageList=[SelectedLanguage(id=65555, isUsed=true, engName=English(India), inputType=qwerty, activeOptionList=[auto_replace, spell_check, auto_spacing, prediction], bilingualId=-1)]) 
04-24 18:07:17.782  1114  1198 I libPowerHal: [perfLockAcq] idx:18 hdl:66894 hint:-1 pid:1104 tid:1126 duration:0 lock_user:vendor.samsung. => ret_hdl:66894
04-24 18:07:17.782  1114  1198 I libPowerHal: [setClusterCores] scn:vendor.samsung. set cpu core[2] min:1 max:-1
04-24 18:07:17.782  1114  1198 I libPowerHal: [setClusterCores] [CORE_CTL_SET_LIMIT_CPUS] cid:0 min:4 max:4
04-24 18:07:17.782  4053  4053 I HBD     : n updateActionOptionFromPreference isCover = false 
04-24 18:07:17.782  4053 31455 I HBD     : l writeToFile json : {"version":"4.2","currentLanguageOrder":0,"selected":[{"activeOptionList":["auto_replace","spell_check","auto_spacing","prediction"],"bilingualId":-1,"engName":"English(India)","id":65555,"inputType":"qwerty","isUsed":true}]} 
04-24 18:07:17.782  1114  1198 I libPowerHal: [setClusterCores] [CORE_CTL_SET_LIMIT_CPUS] cid:1 min:3 max:3
04-24 18:07:17.782  4053  4053 I HBD     : n before lang.activeOptionList =  [auto_replace, spell_check, auto_spacing, prediction] 
04-24 18:07:17.782  1114  1198 I libPowerHal: [setClusterCores] [CORE_CTL_SET_LIMIT_CPUS] cid:2 min:1 max:1
04-24 18:07:17.782  1114  1198 I libPowerHal: [setClusterCores] vendor.samsung.: set core_ctrl: -1 -1 -1 -1 1 -1 
04-24 18:07:17.782  4053  4053 I HBD     : n after lang.activeOptionList = [auto_replace, spell_check, auto_spacing, prediction] 
04-24 18:07:17.782  4053 31455 I HBD     : l writeToFile complete 
04-24 18:07:17.782  4053  4053 I HBD     : l writeToFile path : /data/user/0/com.samsung.android.honeyboard/files/selected.json 
04-24 18:07:17.782  4053  4053 I HBD     : l writeToFile json : {"version":"4.2","currentLanguageOrder":0,"selected":[{"activeOptionList":["auto_replace","spell_check","auto_spacing","prediction"],"bilingualId":-1,"engName":"English(India)","id":65555,"inputType":"qwerty","isUsed":true}]} 
04-24 18:07:17.783  1299  1299 I CameraService: onUidStateChanged: uid=10065, procState is changed. (1 -> 0)
04-24 18:07:17.783  4053  4053 I HBD     : l writeToFile complete 
04-24 18:07:17.783  4053  4053 I HBD     : m normal : updateLanguage : English(India) 
04-24 18:07:17.783  4053  4053 I HBD     : g isCoverDisplay : false, cached selected json info : SelectedLanguageInfo(languageVersion=4.2, currentLanguageOrder=0, selectedLanguageList=[SelectedLanguage(id=65555, isUsed=true, engName=English(India), inputType=qwerty, activeOptionList=[auto_replace, spell_check, auto_spacing, prediction], bilingualId=-1)]) 
04-24 18:07:17.783  4053 31456 I HBD     : l Write selected lang for DE  
04-24 18:07:17.783  4053  4053 I HBD     : g isCoverDisplay : false, cached selected json info : SelectedLanguageInfo(languageVersion=4.2, currentLanguageOrder=0, selectedLanguageList=[SelectedLanguage(id=65555, isUsed=true, engName=English(India), inputType=qwerty, activeOptionList=[auto_replace, spell_check, auto_spacing, prediction], bilingualId=-1)]) 
04-24 18:07:17.783  4053 31456 I HBD     : l writeToFile path : /data/user_de/0/com.samsung.android.honeyboard/files/selected.json 
04-24 18:07:17.783  4053  4053 I HBD     : n updateActionOptionFromPreference isCover = false 
04-24 18:07:17.783  4053 31456 I HBD     : l writeToFile json : {"version":"4.2","currentLanguageOrder":0,"selected":[{"activeOptionList":["auto_replace","spell_check","auto_spacing","prediction"],"bilingualId":-1,"engName":"English(India)","id":65555,"inputType":"qwerty","isUsed":true}]} 
04-24 18:07:17.783  4053  4053 I HBD     : n before lang.activeOptionList =  [auto_replace, spell_check, auto_spacing, prediction] 
04-24 18:07:17.783  1104  1126 I mtkpower_client: perf_lock_acq, hdl:0, dur:0, num:2, pid:1104, tid:1126
04-24 18:07:17.783  4053  4053 I HBD     : n after lang.activeOptionList = [auto_replace, spell_check, auto_spacing, prediction] 
04-24 18:07:17.783  1114  1198 I libPowerHal: [perfLockRel] hdl:66887, idx:32
04-24 18:07:17.783  4053 31456 I HBD     : l writeToFile complete 
04-24 18:07:17.783  4053  4053 I HBD     : l writeToFile path : /data/user/0/com.samsung.android.honeyboard/files/selected.json 
04-24 18:07:17.783  1114  1198 I libPowerHal: [setClusterFreq]  set cpu_ctrl cpufreq: -1 -1 -1 -1 -1 -1 
04-24 18:07:17.783  4053  4053 I HBD     : l writeToFile json : {"version":"4.2","currentLanguageOrder":0,"selected":[{"activeOptionList":["auto_replace","spell_check","auto_spacing","prediction"],"bilingualId":-1,"engName":"English(India)","id":65555,"inputType":"qwerty","isUsed":true}]} 
04-24 18:07:17.784  1104  1126 I mtkpower_client: ret_hdl:66895
04-24 18:07:17.784  4053  4053 I HBD     : l writeToFile complete 
04-24 18:07:17.784  1104  1126 I mtkpower_client: perf_lock_rel, hdl:66891, tid:1126
04-24 18:07:17.783  1704  3147 D FreecessController: BG freezed, skip OLAF unfreeze for (com.cerebellummobileapp, 10369)
04-24 18:07:17.784  1704  3147 D FreecessController: BG freezed, skip OLAF unfreeze for (one.dbmci, 10372)
04-24 18:07:17.784  1104  1126 I mtkpower_client: perf_lock_acq, hdl:0, dur:0, num:2, pid:1104, tid:1126
04-24 18:07:17.784  1704  3147 D FreecessController: BG freezed, skip OLAF unfreeze for (com.samsung.android.multistar, 10408)
04-24 18:07:17.784  4053  4053 I HBD     : m normal : updateLanguage : English(India) 
04-24 18:07:17.784  4053 31457 I HBD     : l Write selected lang for DE  
04-24 18:07:17.784  4053  4053 I HBD     : g isCoverDisplay : false, cached selected json info : SelectedLanguageInfo(languageVersion=4.2, currentLanguageOrder=0, selectedLanguageList=[SelectedLanguage(id=65555, isUsed=true, engName=English(India), inputType=qwerty, activeOptionList=[auto_replace, spell_check, auto_spacing, prediction], bilingualId=-1)]) 
04-24 18:07:17.784  4053 31457 I HBD     : l writeToFile path : /data/user_de/0/com.samsung.android.honeyboard/files/selected.json 
04-24 18:07:17.784  4053 31457 I HBD     : l writeToFile json : {"version":"4.2","currentLanguageOrder":0,"selected":[{"activeOptionList":["auto_replace","spell_check","auto_spacing","prediction"],"bilingualId":-1,"engName":"English(India)","id":65555,"inputType":"qwerty","isUsed":true}]} 
04-24 18:07:17.784  4053  4053 I HBD     : g isCoverDisplay : false, cached selected json info : SelectedLanguageInfo(languageVersion=4.2, currentLanguageOrder=0, selectedLanguageList=[SelectedLanguage(id=65555, isUsed=true, engName=English(India), inputType=qwerty, activeOptionList=[auto_replace, spell_check, auto_spacing, prediction], bilingualId=-1)]) 
04-24 18:07:17.784  4053  4053 I HBD     : g updateSelectedLanguageCache is succeeded. English(India) 
04-24 18:07:17.784  1114  1198 I libPowerHal: [perfLockAcq] idx:27 hdl:66895 hint:-1 pid:1104 tid:1126 duration:0 lock_user:vendor.samsung. => ret_hdl:66895
04-24 18:07:17.784  1114  1198 I libPowerHal: [setClusterFreq] vendor.samsung. set cpufreq[0] min:1600000 max:-1 cpufreq[1] min:-1 max:-1 cpufreq[2] min:-1 max:-1 
04-24 18:07:17.784  1114  1198 I libPowerHal: [setClusterFreq]  set cpu_ctrl cpufreq: 1600000 -1 -1 -1 -1 -1 
04-24 18:07:17.784  4053 31457 I HBD     : l writeToFile complete 
04-24 18:07:17.784  1114  1198 I libPowerHal: [perfLockRel] hdl:66891, idx:34
04-24 18:07:17.784  4053  4053 I HBD     : l writeToFile path : /data/user/0/com.samsung.android.honeyboard/files/selected.json 
04-24 18:07:17.784  4053  4053 I HBD     : l writeToFile json : {"version":"4.2","currentLanguageOrder":0,"selected":[{"activeOptionList":["auto_replace","spell_check","auto_spacing","prediction"],"bilingualId":-1,"engName":"English(India)","id":65555,"inputType":"qwerty","isUsed":true}]} 
04-24 18:07:17.784  1704  3147 D FreecessController: BG freezed, skip OLAF unfreeze for (com.google.android.aicore, 10475)
04-24 18:07:17.785  1114  1198 I libPowerHal: [PD] vendor.samsung. update cmd:1000000 param:-1
04-24 18:07:17.785  1704  3147 D FreecessController: restrictJobsByOlaf: restrict=false, uid=-1
04-24 18:07:17.785  4053  4053 I HBD     : l writeToFile complete 
04-24 18:07:17.785  4053 31458 I HBD     : l Write selected lang for DE  
04-24 18:07:17.785  1104  1126 I mtkpower_client: ret_hdl:66896
04-24 18:07:17.785  4053 31458 I HBD     : l writeToFile path : /data/user_de/0/com.samsung.android.honeyboard/files/selected.json 
04-24 18:07:17.785  4053 31458 I HBD     : l writeToFile json : {"version":"4.2","currentLanguageOrder":0,"selected":[{"activeOptionList":["auto_replace","spell_check","auto_spacing","prediction"],"bilingualId":-1,"engName":"English(India)","id":65555,"inputType":"qwerty","isUsed":true}]} 
04-24 18:07:17.785  4053  4053 I HBD     : g isCoverDisplay : false, cached selected json info : SelectedLanguageInfo(languageVersion=4.2, currentLanguageOrder=0, selectedLanguageList=[SelectedLanguage(id=65555, isUsed=true, engName=English(India), inputType=qwerty, activeOptionList=[auto_replace, spell_check, auto_spacing, prediction], bilingualId=-1)]) 
04-24 18:07:17.785  4053  4053 I HBD     : g updateSelectedLanguageCache is succeeded. English(India) 
04-24 18:07:17.785  1704  3147 I NSLocationMonitor: getGPSUsingApps() called
04-24 18:07:17.785  1114  1198 I libPowerHal: [perfLockAcq] idx:28 hdl:66896 hint:-1 pid:1104 tid:1126 duration:0 lock_user:vendor.samsung. => ret_hdl:66896
04-24 18:07:17.785  1104  1126 I HYPER-HAL: [RequestManager.cpp]releaseLocked(): Released ID : 1493880
04-24 18:07:17.785  1114  1198 I libPowerHal: [setDvfsrcDevFreqOpp] opp:2, freq:7488000000
04-24 18:07:17.785  4053  4053 I HBD     : l writeToFile path : /data/user/0/com.samsung.android.honeyboard/files/selected.json 
04-24 18:07:17.785  1114  1198 I libPowerHal: [PE] vendor.samsung. update cmd:1000000 param:2
04-24 18:07:17.785  4053  4053 I HBD     : l writeToFile json : {"version":"4.2","currentLanguageOrder":0,"selected":[{"activeOptionList":["auto_replace","spell_check","auto_spacing","prediction"],"bilingualId":-1,"engName":"English(India)","id":65555,"inputType":"qwerty","isUsed":true}]} 
04-24 18:07:17.785  3095  3119 I NSLocationManager_FLP: getGPSUsingApps, No change
04-24 18:07:17.785  4053  4053 I HBD     : l writeToFile complete 
04-24 18:07:17.785  4053 31458 I HBD     : l writeToFile complete 
04-24 18:07:17.785  1704  4362 D KNOX_MDM_SettingsProvider: isChangeAllowed() : name = enabled_input_methods
04-24 18:07:17.785  1704  4362 D KNOX_MDM_SettingsProvider: edmUri: content://com.sec.knox.provider/RestrictionPolicy3
04-24 18:07:17.785  1704  4362 D KNOX_MDM_SettingsProvider: projectionArgs: isSettingsChangesAllowed
04-24 18:07:17.785  1704  4362 D KNOX_MDM_SettingsProvider: selectionArgs: false
04-24 18:07:17.785  1704  4362 D KNOX_MDM_SettingsProvider: selectionArgs: 10213
04-24 18:07:17.785  4053 31460 I HBD     : l Write selected lang for DE  
04-24 18:07:17.785  4053  4053 I HBD     : a [UpdatePolicy] [post] a: 31 cl: 65555 kit: [0/0] vt: 0 ir: 1 
04-24 18:07:17.785  4053 31460 I HBD     : l writeToFile path : /data/user_de/0/com.samsung.android.honeyboard/files/selected.json 
04-24 18:07:17.785  1704  4362 D SecContentProvider: query(), uri = 17 selection = isSettingsChangesAllowed
04-24 18:07:17.785  4053 31460 I HBD     : l writeToFile json : {"version":"4.2","currentLanguageOrder":0,"selected":[{"activeOptionList":["auto_replace","spell_check","auto_spacing","prediction"],"bilingualId":-1,"engName":"English(India)","id":65555,"inputType":"qwerty","isUsed":true}]} 
04-24 18:07:17.785  1704  1704 D OlafRestriction:  olaf state update: state=false
04-24 18:07:17.785  1704  4362 D SecContentProvider: called from android.uid.honeyboard:10213
04-24 18:07:17.785  1704  1704 D OlafRestriction:  sending trigger onRestrictionStateChanged msg.
04-24 18:07:17.785  1704  4362 D RestrictionPolicy: isSettingsChangesAllowedAsUser, userId 0 : true
04-24 18:07:17.785  1704  4362 D KNOX_MDM_SettingsProvider: ret = 1
04-24 18:07:17.786  1704  2729 D KNOX_MDM_SettingsProvider: isChangeAllowed() : name = enabled_input_methods
04-24 18:07:17.786  4053  4053 I HBD     : HoneyBoardService [PF_OP][onStartInput]  13 ms 
04-24 18:07:17.786  1704  2729 D KNOX_MDM_SettingsProvider: edmUri: content://com.sec.knox.provider/RestrictionPolicy3
04-24 18:07:17.786  1704  2729 D KNOX_MDM_SettingsProvider: projectionArgs: isSettingsChangesAllowed
04-24 18:07:17.786  1704  2729 D KNOX_MDM_SettingsProvider: selectionArgs: false
04-24 18:07:17.786  1704  2729 D KNOX_MDM_SettingsProvider: selectionArgs: 10213
04-24 18:07:17.786  1704  2729 D SecContentProvider: query(), uri = 17 selection = isSettingsChangesAllowed
04-24 18:07:17.786  1704  2729 D SecContentProvider: called from android.uid.honeyboard:10213
04-24 18:07:17.786  4053 31460 I HBD     : l writeToFile complete 
04-24 18:07:17.786  1704  2729 D RestrictionPolicy: isSettingsChangesAllowedAsUser, userId 0 : true
04-24 18:07:17.786  1704  2729 D KNOX_MDM_SettingsProvider: ret = 1
04-24 18:07:17.786  4053  4053 I HBD     : [DirectWriting] DirectWriting emitInputConnection : RemoteInputConnection{idHash=#956a41d} 
04-24 18:07:17.786  1704  4362 D KNOX_MDM_SettingsProvider: isChangeAllowed() : name = default_input_method
04-24 18:07:17.786  1704  4362 D KNOX_MDM_SettingsProvider: edmUri: content://com.sec.knox.provider/RestrictionPolicy3
04-24 18:07:17.786  1704  4362 D KNOX_MDM_SettingsProvider: projectionArgs: isSettingsChangesAllowed
04-24 18:07:17.786  1704  4362 D KNOX_MDM_SettingsProvider: selectionArgs: false
04-24 18:07:17.786  1704  4362 D KNOX_MDM_SettingsProvider: selectionArgs: 10213
04-24 18:07:17.786  1704  4362 D SecContentProvider: query(), uri = 17 selection = isSettingsChangesAllowed
04-24 18:07:17.786  1704  4362 D SecContentProvider: called from android.uid.honeyboard:10213
04-24 18:07:17.786  1704  2729 D KNOX_MDM_SettingsProvider: isChangeAllowed() : name = default_input_method
04-24 18:07:17.786  1704  4362 D RestrictionPolicy: isSettingsChangesAllowedAsUser, userId 0 : true
04-24 18:07:17.786  1704  4362 D KNOX_MDM_SettingsProvider: ret = 1
04-24 18:07:17.786  1704  2729 D KNOX_MDM_SettingsProvider: edmUri: content://com.sec.knox.provider/RestrictionPolicy3
04-24 18:07:17.786  1704  2729 D KNOX_MDM_SettingsProvider: projectionArgs: isSettingsChangesAllowed
04-24 18:07:17.786  1704  2729 D KNOX_MDM_SettingsProvider: selectionArgs: false
04-24 18:07:17.786  1704  2729 D KNOX_MDM_SettingsProvider: selectionArgs: 10213
04-24 18:07:17.786  1704  2729 D SecContentProvider: query(), uri = 17 selection = isSettingsChangesAllowed
04-24 18:07:17.786  1704  2729 D SecContentProvider: called from android.uid.honeyboard:10213
04-24 18:07:17.786  1704  2729 D RestrictionPolicy: isSettingsChangesAllowedAsUser, userId 0 : true
04-24 18:07:17.786  1704  2729 D KNOX_MDM_SettingsProvider: ret = 1
04-24 18:07:17.786  4053 29789 I HBD     : u updated Sub Types. English(India) 
04-24 18:07:17.786  4053 27358 I HBD     : u updated Sub Types. English(India) 
04-24 18:07:17.787  4053 31462 I HBD     : b InputMethodSubtype is set as local:en_IN 
04-24 18:07:17.787  4053 31465 I HBD     : b InputMethodSubtype is set as local:en_IN 
04-24 18:07:17.787  1704  1704 I InputMethodManagerService: subtype state: oldSubtype = android.view.inputmethod.InputMethodSubtype@10013 newSubtype = android.view.inputmethod.InputMethodSubtype@10013 force = false, intent received : false
04-24 18:07:17.787  1704  1704 I InputMethodManagerService: subtype state: oldSubtype = android.view.inputmethod.InputMethodSubtype@10013 newSubtype = android.view.inputmethod.InputMethodSubtype@10013 force = false, intent received : false
04-24 18:07:17.788  1704  3147 D FreecessHandler: freeze com.google.android.documentsui(10071) result : 51
04-24 18:07:17.788  1704  3147 D FreecessHandler: stop trying to freeze com.google.android.documentsui
04-24 18:07:17.788  1704  3147 I NSLocationMonitor: getGPSUsingApps() called
04-24 18:07:17.788  3095  3119 I NSLocationManager_FLP: getGPSUsingApps, No change
04-24 18:07:17.790  1704  3147 D FreecessHandler: freeze com.samsung.android.homemode(10168) result : 51
04-24 18:07:17.790  1704  3147 D FreecessHandler: stop trying to freeze com.samsung.android.homemode
04-24 18:07:17.790  1704  3147 I NSLocationMonitor: getGPSUsingApps() called
04-24 18:07:17.790  3095  3119 I NSLocationManager_FLP: getGPSUsingApps, No change
04-24 18:07:17.790  1177  1177 I SurfaceFlinger: RequestedLayer [Surface(name=675925d InputMethod)/@0[...]tion-leash of insets_animation#57321] hidden!! flag  from(1) --> to(0)
04-24 18:07:17.790  1177  1177 E SurfaceFlinger: alpha changed 1.000 -> 0.000 - Surface(name=675925d InputMethod)/@0xec880d0 - animation-leash of insets_animation#57321
04-24 18:07:17.790  2461  2461 D SystemUIService: SYSUI_RAM_OPTIMIZATION onTrimMemory=20
04-24 18:07:17.790  2461  2461 D CentralSurfaces: SYSUI_RAM_OPTIMIZATION onTrimMemory=20
04-24 18:07:17.790  1177  1177 I SurfaceFlinger: [LayerHierarchy{RequestedLayerState{ImeContainer#15 parentId=57309 relativeParentId=57309 z=3} 1 children}] reparent to LayerHierarchy{RequestedLayerState{ActivityRecord{26288555 u0 com.anonymous.gurustudy.dev/expo.modules.devlauncher.launcher.DevLauncherActivity t2450}#57309 parentId=57308} 4 children}
04-24 18:07:17.790  1177  1177 I SurfaceFlinger: [LayerHierarchy{RequestedLayerState{ImeContainer#15 parentId=57309 relativeParentId=57309 z=3} 1 children}] RelativeParent to null
04-24 18:07:17.790  1177  1177 I SurfaceFlinger: [LayerHierarchy{RequestedLayerState{675925d InputMethod#139 parentId=57321} no children}] reparent to LayerHierarchy{RequestedLayerState{Surface(name=675925d InputMethod)/@0xec880d0 - animation-leash of insets_animation#57321 parentId=125} 1 children}
