04-24 18:07:18.382 31307 31307 I View    : setRequestedFrameRate frameRate=NaN, this=android.view.View{65a4116 V.ED..... ........ 0,0-0,0}, caller=androidx.compose.ui.platform.Api35Impl.setRequestedFrameRate:3314 androidx.compose.ui.platform.AndroidComposeView.dispatchDraw:1950 android.view.View.draw:26345 android.view.View.updateDisplayListIfDirty:25175 android.view.ViewGroup.recreateChildDisplayList:4794 
04-24 18:07:18.384  1177  1319 I SurfaceFlinger: Capture layer list: 	 com.anonymous.gurustudy.dev/expo.modules.devlauncher.launcher.DevLauncherActivity$_31307#57317(seamlessTransition:0)
04-24 18:07:18.396 31307 31307 I View    : setRequestedFrameRate frameRate=NaN, this=androidx.compose.ui.platform.AndroidComposeView{795881a VFED..... ........ 0,0-2800,1752 aid=1073741824}, caller=android.view.ViewGroup.setRequestedFrameRate:9952 androidx.compose.ui.platform.Api35Impl.setRequestedFrameRate:3314 androidx.compose.ui.platform.AndroidComposeView.dispatchDraw:1949 android.view.View.draw:26345 android.view.View.updateDisplayListIfDirty:25175 
04-24 18:07:18.397 31307 31307 I View    : setRequestedFrameRate frameRate=NaN, this=android.view.View{65a4116 V.ED..... ........ 0,0-0,0}, caller=androidx.compose.ui.platform.Api35Impl.setRequestedFrameRate:3314 androidx.compose.ui.platform.AndroidComposeView.dispatchDraw:1950 android.view.View.draw:26345 android.view.View.updateDisplayListIfDirty:25175 android.view.ViewGroup.recreateChildDisplayList:4794 
04-24 18:07:18.413 31307 31307 I View    : setRequestedFrameRate frameRate=NaN, this=androidx.compose.ui.platform.AndroidComposeView{795881a VFED..... ........ 0,0-2800,1752 aid=1073741824}, caller=android.view.ViewGroup.setRequestedFrameRate:9952 androidx.compose.ui.platform.Api35Impl.setRequestedFrameRate:3314 androidx.compose.ui.platform.AndroidComposeView.dispatchDraw:1949 android.view.View.draw:26345 android.view.View.updateDisplayListIfDirty:25175 
04-24 18:07:18.414 31307 31307 I View    : setRequestedFrameRate frameRate=NaN, this=android.view.View{65a4116 V.ED..... ........ 0,0-0,0}, caller=androidx.compose.ui.platform.Api35Impl.setRequestedFrameRate:3314 androidx.compose.ui.platform.AndroidComposeView.dispatchDraw:1950 android.view.View.draw:26345 android.view.View.updateDisplayListIfDirty:25175 android.view.ViewGroup.recreateChildDisplayList:4794 
04-24 18:07:18.430 31307 31307 I View    : setRequestedFrameRate frameRate=NaN, this=androidx.compose.ui.platform.AndroidComposeView{795881a VFED..... ........ 0,0-2800,1752 aid=1073741824}, caller=android.view.ViewGroup.setRequestedFrameRate:9952 androidx.compose.ui.platform.Api35Impl.setRequestedFrameRate:3314 androidx.compose.ui.platform.AndroidComposeView.dispatchDraw:1949 android.view.View.draw:26345 android.view.View.updateDisplayListIfDirty:25175 
04-24 18:07:18.430 31307 31307 I View    : setRequestedFrameRate frameRate=NaN, this=android.view.View{65a4116 V.ED..... ........ 0,0-0,0}, caller=androidx.compose.ui.platform.Api35Impl.setRequestedFrameRate:3314 androidx.compose.ui.platform.AndroidComposeView.dispatchDraw:1950 android.view.View.draw:26345 android.view.View.updateDisplayListIfDirty:25175 android.view.ViewGroup.recreateChildDisplayList:4794 
04-24 18:07:18.447 31307 31307 I View    : setRequestedFrameRate frameRate=NaN, this=androidx.compose.ui.platform.AndroidComposeView{795881a VFED..... ........ 0,0-2800,1752 aid=1073741824}, caller=android.view.ViewGroup.setRequestedFrameRate:9952 androidx.compose.ui.platform.Api35Impl.setRequestedFrameRate:3314 androidx.compose.ui.platform.AndroidComposeView.dispatchDraw:1949 android.view.View.draw:26345 android.view.View.updateDisplayListIfDirty:25175 
04-24 18:07:18.447 31307 31307 I View    : setRequestedFrameRate frameRate=NaN, this=android.view.View{65a4116 V.ED..... ........ 0,0-0,0}, caller=androidx.compose.ui.platform.Api35Impl.setRequestedFrameRate:3314 androidx.compose.ui.platform.AndroidComposeView.dispatchDraw:1950 android.view.View.draw:26345 android.view.View.updateDisplayListIfDirty:25175 android.view.ViewGroup.recreateChildDisplayList:4794 
04-24 18:07:18.463  1104 31301 I HYPER-HAL: [RequestManager.cpp]releaseLocked(): Released ID : 8897886
04-24 18:07:18.464 31307 31307 I View    : setRequestedFrameRate frameRate=NaN, this=androidx.compose.ui.platform.AndroidComposeView{795881a VFED..... ........ 0,0-2800,1752 aid=1073741824}, caller=android.view.ViewGroup.setRequestedFrameRate:9952 androidx.compose.ui.platform.Api35Impl.setRequestedFrameRate:3314 androidx.compose.ui.platform.AndroidComposeView.dispatchDraw:1949 android.view.View.draw:26345 android.view.View.updateDisplayListIfDirty:25175 
04-24 18:07:18.465 31307 31307 I View    : setRequestedFrameRate frameRate=NaN, this=android.view.View{65a4116 V.ED..... ........ 0,0-0,0}, caller=androidx.compose.ui.platform.Api35Impl.setRequestedFrameRate:3314 androidx.compose.ui.platform.AndroidComposeView.dispatchDraw:1950 android.view.View.draw:26345 android.view.View.updateDisplayListIfDirty:25175 android.view.ViewGroup.recreateChildDisplayList:4794 
04-24 18:07:18.481 31307 31307 I View    : setRequestedFrameRate frameRate=NaN, this=androidx.compose.ui.platform.AndroidComposeView{795881a VFED..... ........ 0,0-2800,1752 aid=1073741824}, caller=android.view.ViewGroup.setRequestedFrameRate:9952 androidx.compose.ui.platform.Api35Impl.setRequestedFrameRate:3314 androidx.compose.ui.platform.AndroidComposeView.dispatchDraw:1949 android.view.View.draw:26345 android.view.View.updateDisplayListIfDirty:25175 
04-24 18:07:18.482 31307 31307 I View    : setRequestedFrameRate frameRate=NaN, this=android.view.View{65a4116 V.ED..... ........ 0,0-0,0}, caller=androidx.compose.ui.platform.Api35Impl.setRequestedFrameRate:3314 androidx.compose.ui.platform.AndroidComposeView.dispatchDraw:1950 android.view.View.draw:26345 android.view.View.updateDisplayListIfDirty:25175 android.view.ViewGroup.recreateChildDisplayList:4794 
04-24 18:07:18.484  1177  1319 I SurfaceFlinger: Capture layer list: 	 com.anonymous.gurustudy.dev/expo.modules.devlauncher.launcher.DevLauncherActivity$_31307#57317(seamlessTransition:0)
04-24 18:07:18.497 31307 31307 I View    : setRequestedFrameRate frameRate=NaN, this=androidx.compose.ui.platform.AndroidComposeView{795881a VFED..... ........ 0,0-2800,1752 aid=1073741824}, caller=android.view.ViewGroup.setRequestedFrameRate:9952 androidx.compose.ui.platform.Api35Impl.setRequestedFrameRate:3314 androidx.compose.ui.platform.AndroidComposeView.dispatchDraw:1949 android.view.View.draw:26345 android.view.View.updateDisplayListIfDirty:25175 
04-24 18:07:18.498 31307 31307 I View    : setRequestedFrameRate frameRate=NaN, this=android.view.View{65a4116 V.ED..... ........ 0,0-0,0}, caller=androidx.compose.ui.platform.Api35Impl.setRequestedFrameRate:3314 androidx.compose.ui.platform.AndroidComposeView.dispatchDraw:1950 android.view.View.draw:26345 android.view.View.updateDisplayListIfDirty:25175 android.view.ViewGroup.recreateChildDisplayList:4794 
04-24 18:07:18.501  1193  2335 D AALService: [CRTC_115] onALIChanged: 3 -> 2
04-24 18:07:18.515 31307 31307 I View    : setRequestedFrameRate frameRate=NaN, this=androidx.compose.ui.platform.AndroidComposeView{795881a VFED..... ........ 0,0-2800,1752 aid=1073741824}, caller=android.view.ViewGroup.setRequestedFrameRate:9952 androidx.compose.ui.platform.Api35Impl.setRequestedFrameRate:3314 androidx.compose.ui.platform.AndroidComposeView.dispatchDraw:1949 android.view.View.draw:26345 android.view.View.updateDisplayListIfDirty:25175 
04-24 18:07:18.515 31307 31307 I View    : setRequestedFrameRate frameRate=NaN, this=android.view.View{65a4116 V.ED..... ........ 0,0-0,0}, caller=androidx.compose.ui.platform.Api35Impl.setRequestedFrameRate:3314 androidx.compose.ui.platform.AndroidComposeView.dispatchDraw:1950 android.view.View.draw:26345 android.view.View.updateDisplayListIfDirty:25175 android.view.ViewGroup.recreateChildDisplayList:4794 
04-24 18:07:18.532 31307 31307 I View    : setRequestedFrameRate frameRate=NaN, this=androidx.compose.ui.platform.AndroidComposeView{795881a VFED..... ........ 0,0-2800,1752 aid=1073741824}, caller=android.view.ViewGroup.setRequestedFrameRate:9952 androidx.compose.ui.platform.Api35Impl.setRequestedFrameRate:3314 androidx.compose.ui.platform.AndroidComposeView.dispatchDraw:1949 android.view.View.draw:26345 android.view.View.updateDisplayListIfDirty:25175 
04-24 18:07:18.532 31307 31307 I View    : setRequestedFrameRate frameRate=NaN, this=android.view.View{65a4116 V.ED..... ........ 0,0-0,0}, caller=androidx.compose.ui.platform.Api35Impl.setRequestedFrameRate:3314 androidx.compose.ui.platform.AndroidComposeView.dispatchDraw:1950 android.view.View.draw:26345 android.view.View.updateDisplayListIfDirty:25175 android.view.ViewGroup.recreateChildDisplayList:4794 
04-24 18:07:18.548 31307 31307 I View    : setRequestedFrameRate frameRate=NaN, this=androidx.compose.ui.platform.AndroidComposeView{795881a VFED..... ........ 0,0-2800,1752 aid=1073741824}, caller=android.view.ViewGroup.setRequestedFrameRate:9952 androidx.compose.ui.platform.Api35Impl.setRequestedFrameRate:3314 androidx.compose.ui.platform.AndroidComposeView.dispatchDraw:1949 android.view.View.draw:26345 android.view.View.updateDisplayListIfDirty:25175 
04-24 18:07:18.548 31307 31307 I View    : setRequestedFrameRate frameRate=NaN, this=android.view.View{65a4116 V.ED..... ........ 0,0-0,0}, caller=androidx.compose.ui.platform.Api35Impl.setRequestedFrameRate:3314 androidx.compose.ui.platform.AndroidComposeView.dispatchDraw:1950 android.view.View.draw:26345 android.view.View.updateDisplayListIfDirty:25175 android.view.ViewGroup.recreateChildDisplayList:4794 
04-24 18:07:18.563 31307 31307 I View    : setRequestedFrameRate frameRate=NaN, this=androidx.compose.ui.platform.AndroidComposeView{795881a VFED..... ........ 0,0-2800,1752 aid=1073741824}, caller=android.view.ViewGroup.setRequestedFrameRate:9952 androidx.compose.ui.platform.Api35Impl.setRequestedFrameRate:3314 androidx.compose.ui.platform.AndroidComposeView.dispatchDraw:1949 android.view.View.draw:26345 android.view.View.updateDisplayListIfDirty:25175 
04-24 18:07:18.563 31307 31307 I View    : setRequestedFrameRate frameRate=NaN, this=android.view.View{65a4116 V.ED..... ........ 0,0-0,0}, caller=androidx.compose.ui.platform.Api35Impl.setRequestedFrameRate:3314 androidx.compose.ui.platform.AndroidComposeView.dispatchDraw:1950 android.view.View.draw:26345 android.view.View.updateDisplayListIfDirty:25175 android.view.ViewGroup.recreateChildDisplayList:4794 
04-24 18:07:18.582 31307 31307 I View    : setRequestedFrameRate frameRate=NaN, this=androidx.compose.ui.platform.AndroidComposeView{795881a VFED..... ........ 0,0-2800,1752 aid=1073741824}, caller=android.view.ViewGroup.setRequestedFrameRate:9952 androidx.compose.ui.platform.Api35Impl.setRequestedFrameRate:3314 androidx.compose.ui.platform.AndroidComposeView.dispatchDraw:1949 android.view.View.draw:26345 android.view.View.updateDisplayListIfDirty:25175 
04-24 18:07:18.583 31307 31307 I View    : setRequestedFrameRate frameRate=NaN, this=android.view.View{65a4116 V.ED..... ........ 0,0-0,0}, caller=androidx.compose.ui.platform.Api35Impl.setRequestedFrameRate:3314 androidx.compose.ui.platform.AndroidComposeView.dispatchDraw:1950 android.view.View.draw:26345 android.view.View.updateDisplayListIfDirty:25175 android.view.ViewGroup.recreateChildDisplayList:4794 
04-24 18:07:18.584  1177  1319 I SurfaceFlinger: Capture layer list: 	 com.anonymous.gurustudy.dev/expo.modules.devlauncher.launcher.DevLauncherActivity$_31307#57317(seamlessTransition:0)
04-24 18:07:18.596 31307 31307 I View    : setRequestedFrameRate frameRate=NaN, this=androidx.compose.ui.platform.AndroidComposeView{795881a VFED..... ........ 0,0-2800,1752 aid=1073741824}, caller=android.view.ViewGroup.setRequestedFrameRate:9952 androidx.compose.ui.platform.Api35Impl.setRequestedFrameRate:3314 androidx.compose.ui.platform.AndroidComposeView.dispatchDraw:1949 android.view.View.draw:26345 android.view.View.updateDisplayListIfDirty:25175 
04-24 18:07:18.597 31307 31307 I View    : setRequestedFrameRate frameRate=NaN, this=android.view.View{65a4116 V.ED..... ........ 0,0-0,0}, caller=androidx.compose.ui.platform.Api35Impl.setRequestedFrameRate:3314 androidx.compose.ui.platform.AndroidComposeView.dispatchDraw:1950 android.view.View.draw:26345 android.view.View.updateDisplayListIfDirty:25175 android.view.ViewGroup.recreateChildDisplayList:4794 
04-24 18:07:18.616 31307 31307 I View    : setRequestedFrameRate frameRate=NaN, this=androidx.compose.ui.platform.AndroidComposeView{795881a VFED..... ........ 0,0-2800,1752 aid=1073741824}, caller=android.view.ViewGroup.setRequestedFrameRate:9952 androidx.compose.ui.platform.Api35Impl.setRequestedFrameRate:3314 androidx.compose.ui.platform.AndroidComposeView.dispatchDraw:1949 android.view.View.draw:26345 android.view.View.updateDisplayListIfDirty:25175 
04-24 18:07:18.616 31307 31307 I View    : setRequestedFrameRate frameRate=NaN, this=android.view.View{65a4116 V.ED..... ........ 0,0-0,0}, caller=androidx.compose.ui.platform.Api35Impl.setRequestedFrameRate:3314 androidx.compose.ui.platform.AndroidComposeView.dispatchDraw:1950 android.view.View.draw:26345 android.view.View.updateDisplayListIfDirty:25175 android.view.ViewGroup.recreateChildDisplayList:4794 
04-24 18:07:18.631 31307 31307 I View    : setRequestedFrameRate frameRate=NaN, this=androidx.compose.ui.platform.AndroidComposeView{795881a VFED..... ........ 0,0-2800,1752 aid=1073741824}, caller=android.view.ViewGroup.setRequestedFrameRate:9952 androidx.compose.ui.platform.Api35Impl.setRequestedFrameRate:3314 androidx.compose.ui.platform.AndroidComposeView.dispatchDraw:1949 android.view.View.draw:26345 android.view.View.updateDisplayListIfDirty:25175 
04-24 18:07:18.631 31307 31307 I View    : setRequestedFrameRate frameRate=NaN, this=android.view.View{65a4116 V.ED..... ........ 0,0-0,0}, caller=androidx.compose.ui.platform.Api35Impl.setRequestedFrameRate:3314 androidx.compose.ui.platform.AndroidComposeView.dispatchDraw:1950 android.view.View.draw:26345 android.view.View.updateDisplayListIfDirty:25175 android.view.ViewGroup.recreateChildDisplayList:4794 
04-24 18:07:18.646 31307 31307 I View    : setRequestedFrameRate frameRate=NaN, this=androidx.compose.ui.platform.AndroidComposeView{795881a VFED..... ........ 0,0-2800,1752 aid=1073741824}, caller=android.view.ViewGroup.setRequestedFrameRate:9952 androidx.compose.ui.platform.Api35Impl.setRequestedFrameRate:3314 androidx.compose.ui.platform.AndroidComposeView.dispatchDraw:1949 android.view.View.draw:26345 android.view.View.updateDisplayListIfDirty:25175 
04-24 18:07:18.647 31307 31307 I View    : setRequestedFrameRate frameRate=NaN, this=android.view.View{65a4116 V.ED..... ........ 0,0-0,0}, caller=androidx.compose.ui.platform.Api35Impl.setRequestedFrameRate:3314 androidx.compose.ui.platform.AndroidComposeView.dispatchDraw:1950 android.view.View.draw:26345 android.view.View.updateDisplayListIfDirty:25175 android.view.ViewGroup.recreateChildDisplayList:4794 
04-24 18:07:18.663 31307 31307 I View    : setRequestedFrameRate frameRate=NaN, this=androidx.compose.ui.platform.AndroidComposeView{795881a VFED..... ........ 0,0-2800,1752 aid=1073741824}, caller=android.view.ViewGroup.setRequestedFrameRate:9952 androidx.compose.ui.platform.Api35Impl.setRequestedFrameRate:3314 androidx.compose.ui.platform.AndroidComposeView.dispatchDraw:1949 android.view.View.draw:26345 android.view.View.updateDisplayListIfDirty:25175 
04-24 18:07:18.663 31307 31307 I View    : setRequestedFrameRate frameRate=NaN, this=android.view.View{65a4116 V.ED..... ........ 0,0-0,0}, caller=androidx.compose.ui.platform.Api35Impl.setRequestedFrameRate:3314 androidx.compose.ui.platform.AndroidComposeView.dispatchDraw:1950 android.view.View.draw:26345 android.view.View.updateDisplayListIfDirty:25175 android.view.ViewGroup.recreateChildDisplayList:4794 
04-24 18:07:18.681 31307 31307 I View    : setRequestedFrameRate frameRate=NaN, this=androidx.compose.ui.platform.AndroidComposeView{795881a VFED..... ........ 0,0-2800,1752 aid=1073741824}, caller=android.view.ViewGroup.setRequestedFrameRate:9952 androidx.compose.ui.platform.Api35Impl.setRequestedFrameRate:3314 androidx.compose.ui.platform.AndroidComposeView.dispatchDraw:1949 android.view.View.draw:26345 android.view.View.updateDisplayListIfDirty:25175 
04-24 18:07:18.681 31307 31307 I View    : setRequestedFrameRate frameRate=NaN, this=android.view.View{65a4116 V.ED..... ........ 0,0-0,0}, caller=androidx.compose.ui.platform.Api35Impl.setRequestedFrameRate:3314 androidx.compose.ui.platform.AndroidComposeView.dispatchDraw:1950 android.view.View.draw:26345 android.view.View.updateDisplayListIfDirty:25175 android.view.ViewGroup.recreateChildDisplayList:4794 
04-24 18:07:18.684  1177  1319 I SurfaceFlinger: Capture layer list: 	 com.anonymous.gurustudy.dev/expo.modules.devlauncher.launcher.DevLauncherActivity$_31307#57317(seamlessTransition:0)
04-24 18:07:18.697 31307 31307 I View    : setRequestedFrameRate frameRate=NaN, this=androidx.compose.ui.platform.AndroidComposeView{795881a VFED..... ........ 0,0-2800,1752 aid=1073741824}, caller=android.view.ViewGroup.setRequestedFrameRate:9952 androidx.compose.ui.platform.Api35Impl.setRequestedFrameRate:3314 androidx.compose.ui.platform.AndroidComposeView.dispatchDraw:1949 android.view.View.draw:26345 android.view.View.updateDisplayListIfDirty:25175 
04-24 18:07:18.697 31307 31307 I View    : setRequestedFrameRate frameRate=NaN, this=android.view.View{65a4116 V.ED..... ........ 0,0-0,0}, caller=androidx.compose.ui.platform.Api35Impl.setRequestedFrameRate:3314 androidx.compose.ui.platform.AndroidComposeView.dispatchDraw:1950 android.view.View.draw:26345 android.view.View.updateDisplayListIfDirty:25175 android.view.ViewGroup.recreateChildDisplayList:4794 
04-24 18:07:18.712  2416  2417 D WifiHAL : WifiRequest::create vendor command to iface 15, vendor_id=0x1a11, subcmd=0x1200, res=0
04-24 18:07:18.716 31307 31307 I View    : setRequestedFrameRate frameRate=NaN, this=androidx.compose.ui.platform.AndroidComposeView{795881a VFED..... ........ 0,0-2800,1752 aid=1073741824}, caller=android.view.ViewGroup.setRequestedFrameRate:9952 androidx.compose.ui.platform.Api35Impl.setRequestedFrameRate:3314 androidx.compose.ui.platform.AndroidComposeView.dispatchDraw:1949 android.view.View.draw:26345 android.view.View.updateDisplayListIfDirty:25175 
04-24 18:07:18.716 31307 31307 I View    : setRequestedFrameRate frameRate=NaN, this=android.view.View{65a4116 V.ED..... ........ 0,0-0,0}, caller=androidx.compose.ui.platform.Api35Impl.setRequestedFrameRate:3314 androidx.compose.ui.platform.AndroidComposeView.dispatchDraw:1950 android.view.View.draw:26345 android.view.View.updateDisplayListIfDirty:25175 android.view.ViewGroup.recreateChildDisplayList:4794 
04-24 18:07:18.724  1177  1177 I BufferQueueProducer: [com.anonymous.gurustudy.dev/expo.modules.devlauncher.launcher.DevLauncherActivity$_31307#57317](this:0xb400007905dcac38,id:-1,api:0,p:-1,c:1177) queueBuffer: fps=58.98 dur=1000.30 max=33.32 min=16.00
04-24 18:07:18.729  2416  2417 I WifiHAL : LLS RSP: data=0xb40000790871f030, len=4084
04-24 18:07:18.729  2416  2417 I WifiHAL : LLS check_data_sanity: 1819: current_radio_stat->num_channels=13
04-24 18:07:18.729  2416  2417 I WifiHAL : LLS check_data_sanity: 1819: current_radio_stat->num_channels=25
04-24 18:07:18.729  2416  2417 I WifiHAL : LLS check_data_sanity: confirmed_size=4084, len=4084
04-24 18:07:18.731 31307 31307 I View    : setRequestedFrameRate frameRate=NaN, this=androidx.compose.ui.platform.AndroidComposeView{795881a VFED..... ........ 0,0-2800,1752 aid=1073741824}, caller=android.view.ViewGroup.setRequestedFrameRate:9952 androidx.compose.ui.platform.Api35Impl.setRequestedFrameRate:3314 androidx.compose.ui.platform.AndroidComposeView.dispatchDraw:1949 android.view.View.draw:26345 android.view.View.updateDisplayListIfDirty:25175 
04-24 18:07:18.731 31307 31307 I View    : setRequestedFrameRate frameRate=NaN, this=android.view.View{65a4116 V.ED..... ........ 0,0-0,0}, caller=androidx.compose.ui.platform.Api35Impl.setRequestedFrameRate:3314 androidx.compose.ui.platform.AndroidComposeView.dispatchDraw:1950 android.view.View.draw:26345 android.view.View.updateDisplayListIfDirty:25175 android.view.ViewGroup.recreateChildDisplayList:4794 
04-24 18:07:18.734  1704  3651 D SemWifiUsabilityStatsMonitor: onWifiUsabilityStats - seqNum 193345, isSameBssidAndFreq true
04-24 18:07:18.738  1704  2346 D InsDataManager: onOutageCountUpdate() - Outage Data: 0, LQ : Y. Outage Triggered: false
04-24 18:07:18.741  2461  2812 I WifiPickerTracker: DefaultNetworkCallback : onCapabilitiesChanged
04-24 18:07:18.743  1704  2346 D InsDataManager: Trying to save initial normal data.
04-24 18:07:18.744  2461  2812 I WifiPickerTracker: NetworkCallback : onCapabilitiesChanged
04-24 18:07:18.744  1704  2346 D SensorCollector: syncMappedBuffers: 0, 405, 0
04-24 18:07:18.744  1704  2346 D InsDataManager: trimBuffers start.
04-24 18:07:18.744  1704  2346 D InsDataManager: trimBuffers - nsmBuffer size: 26
04-24 18:07:18.744  1704  2363 D SGM:GameManager: identifyGamePackage. com.anonymous.gurustudy.dev, mCurrentUserId: 0, callingMethodInfo: com.samsung.android.game.SemGameManager.isGamePackage(SemGameManager.java:106)
04-24 18:07:18.744  1704  2346 D InsDataManager: Too short for collecting additional normal data
04-24 18:07:18.744  1704  2363 D SGM:SemGameManager: isGamePackage(), pkgName=com.anonymous.gurustudy.dev, ret=false
04-24 18:07:18.746  4053  5073 I HBD     : g onCapabilitiesChanged network : 151 current network state : invalid 
04-24 18:07:18.746  1704  2346 D SemInsManager: {"bssid": "2305c7d92437","rssi": -64.0,"latency": 0.0,"outage_count": 0,"lq_callback_triggered": true,"outage_log": "Unreliable statistics: -64.0 / 2 / 254 / 187 / 0 || 2305c7d92437: 0.000 / 0.000 / @ || N N / 0 0 / Y 2.0 / Y X 0 / 851352449 0 || Invalid""Magnetic Sensor Events size": "0""Pressure Sensor Events size": "0"}
04-24 18:07:18.746 31307 31307 I View    : setRequestedFrameRate frameRate=NaN, this=androidx.compose.ui.platform.AndroidComposeView{795881a VFED..... ........ 0,0-2800,1752 aid=1073741824}, caller=android.view.ViewGroup.setRequestedFrameRate:9952 androidx.compose.ui.platform.Api35Impl.setRequestedFrameRate:3314 androidx.compose.ui.platform.AndroidComposeView.dispatchDraw:1949 android.view.View.draw:26345 android.view.View.updateDisplayListIfDirty:25175 
04-24 18:07:18.747 31307 31307 I View    : setRequestedFrameRate frameRate=NaN, this=android.view.View{65a4116 V.ED..... ........ 0,0-0,0}, caller=androidx.compose.ui.platform.Api35Impl.setRequestedFrameRate:3314 androidx.compose.ui.platform.AndroidComposeView.dispatchDraw:1950 android.view.View.draw:26345 android.view.View.updateDisplayListIfDirty:25175 android.view.ViewGroup.recreateChildDisplayList:4794 
04-24 18:07:18.749 16761 16795 I NullBinder: NullBinder for android.net.action.RECOMMEND_NETWORKS triggering remote TransactionTooLargeException due to Service without Chimera impl, calling uid: 1000, calling pid: 0
04-24 18:07:18.750 16761 16795 W .gms.persistent: Large reply transaction of 1056768 bytes, interface descriptor , code 1
04-24 18:07:18.751 14072 14164 D WM-WorkConstraintsTrack: NetworkRequestConstraintController onCapabilitiesChanged callback
04-24 18:07:18.753  2461  2812 D WifiPickerTracker: updateWifiEntries capabilities
04-24 18:07:18.756  2461  2670 D WifiInteractor: get wifiIconGroup ePDGConnected : false
04-24 18:07:18.756  2461  2653 D WifiInteractor: get wifiIconGroup ePDGConnected : false
04-24 18:07:18.757  1704  2293 D SemWifiApNsd:Client: lpInterface:wlan0
04-24 18:07:18.757  2933  3007 I HoneySpace.StatusIconTracker: invokeEvent() called with: event = Wifi(visible=true, resId=2131236022, activityId=2131236043)
04-24 18:07:18.757  2933  3007 I HoneySpace.StatusIconTracker: invokeEvent() called with: event = Wifi(visible=true, resId=2131236022, activityId=2131236043)
04-24 18:07:18.757  1704  2293 D SemWifiSwitchForIndividualAppsService: stopTCPMonitoring : already stopped
04-24 18:07:18.757  1704  2293 I WifiConnectivityMonitor.NCC: sNetworkCallback(oCC) FULL : 151(valid: true/captive: false)
04-24 18:07:18.757  1704  2293 I WifiConnectivityMonitor.NCC: [ Transports: WIFI Capabilities: NOT_METERED&INTERNET&NOT_RESTRICTED&TRUSTED&NOT_VPN&VALIDATED&NOT_ROAMING&FOREGROUND&NOT_CONGESTED&NOT_SUSPENDED&NOT_VCN_MANAGED&NOT_BANDWIDTH_CONSTRAINED LinkUpBandwidth>=8317Kbps LinkDnBandwidth>=33855Kbps TransportInfo: <SSID: <unknown ssid>, BSSID: 02:00:00:**:**:00, MAC: 02:00:00:**:**:00, IP: /192.***.*.6, Security type: 2, Supplicant state: COMPLETED, Wi-Fi standard: 11ax, RSSI: -64, Link speed: 8Mbps, Tx Link speed: 8Mbps, Max Supported Tx Link speed: 286Mbps, Rx Link speed: 34Mbps, Max Supported Rx Link speed: 286Mbps, Frequency: 2437MHz, Net ID: -1, Metered hint: false, score: 60, isUsable: true, CarrierMerged: false, SubscriptionId: -1, IsPrimary: 1, Trusted: true, Restricted: false, Ephemeral: false, OEM paid: false, OEM private: false, OSU AP: false, FQDN: <none>, Provider friendly name: <none>, Requesting package name: <none><none>MLO Information: , Is TID-To-Link negotiation supported by the AP: false, AP MLD Address: <none>, AP MLO Link Id: <none>, AP MLO Affiliated links: <none>, Vendor Data: <none>> SignalStrength: -64 AdminUids: [1000] SSID: "Airtel_Haven" UnderlyingNetworks: Null]
04-24 18:07:18.758  1704  2372 D WifiConnectivityMonitor: HANDLE_ON_CAPABILITIES_CHANGED
04-24 18:07:18.758  1704  2372 I WifiConnectivityMonitor: determineMode : MODE_NON_SWITCHABLE_BY_POOR_NETWORK_DETECTION_DISABLED
04-24 18:07:18.758  1704  2372 D OpenNetworkQos[4.00]: updateBssidNoInternet: mBssidNoInternet = false
04-24 18:07:18.758  1704  2372 D OpenNetworkQos[4.00]: getOpenNetworkQosNoInternetStatus: false
04-24 18:07:18.758  1704  2372 D OpenNetworkQos[4.00]: getOpenNetworkQosScores: 26 26 26 
04-24 18:07:18.758  1704  2372 D KNOX_MDM_SettingsProvider: isChangeAllowed() : name = wifi_wcm_qos_sharing_score_summary
04-24 18:07:18.758  1704  2372 I WifiProfileShare: network QoS data was changed (internet), updateQoSData networkType: true, qosData: false
04-24 18:07:18.758  1704  3149 V WifiProfileShare.Caster: update wips network, size: 0
04-24 18:07:18.758  1704  3149 D WifiProfileShare: nearby scanning settings run
04-24 18:07:18.758  1704  3149 D WifiProfileShare: network score provider settings enabled
04-24 18:07:18.758  1704  3149 D OpenNetworkQos[4.00]: getOpenNetworkQosScores: 26 26 26 
04-24 18:07:18.758  1704  3149 D OpenNetworkQos[4.00]: getOpenNetworkQosNoInternetStatus: false
04-24 18:07:18.758  1704  3149 I WifiProfileShare.Caster: current network type: 0, score: [26, 26, 26]
04-24 18:07:18.759  1704  3149 V WifiProfileShare.Cache: update network score 0e:36:23:**:**:d9
04-24 18:07:18.759  1704  3149 D WifiProfileShare.ScanMatcher: getMcfDataList size:1
04-24 18:07:18.759  1704  3149 I WifiProfileShare.Caster: qos data was updated , before:type:QOS, pBssid:33:e4:d7, qosData:7c after:type:QOS, pBssid:33:e4:d7, qosData:7c
04-24 18:07:18.759  1704  2366 D SemApeService: Deducted link capacity (M: R=11 T=11) RSSI=-64
04-24 18:07:18.759  1704  2366 D SemApeService: Deducted link capacity (M: R=11 T=11) on (wlan0) GoogleAPI(M: R=33 T=8) RSSI=-64 isDefault=false isMlo=false
04-24 18:07:18.759  1704  3149 I [MCFSDK_android_1.3.7026]_4_McfCasterImpl: isNetworkEnabled - type : 1 ret : true
04-24 18:07:18.759  1704  3149 D WifiProfileShare.McfCast: -ME--- mIsNetworkEnabled :true
04-24 18:07:18.759  1704  3149 D WifiProfileShare.McfCast: updateQoSData ignored, same contents
04-24 18:07:18.759  1704  3149 D WifiProfileShare.MCF: success update QosData !
04-24 18:07:18.760  1704  3149 I [MCFSDK_android_1.3.7026]_4_McfCasterImpl: isNetworkEnabled - type : 1 ret : true
04-24 18:07:18.760  1704  3149 D WifiProfileShare.McfCast: -ME--- mIsNetworkEnabled :true
04-24 18:07:18.760  1704  3149 D WifiProfileShare.McfCast: -ME--- updatePasswordDate pwdData size:1
04-24 18:07:18.760  2461  2461 D SemCarrierFeature: [get] phoneId should be 0 or 1
04-24 18:07:18.761  2461  2812 D WifiPickerTracker: update AutoHotspot Entries() : bleAccessPoints -> 0
04-24 18:07:18.761  2461  2812 D WifiPickerTracker: handleNetworkCapabilitiesChanged
04-24 18:07:18.761  2461  2461 D SemCarrierFeature: [get] phoneId should be 0 or 1
04-24 18:07:18.761  2461  2461 D SemCarrierFeature: [get] phoneId should be 0 or 1
04-24 18:07:18.761  2461  2461 D SemCarrierFeature: [get] phoneId should be 0 or 1
04-24 18:07:18.761  2461  2461 D CarrierTextController: setCarrierText : Airtel_Haven, Airtel_Haven allSimsMissing : true anySimReady : false
04-24 18:07:18.762  2461  2461 D SemCarrierFeature: [get] phoneId should be 0 or 1
04-24 18:07:18.762 31307 31307 I View    : setRequestedFrameRate frameRate=NaN, this=androidx.compose.ui.platform.AndroidComposeView{795881a VFED..... ........ 0,0-2800,1752 aid=1073741824}, caller=android.view.ViewGroup.setRequestedFrameRate:9952 androidx.compose.ui.platform.Api35Impl.setRequestedFrameRate:3314 androidx.compose.ui.platform.AndroidComposeView.dispatchDraw:1949 android.view.View.draw:26345 android.view.View.updateDisplayListIfDirty:25175 
04-24 18:07:18.762 31307 31307 I View    : setRequestedFrameRate frameRate=NaN, this=android.view.View{65a4116 V.ED..... ........ 0,0-0,0}, caller=androidx.compose.ui.platform.Api35Impl.setRequestedFrameRate:3314 androidx.compose.ui.platform.AndroidComposeView.dispatchDraw:1950 android.view.View.draw:26345 android.view.View.updateDisplayListIfDirty:25175 android.view.ViewGroup.recreateChildDisplayList:4794 
04-24 18:07:18.762  2461  2461 D SemCarrierFeature: [get] phoneId should be 0 or 1
04-24 18:07:18.762  2461  2461 D SemCarrierFeature: [get] phoneId should be 0 or 1
04-24 18:07:18.763  2461  2461 D SemCarrierFeature: [get] phoneId should be 0 or 1
04-24 18:07:18.763  2461  2461 D CarrierTextController: setCarrierText : Airtel_Haven, Airtel_Haven allSimsMissing : true anySimReady : false
04-24 18:07:18.763  2461  2461 D SemCarrierFeature: [get] phoneId should be 0 or 1
04-24 18:07:18.763  2461  2461 D SemCarrierFeature: [get] phoneId should be 0 or 1
04-24 18:07:18.764  2461  2461 D SemCarrierFeature: [get] phoneId should be 0 or 1
04-24 18:07:18.764  2461  2461 D SemCarrierFeature: [get] phoneId should be 0 or 1
04-24 18:07:18.764  2461  2461 D CarrierTextController: setCarrierText : Airtel_Haven, Airtel_Haven allSimsMissing : true anySimReady : false
04-24 18:07:18.764  2461  2461 D SemCarrierFeature: [get] phoneId should be 0 or 1
04-24 18:07:18.764  2461  2461 D SemCarrierFeature: [get] phoneId should be 0 or 1
04-24 18:07:18.765  2461  2461 D SemCarrierFeature: [get] phoneId should be 0 or 1
04-24 18:07:18.765  2461  2461 D SemCarrierFeature: [get] phoneId should be 0 or 1
04-24 18:07:18.765  2461  2461 D CarrierTextController: setCarrierText : Airtel_Haven, Airtel_Haven allSimsMissing : true anySimReady : false
04-24 18:07:18.765  2461  2461 D SemCarrierFeature: [get] phoneId should be 0 or 1
04-24 18:07:18.766  2461  2461 D SemCarrierFeature: [get] phoneId should be 0 or 1
04-24 18:07:18.766  2461  2461 D SemCarrierFeature: [get] phoneId should be 0 or 1
04-24 18:07:18.766  2461  2461 D SemCarrierFeature: [get] phoneId should be 0 or 1
04-24 18:07:18.766  2461  2461 D CarrierTextController: setCarrierText : Airtel_Haven, Airtel_Haven allSimsMissing : true anySimReady : false
04-24 18:07:18.766  2461  2461 D SemCarrierFeature: [get] phoneId should be 0 or 1
04-24 18:07:18.767  2461  2461 D SemCarrierFeature: [get] phoneId should be 0 or 1
04-24 18:07:18.767  2461  2461 D SemCarrierFeature: [get] phoneId should be 0 or 1
04-24 18:07:18.767  2461  2461 D SemCarrierFeature: [get] phoneId should be 0 or 1
04-24 18:07:18.767  2461  2461 D CarrierTextController: setCarrierText : Airtel_Haven, Airtel_Haven allSimsMissing : true anySimReady : false
04-24 18:07:18.768  2461  2461 D SemCarrierFeature: [get] phoneId should be 0 or 1
04-24 18:07:18.768  2461  2461 D SemCarrierFeature: [get] phoneId should be 0 or 1
04-24 18:07:18.768  2461  2461 D SemCarrierFeature: [get] phoneId should be 0 or 1
04-24 18:07:18.768  2461  2461 D SemCarrierFeature: [get] phoneId should be 0 or 1
04-24 18:07:18.768  2461  2461 D CarrierTextController: setCarrierText : Airtel_Haven, Airtel_Haven allSimsMissing : true anySimReady : false
04-24 18:07:18.769  2461  2461 D SemCarrierFeature: [get] phoneId should be 0 or 1
04-24 18:07:18.769  2461  2461 D SemCarrierFeature: [get] phoneId should be 0 or 1
04-24 18:07:18.769  2461  2461 D SemCarrierFeature: [get] phoneId should be 0 or 1
04-24 18:07:18.769  2461  2461 D SemCarrierFeature: [get] phoneId should be 0 or 1
04-24 18:07:18.769  2461  2461 D CarrierTextController: setCarrierText : Airtel_Haven, Airtel_Haven allSimsMissing : true anySimReady : false
04-24 18:07:18.770  2461  2630 D Tile.WifiTile: handleUpdateState isTransient=false transientEnabling =false cb.isTransient=false state.state = 2 mStateBeforeClick.value =false enabled =true
04-24 18:07:18.771  2461  2461 D CarrierTextController: BLOCK_CARRIER_TEXT_WHEN_SIM_NOT_READY
04-24 18:07:18.772  2461  2461 D CarrierTextController: BLOCK_CARRIER_TEXT_WHEN_SIM_NOT_READY
04-24 18:07:18.772  2461  2461 D CarrierTextController: BLOCK_CARRIER_TEXT_WHEN_SIM_NOT_READY
04-24 18:07:18.772  2461  2461 D CarrierTextController: BLOCK_CARRIER_TEXT_WHEN_SIM_NOT_READY
04-24 18:07:18.772  1155  1189 E HeatmapThread: ECT Thread time in milliseconds: 1777034238
04-24 18:07:18.774  1155  1189 D HeatmapThread: !@ batteryplugType : 0
04-24 18:07:18.774  1155  1189 D HeatmapThread: !@ batteryLevel : 79  batteryTemperature : 303 
04-24 18:07:18.774  1155  1189 D HeatmapThread: !@ Heatmap currtime: 29617237
04-24 18:07:18.774  1155  1189 D HeatmapThread: !@ Heatmap prevtime: 29617210
04-24 18:07:18.774  1155  1189 D HeatmapThread: !@ Heatmap plugstarttime: 35791394
04-24 18:07:18.774  1155  1189 D HeatmapThread: !@ Heatmap prevv_dsoh_update_time: 29616754
04-24 18:07:18.774  1155  1189 E HeatmapThread: !@ CAM New BSOH: 100
04-24 18:07:18.779  2461  2461 D ShadeCarrierGroup: handleUpdateCarrierInfo [Airtel_Haven] isLatin=false
04-24 18:07:18.779  2461  2461 D ShadeCarrierGroup: handleUpdateCarrierInfo [Airtel_Haven] isLatin=false
04-24 18:07:18.783 31307 31307 I View    : setRequestedFrameRate frameRate=NaN, this=androidx.compose.ui.platform.AndroidComposeView{795881a VFED..... ........ 0,0-2800,1752 aid=1073741824}, caller=android.view.ViewGroup.setRequestedFrameRate:9952 androidx.compose.ui.platform.Api35Impl.setRequestedFrameRate:3314 androidx.compose.ui.platform.AndroidComposeView.dispatchDraw:1949 android.view.View.draw:26345 android.view.View.updateDisplayListIfDirty:25175 
04-24 18:07:18.783 31307 31307 I View    : setRequestedFrameRate frameRate=NaN, this=android.view.View{65a4116 V.ED..... ........ 0,0-0,0}, caller=androidx.compose.ui.platform.Api35Impl.setRequestedFrameRate:3314 androidx.compose.ui.platform.AndroidComposeView.dispatchDraw:1950 android.view.View.draw:26345 android.view.View.updateDisplayListIfDirty:25175 android.view.ViewGroup.recreateChildDisplayList:4794 
04-24 18:07:18.785  1177  1319 I SurfaceFlinger: Capture layer list: 	 com.anonymous.gurustudy.dev/expo.modules.devlauncher.launcher.DevLauncherActivity$_31307#57317(seamlessTransition:0)
04-24 18:07:18.791  1177  1177 I BufferQueueProducer: [StatusBar$_2461#106](this:0xb400007905cfdbb8,id:-1,api:0,p:-1,c:1177) queueBuffer: fps=0.33 dur=3025.17 max=3025.17 min=3025.17
04-24 18:07:18.797 31307 31307 I View    : setRequestedFrameRate frameRate=NaN, this=androidx.compose.ui.platform.AndroidComposeView{795881a VFED..... ........ 0,0-2800,1752 aid=1073741824}, caller=android.view.ViewGroup.setRequestedFrameRate:9952 androidx.compose.ui.platform.Api35Impl.setRequestedFrameRate:3314 androidx.compose.ui.platform.AndroidComposeView.dispatchDraw:1949 android.view.View.draw:26345 android.view.View.updateDisplayListIfDirty:25175 
04-24 18:07:18.797 31307 31307 I View    : setRequestedFrameRate frameRate=NaN, this=android.view.View{65a4116 V.ED..... ........ 0,0-0,0}, caller=androidx.compose.ui.platform.Api35Impl.setRequestedFrameRate:3314 androidx.compose.ui.platform.AndroidComposeView.dispatchDraw:1950 android.view.View.draw:26345 android.view.View.updateDisplayListIfDirty:25175 android.view.ViewGroup.recreateChildDisplayList:4794 
04-24 18:07:18.798  2461  2461 W View    : requestLayout() improperly called by com.android.systemui.qs.SecQSGradationDrawableView{46e2a8f V.E...... ......ID 0,0-2800,196 #7f0a0a16 app:id/qs_gradation_view} during layout: running second layout pass
04-24 18:07:18.798  2461  2461 W View    : requestLayout() improperly called by android.widget.FrameLayout{d79e11c V.E...... ......ID 0,0-2800,1752 #2} during layout: running second layout pass
04-24 18:07:18.798  2461  2461 W View    : requestLayout() improperly called by android.widget.FrameLayout{7239125 V.E...... ......ID 910,60-1890,1722 #7f0a0a14 app:id/qs_frame} during layout: running second layout pass
04-24 18:07:18.813 31307 31307 I View    : setRequestedFrameRate frameRate=NaN, this=androidx.compose.ui.platform.AndroidComposeView{795881a VFED..... ........ 0,0-2800,1752 aid=1073741824}, caller=android.view.ViewGroup.setRequestedFrameRate:9952 androidx.compose.ui.platform.Api35Impl.setRequestedFrameRate:3314 androidx.compose.ui.platform.AndroidComposeView.dispatchDraw:1949 android.view.View.draw:26345 android.view.View.updateDisplayListIfDirty:25175 
04-24 18:07:18.813 31307 31307 I View    : setRequestedFrameRate frameRate=NaN, this=android.view.View{65a4116 V.ED..... ........ 0,0-0,0}, caller=androidx.compose.ui.platform.Api35Impl.setRequestedFrameRate:3314 androidx.compose.ui.platform.AndroidComposeView.dispatchDraw:1950 android.view.View.draw:26345 android.view.View.updateDisplayListIfDirty:25175 android.view.ViewGroup.recreateChildDisplayList:4794 
04-24 18:07:18.833 31307 31307 I View    : setRequestedFrameRate frameRate=NaN, this=androidx.compose.ui.platform.AndroidComposeView{795881a VFED..... ........ 0,0-2800,1752 aid=1073741824}, caller=android.view.ViewGroup.setRequestedFrameRate:9952 androidx.compose.ui.platform.Api35Impl.setRequestedFrameRate:3314 androidx.compose.ui.platform.AndroidComposeView.dispatchDraw:1949 android.view.View.draw:26345 android.view.View.updateDisplayListIfDirty:25175 
04-24 18:07:18.833 31307 31307 I View    : setRequestedFrameRate frameRate=NaN, this=android.view.View{65a4116 V.ED..... ........ 0,0-0,0}, caller=androidx.compose.ui.platform.Api35Impl.setRequestedFrameRate:3314 androidx.compose.ui.platform.AndroidComposeView.dispatchDraw:1950 android.view.View.draw:26345 android.view.View.updateDisplayListIfDirty:25175 android.view.ViewGroup.recreateChildDisplayList:4794 
04-24 18:07:18.848  4053  4053 E HBD     : g activeNetwork is null 
04-24 18:07:18.848  4053  4053 I HBD     : h LogTag.TAG_LMDOWNLOAD network status is changed.
04-24 18:07:18.848 31307 31307 I View    : setRequestedFrameRate frameRate=NaN, this=androidx.compose.ui.platform.AndroidComposeView{795881a VFED..... ........ 0,0-2800,1752 aid=1073741824}, caller=android.view.ViewGroup.setRequestedFrameRate:9952 androidx.compose.ui.platform.Api35Impl.setRequestedFrameRate:3314 androidx.compose.ui.platform.AndroidComposeView.dispatchDraw:1949 android.view.View.draw:26345 android.view.View.updateDisplayListIfDirty:25175 
04-24 18:07:18.848 31307 31307 I View    : setRequestedFrameRate frameRate=NaN, this=android.view.View{65a4116 V.ED..... ........ 0,0-0,0}, caller=androidx.compose.ui.platform.Api35Impl.setRequestedFrameRate:3314 androidx.compose.ui.platform.AndroidComposeView.dispatchDraw:1950 android.view.View.draw:26345 android.view.View.updateDisplayListIfDirty:25175 android.view.ViewGroup.recreateChildDisplayList:4794 
04-24 18:07:18.849  4053  4053 E HBD     : g activeNetwork is null 
04-24 18:07:18.849  4053  4053 E HBD     : h LogTag.TAG_LMDOWNLOAD cancelExecutor downloader is execute : isNoNetworkAvailable == true
04-24 18:07:18.864 31307 31307 I View    : setRequestedFrameRate frameRate=NaN, this=androidx.compose.ui.platform.AndroidComposeView{795881a VFED..... ........ 0,0-2800,1752 aid=1073741824}, caller=android.view.ViewGroup.setRequestedFrameRate:9952 androidx.compose.ui.platform.Api35Impl.setRequestedFrameRate:3314 androidx.compose.ui.platform.AndroidComposeView.dispatchDraw:1949 android.view.View.draw:26345 android.view.View.updateDisplayListIfDirty:25175 
04-24 18:07:18.864 31307 31307 I View    : setRequestedFrameRate frameRate=NaN, this=android.view.View{65a4116 V.ED..... ........ 0,0-0,0}, caller=androidx.compose.ui.platform.Api35Impl.setRequestedFrameRate:3314 androidx.compose.ui.platform.AndroidComposeView.dispatchDraw:1950 android.view.View.draw:26345 android.view.View.updateDisplayListIfDirty:25175 android.view.ViewGroup.recreateChildDisplayList:4794 
04-24 18:07:18.881 31307 31307 I View    : setRequestedFrameRate frameRate=NaN, this=androidx.compose.ui.platform.AndroidComposeView{795881a VFED..... ........ 0,0-2800,1752 aid=1073741824}, caller=android.view.ViewGroup.setRequestedFrameRate:9952 androidx.compose.ui.platform.Api35Impl.setRequestedFrameRate:3314 androidx.compose.ui.platform.AndroidComposeView.dispatchDraw:1949 android.view.View.draw:26345 android.view.View.updateDisplayListIfDirty:25175 
04-24 18:07:18.881 31307 31307 I View    : setRequestedFrameRate frameRate=NaN, this=android.view.View{65a4116 V.ED..... ........ 0,0-0,0}, caller=androidx.compose.ui.platform.Api35Impl.setRequestedFrameRate:3314 androidx.compose.ui.platform.AndroidComposeView.dispatchDraw:1950 android.view.View.draw:26345 android.view.View.updateDisplayListIfDirty:25175 android.view.ViewGroup.recreateChildDisplayList:4794 
04-24 18:07:18.885  1177  1319 I SurfaceFlinger: Capture layer list: 	 com.anonymous.gurustudy.dev/expo.modules.devlauncher.launcher.DevLauncherActivity$_31307#57317(seamlessTransition:0)
04-24 18:07:18.897 31307 31307 I View    : setRequestedFrameRate frameRate=NaN, this=androidx.compose.ui.platform.AndroidComposeView{795881a VFED..... ........ 0,0-2800,1752 aid=1073741824}, caller=android.view.ViewGroup.setRequestedFrameRate:9952 androidx.compose.ui.platform.Api35Impl.setRequestedFrameRate:3314 androidx.compose.ui.platform.AndroidComposeView.dispatchDraw:1949 android.view.View.draw:26345 android.view.View.updateDisplayListIfDirty:25175 
04-24 18:07:18.897 31307 31307 I View    : setRequestedFrameRate frameRate=NaN, this=android.view.View{65a4116 V.ED..... ........ 0,0-0,0}, caller=androidx.compose.ui.platform.Api35Impl.setRequestedFrameRate:3314 androidx.compose.ui.platform.AndroidComposeView.dispatchDraw:1950 android.view.View.draw:26345 android.view.View.updateDisplayListIfDirty:25175 android.view.ViewGroup.recreateChildDisplayList:4794 
04-24 18:07:18.916 31307 31307 I View    : setRequestedFrameRate frameRate=NaN, this=androidx.compose.ui.platform.AndroidComposeView{795881a VFED..... ........ 0,0-2800,1752 aid=1073741824}, caller=android.view.ViewGroup.setRequestedFrameRate:9952 androidx.compose.ui.platform.Api35Impl.setRequestedFrameRate:3314 androidx.compose.ui.platform.AndroidComposeView.dispatchDraw:1949 android.view.View.draw:26345 android.view.View.updateDisplayListIfDirty:25175 
04-24 18:07:18.916 31307 31307 I View    : setRequestedFrameRate frameRate=NaN, this=android.view.View{65a4116 V.ED..... ........ 0,0-0,0}, caller=androidx.compose.ui.platform.Api35Impl.setRequestedFrameRate:3314 androidx.compose.ui.platform.AndroidComposeView.dispatchDraw:1950 android.view.View.draw:26345 android.view.View.updateDisplayListIfDirty:25175 android.view.ViewGroup.recreateChildDisplayList:4794 
04-24 18:07:18.932 31307 31307 I View    : setRequestedFrameRate frameRate=NaN, this=androidx.compose.ui.platform.AndroidComposeView{795881a VFED..... ........ 0,0-2800,1752 aid=1073741824}, caller=android.view.ViewGroup.setRequestedFrameRate:9952 androidx.compose.ui.platform.Api35Impl.setRequestedFrameRate:3314 androidx.compose.ui.platform.AndroidComposeView.dispatchDraw:1949 android.view.View.draw:26345 android.view.View.updateDisplayListIfDirty:25175 
04-24 18:07:18.932 31307 31307 I View    : setRequestedFrameRate frameRate=NaN, this=android.view.View{65a4116 V.ED..... ........ 0,0-0,0}, caller=androidx.compose.ui.platform.Api35Impl.setRequestedFrameRate:3314 androidx.compose.ui.platform.AndroidComposeView.dispatchDraw:1950 android.view.View.draw:26345 android.view.View.updateDisplayListIfDirty:25175 android.view.ViewGroup.recreateChildDisplayList:4794 
04-24 18:07:18.947 31307 31307 I View    : setRequestedFrameRate frameRate=NaN, this=androidx.compose.ui.platform.AndroidComposeView{795881a VFED..... ........ 0,0-2800,1752 aid=1073741824}, caller=android.view.ViewGroup.setRequestedFrameRate:9952 androidx.compose.ui.platform.Api35Impl.setRequestedFrameRate:3314 androidx.compose.ui.platform.AndroidComposeView.dispatchDraw:1949 android.view.View.draw:26345 android.view.View.updateDisplayListIfDirty:25175 
04-24 18:07:18.948 31307 31307 I View    : setRequestedFrameRate frameRate=NaN, this=android.view.View{65a4116 V.ED..... ........ 0,0-0,0}, caller=androidx.compose.ui.platform.Api35Impl.setRequestedFrameRate:3314 androidx.compose.ui.platform.AndroidComposeView.dispatchDraw:1950 android.view.View.draw:26345 android.view.View.updateDisplayListIfDirty:25175 android.view.ViewGroup.recreateChildDisplayList:4794 
04-24 18:07:18.962 31307 31307 I View    : setRequestedFrameRate frameRate=NaN, this=androidx.compose.ui.platform.AndroidComposeView{795881a VFED..... ........ 0,0-2800,1752 aid=1073741824}, caller=android.view.ViewGroup.setRequestedFrameRate:9952 androidx.compose.ui.platform.Api35Impl.setRequestedFrameRate:3314 androidx.compose.ui.platform.AndroidComposeView.dispatchDraw:1949 android.view.View.draw:26345 android.view.View.updateDisplayListIfDirty:25175 
04-24 18:07:18.963 31307 31307 I View    : setRequestedFrameRate frameRate=NaN, this=android.view.View{65a4116 V.ED..... ........ 0,0-0,0}, caller=androidx.compose.ui.platform.Api35Impl.setRequestedFrameRate:3314 androidx.compose.ui.platform.AndroidComposeView.dispatchDraw:1950 android.view.View.draw:26345 android.view.View.updateDisplayListIfDirty:25175 android.view.ViewGroup.recreateChildDisplayList:4794 
04-24 18:07:18.980 31307 31307 I View    : setRequestedFrameRate frameRate=NaN, this=androidx.compose.ui.platform.AndroidComposeView{795881a VFED..... ........ 0,0-2800,1752 aid=1073741824}, caller=android.view.ViewGroup.setRequestedFrameRate:9952 androidx.compose.ui.platform.Api35Impl.setRequestedFrameRate:3314 androidx.compose.ui.platform.AndroidComposeView.dispatchDraw:1949 android.view.View.draw:26345 android.view.View.updateDisplayListIfDirty:25175 
04-24 18:07:18.980 31307 31307 I View    : setRequestedFrameRate frameRate=NaN, this=android.view.View{65a4116 V.ED..... ........ 0,0-0,0}, caller=androidx.compose.ui.platform.Api35Impl.setRequestedFrameRate:3314 androidx.compose.ui.platform.AndroidComposeView.dispatchDraw:1950 android.view.View.draw:26345 android.view.View.updateDisplayListIfDirty:25175 android.view.ViewGroup.recreateChildDisplayList:4794 
04-24 18:07:18.986  1177  1319 I SurfaceFlinger: Capture layer list: 	 com.anonymous.gurustudy.dev/expo.modules.devlauncher.launcher.DevLauncherActivity$_31307#57317(seamlessTransition:0)
04-24 18:07:18.993  1177  1177 I BufferQueueProducer: [FramebufferSurface](this:0xb4000079c5b1b880,id:-1,api:1,p:1177,c:1177) queueBuffer: fps=58.91 dur=1001.50 max=33.15 min=15.29
04-24 18:07:18.994  1097  1123 I hwcomposer: [HWCDisplay] [Display_0 (type:1, mode:2)] fps:58.906261,dur:1001.59,max:33.06,min:15.28  
04-24 18:07:18.995 31307 31307 I View    : setRequestedFrameRate frameRate=NaN, this=androidx.compose.ui.platform.AndroidComposeView{795881a VFED..... ........ 0,0-2800,1752 aid=1073741824}, caller=android.view.ViewGroup.setRequestedFrameRate:9952 androidx.compose.ui.platform.Api35Impl.setRequestedFrameRate:3314 androidx.compose.ui.platform.AndroidComposeView.dispatchDraw:1949 android.view.View.draw:26345 android.view.View.updateDisplayListIfDirty:25175 
04-24 18:07:18.996 31307 31307 I View    : setRequestedFrameRate frameRate=NaN, this=android.view.View{65a4116 V.ED..... ........ 0,0-0,0}, caller=androidx.compose.ui.platform.Api35Impl.setRequestedFrameRate:3314 androidx.compose.ui.platform.AndroidComposeView.dispatchDraw:1950 android.view.View.draw:26345 android.view.View.updateDisplayListIfDirty:25175 android.view.ViewGroup.recreateChildDisplayList:4794 
04-24 18:07:19.014 31307 31307 I View    : setRequestedFrameRate frameRate=NaN, this=androidx.compose.ui.platform.AndroidComposeView{795881a VFED..... ........ 0,0-2800,1752 aid=1073741824}, caller=android.view.ViewGroup.setRequestedFrameRate:9952 androidx.compose.ui.platform.Api35Impl.setRequestedFrameRate:3314 androidx.compose.ui.platform.AndroidComposeView.dispatchDraw:1949 android.view.View.draw:26345 android.view.View.updateDisplayListIfDirty:25175 
04-24 18:07:19.014 31307 31307 I View    : setRequestedFrameRate frameRate=NaN, this=android.view.View{65a4116 V.ED..... ........ 0,0-0,0}, caller=androidx.compose.ui.platform.Api35Impl.setRequestedFrameRate:3314 androidx.compose.ui.platform.AndroidComposeView.dispatchDraw:1950 android.view.View.draw:26345 android.view.View.updateDisplayListIfDirty:25175 android.view.ViewGroup.recreateChildDisplayList:4794 
04-24 18:07:19.016  1377  1448 D agps    : [agps] WARNING: [CP] cp2_fd_1_reconnect_timeout
04-24 18:07:19.016  1377  1400 E agps    : [agps] ERR: [CP] get_ccci_uart  open failed node=[/dev/ttyC2] reason=[No such file or directory]
04-24 18:07:19.016  1377  1400 E agps    : [agps] ERR: [CP] get_eemcs_uart  open failed node=[/dev/eemcs_ipc_uart] reason=[No such file or directory]
04-24 18:07:19.016  1377  1400 E agps    : [agps] ERR: [CP] ccci_uart_1  open failed
