
> neet_study@1.0.0 test:unit
> jest --runInBand --config jest.unit.config.js

FAIL src/db/database.unit.test.ts
  ● Console

    console.error
      [DB] Drizzle migration failed: DrizzleError: Failed to run the query '
      			CREATE TABLE IF NOT EXISTS "__drizzle_migrations" (
      				id SERIAL PRIMARY KEY,
      				hash text NOT NULL,
      				created_at numeric
      			)
      		'
          at ExpoSQLiteSession.run (/Users/vishnugnair/Guru-3/node_modules/src/sqlite-core/session.ts:271:10)
          at SQLiteSyncDialect.migrate (/Users/vishnugnair/Guru-3/node_modules/src/sqlite-core/dialect.ts:962:11)
          at migrate (/Users/vishnugnair/Guru-3/node_modules/src/expo-sqlite/migrator.ts:46:20) {
        cause: TypeError: this.client.prepareSync is not a function
            at ExpoSQLiteSession.prepareQuery (/Users/vishnugnair/Guru-3/node_modules/src/expo-sqlite/session.ts:50:28)
            at ExpoSQLiteSession.prepareOneTimeQuery (/Users/vishnugnair/Guru-3/node_modules/src/sqlite-core/session.ts:250:15)
            at ExpoSQLiteSession.run (/Users/vishnugnair/Guru-3/node_modules/src/sqlite-core/session.ts:269:16)
            at SQLiteSyncDialect.migrate (/Users/vishnugnair/Guru-3/node_modules/src/sqlite-core/dialect.ts:962:11)
            at migrate (/Users/vishnugnair/Guru-3/node_modules/src/expo-sqlite/migrator.ts:46:20)
      }

      189 |     await migrate(getDrizzleDb(), migrations);
      190 |   } catch (migErr) {
    > 191 |     console.error('[DB] Drizzle migration failed:', migErr);
          |             ^
      192 |   }
      193 |
      194 |   // Ensure all subjects exist on every boot (safe due to INSERT OR IGNORE)

      at error (src/db/database.ts:191:13)
          at Generator.throw (<anonymous>)
      at asyncGeneratorStep (node_modules/@babel/runtime/helpers/asyncToGenerator.js:3:17)
      at _throw (node_modules/@babel/runtime/helpers/asyncToGenerator.js:20:9)

    console.error
      [DB] Drizzle migration failed: DrizzleError: Failed to run the query '
      			CREATE TABLE IF NOT EXISTS "__drizzle_migrations" (
      				id SERIAL PRIMARY KEY,
      				hash text NOT NULL,
      				created_at numeric
      			)
      		'
          at ExpoSQLiteSession.run (/Users/vishnugnair/Guru-3/node_modules/src/sqlite-core/session.ts:271:10)
          at SQLiteSyncDialect.migrate (/Users/vishnugnair/Guru-3/node_modules/src/sqlite-core/dialect.ts:962:11)
          at migrate (/Users/vishnugnair/Guru-3/node_modules/src/expo-sqlite/migrator.ts:46:20) {
        cause: TypeError: this.client.prepareSync is not a function
            at ExpoSQLiteSession.prepareQuery (/Users/vishnugnair/Guru-3/node_modules/src/expo-sqlite/session.ts:50:28)
            at ExpoSQLiteSession.prepareOneTimeQuery (/Users/vishnugnair/Guru-3/node_modules/src/sqlite-core/session.ts:250:15)
            at ExpoSQLiteSession.run (/Users/vishnugnair/Guru-3/node_modules/src/sqlite-core/session.ts:269:16)
            at SQLiteSyncDialect.migrate (/Users/vishnugnair/Guru-3/node_modules/src/sqlite-core/dialect.ts:962:11)
            at migrate (/Users/vishnugnair/Guru-3/node_modules/src/expo-sqlite/migrator.ts:46:20)
      }

      189 |     await migrate(getDrizzleDb(), migrations);
      190 |   } catch (migErr) {
    > 191 |     console.error('[DB] Drizzle migration failed:', migErr);
          |             ^
      192 |   }
      193 |
      194 |   // Ensure all subjects exist on every boot (safe due to INSERT OR IGNORE)

      at error (src/db/database.ts:191:13)
          at Generator.throw (<anonymous>)
      at asyncGeneratorStep (node_modules/@babel/runtime/helpers/asyncToGenerator.js:3:17)
      at _throw (node_modules/@babel/runtime/helpers/asyncToGenerator.js:20:9)

    console.error
      [DB] Drizzle migration failed: DrizzleError: Failed to run the query '
      			CREATE TABLE IF NOT EXISTS "__drizzle_migrations" (
      				id SERIAL PRIMARY KEY,
      				hash text NOT NULL,
      				created_at numeric
      			)
      		'
          at ExpoSQLiteSession.run (/Users/vishnugnair/Guru-3/node_modules/src/sqlite-core/session.ts:271:10)
          at SQLiteSyncDialect.migrate (/Users/vishnugnair/Guru-3/node_modules/src/sqlite-core/dialect.ts:962:11)
          at migrate (/Users/vishnugnair/Guru-3/node_modules/src/expo-sqlite/migrator.ts:46:20) {
        cause: TypeError: this.client.prepareSync is not a function
            at ExpoSQLiteSession.prepareQuery (/Users/vishnugnair/Guru-3/node_modules/src/expo-sqlite/session.ts:50:28)
            at ExpoSQLiteSession.prepareOneTimeQuery (/Users/vishnugnair/Guru-3/node_modules/src/sqlite-core/session.ts:250:15)
            at ExpoSQLiteSession.run (/Users/vishnugnair/Guru-3/node_modules/src/sqlite-core/session.ts:269:16)
            at SQLiteSyncDialect.migrate (/Users/vishnugnair/Guru-3/node_modules/src/sqlite-core/dialect.ts:962:11)
            at migrate (/Users/vishnugnair/Guru-3/node_modules/src/expo-sqlite/migrator.ts:46:20)
      }

      189 |     await migrate(getDrizzleDb(), migrations);
      190 |   } catch (migErr) {
    > 191 |     console.error('[DB] Drizzle migration failed:', migErr);
          |             ^
      192 |   }
      193 |
      194 |   // Ensure all subjects exist on every boot (safe due to INSERT OR IGNORE)

      at error (src/db/database.ts:191:13)
          at Generator.throw (<anonymous>)
      at asyncGeneratorStep (node_modules/@babel/runtime/helpers/asyncToGenerator.js:3:17)
      at _throw (node_modules/@babel/runtime/helpers/asyncToGenerator.js:20:9)

  ● database.ts › initDatabase › initializes the database successfully without force seed

    TypeError: A dynamic import callback was invoked without --experimental-vm-modules

      297 |   // only needed here. On normal cold starts (topicCount > 0) this module
      298 |   // never loads, keeping the JS heap smaller.
    > 299 |   const { TOPICS_SEED } = await import('../constants/syllabus/topics');
          |   ^
      300 |   await runInTransaction(async (db) => {
      301 |     // Pass 1: Insert all topics without parent links (ensures parents exist).
      302 |     // Batched multi-VALUES INSERTs to minimize JS↔native bridge crossings.

      at src/db/database.ts:299:3
      at asyncGeneratorStep (node_modules/@babel/runtime/helpers/asyncToGenerator.js:3:17)
      at _next (node_modules/@babel/runtime/helpers/asyncToGenerator.js:17:9)
      at node_modules/@babel/runtime/helpers/asyncToGenerator.js:22:7
      at node_modules/@babel/runtime/helpers/asyncToGenerator.js:14:12
      at apply (src/db/database.ts:361:2)
      at apply (src/db/database.ts:295:33)
      at seedTopics (src/db/database.ts:211:11)
      at asyncGeneratorStep (node_modules/@babel/runtime/helpers/asyncToGenerator.js:3:17)
      at _next (node_modules/@babel/runtime/helpers/asyncToGenerator.js:17:9)

  ● database.ts › runInTransaction › runs the function inside a transaction

    TypeError: A dynamic import callback was invoked without --experimental-vm-modules

      297 |   // only needed here. On normal cold starts (topicCount > 0) this module
      298 |   // never loads, keeping the JS heap smaller.
    > 299 |   const { TOPICS_SEED } = await import('../constants/syllabus/topics');
          |   ^
      300 |   await runInTransaction(async (db) => {
      301 |     // Pass 1: Insert all topics without parent links (ensures parents exist).
      302 |     // Batched multi-VALUES INSERTs to minimize JS↔native bridge crossings.

      at src/db/database.ts:299:3
      at asyncGeneratorStep (node_modules/@babel/runtime/helpers/asyncToGenerator.js:3:17)
      at _next (node_modules/@babel/runtime/helpers/asyncToGenerator.js:17:9)
      at node_modules/@babel/runtime/helpers/asyncToGenerator.js:22:7
      at node_modules/@babel/runtime/helpers/asyncToGenerator.js:14:12
      at apply (src/db/database.ts:361:2)
      at apply (src/db/database.ts:295:33)
      at seedTopics (src/db/database.ts:211:11)
      at asyncGeneratorStep (node_modules/@babel/runtime/helpers/asyncToGenerator.js:3:17)
      at _next (node_modules/@babel/runtime/helpers/asyncToGenerator.js:17:9)

  ● database.ts › runInTransaction › rolls back if the function throws

    TypeError: A dynamic import callback was invoked without --experimental-vm-modules

      297 |   // only needed here. On normal cold starts (topicCount > 0) this module
      298 |   // never loads, keeping the JS heap smaller.
    > 299 |   const { TOPICS_SEED } = await import('../constants/syllabus/topics');
          |   ^
      300 |   await runInTransaction(async (db) => {
      301 |     // Pass 1: Insert all topics without parent links (ensures parents exist).
      302 |     // Batched multi-VALUES INSERTs to minimize JS↔native bridge crossings.

      at src/db/database.ts:299:3
      at asyncGeneratorStep (node_modules/@babel/runtime/helpers/asyncToGenerator.js:3:17)
      at _next (node_modules/@babel/runtime/helpers/asyncToGenerator.js:17:9)
      at node_modules/@babel/runtime/helpers/asyncToGenerator.js:22:7
      at node_modules/@babel/runtime/helpers/asyncToGenerator.js:14:12
      at apply (src/db/database.ts:361:2)
      at apply (src/db/database.ts:295:33)
      at seedTopics (src/db/database.ts:211:11)
      at asyncGeneratorStep (node_modules/@babel/runtime/helpers/asyncToGenerator.js:3:17)
      at _next (node_modules/@babel/runtime/helpers/asyncToGenerator.js:17:9)

FAIL src/db/drizzleQueryParity.db.test.ts
  ● Drizzle query parity (in-memory SQLite) › matches legacy mind-map list/load/search outputs on the same dataset

    TypeError: A dynamic import callback was invoked without --experimental-vm-modules

      86 |
      87 |   async function seedSubjectAndTopics(): Promise<void> {
    > 88 |     const db = (await import('./database')).getDb();
         |                ^
      89 |
      90 |     await db.runAsync(
      91 |       `INSERT INTO subjects

      at src/db/drizzleQueryParity.db.test.ts:88:16
      at asyncGeneratorStep (node_modules/@babel/runtime/helpers/asyncToGenerator.js:3:17)
      at _next (node_modules/@babel/runtime/helpers/asyncToGenerator.js:17:9)
      at node_modules/@babel/runtime/helpers/asyncToGenerator.js:22:7
      at node_modules/@babel/runtime/helpers/asyncToGenerator.js:14:12
      at apply (src/db/drizzleQueryParity.db.test.ts:117:4)
      at apply (src/db/drizzleQueryParity.db.test.ts:87:38)
      at Object.seedSubjectAndTopics (src/db/drizzleQueryParity.db.test.ts:159:11)
      at asyncGeneratorStep (node_modules/@babel/runtime/helpers/asyncToGenerator.js:3:17)
      at _next (node_modules/@babel/runtime/helpers/asyncToGenerator.js:17:9)
      at node_modules/@babel/runtime/helpers/asyncToGenerator.js:22:7
      at Object.<anonymous> (node_modules/@babel/runtime/helpers/asyncToGenerator.js:14:12)

FAIL src/db/seedTopics.db.test.ts
  ● seedSubjects + seedTopics (integration) › inserts all 19 subjects

    TypeError: A dynamic import callback was invoked without --experimental-vm-modules

      44 |
      45 |   it('inserts all 19 subjects', async () => {
    > 46 |     const db = (await import('./database')).getDb();
         |                ^
      47 |     await seedSubjects(db);
      48 |     const row = await db.getFirstAsync<{ c: number }>('SELECT COUNT(*) AS c FROM subjects');
      49 |     expect(row?.c).toBe(SNAPSHOT.subjectsCount);

      at Object.<anonymous> (src/db/seedTopics.db.test.ts:46:16)
      at asyncGeneratorStep (node_modules/@babel/runtime/helpers/asyncToGenerator.js:3:17)
      at _next (node_modules/@babel/runtime/helpers/asyncToGenerator.js:17:9)
      at node_modules/@babel/runtime/helpers/asyncToGenerator.js:22:7
      at Object.<anonymous> (node_modules/@babel/runtime/helpers/asyncToGenerator.js:14:12)

  ● seedSubjects + seedTopics (integration) › inserts every topic tuple without data loss and wires parent links

    TypeError: A dynamic import callback was invoked without --experimental-vm-modules

      51 |
      52 |   it('inserts every topic tuple without data loss and wires parent links', async () => {
    > 53 |     const db = (await import('./database')).getDb();
         |                ^
      54 |     await seedSubjects(db);
      55 |     await seedTopics(db);
      56 |

      at Object.<anonymous> (src/db/seedTopics.db.test.ts:53:16)
      at asyncGeneratorStep (node_modules/@babel/runtime/helpers/asyncToGenerator.js:3:17)
      at _next (node_modules/@babel/runtime/helpers/asyncToGenerator.js:17:9)
      at node_modules/@babel/runtime/helpers/asyncToGenerator.js:22:7
      at Object.<anonymous> (node_modules/@babel/runtime/helpers/asyncToGenerator.js:14:12)

  ● seedSubjects + seedTopics (integration) › is idempotent: running seedTopics twice leaves row counts unchanged

    TypeError: A dynamic import callback was invoked without --experimental-vm-modules

      91 |
      92 |   it('is idempotent: running seedTopics twice leaves row counts unchanged', async () => {
    > 93 |     const db = (await import('./database')).getDb();
         |                ^
      94 |     await seedSubjects(db);
      95 |     await seedTopics(db);
      96 |     await seedTopics(db);

      at Object.<anonymous> (src/db/seedTopics.db.test.ts:93:16)
      at asyncGeneratorStep (node_modules/@babel/runtime/helpers/asyncToGenerator.js:3:17)
      at _next (node_modules/@babel/runtime/helpers/asyncToGenerator.js:17:9)
      at node_modules/@babel/runtime/helpers/asyncToGenerator.js:22:7
      at Object.<anonymous> (node_modules/@babel/runtime/helpers/asyncToGenerator.js:14:12)

FAIL src/services/transcription/engines.unit.test.ts
  ● Console

    console.log
      [LecturePipeline] Groq transcription request starting {
        audioFilePath: 'file:///tmp/lecture.m4a',
        model: 'whisper-large-v3-turbo',
        fileSizeBytes: 1024,
        timeoutMs: 45000
      }

      at log (src/services/transcription/engines.ts:158:11)

    console.log
      [LecturePipeline] Groq transcription response received { audioFilePath: 'file:///tmp/lecture.m4a', transcriptChars: 17 }

      at log (src/services/transcription/engines.ts:188:11)

    console.log
      [LecturePipeline] Groq transcription request starting {
        audioFilePath: 'file:///tmp/a.m4a',
        model: 'whisper-large-v3-turbo',
        fileSizeBytes: 1024,
        timeoutMs: 45000
      }

      at log (src/services/transcription/engines.ts:158:11)

    console.warn
      [LecturePipeline] Groq transcription request failed {
        audioFilePath: 'file:///tmp/a.m4a',
        status: 429,
        error: 'rate limit'
      }

      176 |   if (!res.ok) {
      177 |     const err = await res.text().catch(() => res.status.toString());
    > 178 |     console.warn('[LecturePipeline] Groq transcription request failed', {
          |             ^
      179 |       audioFilePath,
      180 |       status: res.status,
      181 |       error: err,

      at warn (src/services/transcription/engines.ts:178:13)
      at asyncGeneratorStep (node_modules/@babel/runtime/helpers/asyncToGenerator.js:3:17)
      at _next (node_modules/@babel/runtime/helpers/asyncToGenerator.js:17:9)

    console.log
      [LecturePipeline] Groq transcription request starting {
        audioFilePath: 'file:///tmp/a.m4a',
        model: 'whisper-large-v3-turbo',
        fileSizeBytes: 1024,
        timeoutMs: 45000
      }

      at log (src/services/transcription/engines.ts:158:11)

    console.log
      [LecturePipeline] Groq transcription request starting {
        audioFilePath: 'file:///tmp/a.m4a',
        model: 'whisper-large-v3-turbo',
        fileSizeBytes: 1024,
        timeoutMs: 45000
      }

      at log (src/services/transcription/engines.ts:158:11)

    console.log
      [LecturePipeline] Groq transcription response received { audioFilePath: 'file:///tmp/a.m4a', transcriptChars: 21 }

      at log (src/services/transcription/engines.ts:188:11)

  ● transcription engines (Groq / HF) › transcribeRawWithLocalWhisper batch-transcribes large WAV files instead of single-shot inference

    TypeError: _batchTranscriber.BatchTranscriber is not a constructor

      387 |
      388 |     if (whisperInputInfo.size > LOCAL_WHISPER_BATCH_THRESHOLD_BYTES) {
    > 389 |       const batch = new BatchTranscriber(whisperModelManager, {
          |                     ^
      390 |         chunkDurationSec: 30,
      391 |         overlapSec: 1,
      392 |         beamSize: 1,

      at src/services/transcription/engines.ts:389:21
      at asyncGeneratorStep (node_modules/@babel/runtime/helpers/asyncToGenerator.js:3:17)
      at _next (node_modules/@babel/runtime/helpers/asyncToGenerator.js:17:9)

FAIL src/services/ai/google/geminiStructured.unit.test.ts
  ● geminiGenerateStructuredJsonSdk › rethrows RateLimitError on 429-like SDK errors

    TypeError: A dynamic import callback was invoked without --experimental-vm-modules

      93 |
      94 |     const schema = z.object({ a: z.number() });
    > 95 |     const { RateLimitError } = await import('../schemas');
         |     ^
      96 |     await expect(
      97 |       geminiGenerateStructuredJsonSdk([{ role: 'user', content: 'x' }], schema, 'k', 'low'),
      98 |     ).rejects.toBeInstanceOf(RateLimitError);

      at Object.<anonymous> (src/services/ai/google/geminiStructured.unit.test.ts:95:5)
      at asyncGeneratorStep (node_modules/@babel/runtime/helpers/asyncToGenerator.js:3:17)
      at _next (node_modules/@babel/runtime/helpers/asyncToGenerator.js:17:9)
      at node_modules/@babel/runtime/helpers/asyncToGenerator.js:22:7
      at Object.<anonymous> (node_modules/@babel/runtime/helpers/asyncToGenerator.js:14:12)

FAIL src/services/transcriptStorage.unit.test.ts
  ● transcriptStorage › backupNoteToPublic › should save to cloud (SAF) and local public dir on Android

    TypeError: A dynamic import callback was invoked without --experimental-vm-modules

      40 |   }));
      41 |
    > 42 |   const service = await import('./transcriptStorage');
         |                ^
      43 |   return { service, mockFileSystem };
      44 | }
      45 |

      at src/services/transcriptStorage.unit.test.ts:42:16
      at asyncGeneratorStep (node_modules/@babel/runtime/helpers/asyncToGenerator.js:3:17)
      at _next (node_modules/@babel/runtime/helpers/asyncToGenerator.js:17:9)
      at node_modules/@babel/runtime/helpers/asyncToGenerator.js:22:7
      at node_modules/@babel/runtime/helpers/asyncToGenerator.js:14:12
      at apply (src/services/transcriptStorage.unit.test.ts:44:2)
      at apply (src/services/transcriptStorage.unit.test.ts:6:27)
      at Object.loadService (src/services/transcriptStorage.unit.test.ts:79:49)
      at asyncGeneratorStep (node_modules/@babel/runtime/helpers/asyncToGenerator.js:3:17)
      at _next (node_modules/@babel/runtime/helpers/asyncToGenerator.js:17:9)
      at node_modules/@babel/runtime/helpers/asyncToGenerator.js:22:7
      at Object.<anonymous> (node_modules/@babel/runtime/helpers/asyncToGenerator.js:14:12)

  ● transcriptStorage › backupNoteToPublic › should save to public directory even if cloud backup is disabled

    TypeError: A dynamic import callback was invoked without --experimental-vm-modules

      40 |   }));
      41 |
    > 42 |   const service = await import('./transcriptStorage');
         |                ^
      43 |   return { service, mockFileSystem };
      44 | }
      45 |

      at src/services/transcriptStorage.unit.test.ts:42:16
      at asyncGeneratorStep (node_modules/@babel/runtime/helpers/asyncToGenerator.js:3:17)
      at _next (node_modules/@babel/runtime/helpers/asyncToGenerator.js:17:9)
      at node_modules/@babel/runtime/helpers/asyncToGenerator.js:22:7
      at node_modules/@babel/runtime/helpers/asyncToGenerator.js:14:12
      at apply (src/services/transcriptStorage.unit.test.ts:6:27)
      at Object.loadService (src/services/transcriptStorage.unit.test.ts:116:49)
      at asyncGeneratorStep (node_modules/@babel/runtime/helpers/asyncToGenerator.js:3:17)
      at _next (node_modules/@babel/runtime/helpers/asyncToGenerator.js:17:9)
      at node_modules/@babel/runtime/helpers/asyncToGenerator.js:22:7
      at Object.<anonymous> (node_modules/@babel/runtime/helpers/asyncToGenerator.js:14:12)

  ● transcriptStorage › backupNoteToPublic › should handle missing PUBLIC_NOTES_DIR gracefully

    TypeError: A dynamic import callback was invoked without --experimental-vm-modules

      40 |   }));
      41 |
    > 42 |   const service = await import('./transcriptStorage');
         |                ^
      43 |   return { service, mockFileSystem };
      44 | }
      45 |

      at src/services/transcriptStorage.unit.test.ts:42:16
      at asyncGeneratorStep (node_modules/@babel/runtime/helpers/asyncToGenerator.js:3:17)
      at _next (node_modules/@babel/runtime/helpers/asyncToGenerator.js:17:9)
      at node_modules/@babel/runtime/helpers/asyncToGenerator.js:22:7
      at node_modules/@babel/runtime/helpers/asyncToGenerator.js:14:12
      at apply (src/services/transcriptStorage.unit.test.ts:6:27)
      at Object.loadService (src/services/transcriptStorage.unit.test.ts:145:49)
      at asyncGeneratorStep (node_modules/@babel/runtime/helpers/asyncToGenerator.js:3:17)
      at _next (node_modules/@babel/runtime/helpers/asyncToGenerator.js:17:9)
      at node_modules/@babel/runtime/helpers/asyncToGenerator.js:22:7
      at Object.<anonymous> (node_modules/@babel/runtime/helpers/asyncToGenerator.js:14:12)

  ● transcriptStorage › saveTranscriptToFile › should save transcript locally, to SAF cloud, and public local backup

    TypeError: A dynamic import callback was invoked without --experimental-vm-modules

      40 |   }));
      41 |
    > 42 |   const service = await import('./transcriptStorage');
         |                ^
      43 |   return { service, mockFileSystem };
      44 | }
      45 |

      at src/services/transcriptStorage.unit.test.ts:42:16
      at asyncGeneratorStep (node_modules/@babel/runtime/helpers/asyncToGenerator.js:3:17)
      at _next (node_modules/@babel/runtime/helpers/asyncToGenerator.js:17:9)
      at node_modules/@babel/runtime/helpers/asyncToGenerator.js:22:7
      at node_modules/@babel/runtime/helpers/asyncToGenerator.js:14:12
      at apply (src/services/transcriptStorage.unit.test.ts:6:27)
      at Object.loadService (src/services/transcriptStorage.unit.test.ts:170:49)
      at asyncGeneratorStep (node_modules/@babel/runtime/helpers/asyncToGenerator.js:3:17)
      at _next (node_modules/@babel/runtime/helpers/asyncToGenerator.js:17:9)
      at node_modules/@babel/runtime/helpers/asyncToGenerator.js:22:7
      at Object.<anonymous> (node_modules/@babel/runtime/helpers/asyncToGenerator.js:14:12)

  ● transcriptStorage › saveTranscriptToFile › returns the text directly if it is not a path

    TypeError: A dynamic import callback was invoked without --experimental-vm-modules

      40 |   }));
      41 |
    > 42 |   const service = await import('./transcriptStorage');
         |                ^
      43 |   return { service, mockFileSystem };
      44 | }
      45 |

      at src/services/transcriptStorage.unit.test.ts:42:16
      at asyncGeneratorStep (node_modules/@babel/runtime/helpers/asyncToGenerator.js:3:17)
      at _next (node_modules/@babel/runtime/helpers/asyncToGenerator.js:17:9)
      at node_modules/@babel/runtime/helpers/asyncToGenerator.js:22:7
      at node_modules/@babel/runtime/helpers/asyncToGenerator.js:14:12
      at apply (src/services/transcriptStorage.unit.test.ts:6:27)
      at Object.loadService (src/services/transcriptStorage.unit.test.ts:215:33)
      at asyncGeneratorStep (node_modules/@babel/runtime/helpers/asyncToGenerator.js:3:17)
      at _next (node_modules/@babel/runtime/helpers/asyncToGenerator.js:17:9)
      at node_modules/@babel/runtime/helpers/asyncToGenerator.js:22:7
      at Object.<anonymous> (node_modules/@babel/runtime/helpers/asyncToGenerator.js:14:12)

  ● transcriptStorage › loadTranscriptFromFile › returns null if input is falsy

    TypeError: A dynamic import callback was invoked without --experimental-vm-modules

      40 |   }));
      41 |
    > 42 |   const service = await import('./transcriptStorage');
         |                ^
      43 |   return { service, mockFileSystem };
      44 | }
      45 |

      at src/services/transcriptStorage.unit.test.ts:42:16
      at asyncGeneratorStep (node_modules/@babel/runtime/helpers/asyncToGenerator.js:3:17)
      at _next (node_modules/@babel/runtime/helpers/asyncToGenerator.js:17:9)
      at node_modules/@babel/runtime/helpers/asyncToGenerator.js:22:7
      at node_modules/@babel/runtime/helpers/asyncToGenerator.js:14:12
      at apply (src/services/transcriptStorage.unit.test.ts:6:27)
      at Object.loadService (src/services/transcriptStorage.unit.test.ts:223:33)
      at asyncGeneratorStep (node_modules/@babel/runtime/helpers/asyncToGenerator.js:3:17)
      at _next (node_modules/@babel/runtime/helpers/asyncToGenerator.js:17:9)
      at node_modules/@babel/runtime/helpers/asyncToGenerator.js:22:7
      at Object.<anonymous> (node_modules/@babel/runtime/helpers/asyncToGenerator.js:14:12)

  ● transcriptStorage › loadTranscriptFromFile › returns the text if it is not a file URI

    TypeError: A dynamic import callback was invoked without --experimental-vm-modules

      40 |   }));
      41 |
    > 42 |   const service = await import('./transcriptStorage');
         |                ^
      43 |   return { service, mockFileSystem };
      44 | }
      45 |

      at src/services/transcriptStorage.unit.test.ts:42:16
      at asyncGeneratorStep (node_modules/@babel/runtime/helpers/asyncToGenerator.js:3:17)
      at _next (node_modules/@babel/runtime/helpers/asyncToGenerator.js:17:9)
      at node_modules/@babel/runtime/helpers/asyncToGenerator.js:22:7
      at node_modules/@babel/runtime/helpers/asyncToGenerator.js:14:12
      at apply (src/services/transcriptStorage.unit.test.ts:6:27)
      at Object.loadService (src/services/transcriptStorage.unit.test.ts:232:33)
      at asyncGeneratorStep (node_modules/@babel/runtime/helpers/asyncToGenerator.js:3:17)
      at _next (node_modules/@babel/runtime/helpers/asyncToGenerator.js:17:9)
      at node_modules/@babel/runtime/helpers/asyncToGenerator.js:22:7
      at Object.<anonymous> (node_modules/@babel/runtime/helpers/asyncToGenerator.js:14:12)

  ● transcriptStorage › loadTranscriptFromFile › loads from URI correctly

    TypeError: A dynamic import callback was invoked without --experimental-vm-modules

      40 |   }));
      41 |
    > 42 |   const service = await import('./transcriptStorage');
         |                ^
      43 |   return { service, mockFileSystem };
      44 | }
      45 |

      at src/services/transcriptStorage.unit.test.ts:42:16
      at asyncGeneratorStep (node_modules/@babel/runtime/helpers/asyncToGenerator.js:3:17)
      at _next (node_modules/@babel/runtime/helpers/asyncToGenerator.js:17:9)
      at node_modules/@babel/runtime/helpers/asyncToGenerator.js:22:7
      at node_modules/@babel/runtime/helpers/asyncToGenerator.js:14:12
      at apply (src/services/transcriptStorage.unit.test.ts:6:27)
      at Object.loadService (src/services/transcriptStorage.unit.test.ts:238:49)
      at asyncGeneratorStep (node_modules/@babel/runtime/helpers/asyncToGenerator.js:3:17)
      at _next (node_modules/@babel/runtime/helpers/asyncToGenerator.js:17:9)
      at node_modules/@babel/runtime/helpers/asyncToGenerator.js:22:7
      at Object.<anonymous> (node_modules/@babel/runtime/helpers/asyncToGenerator.js:14:12)

  ● transcriptStorage › loadTranscriptFromFile › falls back to local current directory if absolute path fails

    TypeError: A dynamic import callback was invoked without --experimental-vm-modules

      40 |   }));
      41 |
    > 42 |   const service = await import('./transcriptStorage');
         |                ^
      43 |   return { service, mockFileSystem };
      44 | }
      45 |

      at src/services/transcriptStorage.unit.test.ts:42:16
      at asyncGeneratorStep (node_modules/@babel/runtime/helpers/asyncToGenerator.js:3:17)
      at _next (node_modules/@babel/runtime/helpers/asyncToGenerator.js:17:9)
      at node_modules/@babel/runtime/helpers/asyncToGenerator.js:22:7
      at node_modules/@babel/runtime/helpers/asyncToGenerator.js:14:12
      at apply (src/services/transcriptStorage.unit.test.ts:6:27)
      at Object.loadService (src/services/transcriptStorage.unit.test.ts:250:49)
      at asyncGeneratorStep (node_modules/@babel/runtime/helpers/asyncToGenerator.js:3:17)
      at _next (node_modules/@babel/runtime/helpers/asyncToGenerator.js:17:9)
      at node_modules/@babel/runtime/helpers/asyncToGenerator.js:22:7
      at Object.<anonymous> (node_modules/@babel/runtime/helpers/asyncToGenerator.js:14:12)

  ● transcriptStorage › loadTranscriptFromFile › returns an error message if both primary and fallback paths fail

    TypeError: A dynamic import callback was invoked without --experimental-vm-modules

      40 |   }));
      41 |
    > 42 |   const service = await import('./transcriptStorage');
         |                ^
      43 |   return { service, mockFileSystem };
      44 | }
      45 |

      at src/services/transcriptStorage.unit.test.ts:42:16
      at asyncGeneratorStep (node_modules/@babel/runtime/helpers/asyncToGenerator.js:3:17)
      at _next (node_modules/@babel/runtime/helpers/asyncToGenerator.js:17:9)
      at node_modules/@babel/runtime/helpers/asyncToGenerator.js:22:7
      at node_modules/@babel/runtime/helpers/asyncToGenerator.js:14:12
      at apply (src/services/transcriptStorage.unit.test.ts:6:27)
      at Object.loadService (src/services/transcriptStorage.unit.test.ts:276:49)
      at asyncGeneratorStep (node_modules/@babel/runtime/helpers/asyncToGenerator.js:3:17)
      at _next (node_modules/@babel/runtime/helpers/asyncToGenerator.js:17:9)
      at node_modules/@babel/runtime/helpers/asyncToGenerator.js:22:7
      at Object.<anonymous> (node_modules/@babel/runtime/helpers/asyncToGenerator.js:14:12)

  ● transcriptStorage › loadTranscriptFromFile › returns an error message immediately if original URI is already the current fallback URI and fails

    TypeError: A dynamic import callback was invoked without --experimental-vm-modules

      40 |   }));
      41 |
    > 42 |   const service = await import('./transcriptStorage');
         |                ^
      43 |   return { service, mockFileSystem };
      44 | }
      45 |

      at src/services/transcriptStorage.unit.test.ts:42:16
      at asyncGeneratorStep (node_modules/@babel/runtime/helpers/asyncToGenerator.js:3:17)
      at _next (node_modules/@babel/runtime/helpers/asyncToGenerator.js:17:9)
      at node_modules/@babel/runtime/helpers/asyncToGenerator.js:22:7
      at node_modules/@babel/runtime/helpers/asyncToGenerator.js:14:12
      at apply (src/services/transcriptStorage.unit.test.ts:6:27)
      at Object.loadService (src/services/transcriptStorage.unit.test.ts:291:49)
      at asyncGeneratorStep (node_modules/@babel/runtime/helpers/asyncToGenerator.js:3:17)
      at _next (node_modules/@babel/runtime/helpers/asyncToGenerator.js:17:9)
      at node_modules/@babel/runtime/helpers/asyncToGenerator.js:22:7
      at Object.<anonymous> (node_modules/@babel/runtime/helpers/asyncToGenerator.js:14:12)

  ● transcriptStorage › moveFileToRecovery › copies file to recovery folder and returns new URI

    TypeError: A dynamic import callback was invoked without --experimental-vm-modules

      40 |   }));
      41 |
    > 42 |   const service = await import('./transcriptStorage');
         |                ^
      43 |   return { service, mockFileSystem };
      44 | }
      45 |

      at src/services/transcriptStorage.unit.test.ts:42:16
      at asyncGeneratorStep (node_modules/@babel/runtime/helpers/asyncToGenerator.js:3:17)
      at _next (node_modules/@babel/runtime/helpers/asyncToGenerator.js:17:9)
      at node_modules/@babel/runtime/helpers/asyncToGenerator.js:22:7
      at node_modules/@babel/runtime/helpers/asyncToGenerator.js:14:12
      at apply (src/services/transcriptStorage.unit.test.ts:6:27)
      at Object.loadService (src/services/transcriptStorage.unit.test.ts:309:49)
      at asyncGeneratorStep (node_modules/@babel/runtime/helpers/asyncToGenerator.js:3:17)
      at _next (node_modules/@babel/runtime/helpers/asyncToGenerator.js:17:9)
      at node_modules/@babel/runtime/helpers/asyncToGenerator.js:22:7
      at Object.<anonymous> (node_modules/@babel/runtime/helpers/asyncToGenerator.js:14:12)

  ● transcriptStorage › moveFileToRecovery › returns original URI when recovery copy fails

    TypeError: A dynamic import callback was invoked without --experimental-vm-modules

      40 |   }));
      41 |
    > 42 |   const service = await import('./transcriptStorage');
         |                ^
      43 |   return { service, mockFileSystem };
      44 | }
      45 |

      at src/services/transcriptStorage.unit.test.ts:42:16
      at asyncGeneratorStep (node_modules/@babel/runtime/helpers/asyncToGenerator.js:3:17)
      at _next (node_modules/@babel/runtime/helpers/asyncToGenerator.js:17:9)
      at node_modules/@babel/runtime/helpers/asyncToGenerator.js:22:7
      at node_modules/@babel/runtime/helpers/asyncToGenerator.js:14:12
      at apply (src/services/transcriptStorage.unit.test.ts:6:27)
      at Object.loadService (src/services/transcriptStorage.unit.test.ts:328:49)
      at asyncGeneratorStep (node_modules/@babel/runtime/helpers/asyncToGenerator.js:3:17)
      at _next (node_modules/@babel/runtime/helpers/asyncToGenerator.js:17:9)
      at node_modules/@babel/runtime/helpers/asyncToGenerator.js:22:7
      at Object.<anonymous> (node_modules/@babel/runtime/helpers/asyncToGenerator.js:14:12)

  ● transcriptStorage › renameRecordingToLectureIdentity › renames file URI and returns updated URI

    TypeError: A dynamic import callback was invoked without --experimental-vm-modules

      40 |   }));
      41 |
    > 42 |   const service = await import('./transcriptStorage');
         |                ^
      43 |   return { service, mockFileSystem };
      44 | }
      45 |

      at src/services/transcriptStorage.unit.test.ts:42:16
      at asyncGeneratorStep (node_modules/@babel/runtime/helpers/asyncToGenerator.js:3:17)
      at _next (node_modules/@babel/runtime/helpers/asyncToGenerator.js:17:9)
      at node_modules/@babel/runtime/helpers/asyncToGenerator.js:22:7
      at node_modules/@babel/runtime/helpers/asyncToGenerator.js:14:12
      at apply (src/services/transcriptStorage.unit.test.ts:6:27)
      at Object.loadService (src/services/transcriptStorage.unit.test.ts:338:49)
      at asyncGeneratorStep (node_modules/@babel/runtime/helpers/asyncToGenerator.js:3:17)
      at _next (node_modules/@babel/runtime/helpers/asyncToGenerator.js:17:9)
      at node_modules/@babel/runtime/helpers/asyncToGenerator.js:22:7
      at Object.<anonymous> (node_modules/@babel/runtime/helpers/asyncToGenerator.js:14:12)

  ● transcriptStorage › renameRecordingToLectureIdentity › preserves raw path format when input has no file:// prefix

    TypeError: A dynamic import callback was invoked without --experimental-vm-modules

      40 |   }));
      41 |
    > 42 |   const service = await import('./transcriptStorage');
         |                ^
      43 |   return { service, mockFileSystem };
      44 | }
      45 |

      at src/services/transcriptStorage.unit.test.ts:42:16
      at asyncGeneratorStep (node_modules/@babel/runtime/helpers/asyncToGenerator.js:3:17)
      at _next (node_modules/@babel/runtime/helpers/asyncToGenerator.js:17:9)
      at node_modules/@babel/runtime/helpers/asyncToGenerator.js:22:7
      at node_modules/@babel/runtime/helpers/asyncToGenerator.js:14:12
      at apply (src/services/transcriptStorage.unit.test.ts:6:27)
      at Object.loadService (src/services/transcriptStorage.unit.test.ts:356:49)
      at asyncGeneratorStep (node_modules/@babel/runtime/helpers/asyncToGenerator.js:3:17)
      at _next (node_modules/@babel/runtime/helpers/asyncToGenerator.js:17:9)
      at node_modules/@babel/runtime/helpers/asyncToGenerator.js:22:7
      at Object.<anonymous> (node_modules/@babel/runtime/helpers/asyncToGenerator.js:14:12)

  ● transcriptStorage › getTranscriptText › returns null for blank inputs

    TypeError: A dynamic import callback was invoked without --experimental-vm-modules

      40 |   }));
      41 |
    > 42 |   const service = await import('./transcriptStorage');
         |                ^
      43 |   return { service, mockFileSystem };
      44 | }
      45 |

      at src/services/transcriptStorage.unit.test.ts:42:16
      at asyncGeneratorStep (node_modules/@babel/runtime/helpers/asyncToGenerator.js:3:17)
      at _next (node_modules/@babel/runtime/helpers/asyncToGenerator.js:17:9)
      at node_modules/@babel/runtime/helpers/asyncToGenerator.js:22:7
      at node_modules/@babel/runtime/helpers/asyncToGenerator.js:14:12
      at apply (src/services/transcriptStorage.unit.test.ts:6:27)
      at Object.loadService (src/services/transcriptStorage.unit.test.ts:376:33)
      at asyncGeneratorStep (node_modules/@babel/runtime/helpers/asyncToGenerator.js:3:17)
      at _next (node_modules/@babel/runtime/helpers/asyncToGenerator.js:17:9)
      at node_modules/@babel/runtime/helpers/asyncToGenerator.js:22:7
      at Object.<anonymous> (node_modules/@babel/runtime/helpers/asyncToGenerator.js:14:12)

  ● transcriptStorage › getTranscriptText › resolves transcript text for non-blank values

    TypeError: A dynamic import callback was invoked without --experimental-vm-modules

      40 |   }));
      41 |
    > 42 |   const service = await import('./transcriptStorage');
         |                ^
      43 |   return { service, mockFileSystem };
      44 | }
      45 |

      at src/services/transcriptStorage.unit.test.ts:42:16
      at asyncGeneratorStep (node_modules/@babel/runtime/helpers/asyncToGenerator.js:3:17)
      at _next (node_modules/@babel/runtime/helpers/asyncToGenerator.js:17:9)
      at node_modules/@babel/runtime/helpers/asyncToGenerator.js:22:7
      at node_modules/@babel/runtime/helpers/asyncToGenerator.js:14:12
      at apply (src/services/transcriptStorage.unit.test.ts:6:27)
      at Object.loadService (src/services/transcriptStorage.unit.test.ts:383:49)
      at asyncGeneratorStep (node_modules/@babel/runtime/helpers/asyncToGenerator.js:3:17)
      at _next (node_modules/@babel/runtime/helpers/asyncToGenerator.js:17:9)
      at node_modules/@babel/runtime/helpers/asyncToGenerator.js:22:7
      at Object.<anonymous> (node_modules/@babel/runtime/helpers/asyncToGenerator.js:14:12)

FAIL src/services/offlineQueue.unit.test.ts
  ● Console

    console.warn
      [OfflineQueue] Queue full, dropping request

      72 |     const count = countRow?.count ?? 0;
      73 |     if (count >= 100) {
    > 74 |       console.warn('[OfflineQueue] Queue full, dropping request');
         |               ^
      75 |       return;
      76 |     }
      77 |

      at warn (src/services/offlineQueue.ts:74:15)
      at asyncGeneratorStep (node_modules/@babel/runtime/helpers/asyncToGenerator.js:3:17)
      at _next (node_modules/@babel/runtime/helpers/asyncToGenerator.js:17:9)

    console.log
      [OfflineQueue] Deduplicating identical request

      at log (src/services/offlineQueue.ts:99:28)

    console.log
      [OfflineQueue] Processing 1 queued request(s)

      at log (src/services/offlineQueue.ts:243:26)

    console.warn
      [OfflineQueue] No processor for type: unknown

      248 |       const processor = processorRegistry[item.requestType as OfflineRequestType];
      249 |       if (!processor) {
    > 250 |         console.warn(`[OfflineQueue] No processor for type: ${item.requestType}`);
          |                 ^
      251 |         await markFailed(item.id, `No processor registered for ${item.requestType}`);
      252 |         continue;
      253 |       }

      at warn (src/services/offlineQueue.ts:250:17)
          at _loop.next (<anonymous>)
      at _loop (src/services/offlineQueue.ts:246:29)
      at asyncGeneratorStep (node_modules/@babel/runtime/helpers/asyncToGenerator.js:3:17)
      at _next (node_modules/@babel/runtime/helpers/asyncToGenerator.js:17:9)

    console.log
      [OfflineQueue] Pruned old completed items

      at log (src/services/offlineQueue.ts:191:26)

    console.log
      [OfflineQueue] Processing 1 queued request(s)

      at log (src/services/offlineQueue.ts:243:26)

    console.log
      [OfflineQueue] Successfully processed item 1

      at log (src/services/offlineQueue.ts:275:30)
          at _loop.next (<anonymous>)

    console.log
      [OfflineQueue] Pruned old completed items

      at log (src/services/offlineQueue.ts:191:26)

    console.log
      [OfflineQueue] Processing 1 queued request(s)

      at log (src/services/offlineQueue.ts:243:26)

    console.warn
      [OfflineQueue] Request 2 failed (attempt 0): Error: api down
          at Object.<anonymous> (/Users/vishnugnair/Guru-3/src/services/offlineQueue.unit.test.ts:183:53)
          at Generator.next (<anonymous>)
          at asyncGeneratorStep (/Users/vishnugnair/Guru-3/node_modules/@babel/runtime/helpers/asyncToGenerator.js:3:17)
          at _next (/Users/vishnugnair/Guru-3/node_modules/@babel/runtime/helpers/asyncToGenerator.js:17:9)
          at /Users/vishnugnair/Guru-3/node_modules/@babel/runtime/helpers/asyncToGenerator.js:22:7
          at new Promise (<anonymous>)
          at Object.<anonymous> (/Users/vishnugnair/Guru-3/node_modules/@babel/runtime/helpers/asyncToGenerator.js:14:12)
          at Promise.finally.completed (/Users/vishnugnair/Guru-3/node_modules/jest-circus/build/jestAdapterInit.js:1557:28)
          at new Promise (<anonymous>)
          at callAsyncCircusFn (/Users/vishnugnair/Guru-3/node_modules/jest-circus/build/jestAdapterInit.js:1497:10)
          at _callCircusTest (/Users/vishnugnair/Guru-3/node_modules/jest-circus/build/jestAdapterInit.js:1007:40)
          at _runTest (/Users/vishnugnair/Guru-3/node_modules/jest-circus/build/jestAdapterInit.js:947:3)
          at /Users/vishnugnair/Guru-3/node_modules/jest-circus/build/jestAdapterInit.js:849:7
          at _runTestsForDescribeBlock (/Users/vishnugnair/Guru-3/node_modules/jest-circus/build/jestAdapterInit.js:862:11)
          at _runTestsForDescribeBlock (/Users/vishnugnair/Guru-3/node_modules/jest-circus/build/jestAdapterInit.js:857:11)
          at _runTestsForDescribeBlock (/Users/vishnugnair/Guru-3/node_modules/jest-circus/build/jestAdapterInit.js:857:11)
          at run (/Users/vishnugnair/Guru-3/node_modules/jest-circus/build/jestAdapterInit.js:761:3)
          at runAndTransformResultsToJestFormat (/Users/vishnugnair/Guru-3/node_modules/jest-circus/build/jestAdapterInit.js:1918:21)
          at jestAdapter (/Users/vishnugnair/Guru-3/node_modules/jest-circus/build/runner.js:101:19)

      277 |         const errorMsg = error instanceof Error ? error.message : String(error);
      278 |         await markFailed(item.id, errorMsg);
    > 279 |         console.warn(`[OfflineQueue] Request ${item.id} failed (attempt ${item.attempts}):`, error);
          |                 ^
      280 |       }
      281 |     }
      282 |

      at warn (src/services/offlineQueue.ts:279:17)
          at _loop.next (<anonymous>)
      at _loop (src/services/offlineQueue.ts:246:29)
      at asyncGeneratorStep (node_modules/@babel/runtime/helpers/asyncToGenerator.js:3:17)
      at _next (node_modules/@babel/runtime/helpers/asyncToGenerator.js:17:9)

    console.log
      [OfflineQueue] Pruned old completed items

      at log (src/services/offlineQueue.ts:191:26)

    console.log
      [OfflineQueue] Pruned old completed items

      at log (src/services/offlineQueue.ts:191:26)

  ● offlineQueue › processQueue › skips immediate foreground re-processing right after a manual run

    TypeError: A dynamic import callback was invoked without --experimental-vm-modules

      230 |       }));
      231 |
    > 232 |       const isolatedModule = await import('./offlineQueue');
          |                           ^
      233 |
      234 |       await isolatedModule.processQueue();
      235 |       expect(isolatedDb.getAllAsync).toHaveBeenCalledTimes(1);

      at Object.<anonymous> (src/services/offlineQueue.unit.test.ts:232:27)
      at asyncGeneratorStep (node_modules/@babel/runtime/helpers/asyncToGenerator.js:3:17)
      at _next (node_modules/@babel/runtime/helpers/asyncToGenerator.js:17:9)
      at node_modules/@babel/runtime/helpers/asyncToGenerator.js:22:7
      at Object.<anonymous> (node_modules/@babel/runtime/helpers/asyncToGenerator.js:14:12)

  ● offlineQueue › processQueue › does not process from foreground listener before the initial explicit queue run

    TypeError: A dynamic import callback was invoked without --experimental-vm-modules

      270 |       }));
      271 |
    > 272 |       await import('./offlineQueue');
          |       ^
      273 |
      274 |       const activeListener = addEventListener.mock.calls.find(
      275 |         ([eventName]: [string]) => eventName === 'change',

      at Object.<anonymous> (src/services/offlineQueue.unit.test.ts:272:7)
      at asyncGeneratorStep (node_modules/@babel/runtime/helpers/asyncToGenerator.js:3:17)
      at _next (node_modules/@babel/runtime/helpers/asyncToGenerator.js:17:9)
      at node_modules/@babel/runtime/helpers/asyncToGenerator.js:22:7
      at Object.<anonymous> (node_modules/@babel/runtime/helpers/asyncToGenerator.js:14:12)

FAIL src/services/backgroundTasks.unit.test.ts
  ● Console

    console.warn
      Failed to register background task: Error: Failed
          at Object.<anonymous> (/Users/vishnugnair/Guru-3/src/services/backgroundTasks.unit.test.ts:72:74)
          at Generator.next (<anonymous>)
          at asyncGeneratorStep (/Users/vishnugnair/Guru-3/node_modules/@babel/runtime/helpers/asyncToGenerator.js:3:17)
          at _next (/Users/vishnugnair/Guru-3/node_modules/@babel/runtime/helpers/asyncToGenerator.js:17:9)
          at /Users/vishnugnair/Guru-3/node_modules/@babel/runtime/helpers/asyncToGenerator.js:22:7
          at new Promise (<anonymous>)
          at Object.<anonymous> (/Users/vishnugnair/Guru-3/node_modules/@babel/runtime/helpers/asyncToGenerator.js:14:12)
          at Promise.finally.completed (/Users/vishnugnair/Guru-3/node_modules/jest-circus/build/jestAdapterInit.js:1557:28)
          at new Promise (<anonymous>)
          at callAsyncCircusFn (/Users/vishnugnair/Guru-3/node_modules/jest-circus/build/jestAdapterInit.js:1497:10)
          at _callCircusTest (/Users/vishnugnair/Guru-3/node_modules/jest-circus/build/jestAdapterInit.js:1007:40)
          at _runTest (/Users/vishnugnair/Guru-3/node_modules/jest-circus/build/jestAdapterInit.js:947:3)
          at /Users/vishnugnair/Guru-3/node_modules/jest-circus/build/jestAdapterInit.js:849:7
          at _runTestsForDescribeBlock (/Users/vishnugnair/Guru-3/node_modules/jest-circus/build/jestAdapterInit.js:862:11)
          at _runTestsForDescribeBlock (/Users/vishnugnair/Guru-3/node_modules/jest-circus/build/jestAdapterInit.js:857:11)
          at _runTestsForDescribeBlock (/Users/vishnugnair/Guru-3/node_modules/jest-circus/build/jestAdapterInit.js:857:11)
          at run (/Users/vishnugnair/Guru-3/node_modules/jest-circus/build/jestAdapterInit.js:761:3)
          at runAndTransformResultsToJestFormat (/Users/vishnugnair/Guru-3/node_modules/jest-circus/build/jestAdapterInit.js:1918:21)
          at jestAdapter (/Users/vishnugnair/Guru-3/node_modules/jest-circus/build/runner.js:101:19)

       95 |     }
       96 |   } catch (e) {
    >  97 |     if (__DEV__) console.warn('Failed to register background task:', e);
          |                          ^
       98 |   }
       99 | }
      100 |

      at warn (src/services/backgroundTasks.ts:97:26)
          at Generator.throw (<anonymous>)
      at asyncGeneratorStep (node_modules/@babel/runtime/helpers/asyncToGenerator.js:3:17)
      at _throw (node_modules/@babel/runtime/helpers/asyncToGenerator.js:20:9)

    console.error
      Background task failed: TypeError: A dynamic import callback was invoked without --experimental-vm-modules
          at importModuleDynamicallyCallback (node:internal/modules/esm/utils:270:11)
          at /Users/vishnugnair/Guru-3/src/services/backgroundTasks.ts:35:3
          at Generator.next (<anonymous>)
          at asyncGeneratorStep (/Users/vishnugnair/Guru-3/node_modules/@babel/runtime/helpers/asyncToGenerator.js:3:17)
          at _next (/Users/vishnugnair/Guru-3/node_modules/@babel/runtime/helpers/asyncToGenerator.js:17:9)
          at /Users/vishnugnair/Guru-3/node_modules/@babel/runtime/helpers/asyncToGenerator.js:22:7
          at new Promise (<anonymous>)
          at /Users/vishnugnair/Guru-3/node_modules/@babel/runtime/helpers/asyncToGenerator.js:14:12
          at apply (/Users/vishnugnair/Guru-3/src/services/backgroundTasks.ts:59:2)
          at apply (/Users/vishnugnair/Guru-3/src/services/backgroundTasks.ts:31:41)
          at warmAiContentCache (/Users/vishnugnair/Guru-3/src/services/backgroundTasks.ts:64:37)
          at Generator.next (<anonymous>)
          at asyncGeneratorStep (/Users/vishnugnair/Guru-3/node_modules/@babel/runtime/helpers/asyncToGenerator.js:3:17)
          at _next (/Users/vishnugnair/Guru-3/node_modules/@babel/runtime/helpers/asyncToGenerator.js:17:9)
          at /Users/vishnugnair/Guru-3/node_modules/@babel/runtime/helpers/asyncToGenerator.js:22:7
          at new Promise (<anonymous>)
          at /Users/vishnugnair/Guru-3/node_modules/@babel/runtime/helpers/asyncToGenerator.js:14:12
          at Object.capturedTaskCallback (/Users/vishnugnair/Guru-3/src/services/backgroundTasks.unit.test.ts:107:28)
          at Generator.next (<anonymous>)
          at asyncGeneratorStep (/Users/vishnugnair/Guru-3/node_modules/@babel/runtime/helpers/asyncToGenerator.js:3:17)
          at _next (/Users/vishnugnair/Guru-3/node_modules/@babel/runtime/helpers/asyncToGenerator.js:17:9)
          at /Users/vishnugnair/Guru-3/node_modules/@babel/runtime/helpers/asyncToGenerator.js:22:7
          at new Promise (<anonymous>)
          at Object.<anonymous> (/Users/vishnugnair/Guru-3/node_modules/@babel/runtime/helpers/asyncToGenerator.js:14:12)
          at Promise.finally.completed (/Users/vishnugnair/Guru-3/node_modules/jest-circus/build/jestAdapterInit.js:1557:28)
          at new Promise (<anonymous>)
          at callAsyncCircusFn (/Users/vishnugnair/Guru-3/node_modules/jest-circus/build/jestAdapterInit.js:1497:10)
          at _callCircusTest (/Users/vishnugnair/Guru-3/node_modules/jest-circus/build/jestAdapterInit.js:1007:40)
          at _runTest (/Users/vishnugnair/Guru-3/node_modules/jest-circus/build/jestAdapterInit.js:947:3)
          at /Users/vishnugnair/Guru-3/node_modules/jest-circus/build/jestAdapterInit.js:849:7
          at _runTestsForDescribeBlock (/Users/vishnugnair/Guru-3/node_modules/jest-circus/build/jestAdapterInit.js:862:11)
          at _runTestsForDescribeBlock (/Users/vishnugnair/Guru-3/node_modules/jest-circus/build/jestAdapterInit.js:857:11)
          at _runTestsForDescribeBlock (/Users/vishnugnair/Guru-3/node_modules/jest-circus/build/jestAdapterInit.js:857:11)
          at run (/Users/vishnugnair/Guru-3/node_modules/jest-circus/build/jestAdapterInit.js:761:3)
          at runAndTransformResultsToJestFormat (/Users/vishnugnair/Guru-3/node_modules/jest-circus/build/jestAdapterInit.js:1918:21)
          at jestAdapter (/Users/vishnugnair/Guru-3/node_modules/jest-circus/build/runner.js:101:19) {
        code: 'ERR_VM_DYNAMIC_IMPORT_CALLBACK_MISSING_FLAG'
      }

      73 |       return BackgroundTask.BackgroundTaskResult.Success;
      74 |     } catch (error) {
    > 75 |       if (__DEV__) console.error('Background task failed:', error);
         |                            ^
      76 |       return BackgroundTask.BackgroundTaskResult.Failed;
      77 |     }
      78 |   });

      at error (src/services/backgroundTasks.ts:75:28)
          at Generator.throw (<anonymous>)
      at asyncGeneratorStep (node_modules/@babel/runtime/helpers/asyncToGenerator.js:3:17)
      at _throw (node_modules/@babel/runtime/helpers/asyncToGenerator.js:20:9)

    console.error
      Background task failed: TypeError: A dynamic import callback was invoked without --experimental-vm-modules
          at importModuleDynamicallyCallback (node:internal/modules/esm/utils:270:11)
          at /Users/vishnugnair/Guru-3/src/services/backgroundTasks.ts:35:3
          at Generator.next (<anonymous>)
          at asyncGeneratorStep (/Users/vishnugnair/Guru-3/node_modules/@babel/runtime/helpers/asyncToGenerator.js:3:17)
          at _next (/Users/vishnugnair/Guru-3/node_modules/@babel/runtime/helpers/asyncToGenerator.js:17:9)
          at /Users/vishnugnair/Guru-3/node_modules/@babel/runtime/helpers/asyncToGenerator.js:22:7
          at new Promise (<anonymous>)
          at /Users/vishnugnair/Guru-3/node_modules/@babel/runtime/helpers/asyncToGenerator.js:14:12
          at apply (/Users/vishnugnair/Guru-3/src/services/backgroundTasks.ts:31:41)
          at warmAiContentCache (/Users/vishnugnair/Guru-3/src/services/backgroundTasks.ts:64:37)
          at Generator.next (<anonymous>)
          at asyncGeneratorStep (/Users/vishnugnair/Guru-3/node_modules/@babel/runtime/helpers/asyncToGenerator.js:3:17)
          at _next (/Users/vishnugnair/Guru-3/node_modules/@babel/runtime/helpers/asyncToGenerator.js:17:9)
          at /Users/vishnugnair/Guru-3/node_modules/@babel/runtime/helpers/asyncToGenerator.js:22:7
          at new Promise (<anonymous>)
          at /Users/vishnugnair/Guru-3/node_modules/@babel/runtime/helpers/asyncToGenerator.js:14:12
          at Object.capturedTaskCallback (/Users/vishnugnair/Guru-3/src/services/backgroundTasks.unit.test.ts:132:28)
          at Generator.next (<anonymous>)
          at asyncGeneratorStep (/Users/vishnugnair/Guru-3/node_modules/@babel/runtime/helpers/asyncToGenerator.js:3:17)
          at _next (/Users/vishnugnair/Guru-3/node_modules/@babel/runtime/helpers/asyncToGenerator.js:17:9)
          at /Users/vishnugnair/Guru-3/node_modules/@babel/runtime/helpers/asyncToGenerator.js:22:7
          at new Promise (<anonymous>)
          at Object.<anonymous> (/Users/vishnugnair/Guru-3/node_modules/@babel/runtime/helpers/asyncToGenerator.js:14:12)
          at Promise.finally.completed (/Users/vishnugnair/Guru-3/node_modules/jest-circus/build/jestAdapterInit.js:1557:28)
          at new Promise (<anonymous>)
          at callAsyncCircusFn (/Users/vishnugnair/Guru-3/node_modules/jest-circus/build/jestAdapterInit.js:1497:10)
          at _callCircusTest (/Users/vishnugnair/Guru-3/node_modules/jest-circus/build/jestAdapterInit.js:1007:40)
          at _runTest (/Users/vishnugnair/Guru-3/node_modules/jest-circus/build/jestAdapterInit.js:947:3)
          at /Users/vishnugnair/Guru-3/node_modules/jest-circus/build/jestAdapterInit.js:849:7
          at _runTestsForDescribeBlock (/Users/vishnugnair/Guru-3/node_modules/jest-circus/build/jestAdapterInit.js:862:11)
          at _runTestsForDescribeBlock (/Users/vishnugnair/Guru-3/node_modules/jest-circus/build/jestAdapterInit.js:857:11)
          at _runTestsForDescribeBlock (/Users/vishnugnair/Guru-3/node_modules/jest-circus/build/jestAdapterInit.js:857:11)
          at run (/Users/vishnugnair/Guru-3/node_modules/jest-circus/build/jestAdapterInit.js:761:3)
          at runAndTransformResultsToJestFormat (/Users/vishnugnair/Guru-3/node_modules/jest-circus/build/jestAdapterInit.js:1918:21)
          at jestAdapter (/Users/vishnugnair/Guru-3/node_modules/jest-circus/build/runner.js:101:19) {
        code: 'ERR_VM_DYNAMIC_IMPORT_CALLBACK_MISSING_FLAG'
      }

      73 |       return BackgroundTask.BackgroundTaskResult.Success;
      74 |     } catch (error) {
    > 75 |       if (__DEV__) console.error('Background task failed:', error);
         |                            ^
      76 |       return BackgroundTask.BackgroundTaskResult.Failed;
      77 |     }
      78 |   });

      at error (src/services/backgroundTasks.ts:75:28)
          at Generator.throw (<anonymous>)
      at asyncGeneratorStep (node_modules/@babel/runtime/helpers/asyncToGenerator.js:3:17)
      at _throw (node_modules/@babel/runtime/helpers/asyncToGenerator.js:20:9)

    console.error
      Background task failed: TypeError: A dynamic import callback was invoked without --experimental-vm-modules
          at importModuleDynamicallyCallback (node:internal/modules/esm/utils:270:11)
          at /Users/vishnugnair/Guru-3/src/services/backgroundTasks.ts:35:3
          at Generator.next (<anonymous>)
          at asyncGeneratorStep (/Users/vishnugnair/Guru-3/node_modules/@babel/runtime/helpers/asyncToGenerator.js:3:17)
          at _next (/Users/vishnugnair/Guru-3/node_modules/@babel/runtime/helpers/asyncToGenerator.js:17:9)
          at /Users/vishnugnair/Guru-3/node_modules/@babel/runtime/helpers/asyncToGenerator.js:22:7
          at new Promise (<anonymous>)
          at /Users/vishnugnair/Guru-3/node_modules/@babel/runtime/helpers/asyncToGenerator.js:14:12
          at apply (/Users/vishnugnair/Guru-3/src/services/backgroundTasks.ts:31:41)
          at warmAiContentCache (/Users/vishnugnair/Guru-3/src/services/backgroundTasks.ts:64:37)
          at Generator.next (<anonymous>)
          at asyncGeneratorStep (/Users/vishnugnair/Guru-3/node_modules/@babel/runtime/helpers/asyncToGenerator.js:3:17)
          at _next (/Users/vishnugnair/Guru-3/node_modules/@babel/runtime/helpers/asyncToGenerator.js:17:9)
          at /Users/vishnugnair/Guru-3/node_modules/@babel/runtime/helpers/asyncToGenerator.js:22:7
          at new Promise (<anonymous>)
          at /Users/vishnugnair/Guru-3/node_modules/@babel/runtime/helpers/asyncToGenerator.js:14:12
          at Object.capturedTaskCallback (/Users/vishnugnair/Guru-3/src/services/backgroundTasks.unit.test.ts:140:28)
          at Generator.next (<anonymous>)
          at asyncGeneratorStep (/Users/vishnugnair/Guru-3/node_modules/@babel/runtime/helpers/asyncToGenerator.js:3:17)
          at _next (/Users/vishnugnair/Guru-3/node_modules/@babel/runtime/helpers/asyncToGenerator.js:17:9)
          at /Users/vishnugnair/Guru-3/node_modules/@babel/runtime/helpers/asyncToGenerator.js:22:7
          at new Promise (<anonymous>)
          at Object.<anonymous> (/Users/vishnugnair/Guru-3/node_modules/@babel/runtime/helpers/asyncToGenerator.js:14:12)
          at Promise.finally.completed (/Users/vishnugnair/Guru-3/node_modules/jest-circus/build/jestAdapterInit.js:1557:28)
          at new Promise (<anonymous>)
          at callAsyncCircusFn (/Users/vishnugnair/Guru-3/node_modules/jest-circus/build/jestAdapterInit.js:1497:10)
          at _callCircusTest (/Users/vishnugnair/Guru-3/node_modules/jest-circus/build/jestAdapterInit.js:1007:40)
          at _runTest (/Users/vishnugnair/Guru-3/node_modules/jest-circus/build/jestAdapterInit.js:947:3)
          at /Users/vishnugnair/Guru-3/node_modules/jest-circus/build/jestAdapterInit.js:849:7
          at _runTestsForDescribeBlock (/Users/vishnugnair/Guru-3/node_modules/jest-circus/build/jestAdapterInit.js:862:11)
          at _runTestsForDescribeBlock (/Users/vishnugnair/Guru-3/node_modules/jest-circus/build/jestAdapterInit.js:857:11)
          at _runTestsForDescribeBlock (/Users/vishnugnair/Guru-3/node_modules/jest-circus/build/jestAdapterInit.js:857:11)
          at run (/Users/vishnugnair/Guru-3/node_modules/jest-circus/build/jestAdapterInit.js:761:3)
          at runAndTransformResultsToJestFormat (/Users/vishnugnair/Guru-3/node_modules/jest-circus/build/jestAdapterInit.js:1918:21)
          at jestAdapter (/Users/vishnugnair/Guru-3/node_modules/jest-circus/build/runner.js:101:19) {
        code: 'ERR_VM_DYNAMIC_IMPORT_CALLBACK_MISSING_FLAG'
      }

      73 |       return BackgroundTask.BackgroundTaskResult.Success;
      74 |     } catch (error) {
    > 75 |       if (__DEV__) console.error('Background task failed:', error);
         |                            ^
      76 |       return BackgroundTask.BackgroundTaskResult.Failed;
      77 |     }
      78 |   });

      at error (src/services/backgroundTasks.ts:75:28)
          at Generator.throw (<anonymous>)
      at asyncGeneratorStep (node_modules/@babel/runtime/helpers/asyncToGenerator.js:3:17)
      at _throw (node_modules/@babel/runtime/helpers/asyncToGenerator.js:20:9)

    console.error
      Background task failed: TypeError: A dynamic import callback was invoked without --experimental-vm-modules
          at importModuleDynamicallyCallback (node:internal/modules/esm/utils:270:11)
          at /Users/vishnugnair/Guru-3/src/services/backgroundTasks.ts:35:3
          at Generator.next (<anonymous>)
          at asyncGeneratorStep (/Users/vishnugnair/Guru-3/node_modules/@babel/runtime/helpers/asyncToGenerator.js:3:17)
          at _next (/Users/vishnugnair/Guru-3/node_modules/@babel/runtime/helpers/asyncToGenerator.js:17:9)
          at /Users/vishnugnair/Guru-3/node_modules/@babel/runtime/helpers/asyncToGenerator.js:22:7
          at new Promise (<anonymous>)
          at /Users/vishnugnair/Guru-3/node_modules/@babel/runtime/helpers/asyncToGenerator.js:14:12
          at apply (/Users/vishnugnair/Guru-3/src/services/backgroundTasks.ts:31:41)
          at warmAiContentCache (/Users/vishnugnair/Guru-3/src/services/backgroundTasks.ts:64:37)
          at Generator.next (<anonymous>)
          at asyncGeneratorStep (/Users/vishnugnair/Guru-3/node_modules/@babel/runtime/helpers/asyncToGenerator.js:3:17)
          at _next (/Users/vishnugnair/Guru-3/node_modules/@babel/runtime/helpers/asyncToGenerator.js:17:9)
          at /Users/vishnugnair/Guru-3/node_modules/@babel/runtime/helpers/asyncToGenerator.js:22:7
          at new Promise (<anonymous>)
          at /Users/vishnugnair/Guru-3/node_modules/@babel/runtime/helpers/asyncToGenerator.js:14:12
          at Object.capturedTaskCallback (/Users/vishnugnair/Guru-3/src/services/backgroundTasks.unit.test.ts:154:13)
          at Generator.next (<anonymous>)
          at asyncGeneratorStep (/Users/vishnugnair/Guru-3/node_modules/@babel/runtime/helpers/asyncToGenerator.js:3:17)
          at _next (/Users/vishnugnair/Guru-3/node_modules/@babel/runtime/helpers/asyncToGenerator.js:17:9)
          at /Users/vishnugnair/Guru-3/node_modules/@babel/runtime/helpers/asyncToGenerator.js:22:7
          at new Promise (<anonymous>)
          at Object.<anonymous> (/Users/vishnugnair/Guru-3/node_modules/@babel/runtime/helpers/asyncToGenerator.js:14:12)
          at Promise.finally.completed (/Users/vishnugnair/Guru-3/node_modules/jest-circus/build/jestAdapterInit.js:1557:28)
          at new Promise (<anonymous>)
          at callAsyncCircusFn (/Users/vishnugnair/Guru-3/node_modules/jest-circus/build/jestAdapterInit.js:1497:10)
          at _callCircusTest (/Users/vishnugnair/Guru-3/node_modules/jest-circus/build/jestAdapterInit.js:1007:40)
          at _runTest (/Users/vishnugnair/Guru-3/node_modules/jest-circus/build/jestAdapterInit.js:947:3)
          at /Users/vishnugnair/Guru-3/node_modules/jest-circus/build/jestAdapterInit.js:849:7
          at _runTestsForDescribeBlock (/Users/vishnugnair/Guru-3/node_modules/jest-circus/build/jestAdapterInit.js:862:11)
          at _runTestsForDescribeBlock (/Users/vishnugnair/Guru-3/node_modules/jest-circus/build/jestAdapterInit.js:857:11)
          at _runTestsForDescribeBlock (/Users/vishnugnair/Guru-3/node_modules/jest-circus/build/jestAdapterInit.js:857:11)
          at run (/Users/vishnugnair/Guru-3/node_modules/jest-circus/build/jestAdapterInit.js:761:3)
          at runAndTransformResultsToJestFormat (/Users/vishnugnair/Guru-3/node_modules/jest-circus/build/jestAdapterInit.js:1918:21)
          at jestAdapter (/Users/vishnugnair/Guru-3/node_modules/jest-circus/build/runner.js:101:19) {
        code: 'ERR_VM_DYNAMIC_IMPORT_CALLBACK_MISSING_FLAG'
      }

      73 |       return BackgroundTask.BackgroundTaskResult.Success;
      74 |     } catch (error) {
    > 75 |       if (__DEV__) console.error('Background task failed:', error);
         |                            ^
      76 |       return BackgroundTask.BackgroundTaskResult.Failed;
      77 |     }
      78 |   });

      at error (src/services/backgroundTasks.ts:75:28)
          at Generator.throw (<anonymous>)
      at asyncGeneratorStep (node_modules/@babel/runtime/helpers/asyncToGenerator.js:3:17)
      at _throw (node_modules/@babel/runtime/helpers/asyncToGenerator.js:20:9)

  ● backgroundTasks › task definition › should prefetch content for due or unseen topics

    expect(received).toBe(expected) // Object.is equality

    Expected: 1
    Received: 2

      107 |       const result = await capturedTaskCallback();
      108 |
    > 109 |       expect(result).toBe(BackgroundTask.BackgroundTaskResult.Success);
          |                      ^
      110 |       expect(prefetchTopicContent).toHaveBeenCalledTimes(2); // Topic 1 and Topic 2
      111 |       expect(prefetchTopicContent).toHaveBeenNthCalledWith(
      112 |         1,

      at Object.toBe (src/services/backgroundTasks.unit.test.ts:109:22)
      at asyncGeneratorStep (node_modules/@babel/runtime/helpers/asyncToGenerator.js:3:17)
      at _next (node_modules/@babel/runtime/helpers/asyncToGenerator.js:17:9)

  ● backgroundTasks › task definition › should return NoData if no candidates found

    expect(received).toBe(expected) // Object.is equality

    Expected: 1
    Received: 2

      132 |       const result = await capturedTaskCallback();
      133 |
    > 134 |       expect(result).toBe(BackgroundTask.BackgroundTaskResult.Success);
          |                      ^
      135 |     });
      136 |
      137 |     it('should return Failed if an error occurs', async () => {

      at Object.toBe (src/services/backgroundTasks.unit.test.ts:134:22)
      at asyncGeneratorStep (node_modules/@babel/runtime/helpers/asyncToGenerator.js:3:17)
      at _next (node_modules/@babel/runtime/helpers/asyncToGenerator.js:17:9)

  ● backgroundTasks › task definition › should filter blocked content types

    TypeError: Cannot read properties of undefined (reading '1')

      154 |       await capturedTaskCallback();
      155 |
    > 156 |       const typesToFetch = (prefetchTopicContent as jest.Mock).mock.calls[0][1];
          |                                                                             ^
      157 |       expect(typesToFetch).not.toContain('keypoints');
      158 |       expect((prefetchTopicContent as jest.Mock).mock.calls[0][2]).toBe('groq');
      159 |     });

      at Object.<anonymous> (src/services/backgroundTasks.unit.test.ts:156:77)
      at asyncGeneratorStep (node_modules/@babel/runtime/helpers/asyncToGenerator.js:3:17)
      at _next (node_modules/@babel/runtime/helpers/asyncToGenerator.js:17:9)

  ● backgroundTasks › warmAiContentCache › prefetches a small candidate set on app-open warmup without notification refresh

    TypeError: A dynamic import callback was invoked without --experimental-vm-modules

      33 |   refreshNotifications?: boolean;
      34 | }): Promise<number> {
    > 35 |   const { prefetchTopicContent } = await import('./aiService');
         |   ^
      36 |   const profile = await profileRepository.getProfile();
      37 |   const allTopics = await getAllTopicsWithProgress();
      38 |   const candidates = selectPrefetchCandidates(

      at src/services/backgroundTasks.ts:35:3
      at asyncGeneratorStep (node_modules/@babel/runtime/helpers/asyncToGenerator.js:3:17)
      at _next (node_modules/@babel/runtime/helpers/asyncToGenerator.js:17:9)
      at node_modules/@babel/runtime/helpers/asyncToGenerator.js:22:7
      at node_modules/@babel/runtime/helpers/asyncToGenerator.js:14:12
      at apply (src/services/backgroundTasks.ts:31:41)
      at Object.<anonymous> (src/services/backgroundTasks.unit.test.ts:173:45)
      at asyncGeneratorStep (node_modules/@babel/runtime/helpers/asyncToGenerator.js:3:17)
      at _next (node_modules/@babel/runtime/helpers/asyncToGenerator.js:17:9)
      at node_modules/@babel/runtime/helpers/asyncToGenerator.js:22:7
      at Object.<anonymous> (node_modules/@babel/runtime/helpers/asyncToGenerator.js:14:12)

FAIL src/services/ai/llmRouting.unit.test.ts
  ● llmRouting › clears local model profile state when model file is missing/corrupt

    TypeError: A dynamic import callback was invoked without --experimental-vm-modules

      24 |   }));
      25 |
    > 26 |   const module = await import('./llmRouting');
         |               ^
      27 |   return {
      28 |     module,
      29 |     initializeMock,

      at src/services/ai/llmRouting.unit.test.ts:26:15
      at asyncGeneratorStep (node_modules/@babel/runtime/helpers/asyncToGenerator.js:3:17)
      at _next (node_modules/@babel/runtime/helpers/asyncToGenerator.js:17:9)
      at node_modules/@babel/runtime/helpers/asyncToGenerator.js:22:7
      at node_modules/@babel/runtime/helpers/asyncToGenerator.js:14:12
      at apply (src/services/ai/llmRouting.unit.test.ts:36:2)
      at apply (src/services/ai/llmRouting.unit.test.ts:1:33)
      at Object.loadRoutingModule (src/services/ai/llmRouting.unit.test.ts:44:59)
      at asyncGeneratorStep (node_modules/@babel/runtime/helpers/asyncToGenerator.js:3:17)
      at _next (node_modules/@babel/runtime/helpers/asyncToGenerator.js:17:9)
      at node_modules/@babel/runtime/helpers/asyncToGenerator.js:22:7
      at Object.<anonymous> (node_modules/@babel/runtime/helpers/asyncToGenerator.js:14:12)

  ● llmRouting › throws error when local model returns empty response

    TypeError: A dynamic import callback was invoked without --experimental-vm-modules

      24 |   }));
      25 |
    > 26 |   const module = await import('./llmRouting');
         |               ^
      27 |   return {
      28 |     module,
      29 |     initializeMock,

      at src/services/ai/llmRouting.unit.test.ts:26:15
      at asyncGeneratorStep (node_modules/@babel/runtime/helpers/asyncToGenerator.js:3:17)
      at _next (node_modules/@babel/runtime/helpers/asyncToGenerator.js:17:9)
      at node_modules/@babel/runtime/helpers/asyncToGenerator.js:22:7
      at node_modules/@babel/runtime/helpers/asyncToGenerator.js:14:12
      at apply (src/services/ai/llmRouting.unit.test.ts:1:33)
      at Object.loadRoutingModule (src/services/ai/llmRouting.unit.test.ts:56:40)
      at asyncGeneratorStep (node_modules/@babel/runtime/helpers/asyncToGenerator.js:3:17)
      at _next (node_modules/@babel/runtime/helpers/asyncToGenerator.js:17:9)
      at node_modules/@babel/runtime/helpers/asyncToGenerator.js:22:7
      at Object.<anonymous> (node_modules/@babel/runtime/helpers/asyncToGenerator.js:14:12)

  ● llmRouting › reports the correct local Gemma variant for E2B files

    TypeError: A dynamic import callback was invoked without --experimental-vm-modules

      24 |   }));
      25 |
    > 26 |   const module = await import('./llmRouting');
         |               ^
      27 |   return {
      28 |     module,
      29 |     initializeMock,

      at src/services/ai/llmRouting.unit.test.ts:26:15
      at asyncGeneratorStep (node_modules/@babel/runtime/helpers/asyncToGenerator.js:3:17)
      at _next (node_modules/@babel/runtime/helpers/asyncToGenerator.js:17:9)
      at node_modules/@babel/runtime/helpers/asyncToGenerator.js:22:7
      at node_modules/@babel/runtime/helpers/asyncToGenerator.js:14:12
      at apply (src/services/ai/llmRouting.unit.test.ts:1:33)
      at Object.loadRoutingModule (src/services/ai/llmRouting.unit.test.ts:66:30)
      at asyncGeneratorStep (node_modules/@babel/runtime/helpers/asyncToGenerator.js:3:17)
      at _next (node_modules/@babel/runtime/helpers/asyncToGenerator.js:17:9)
      at node_modules/@babel/runtime/helpers/asyncToGenerator.js:22:7
      at Object.<anonymous> (node_modules/@babel/runtime/helpers/asyncToGenerator.js:14:12)

  ● llmRouting › loads Gemma 4 without overriding the native token budget

    TypeError: A dynamic import callback was invoked without --experimental-vm-modules

      24 |   }));
      25 |
    > 26 |   const module = await import('./llmRouting');
         |               ^
      27 |   return {
      28 |     module,
      29 |     initializeMock,

      at src/services/ai/llmRouting.unit.test.ts:26:15
      at asyncGeneratorStep (node_modules/@babel/runtime/helpers/asyncToGenerator.js:3:17)
      at _next (node_modules/@babel/runtime/helpers/asyncToGenerator.js:17:9)
      at node_modules/@babel/runtime/helpers/asyncToGenerator.js:22:7
      at node_modules/@babel/runtime/helpers/asyncToGenerator.js:14:12
      at apply (src/services/ai/llmRouting.unit.test.ts:1:33)
      at Object.loadRoutingModule (src/services/ai/llmRouting.unit.test.ts:78:46)
      at asyncGeneratorStep (node_modules/@babel/runtime/helpers/asyncToGenerator.js:3:17)
      at _next (node_modules/@babel/runtime/helpers/asyncToGenerator.js:17:9)
      at node_modules/@babel/runtime/helpers/asyncToGenerator.js:22:7
      at Object.<anonymous> (node_modules/@babel/runtime/helpers/asyncToGenerator.js:14:12)

  ● llmRouting › releaseLlamaContext does nothing when context is in use

    TypeError: A dynamic import callback was invoked without --experimental-vm-modules

      114 |     }));
      115 |
    > 116 |     const module = await import('./llmRouting');
          |                 ^
      117 |
      118 |     // Start a generation (it will be in flight)
      119 |     let resolveGenerate: (val: { text: string; backend: string }) => void;

      at Object.<anonymous> (src/services/ai/llmRouting.unit.test.ts:116:17)
      at asyncGeneratorStep (node_modules/@babel/runtime/helpers/asyncToGenerator.js:3:17)
      at _next (node_modules/@babel/runtime/helpers/asyncToGenerator.js:17:9)
      at node_modules/@babel/runtime/helpers/asyncToGenerator.js:22:7
      at Object.<anonymous> (node_modules/@babel/runtime/helpers/asyncToGenerator.js:14:12)

FAIL src/services/ai/imageGeneration.unit.test.ts
  ● ai/imageGeneration › uses Gemini first and saves the generated image locally

    TypeError: A dynamic import callback was invoked without --experimental-vm-modules

      67 |   }));
      68 |
    > 69 |   return import('./imageGeneration');
         |   ^
      70 | }
      71 |
      72 | describe('ai/imageGeneration', () => {

      at src/services/ai/imageGeneration.unit.test.ts:69:3
      at asyncGeneratorStep (node_modules/@babel/runtime/helpers/asyncToGenerator.js:3:17)
      at _next (node_modules/@babel/runtime/helpers/asyncToGenerator.js:17:9)
      at node_modules/@babel/runtime/helpers/asyncToGenerator.js:22:7
      at node_modules/@babel/runtime/helpers/asyncToGenerator.js:14:12
      at apply (src/services/ai/imageGeneration.unit.test.ts:70:2)
      at apply (src/services/ai/imageGeneration.unit.test.ts:6:26)
      at Object.loadModule (src/services/ai/imageGeneration.unit.test.ts:95:37)
      at asyncGeneratorStep (node_modules/@babel/runtime/helpers/asyncToGenerator.js:3:17)
      at _next (node_modules/@babel/runtime/helpers/asyncToGenerator.js:17:9)
      at node_modules/@babel/runtime/helpers/asyncToGenerator.js:22:7
      at Object.<anonymous> (node_modules/@babel/runtime/helpers/asyncToGenerator.js:14:12)

  ● ai/imageGeneration › falls back to Cloudflare when Gemini fails

    TypeError: A dynamic import callback was invoked without --experimental-vm-modules

      67 |   }));
      68 |
    > 69 |   return import('./imageGeneration');
         |   ^
      70 | }
      71 |
      72 | describe('ai/imageGeneration', () => {

      at src/services/ai/imageGeneration.unit.test.ts:69:3
      at asyncGeneratorStep (node_modules/@babel/runtime/helpers/asyncToGenerator.js:3:17)
      at _next (node_modules/@babel/runtime/helpers/asyncToGenerator.js:17:9)
      at node_modules/@babel/runtime/helpers/asyncToGenerator.js:22:7
      at node_modules/@babel/runtime/helpers/asyncToGenerator.js:14:12
      at apply (src/services/ai/imageGeneration.unit.test.ts:6:26)
      at Object.loadModule (src/services/ai/imageGeneration.unit.test.ts:141:37)
      at asyncGeneratorStep (node_modules/@babel/runtime/helpers/asyncToGenerator.js:3:17)
      at _next (node_modules/@babel/runtime/helpers/asyncToGenerator.js:17:9)
      at node_modules/@babel/runtime/helpers/asyncToGenerator.js:22:7
      at Object.<anonymous> (node_modules/@babel/runtime/helpers/asyncToGenerator.js:14:12)

  ● ai/imageGeneration › uses only Cloudflare when imageGenerationModel is a CF model id

    TypeError: A dynamic import callback was invoked without --experimental-vm-modules

      67 |   }));
      68 |
    > 69 |   return import('./imageGeneration');
         |   ^
      70 | }
      71 |
      72 | describe('ai/imageGeneration', () => {

      at src/services/ai/imageGeneration.unit.test.ts:69:3
      at asyncGeneratorStep (node_modules/@babel/runtime/helpers/asyncToGenerator.js:3:17)
      at _next (node_modules/@babel/runtime/helpers/asyncToGenerator.js:17:9)
      at node_modules/@babel/runtime/helpers/asyncToGenerator.js:22:7
      at node_modules/@babel/runtime/helpers/asyncToGenerator.js:14:12
      at apply (src/services/ai/imageGeneration.unit.test.ts:6:26)
      at Object.loadModule (src/services/ai/imageGeneration.unit.test.ts:174:37)
      at asyncGeneratorStep (node_modules/@babel/runtime/helpers/asyncToGenerator.js:3:17)
      at _next (node_modules/@babel/runtime/helpers/asyncToGenerator.js:17:9)
      at node_modules/@babel/runtime/helpers/asyncToGenerator.js:22:7
      at Object.<anonymous> (node_modules/@babel/runtime/helpers/asyncToGenerator.js:14:12)

  ● ai/imageGeneration › does not fall back to Cloudflare when Gemini-only and Gemini fails

    TypeError: A dynamic import callback was invoked without --experimental-vm-modules

      67 |   }));
      68 |
    > 69 |   return import('./imageGeneration');
         |   ^
      70 | }
      71 |
      72 | describe('ai/imageGeneration', () => {

      at src/services/ai/imageGeneration.unit.test.ts:69:3
      at asyncGeneratorStep (node_modules/@babel/runtime/helpers/asyncToGenerator.js:3:17)
      at _next (node_modules/@babel/runtime/helpers/asyncToGenerator.js:17:9)
      at node_modules/@babel/runtime/helpers/asyncToGenerator.js:22:7
      at node_modules/@babel/runtime/helpers/asyncToGenerator.js:14:12
      at apply (src/services/ai/imageGeneration.unit.test.ts:6:26)
      at Object.loadModule (src/services/ai/imageGeneration.unit.test.ts:199:37)
      at asyncGeneratorStep (node_modules/@babel/runtime/helpers/asyncToGenerator.js:3:17)
      at _next (node_modules/@babel/runtime/helpers/asyncToGenerator.js:17:9)
      at node_modules/@babel/runtime/helpers/asyncToGenerator.js:22:7
      at Object.<anonymous> (node_modules/@babel/runtime/helpers/asyncToGenerator.js:14:12)

  ● ai/imageGeneration › uses Cloudflare when Gemini key is missing

    TypeError: A dynamic import callback was invoked without --experimental-vm-modules

      67 |   }));
      68 |
    > 69 |   return import('./imageGeneration');
         |   ^
      70 | }
      71 |
      72 | describe('ai/imageGeneration', () => {

      at src/services/ai/imageGeneration.unit.test.ts:69:3
      at asyncGeneratorStep (node_modules/@babel/runtime/helpers/asyncToGenerator.js:3:17)
      at _next (node_modules/@babel/runtime/helpers/asyncToGenerator.js:17:9)
      at node_modules/@babel/runtime/helpers/asyncToGenerator.js:22:7
      at node_modules/@babel/runtime/helpers/asyncToGenerator.js:14:12
      at apply (src/services/ai/imageGeneration.unit.test.ts:6:26)
      at Object.loadModule (src/services/ai/imageGeneration.unit.test.ts:223:37)
      at asyncGeneratorStep (node_modules/@babel/runtime/helpers/asyncToGenerator.js:3:17)
      at _next (node_modules/@babel/runtime/helpers/asyncToGenerator.js:17:9)
      at node_modules/@babel/runtime/helpers/asyncToGenerator.js:22:7
      at Object.<anonymous> (node_modules/@babel/runtime/helpers/asyncToGenerator.js:14:12)

  ● ai/imageGeneration › throws a clear error when no image backend credentials are available

    TypeError: A dynamic import callback was invoked without --experimental-vm-modules

      67 |   }));
      68 |
    > 69 |   return import('./imageGeneration');
         |   ^
      70 | }
      71 |
      72 | describe('ai/imageGeneration', () => {

      at src/services/ai/imageGeneration.unit.test.ts:69:3
      at asyncGeneratorStep (node_modules/@babel/runtime/helpers/asyncToGenerator.js:3:17)
      at _next (node_modules/@babel/runtime/helpers/asyncToGenerator.js:17:9)
      at node_modules/@babel/runtime/helpers/asyncToGenerator.js:22:7
      at node_modules/@babel/runtime/helpers/asyncToGenerator.js:14:12
      at apply (src/services/ai/imageGeneration.unit.test.ts:6:26)
      at Object.loadModule (src/services/ai/imageGeneration.unit.test.ts:240:37)
      at asyncGeneratorStep (node_modules/@babel/runtime/helpers/asyncToGenerator.js:3:17)
      at _next (node_modules/@babel/runtime/helpers/asyncToGenerator.js:17:9)
      at node_modules/@babel/runtime/helpers/asyncToGenerator.js:22:7
      at Object.<anonymous> (node_modules/@babel/runtime/helpers/asyncToGenerator.js:14:12)

  ● ai/imageGeneration › uses fal when imageGenerationModel is a fal image model id

    TypeError: A dynamic import callback was invoked without --experimental-vm-modules

      67 |   }));
      68 |
    > 69 |   return import('./imageGeneration');
         |   ^
      70 | }
      71 |
      72 | describe('ai/imageGeneration', () => {

      at src/services/ai/imageGeneration.unit.test.ts:69:3
      at asyncGeneratorStep (node_modules/@babel/runtime/helpers/asyncToGenerator.js:3:17)
      at _next (node_modules/@babel/runtime/helpers/asyncToGenerator.js:17:9)
      at node_modules/@babel/runtime/helpers/asyncToGenerator.js:22:7
      at node_modules/@babel/runtime/helpers/asyncToGenerator.js:14:12
      at apply (src/services/ai/imageGeneration.unit.test.ts:6:26)
      at Object.loadModule (src/services/ai/imageGeneration.unit.test.ts:267:37)
      at asyncGeneratorStep (node_modules/@babel/runtime/helpers/asyncToGenerator.js:3:17)
      at _next (node_modules/@babel/runtime/helpers/asyncToGenerator.js:17:9)
      at node_modules/@babel/runtime/helpers/asyncToGenerator.js:22:7
      at Object.<anonymous> (node_modules/@babel/runtime/helpers/asyncToGenerator.js:14:12)

  ● ai/imageGeneration › uses the newer fal text-to-image payload for Nano Banana 2

    TypeError: A dynamic import callback was invoked without --experimental-vm-modules

      67 |   }));
      68 |
    > 69 |   return import('./imageGeneration');
         |   ^
      70 | }
      71 |
      72 | describe('ai/imageGeneration', () => {

      at src/services/ai/imageGeneration.unit.test.ts:69:3
      at asyncGeneratorStep (node_modules/@babel/runtime/helpers/asyncToGenerator.js:3:17)
      at _next (node_modules/@babel/runtime/helpers/asyncToGenerator.js:17:9)
      at node_modules/@babel/runtime/helpers/asyncToGenerator.js:22:7
      at node_modules/@babel/runtime/helpers/asyncToGenerator.js:14:12
      at apply (src/services/ai/imageGeneration.unit.test.ts:6:26)
      at Object.loadModule (src/services/ai/imageGeneration.unit.test.ts:309:37)
      at asyncGeneratorStep (node_modules/@babel/runtime/helpers/asyncToGenerator.js:3:17)
      at _next (node_modules/@babel/runtime/helpers/asyncToGenerator.js:17:9)
      at node_modules/@babel/runtime/helpers/asyncToGenerator.js:22:7
      at Object.<anonymous> (node_modules/@babel/runtime/helpers/asyncToGenerator.js:14:12)

  ● ai/imageGeneration › reports image generation as available when fal key is present

    TypeError: A dynamic import callback was invoked without --experimental-vm-modules

      67 |   }));
      68 |
    > 69 |   return import('./imageGeneration');
         |   ^
      70 | }
      71 |
      72 | describe('ai/imageGeneration', () => {

      at src/services/ai/imageGeneration.unit.test.ts:69:3
      at asyncGeneratorStep (node_modules/@babel/runtime/helpers/asyncToGenerator.js:3:17)
      at _next (node_modules/@babel/runtime/helpers/asyncToGenerator.js:17:9)
      at node_modules/@babel/runtime/helpers/asyncToGenerator.js:22:7
      at node_modules/@babel/runtime/helpers/asyncToGenerator.js:14:12
      at apply (src/services/ai/imageGeneration.unit.test.ts:6:26)
      at Object.loadModule (src/services/ai/imageGeneration.unit.test.ts:329:50)
      at asyncGeneratorStep (node_modules/@babel/runtime/helpers/asyncToGenerator.js:3:17)
      at _next (node_modules/@babel/runtime/helpers/asyncToGenerator.js:17:9)
      at node_modules/@babel/runtime/helpers/asyncToGenerator.js:22:7
      at Object.<anonymous> (node_modules/@babel/runtime/helpers/asyncToGenerator.js:14:12)

FAIL src/services/appLauncher.unit.test.ts
  ● appLauncher mock external lecture flow › uses mock audio URL launch path when mock mode is enabled

    TypeError: A dynamic import callback was invoked without --experimental-vm-modules

      74 |   }));
      75 |
    > 76 |   return import('./appLauncher');
         |   ^
      77 | }
      78 |
      79 | describe('appLauncher mock external lecture flow', () => {

      at src/services/appLauncher.unit.test.ts:76:3
      at asyncGeneratorStep (node_modules/@babel/runtime/helpers/asyncToGenerator.js:3:17)
      at _next (node_modules/@babel/runtime/helpers/asyncToGenerator.js:17:9)
      at node_modules/@babel/runtime/helpers/asyncToGenerator.js:22:7
      at node_modules/@babel/runtime/helpers/asyncToGenerator.js:14:12
      at apply (src/services/appLauncher.unit.test.ts:77:2)
      at apply (src/services/appLauncher.unit.test.ts:20:31)
      at Object.loadAppLauncher (src/services/appLauncher.unit.test.ts:93:31)
      at asyncGeneratorStep (node_modules/@babel/runtime/helpers/asyncToGenerator.js:3:17)
      at _next (node_modules/@babel/runtime/helpers/asyncToGenerator.js:17:9)
      at node_modules/@babel/runtime/helpers/asyncToGenerator.js:22:7
      at Object.<anonymous> (node_modules/@babel/runtime/helpers/asyncToGenerator.js:14:12)

  ● appLauncher mock external lecture flow › falls back safely when mock URL launch fails

    TypeError: A dynamic import callback was invoked without --experimental-vm-modules

      74 |   }));
      75 |
    > 76 |   return import('./appLauncher');
         |   ^
      77 | }
      78 |
      79 | describe('appLauncher mock external lecture flow', () => {

      at src/services/appLauncher.unit.test.ts:76:3
      at asyncGeneratorStep (node_modules/@babel/runtime/helpers/asyncToGenerator.js:3:17)
      at _next (node_modules/@babel/runtime/helpers/asyncToGenerator.js:17:9)
      at node_modules/@babel/runtime/helpers/asyncToGenerator.js:22:7
      at node_modules/@babel/runtime/helpers/asyncToGenerator.js:14:12
      at apply (src/services/appLauncher.unit.test.ts:20:31)
      at Object.loadAppLauncher (src/services/appLauncher.unit.test.ts:118:31)
      at asyncGeneratorStep (node_modules/@babel/runtime/helpers/asyncToGenerator.js:3:17)
      at _next (node_modules/@babel/runtime/helpers/asyncToGenerator.js:17:9)
      at node_modules/@babel/runtime/helpers/asyncToGenerator.js:22:7
      at Object.<anonymous> (node_modules/@babel/runtime/helpers/asyncToGenerator.js:14:12)

  ● appLauncher mock external lecture flow › keeps normal installed-app launch path when mock mode is disabled

    TypeError: A dynamic import callback was invoked without --experimental-vm-modules

      74 |   }));
      75 |
    > 76 |   return import('./appLauncher');
         |   ^
      77 | }
      78 |
      79 | describe('appLauncher mock external lecture flow', () => {

      at src/services/appLauncher.unit.test.ts:76:3
      at asyncGeneratorStep (node_modules/@babel/runtime/helpers/asyncToGenerator.js:3:17)
      at _next (node_modules/@babel/runtime/helpers/asyncToGenerator.js:17:9)
      at node_modules/@babel/runtime/helpers/asyncToGenerator.js:22:7
      at node_modules/@babel/runtime/helpers/asyncToGenerator.js:14:12
      at apply (src/services/appLauncher.unit.test.ts:20:31)
      at Object.loadAppLauncher (src/services/appLauncher.unit.test.ts:140:31)
      at asyncGeneratorStep (node_modules/@babel/runtime/helpers/asyncToGenerator.js:3:17)
      at _next (node_modules/@babel/runtime/helpers/asyncToGenerator.js:17:9)
      at node_modules/@babel/runtime/helpers/asyncToGenerator.js:22:7
      at Object.<anonymous> (node_modules/@babel/runtime/helpers/asyncToGenerator.js:14:12)

  ● appLauncher mock external lecture flow › enables the live quiz sidecar for installed-app launch when both deepgram and groq keys exist

    TypeError: A dynamic import callback was invoked without --experimental-vm-modules

      74 |   }));
      75 |
    > 76 |   return import('./appLauncher');
         |   ^
      77 | }
      78 |
      79 | describe('appLauncher mock external lecture flow', () => {

      at src/services/appLauncher.unit.test.ts:76:3
      at asyncGeneratorStep (node_modules/@babel/runtime/helpers/asyncToGenerator.js:3:17)
      at _next (node_modules/@babel/runtime/helpers/asyncToGenerator.js:17:9)
      at node_modules/@babel/runtime/helpers/asyncToGenerator.js:22:7
      at node_modules/@babel/runtime/helpers/asyncToGenerator.js:14:12
      at apply (src/services/appLauncher.unit.test.ts:20:31)
      at Object.loadAppLauncher (src/services/appLauncher.unit.test.ts:152:31)
      at asyncGeneratorStep (node_modules/@babel/runtime/helpers/asyncToGenerator.js:3:17)
      at _next (node_modules/@babel/runtime/helpers/asyncToGenerator.js:17:9)
      at node_modules/@babel/runtime/helpers/asyncToGenerator.js:22:7
      at Object.<anonymous> (node_modules/@babel/runtime/helpers/asyncToGenerator.js:14:12)

  ● appLauncher mock external lecture flow › falls back to audio-only recording when live quiz sidecar startup fails

    TypeError: A dynamic import callback was invoked without --experimental-vm-modules

      74 |   }));
      75 |
    > 76 |   return import('./appLauncher');
         |   ^
      77 | }
      78 |
      79 | describe('appLauncher mock external lecture flow', () => {

      at src/services/appLauncher.unit.test.ts:76:3
      at asyncGeneratorStep (node_modules/@babel/runtime/helpers/asyncToGenerator.js:3:17)
      at _next (node_modules/@babel/runtime/helpers/asyncToGenerator.js:17:9)
      at node_modules/@babel/runtime/helpers/asyncToGenerator.js:22:7
      at node_modules/@babel/runtime/helpers/asyncToGenerator.js:14:12
      at apply (src/services/appLauncher.unit.test.ts:20:31)
      at Object.loadAppLauncher (src/services/appLauncher.unit.test.ts:170:31)
      at asyncGeneratorStep (node_modules/@babel/runtime/helpers/asyncToGenerator.js:3:17)
      at _next (node_modules/@babel/runtime/helpers/asyncToGenerator.js:17:9)
      at node_modules/@babel/runtime/helpers/asyncToGenerator.js:22:7
      at Object.<anonymous> (node_modules/@babel/runtime/helpers/asyncToGenerator.js:14:12)

FAIL src/services/aiService.unit.test.ts
  ● aiService routing policy › uses OpenRouter after Groq models fail when both keys are available

    TypeError: A dynamic import callback was invoked without --experimental-vm-modules

      70 |   }));
      71 |
    > 72 |   const aiService = await import('./aiService');
         |                  ^
      73 |   return { aiService, chatMock };
      74 | }
      75 |

      at src/services/aiService.unit.test.ts:72:18
      at asyncGeneratorStep (node_modules/@babel/runtime/helpers/asyncToGenerator.js:3:17)
      at _next (node_modules/@babel/runtime/helpers/asyncToGenerator.js:17:9)
      at node_modules/@babel/runtime/helpers/asyncToGenerator.js:22:7
      at node_modules/@babel/runtime/helpers/asyncToGenerator.js:14:12
      at apply (src/services/aiService.unit.test.ts:74:2)
      at apply (src/services/aiService.unit.test.ts:15:29)
      at Object.loadAiService (src/services/aiService.unit.test.ts:82:33)
      at asyncGeneratorStep (node_modules/@babel/runtime/helpers/asyncToGenerator.js:3:17)
      at _next (node_modules/@babel/runtime/helpers/asyncToGenerator.js:17:9)
      at node_modules/@babel/runtime/helpers/asyncToGenerator.js:22:7
      at Object.<anonymous> (node_modules/@babel/runtime/helpers/asyncToGenerator.js:14:12)

  ● aiService routing policy › uses Groq after OpenRouter fails when both keys are available

    TypeError: A dynamic import callback was invoked without --experimental-vm-modules

      70 |   }));
      71 |
    > 72 |   const aiService = await import('./aiService');
         |                  ^
      73 |   return { aiService, chatMock };
      74 | }
      75 |

      at src/services/aiService.unit.test.ts:72:18
      at asyncGeneratorStep (node_modules/@babel/runtime/helpers/asyncToGenerator.js:3:17)
      at _next (node_modules/@babel/runtime/helpers/asyncToGenerator.js:17:9)
      at node_modules/@babel/runtime/helpers/asyncToGenerator.js:22:7
      at node_modules/@babel/runtime/helpers/asyncToGenerator.js:14:12
      at apply (src/services/aiService.unit.test.ts:15:29)
      at Object.loadAiService (src/services/aiService.unit.test.ts:121:33)
      at asyncGeneratorStep (node_modules/@babel/runtime/helpers/asyncToGenerator.js:3:17)
      at _next (node_modules/@babel/runtime/helpers/asyncToGenerator.js:17:9)
      at node_modules/@babel/runtime/helpers/asyncToGenerator.js:22:7
      at Object.<anonymous> (node_modules/@babel/runtime/helpers/asyncToGenerator.js:14:12)

  ● aiService routing policy › falls back to cloud if local fails

    TypeError: A dynamic import callback was invoked without --experimental-vm-modules

      70 |   }));
      71 |
    > 72 |   const aiService = await import('./aiService');
         |                  ^
      73 |   return { aiService, chatMock };
      74 | }
      75 |

      at src/services/aiService.unit.test.ts:72:18
      at asyncGeneratorStep (node_modules/@babel/runtime/helpers/asyncToGenerator.js:3:17)
      at _next (node_modules/@babel/runtime/helpers/asyncToGenerator.js:17:9)
      at node_modules/@babel/runtime/helpers/asyncToGenerator.js:22:7
      at node_modules/@babel/runtime/helpers/asyncToGenerator.js:14:12
      at apply (src/services/aiService.unit.test.ts:15:29)
      at Object.loadAiService (src/services/aiService.unit.test.ts:167:43)
      at asyncGeneratorStep (node_modules/@babel/runtime/helpers/asyncToGenerator.js:3:17)
      at _next (node_modules/@babel/runtime/helpers/asyncToGenerator.js:17:9)
      at node_modules/@babel/runtime/helpers/asyncToGenerator.js:22:7
      at Object.<anonymous> (node_modules/@babel/runtime/helpers/asyncToGenerator.js:14:12)

  ● aiService routing policy › prioritizes explicitly requested OpenRouter model

    TypeError: A dynamic import callback was invoked without --experimental-vm-modules

      70 |   }));
      71 |
    > 72 |   const aiService = await import('./aiService');
         |                  ^
      73 |   return { aiService, chatMock };
      74 | }
      75 |

      at src/services/aiService.unit.test.ts:72:18
      at asyncGeneratorStep (node_modules/@babel/runtime/helpers/asyncToGenerator.js:3:17)
      at _next (node_modules/@babel/runtime/helpers/asyncToGenerator.js:17:9)
      at node_modules/@babel/runtime/helpers/asyncToGenerator.js:22:7
      at node_modules/@babel/runtime/helpers/asyncToGenerator.js:14:12
      at apply (src/services/aiService.unit.test.ts:15:29)
      at Object.loadAiService (src/services/aiService.unit.test.ts:203:33)
      at asyncGeneratorStep (node_modules/@babel/runtime/helpers/asyncToGenerator.js:3:17)
      at _next (node_modules/@babel/runtime/helpers/asyncToGenerator.js:17:9)
      at node_modules/@babel/runtime/helpers/asyncToGenerator.js:22:7
      at Object.<anonymous> (node_modules/@babel/runtime/helpers/asyncToGenerator.js:14:12)

  ● aiService routing policy › uses local directly when local model is explicitly selected

    TypeError: A dynamic import callback was invoked without --experimental-vm-modules

      70 |   }));
      71 |
    > 72 |   const aiService = await import('./aiService');
         |                  ^
      73 |   return { aiService, chatMock };
      74 | }
      75 |

      at src/services/aiService.unit.test.ts:72:18
      at asyncGeneratorStep (node_modules/@babel/runtime/helpers/asyncToGenerator.js:3:17)
      at _next (node_modules/@babel/runtime/helpers/asyncToGenerator.js:17:9)
      at node_modules/@babel/runtime/helpers/asyncToGenerator.js:22:7
      at node_modules/@babel/runtime/helpers/asyncToGenerator.js:14:12
      at apply (src/services/aiService.unit.test.ts:15:29)
      at Object.loadAiService (src/services/aiService.unit.test.ts:257:43)
      at asyncGeneratorStep (node_modules/@babel/runtime/helpers/asyncToGenerator.js:3:17)
      at _next (node_modules/@babel/runtime/helpers/asyncToGenerator.js:17:9)
      at node_modules/@babel/runtime/helpers/asyncToGenerator.js:22:7
      at Object.<anonymous> (node_modules/@babel/runtime/helpers/asyncToGenerator.js:14:12)

  ● aiService routing policy › uses local when no cloud keys exist but local model file is present

    TypeError: A dynamic import callback was invoked without --experimental-vm-modules

      70 |   }));
      71 |
    > 72 |   const aiService = await import('./aiService');
         |                  ^
      73 |   return { aiService, chatMock };
      74 | }
      75 |

      at src/services/aiService.unit.test.ts:72:18
      at asyncGeneratorStep (node_modules/@babel/runtime/helpers/asyncToGenerator.js:3:17)
      at _next (node_modules/@babel/runtime/helpers/asyncToGenerator.js:17:9)
      at node_modules/@babel/runtime/helpers/asyncToGenerator.js:22:7
      at node_modules/@babel/runtime/helpers/asyncToGenerator.js:14:12
      at apply (src/services/aiService.unit.test.ts:15:29)
      at Object.loadAiService (src/services/aiService.unit.test.ts:275:43)
      at asyncGeneratorStep (node_modules/@babel/runtime/helpers/asyncToGenerator.js:3:17)
      at _next (node_modules/@babel/runtime/helpers/asyncToGenerator.js:17:9)
      at node_modules/@babel/runtime/helpers/asyncToGenerator.js:22:7
      at Object.<anonymous> (node_modules/@babel/runtime/helpers/asyncToGenerator.js:14:12)

FAIL src/services/offlineQueueBootstrap.unit.test.ts
  ● offlineQueueBootstrap › registers processors that fail safely for legacy queued work

    TypeError: A dynamic import callback was invoked without --experimental-vm-modules

      31 |
      32 |   it('registers processors that fail safely for legacy queued work', async () => {
    > 33 |     const { registerOfflineQueueProcessors } = await import('./offlineQueueBootstrap');
         |     ^
      34 |     registerOfflineQueueProcessors();
      35 |
      36 |     const processors = Object.fromEntries(

      at Object.<anonymous> (src/services/offlineQueueBootstrap.unit.test.ts:33:5)
      at asyncGeneratorStep (node_modules/@babel/runtime/helpers/asyncToGenerator.js:3:17)
      at _next (node_modules/@babel/runtime/helpers/asyncToGenerator.js:17:9)
      at node_modules/@babel/runtime/helpers/asyncToGenerator.js:22:7
      at Object.<anonymous> (node_modules/@babel/runtime/helpers/asyncToGenerator.js:14:12)

  ● offlineQueueBootstrap › retries queued transcription work and marks it complete on success

    TypeError: A dynamic import callback was invoked without --experimental-vm-modules

      53 |   it('retries queued transcription work and marks it complete on success', async () => {
      54 |     mockRunFullTranscriptionPipeline.mockResolvedValue({ success: true });
    > 55 |     const { registerOfflineQueueProcessors } = await import('./offlineQueueBootstrap');
         |     ^
      56 |     registerOfflineQueueProcessors();
      57 |
      58 |     const processors = Object.fromEntries(

      at Object.<anonymous> (src/services/offlineQueueBootstrap.unit.test.ts:55:5)
      at asyncGeneratorStep (node_modules/@babel/runtime/helpers/asyncToGenerator.js:3:17)
      at _next (node_modules/@babel/runtime/helpers/asyncToGenerator.js:17:9)
      at node_modules/@babel/runtime/helpers/asyncToGenerator.js:22:7
      at Object.<anonymous> (node_modules/@babel/runtime/helpers/asyncToGenerator.js:14:12)

  ● offlineQueueBootstrap › surfaces transcription retry failures

    TypeError: A dynamic import callback was invoked without --experimental-vm-modules

      74 |       error: 'pipeline failed',
      75 |     });
    > 76 |     const { registerOfflineQueueProcessors } = await import('./offlineQueueBootstrap');
         |     ^
      77 |     registerOfflineQueueProcessors();
      78 |
      79 |     const processors = Object.fromEntries(

      at Object.<anonymous> (src/services/offlineQueueBootstrap.unit.test.ts:76:5)
      at asyncGeneratorStep (node_modules/@babel/runtime/helpers/asyncToGenerator.js:3:17)
      at _next (node_modules/@babel/runtime/helpers/asyncToGenerator.js:17:9)
      at node_modules/@babel/runtime/helpers/asyncToGenerator.js:22:7
      at Object.<anonymous> (node_modules/@babel/runtime/helpers/asyncToGenerator.js:14:12)

FAIL src/services/deviceSyncService.unit.test.ts
  ● deviceSyncService › normalizes sync codes before connecting

    TypeError: A dynamic import callback was invoked without --experimental-vm-modules

      48 |     }));
      49 |
    > 50 |     const { connectToRoom, normalizeSyncCode } = await import('./deviceSyncService');
         |     ^
      51 |
      52 |     expect(normalizeSyncCode(' neet-2026 ')).toBe('NEET2026');
      53 |

      at Object.<anonymous> (src/services/deviceSyncService.unit.test.ts:50:5)
      at asyncGeneratorStep (node_modules/@babel/runtime/helpers/asyncToGenerator.js:3:17)
      at _next (node_modules/@babel/runtime/helpers/asyncToGenerator.js:17:9)
      at node_modules/@babel/runtime/helpers/asyncToGenerator.js:22:7
      at Object.<anonymous> (node_modules/@babel/runtime/helpers/asyncToGenerator.js:14:12)

  ● deviceSyncService › keeps one shared connection for multiple listeners

    TypeError: A dynamic import callback was invoked without --experimental-vm-modules

       98 |     }));
       99 |
    > 100 |     const { connectToRoom } = await import('./deviceSyncService');
          |     ^
      101 |     const listenerA = jest.fn();
      102 |     const listenerB = jest.fn();
      103 |

      at Object.<anonymous> (src/services/deviceSyncService.unit.test.ts:100:5)
      at asyncGeneratorStep (node_modules/@babel/runtime/helpers/asyncToGenerator.js:3:17)
      at _next (node_modules/@babel/runtime/helpers/asyncToGenerator.js:17:9)
      at node_modules/@babel/runtime/helpers/asyncToGenerator.js:22:7
      at Object.<anonymous> (node_modules/@babel/runtime/helpers/asyncToGenerator.js:14:12)

FAIL src/services/appBootstrap.unit.test.ts
  ● appBootstrap lazy bundle guard › treats Metro lazy bundle failures as skippable optional startup errors

    TypeError: A dynamic import callback was invoked without --experimental-vm-modules

      1 | describe('appBootstrap lazy bundle guard', () => {
      2 |   test('treats Metro lazy bundle failures as skippable optional startup errors', async () => {
    > 3 |     const { isSkippableOptionalStartupError } = await import('./appBootstrapErrors');
        |     ^
      4 |
      5 |     expect(
      6 |       isSkippableOptionalStartupError({

      at Object.<anonymous> (src/services/appBootstrap.unit.test.ts:3:5)
      at asyncGeneratorStep (node_modules/@babel/runtime/helpers/asyncToGenerator.js:3:17)
      at _next (node_modules/@babel/runtime/helpers/asyncToGenerator.js:17:9)
      at node_modules/@babel/runtime/helpers/asyncToGenerator.js:22:7
      at Object.<anonymous> (node_modules/@babel/runtime/helpers/asyncToGenerator.js:14:12)

  ● appBootstrap lazy bundle guard › does not swallow unrelated startup errors

    TypeError: A dynamic import callback was invoked without --experimental-vm-modules

      12 |
      13 |   test('does not swallow unrelated startup errors', async () => {
    > 14 |     const { isSkippableOptionalStartupError } = await import('./appBootstrapErrors');
         |     ^
      15 |
      16 |     expect(isSkippableOptionalStartupError(new Error('disk full'))).toBe(false);
      17 |   });

      at Object.<anonymous> (src/services/appBootstrap.unit.test.ts:14:5)
      at asyncGeneratorStep (node_modules/@babel/runtime/helpers/asyncToGenerator.js:3:17)
      at _next (node_modules/@babel/runtime/helpers/asyncToGenerator.js:17:9)
      at node_modules/@babel/runtime/helpers/asyncToGenerator.js:22:7
      at Object.<anonymous> (node_modules/@babel/runtime/helpers/asyncToGenerator.js:14:12)

FAIL src/services/aiService.compat.unit.test.ts
  ● ai service compat exports › exports the legacy runtime listener helper

    TypeError: A dynamic import callback was invoked without --experimental-vm-modules

       7 |     }));
       8 |
    >  9 |     const mod = await import('./aiService');
         |              ^
      10 |
      11 |     expect(typeof mod.addLlmStateListener).toBe('function');
      12 |   });

      at Object.<anonymous> (src/services/aiService.compat.unit.test.ts:9:14)
      at asyncGeneratorStep (node_modules/@babel/runtime/helpers/asyncToGenerator.js:3:17)
      at _next (node_modules/@babel/runtime/helpers/asyncToGenerator.js:17:9)
      at node_modules/@babel/runtime/helpers/asyncToGenerator.js:22:7
      at Object.<anonymous> (node_modules/@babel/runtime/helpers/asyncToGenerator.js:14:12)

PASS src/constants/syllabus.unit.test.ts
PASS src/services/ai/medicalSearch/index.unit.test.ts
  ● Console

    console.info
      [GROUNDING_TRACE] {
        event: 'search_start',
        query: 'hypertension management',
        maxResults: 6
      }

      at info (src/services/ai/runtimeDebug.ts:156:11)

    console.info
      [GROUNDING_TRACE] {
        event: 'provider_result',
        provider: 'Wikipedia',
        count: 0,
        query: 'hypertension management'
      }

      at info (src/services/ai/runtimeDebug.ts:156:11)

    console.info
      [GROUNDING_TRACE] {
        event: 'provider_result',
        provider: 'EuropePMC',
        count: 0,
        query: 'hypertension management'
      }

      at info (src/services/ai/runtimeDebug.ts:156:11)

    console.info
      [GROUNDING_TRACE] {
        event: 'provider_result',
        provider: 'PubMed',
        count: 0,
        query: 'hypertension management',
        fallback: true
      }

      at info (src/services/ai/runtimeDebug.ts:156:11)

    console.info
      [GROUNDING_TRACE] {
        event: 'provider_result',
        provider: 'DuckDuckGo',
        count: 2,
        query: 'hypertension management',
        titles: [ 'Hypertension', 'Hypertension' ],
        fallback: true
      }

      at info (src/services/ai/runtimeDebug.ts:156:11)

    console.info
      [GROUNDING_TRACE] {
        event: 'search_complete',
        query: 'hypertension management',
        totalCollected: 2,
        totalReturned: 2,
        providerBreakdown: { DuckDuckGo: 2 }
      }

      at info (src/services/ai/runtimeDebug.ts:156:11)

    console.info
      [GROUNDING_TRACE] {
        event: 'search_start',
        query: 'diabetic ketoacidosis management',
        maxResults: 6
      }

      at info (src/services/ai/runtimeDebug.ts:156:11)

    console.info
      [GROUNDING_TRACE] {
        event: 'provider_result',
        provider: 'Wikipedia',
        count: 1,
        query: 'diabetic ketoacidosis management'
      }

      at info (src/services/ai/runtimeDebug.ts:156:11)

    console.info
      [GROUNDING_TRACE] {
        event: 'provider_result',
        provider: 'EuropePMC',
        count: 1,
        query: 'diabetic ketoacidosis management'
      }

      at info (src/services/ai/runtimeDebug.ts:156:11)

    console.info
      [GROUNDING_TRACE] {
        event: 'provider_result',
        provider: 'PubMed',
        count: 1,
        query: 'diabetic ketoacidosis management',
        fallback: true
      }

      at info (src/services/ai/runtimeDebug.ts:156:11)

    console.info
      [GROUNDING_TRACE] {
        event: 'search_complete',
        query: 'diabetic ketoacidosis management',
        totalCollected: 3,
        totalReturned: 3,
        providerBreakdown: { PubMed: 1, EuropePMC: 1, Wikipedia: 1 }
      }

      at info (src/services/ai/runtimeDebug.ts:156:11)

    console.info
      [GROUNDING_TRACE] {
        event: 'search_start',
        query: 'myocardial infarction',
        maxResults: 6
      }

      at info (src/services/ai/runtimeDebug.ts:156:11)

    console.info
      [GROUNDING_TRACE] {
        event: 'provider_result',
        provider: 'Wikipedia',
        count: 1,
        query: 'myocardial infarction'
      }

      at info (src/services/ai/runtimeDebug.ts:156:11)

    console.info
      [GROUNDING_TRACE] {
        event: 'provider_result',
        provider: 'EuropePMC',
        count: 1,
        query: 'myocardial infarction'
      }

      at info (src/services/ai/runtimeDebug.ts:156:11)

    console.info
      [GROUNDING_TRACE] {
        event: 'provider_result',
        provider: 'PubMed',
        count: 0,
        query: 'myocardial infarction',
        fallback: true
      }

      at info (src/services/ai/runtimeDebug.ts:156:11)

    console.info
      [GROUNDING_TRACE] {
        event: 'provider_error',
        provider: 'DuckDuckGo',
        error: 'DuckDuckGo offline',
        query: 'myocardial infarction',
        fallback: true
      }

      at info (src/services/ai/runtimeDebug.ts:156:11)
          at Generator.throw (<anonymous>)

    console.warn
      [GuruGrounded] DuckDuckGo failed: DuckDuckGo offline

      402 |         fallback: true,
      403 |       });
    > 404 |       if (__DEV__) console.warn('[GuruGrounded] DuckDuckGo failed:', (err as Error).message);
          |                            ^
      405 |     }
      406 |   }
      407 |

      at warn (src/services/ai/medicalSearch/index.ts:404:28)
          at Generator.throw (<anonymous>)
      at asyncGeneratorStep (node_modules/@babel/runtime/helpers/asyncToGenerator.js:3:17)
      at _throw (node_modules/@babel/runtime/helpers/asyncToGenerator.js:20:9)

    console.info
      [GROUNDING_TRACE] {
        event: 'search_complete',
        query: 'myocardial infarction',
        totalCollected: 2,
        totalReturned: 2,
        providerBreakdown: { EuropePMC: 1, Wikipedia: 1 }
      }

      at info (src/services/ai/runtimeDebug.ts:156:11)
          at Generator.throw (<anonymous>)

PASS src/store/useSessionStore.unit.test.ts
  ● Console

    console.warn
      Failed to send immediate nag: TypeError: Cannot read properties of undefined (reading 'MAX')
          at MAX (/Users/vishnugnair/Guru-3/src/services/notificationService.ts:160:61)
          at Generator.next (<anonymous>)
          at asyncGeneratorStep (/Users/vishnugnair/Guru-3/node_modules/@babel/runtime/helpers/asyncToGenerator.js:3:17)
          at _next (/Users/vishnugnair/Guru-3/node_modules/@babel/runtime/helpers/asyncToGenerator.js:17:9)
          at /Users/vishnugnair/Guru-3/node_modules/@babel/runtime/helpers/asyncToGenerator.js:22:7
          at new Promise (<anonymous>)
          at /Users/vishnugnair/Guru-3/node_modules/@babel/runtime/helpers/asyncToGenerator.js:14:12
          at apply (/Users/vishnugnair/Guru-3/src/services/notificationService.ts:168:2)
          at apply (/Users/vishnugnair/Guru-3/src/services/notificationService.ts:152:39)
          at Object.tickBreak (/Users/vishnugnair/Guru-3/src/store/useSessionStore.ts:213:32)
          at Object.tickBreak (/Users/vishnugnair/Guru-3/src/store/useSessionStore.unit.test.ts:184:34)
          at Promise.finally.completed (/Users/vishnugnair/Guru-3/node_modules/jest-circus/build/jestAdapterInit.js:1557:28)
          at new Promise (<anonymous>)
          at callAsyncCircusFn (/Users/vishnugnair/Guru-3/node_modules/jest-circus/build/jestAdapterInit.js:1497:10)
          at _callCircusTest (/Users/vishnugnair/Guru-3/node_modules/jest-circus/build/jestAdapterInit.js:1007:40)
          at _runTest (/Users/vishnugnair/Guru-3/node_modules/jest-circus/build/jestAdapterInit.js:947:3)
          at /Users/vishnugnair/Guru-3/node_modules/jest-circus/build/jestAdapterInit.js:849:7
          at _runTestsForDescribeBlock (/Users/vishnugnair/Guru-3/node_modules/jest-circus/build/jestAdapterInit.js:862:11)
          at _runTestsForDescribeBlock (/Users/vishnugnair/Guru-3/node_modules/jest-circus/build/jestAdapterInit.js:857:11)
          at _runTestsForDescribeBlock (/Users/vishnugnair/Guru-3/node_modules/jest-circus/build/jestAdapterInit.js:857:11)
          at run (/Users/vishnugnair/Guru-3/node_modules/jest-circus/build/jestAdapterInit.js:761:3)
          at runAndTransformResultsToJestFormat (/Users/vishnugnair/Guru-3/node_modules/jest-circus/build/jestAdapterInit.js:1918:21)
          at jestAdapter (/Users/vishnugnair/Guru-3/node_modules/jest-circus/build/runner.js:101:19)

      163 |     });
      164 |   } catch (error) {
    > 165 |     if (__DEV__) console.warn('Failed to send immediate nag:', error);
          |                          ^
      166 |     showNotificationSchedulingFailedToast();
      167 |   }
      168 | }

      at warn (src/services/notificationService.ts:165:26)
      at asyncGeneratorStep (node_modules/@babel/runtime/helpers/asyncToGenerator.js:3:17)
      at _next (node_modules/@babel/runtime/helpers/asyncToGenerator.js:17:9)
      at node_modules/@babel/runtime/helpers/asyncToGenerator.js:22:7
      at node_modules/@babel/runtime/helpers/asyncToGenerator.js:14:12
      at apply (src/services/notificationService.ts:168:2)
      at apply (src/services/notificationService.ts:152:39)
      at Object.tickBreak (src/store/useSessionStore.ts:213:32)
      at Object.tickBreak (src/store/useSessionStore.unit.test.ts:184:34)

    console.warn
      [Toast] WARNING: Notification scheduling failed — check permissions

      80 |   } else {
      81 |     // Fallback if ToastContainer is not mounted yet
    > 82 |     if (__DEV__) console.warn(`[Toast] ${payload.type.toUpperCase()}: ${payload.message}`);
         |                          ^
      83 |   }
      84 | }
      85 |

      at warn (src/components/Toast.tsx:82:26)
      at showNotificationSchedulingFailedToast (src/services/notificationService.ts:24:12)
      at showNotificationSchedulingFailedToast (src/services/notificationService.ts:166:5)
      at asyncGeneratorStep (node_modules/@babel/runtime/helpers/asyncToGenerator.js:3:17)
      at _next (node_modules/@babel/runtime/helpers/asyncToGenerator.js:17:9)
      at node_modules/@babel/runtime/helpers/asyncToGenerator.js:22:7
      at node_modules/@babel/runtime/helpers/asyncToGenerator.js:14:12
      at apply (src/services/notificationService.ts:168:2)
      at apply (src/services/notificationService.ts:152:39)
      at Object.tickBreak (src/store/useSessionStore.ts:213:32)
      at Object.tickBreak (src/store/useSessionStore.unit.test.ts:184:34)

PASS src/hooks/useLectureTranscription.unit.test.ts
  ● Console

    console.error
      react-test-renderer is deprecated. See https://react.dev/warnings/react-test-renderer

      105 |
      106 |   it('should initialize with default state', async () => {
    > 107 |     const { result } = renderHook(() => useLectureTranscription());
          |                                  ^
      108 |
      109 |     expect(result.current.modelState).toEqual({
      110 |       isDownloaded: false,

      at Object.process.env.NODE_ENV.exports.create (node_modules/react-test-renderer/cjs/react-test-renderer.development.js:14598:17)
      at create (node_modules/@testing-library/react-native/src/render-act.ts:15:29)
      at callback (node_modules/@testing-library/react-native/src/act.ts:31:24)
      at process.env.NODE_ENV.exports.act (node_modules/react/cjs/react.development.js:789:22)
      at actImplementation (node_modules/@testing-library/react-native/src/act.ts:30:25)
      at renderWithAct (node_modules/@testing-library/react-native/src/render-act.ts:13:11)
      at renderInternal (node_modules/@testing-library/react-native/src/render.tsx:69:33)
      at renderInternal (node_modules/@testing-library/react-native/src/render.tsx:44:10)
      at renderHook (node_modules/@testing-library/react-native/src/render-hook.tsx:55:58)
      at Object.<anonymous> (src/hooks/useLectureTranscription.unit.test.ts:107:34)
      at asyncGeneratorStep (node_modules/@babel/runtime/helpers/asyncToGenerator.js:3:17)
      at _next (node_modules/@babel/runtime/helpers/asyncToGenerator.js:17:9)
      at node_modules/@babel/runtime/helpers/asyncToGenerator.js:22:7
      at Object.<anonymous> (node_modules/@babel/runtime/helpers/asyncToGenerator.js:14:12)

    console.error
      react-test-renderer is deprecated. See https://react.dev/warnings/react-test-renderer

      126 |   describe('Model Management', () => {
      127 |     it('should download model successfully', async () => {
    > 128 |       const { result } = renderHook(() => useLectureTranscription());
          |                                    ^
      129 |
      130 |       await waitFor(() => expect(mockModelManager.getState).toHaveBeenCalled());
      131 |

      at Object.process.env.NODE_ENV.exports.create (node_modules/react-test-renderer/cjs/react-test-renderer.development.js:14598:17)
      at create (node_modules/@testing-library/react-native/src/render-act.ts:15:29)
      at callback (node_modules/@testing-library/react-native/src/act.ts:31:24)
      at process.env.NODE_ENV.exports.act (node_modules/react/cjs/react.development.js:789:22)
      at actImplementation (node_modules/@testing-library/react-native/src/act.ts:30:25)
      at renderWithAct (node_modules/@testing-library/react-native/src/render-act.ts:13:11)
      at renderInternal (node_modules/@testing-library/react-native/src/render.tsx:69:33)
      at renderInternal (node_modules/@testing-library/react-native/src/render.tsx:44:10)
      at renderHook (node_modules/@testing-library/react-native/src/render-hook.tsx:55:58)
      at Object.<anonymous> (src/hooks/useLectureTranscription.unit.test.ts:128:36)
      at asyncGeneratorStep (node_modules/@babel/runtime/helpers/asyncToGenerator.js:3:17)
      at _next (node_modules/@babel/runtime/helpers/asyncToGenerator.js:17:9)
      at node_modules/@babel/runtime/helpers/asyncToGenerator.js:22:7
      at Object.<anonymous> (node_modules/@babel/runtime/helpers/asyncToGenerator.js:14:12)

    console.error
      react-test-renderer is deprecated. See https://react.dev/warnings/react-test-renderer

      151 |
      152 |     it('should handle download error', async () => {
    > 153 |       const { result } = renderHook(() => useLectureTranscription());
          |                                    ^
      154 |       await waitFor(() => expect(mockModelManager.getState).toHaveBeenCalled());
      155 |
      156 |       const error = new Error('Download failed');

      at Object.process.env.NODE_ENV.exports.create (node_modules/react-test-renderer/cjs/react-test-renderer.development.js:14598:17)
      at create (node_modules/@testing-library/react-native/src/render-act.ts:15:29)
      at callback (node_modules/@testing-library/react-native/src/act.ts:31:24)
      at process.env.NODE_ENV.exports.act (node_modules/react/cjs/react.development.js:789:22)
      at actImplementation (node_modules/@testing-library/react-native/src/act.ts:30:25)
      at renderWithAct (node_modules/@testing-library/react-native/src/render-act.ts:13:11)
      at renderInternal (node_modules/@testing-library/react-native/src/render.tsx:69:33)
      at renderInternal (node_modules/@testing-library/react-native/src/render.tsx:44:10)
      at renderHook (node_modules/@testing-library/react-native/src/render-hook.tsx:55:58)
      at Object.<anonymous> (src/hooks/useLectureTranscription.unit.test.ts:153:36)
      at asyncGeneratorStep (node_modules/@babel/runtime/helpers/asyncToGenerator.js:3:17)
      at _next (node_modules/@babel/runtime/helpers/asyncToGenerator.js:17:9)
      at node_modules/@babel/runtime/helpers/asyncToGenerator.js:22:7
      at Object.<anonymous> (node_modules/@babel/runtime/helpers/asyncToGenerator.js:14:12)

    console.error
      react-test-renderer is deprecated. See https://react.dev/warnings/react-test-renderer

      167 |
      168 |     it('should cancel download', async () => {
    > 169 |       const { result } = renderHook(() => useLectureTranscription());
          |                                    ^
      170 |
      171 |       act(() => {
      172 |         result.current.cancelDownload();

      at Object.process.env.NODE_ENV.exports.create (node_modules/react-test-renderer/cjs/react-test-renderer.development.js:14598:17)
      at create (node_modules/@testing-library/react-native/src/render-act.ts:15:29)
      at callback (node_modules/@testing-library/react-native/src/act.ts:31:24)
      at process.env.NODE_ENV.exports.act (node_modules/react/cjs/react.development.js:789:22)
      at actImplementation (node_modules/@testing-library/react-native/src/act.ts:30:25)
      at renderWithAct (node_modules/@testing-library/react-native/src/render-act.ts:13:11)
      at renderInternal (node_modules/@testing-library/react-native/src/render.tsx:69:33)
      at renderInternal (node_modules/@testing-library/react-native/src/render.tsx:44:10)
      at renderHook (node_modules/@testing-library/react-native/src/render-hook.tsx:55:58)
      at Object.<anonymous> (src/hooks/useLectureTranscription.unit.test.ts:169:36)
      at asyncGeneratorStep (node_modules/@babel/runtime/helpers/asyncToGenerator.js:3:17)
      at _next (node_modules/@babel/runtime/helpers/asyncToGenerator.js:17:9)
      at node_modules/@babel/runtime/helpers/asyncToGenerator.js:22:7
      at Object.<anonymous> (node_modules/@babel/runtime/helpers/asyncToGenerator.js:14:12)

    console.error
      An update to HookContainer inside a test was not wrapped in act(...).
      
      When testing, code that causes React state updates should be wrapped into act(...):
      
      act(() => {
        /* fire events that update state */
      });
      /* assert on the output */
      
      This ensures that you're testing the behavior the user would see in the browser. Learn more at https://react.dev/link/wrap-tests-with-act

      100 |   const refreshModelState = useCallback(async () => {
      101 |     const state = await modelManagerRef.current.getState();
    > 102 |     setModelState(state);
          |     ^
      103 |   }, []);
      104 |
      105 |   // Initialize model state on mount

      at node_modules/react-test-renderer/cjs/react-test-renderer.development.js:11801:19
      at runWithFiberInDEV (node_modules/react-test-renderer/cjs/react-test-renderer.development.js:1574:13)
      at warnIfUpdatesNotWrappedWithActDEV (node_modules/react-test-renderer/cjs/react-test-renderer.development.js:11800:9)
      at scheduleUpdateOnFiber (node_modules/react-test-renderer/cjs/react-test-renderer.development.js:10326:9)
      at dispatchSetStateInternal (node_modules/react-test-renderer/cjs/react-test-renderer.development.js:4148:13)
      at dispatchSetState (node_modules/react-test-renderer/cjs/react-test-renderer.development.js:4107:7)
      at setModelState (src/hooks/useLectureTranscription.ts:102:5)
      at asyncGeneratorStep (node_modules/@babel/runtime/helpers/asyncToGenerator.js:3:17)
      at _next (node_modules/@babel/runtime/helpers/asyncToGenerator.js:17:9)

    console.error
      react-test-renderer is deprecated. See https://react.dev/warnings/react-test-renderer

      178 |
      179 |     it('should delete model', async () => {
    > 180 |       const { result } = renderHook(() => useLectureTranscription());
          |                                    ^
      181 |       await waitFor(() => expect(mockModelManager.getState).toHaveBeenCalled());
      182 |
      183 |       await act(async () => {

      at Object.process.env.NODE_ENV.exports.create (node_modules/react-test-renderer/cjs/react-test-renderer.development.js:14598:17)
      at create (node_modules/@testing-library/react-native/src/render-act.ts:15:29)
      at callback (node_modules/@testing-library/react-native/src/act.ts:31:24)
      at process.env.NODE_ENV.exports.act (node_modules/react/cjs/react.development.js:789:22)
      at actImplementation (node_modules/@testing-library/react-native/src/act.ts:30:25)
      at renderWithAct (node_modules/@testing-library/react-native/src/render-act.ts:13:11)
      at renderInternal (node_modules/@testing-library/react-native/src/render.tsx:69:33)
      at renderInternal (node_modules/@testing-library/react-native/src/render.tsx:44:10)
      at renderHook (node_modules/@testing-library/react-native/src/render-hook.tsx:55:58)
      at Object.<anonymous> (src/hooks/useLectureTranscription.unit.test.ts:180:36)
      at asyncGeneratorStep (node_modules/@babel/runtime/helpers/asyncToGenerator.js:3:17)
      at _next (node_modules/@babel/runtime/helpers/asyncToGenerator.js:17:9)
      at node_modules/@babel/runtime/helpers/asyncToGenerator.js:22:7
      at Object.<anonymous> (node_modules/@babel/runtime/helpers/asyncToGenerator.js:14:12)

    console.error
      react-test-renderer is deprecated. See https://react.dev/warnings/react-test-renderer

      190 |
      191 |     it('should load model successfully', async () => {
    > 192 |       const { result } = renderHook(() => useLectureTranscription());
          |                                    ^
      193 |       await waitFor(() => expect(mockModelManager.getState).toHaveBeenCalled());
      194 |
      195 |       mockModelManager.getState.mockResolvedValue({

      at Object.process.env.NODE_ENV.exports.create (node_modules/react-test-renderer/cjs/react-test-renderer.development.js:14598:17)
      at create (node_modules/@testing-library/react-native/src/render-act.ts:15:29)
      at callback (node_modules/@testing-library/react-native/src/act.ts:31:24)
      at process.env.NODE_ENV.exports.act (node_modules/react/cjs/react.development.js:789:22)
      at actImplementation (node_modules/@testing-library/react-native/src/act.ts:30:25)
      at renderWithAct (node_modules/@testing-library/react-native/src/render-act.ts:13:11)
      at renderInternal (node_modules/@testing-library/react-native/src/render.tsx:69:33)
      at renderInternal (node_modules/@testing-library/react-native/src/render.tsx:44:10)
      at renderHook (node_modules/@testing-library/react-native/src/render-hook.tsx:55:58)
      at Object.<anonymous> (src/hooks/useLectureTranscription.unit.test.ts:192:36)
      at asyncGeneratorStep (node_modules/@babel/runtime/helpers/asyncToGenerator.js:3:17)
      at _next (node_modules/@babel/runtime/helpers/asyncToGenerator.js:17:9)
      at node_modules/@babel/runtime/helpers/asyncToGenerator.js:22:7
      at Object.<anonymous> (node_modules/@babel/runtime/helpers/asyncToGenerator.js:14:12)

    console.error
      react-test-renderer is deprecated. See https://react.dev/warnings/react-test-renderer

      208 |
      209 |     it('should handle load model error', async () => {
    > 210 |       const { result } = renderHook(() => useLectureTranscription());
          |                                    ^
      211 |       await waitFor(() => expect(mockModelManager.getState).toHaveBeenCalled());
      212 |
      213 |       mockModelManager.loadModel.mockRejectedValue(new Error('Load failed'));

      at Object.process.env.NODE_ENV.exports.create (node_modules/react-test-renderer/cjs/react-test-renderer.development.js:14598:17)
      at create (node_modules/@testing-library/react-native/src/render-act.ts:15:29)
      at callback (node_modules/@testing-library/react-native/src/act.ts:31:24)
      at process.env.NODE_ENV.exports.act (node_modules/react/cjs/react.development.js:789:22)
      at actImplementation (node_modules/@testing-library/react-native/src/act.ts:30:25)
      at renderWithAct (node_modules/@testing-library/react-native/src/render-act.ts:13:11)
      at renderInternal (node_modules/@testing-library/react-native/src/render.tsx:69:33)
      at renderInternal (node_modules/@testing-library/react-native/src/render.tsx:44:10)
      at renderHook (node_modules/@testing-library/react-native/src/render-hook.tsx:55:58)
      at Object.<anonymous> (src/hooks/useLectureTranscription.unit.test.ts:210:36)
      at asyncGeneratorStep (node_modules/@babel/runtime/helpers/asyncToGenerator.js:3:17)
      at _next (node_modules/@babel/runtime/helpers/asyncToGenerator.js:17:9)
      at node_modules/@babel/runtime/helpers/asyncToGenerator.js:22:7
      at Object.<anonymous> (node_modules/@babel/runtime/helpers/asyncToGenerator.js:14:12)

    console.error
      react-test-renderer is deprecated. See https://react.dev/warnings/react-test-renderer

      222 |
      223 |     it('should unload model', async () => {
    > 224 |       const { result } = renderHook(() => useLectureTranscription());
          |                                    ^
      225 |       await waitFor(() => expect(mockModelManager.getState).toHaveBeenCalled());
      226 |
      227 |       await act(async () => {

      at Object.process.env.NODE_ENV.exports.create (node_modules/react-test-renderer/cjs/react-test-renderer.development.js:14598:17)
      at create (node_modules/@testing-library/react-native/src/render-act.ts:15:29)
      at callback (node_modules/@testing-library/react-native/src/act.ts:31:24)
      at process.env.NODE_ENV.exports.act (node_modules/react/cjs/react.development.js:789:22)
      at actImplementation (node_modules/@testing-library/react-native/src/act.ts:30:25)
      at renderWithAct (node_modules/@testing-library/react-native/src/render-act.ts:13:11)
      at renderInternal (node_modules/@testing-library/react-native/src/render.tsx:69:33)
      at renderInternal (node_modules/@testing-library/react-native/src/render.tsx:44:10)
      at renderHook (node_modules/@testing-library/react-native/src/render-hook.tsx:55:58)
      at Object.<anonymous> (src/hooks/useLectureTranscription.unit.test.ts:224:36)
      at asyncGeneratorStep (node_modules/@babel/runtime/helpers/asyncToGenerator.js:3:17)
      at _next (node_modules/@babel/runtime/helpers/asyncToGenerator.js:17:9)
      at node_modules/@babel/runtime/helpers/asyncToGenerator.js:22:7
      at Object.<anonymous> (node_modules/@babel/runtime/helpers/asyncToGenerator.js:14:12)

    console.error
      react-test-renderer is deprecated. See https://react.dev/warnings/react-test-renderer

      235 |   describe('Real-time Mode', () => {
      236 |     it('should start real-time session', async () => {
    > 237 |       const { result } = renderHook(() => useLectureTranscription());
          |                                    ^
      238 |       await waitFor(() => expect(mockModelManager.getState).toHaveBeenCalled());
      239 |
      240 |       mockModelManager.getActiveModelSize.mockReturnValue('tiny');

      at Object.process.env.NODE_ENV.exports.create (node_modules/react-test-renderer/cjs/react-test-renderer.development.js:14598:17)
      at create (node_modules/@testing-library/react-native/src/render-act.ts:15:29)
      at callback (node_modules/@testing-library/react-native/src/act.ts:31:24)
      at process.env.NODE_ENV.exports.act (node_modules/react/cjs/react.development.js:789:22)
      at actImplementation (node_modules/@testing-library/react-native/src/act.ts:30:25)
      at renderWithAct (node_modules/@testing-library/react-native/src/render-act.ts:13:11)
      at renderInternal (node_modules/@testing-library/react-native/src/render.tsx:69:33)
      at renderInternal (node_modules/@testing-library/react-native/src/render.tsx:44:10)
      at renderHook (node_modules/@testing-library/react-native/src/render-hook.tsx:55:58)
      at Object.<anonymous> (src/hooks/useLectureTranscription.unit.test.ts:237:36)
      at asyncGeneratorStep (node_modules/@babel/runtime/helpers/asyncToGenerator.js:3:17)
      at _next (node_modules/@babel/runtime/helpers/asyncToGenerator.js:17:9)
      at node_modules/@babel/runtime/helpers/asyncToGenerator.js:22:7
      at Object.<anonymous> (node_modules/@babel/runtime/helpers/asyncToGenerator.js:14:12)

    console.error
      react-test-renderer is deprecated. See https://react.dev/warnings/react-test-renderer

      252 |
      253 |     it('should load model if not loaded when starting session', async () => {
    > 254 |       const { result } = renderHook(() => useLectureTranscription());
          |                                    ^
      255 |       await waitFor(() => expect(mockModelManager.getState).toHaveBeenCalled());
      256 |
      257 |       mockModelManager.getActiveModelSize.mockReturnValue(null);

      at Object.process.env.NODE_ENV.exports.create (node_modules/react-test-renderer/cjs/react-test-renderer.development.js:14598:17)
      at create (node_modules/@testing-library/react-native/src/render-act.ts:15:29)
      at callback (node_modules/@testing-library/react-native/src/act.ts:31:24)
      at process.env.NODE_ENV.exports.act (node_modules/react/cjs/react.development.js:789:22)
      at actImplementation (node_modules/@testing-library/react-native/src/act.ts:30:25)
      at renderWithAct (node_modules/@testing-library/react-native/src/render-act.ts:13:11)
      at renderInternal (node_modules/@testing-library/react-native/src/render.tsx:69:33)
      at renderInternal (node_modules/@testing-library/react-native/src/render.tsx:44:10)
      at renderHook (node_modules/@testing-library/react-native/src/render-hook.tsx:55:58)
      at Object.<anonymous> (src/hooks/useLectureTranscription.unit.test.ts:254:36)
      at asyncGeneratorStep (node_modules/@babel/runtime/helpers/asyncToGenerator.js:3:17)
      at _next (node_modules/@babel/runtime/helpers/asyncToGenerator.js:17:9)
      at node_modules/@babel/runtime/helpers/asyncToGenerator.js:22:7
      at Object.<anonymous> (node_modules/@babel/runtime/helpers/asyncToGenerator.js:14:12)

    console.error
      react-test-renderer is deprecated. See https://react.dev/warnings/react-test-renderer

      265 |
      266 |     it('should handle start session error', async () => {
    > 267 |       const { result } = renderHook(() => useLectureTranscription());
          |                                    ^
      268 |       await waitFor(() => expect(mockModelManager.getState).toHaveBeenCalled());
      269 |
      270 |       mockAudioRecorder.startRecording.mockRejectedValue(new Error('Mic failed'));

      at Object.process.env.NODE_ENV.exports.create (node_modules/react-test-renderer/cjs/react-test-renderer.development.js:14598:17)
      at create (node_modules/@testing-library/react-native/src/render-act.ts:15:29)
      at callback (node_modules/@testing-library/react-native/src/act.ts:31:24)
      at process.env.NODE_ENV.exports.act (node_modules/react/cjs/react.development.js:789:22)
      at actImplementation (node_modules/@testing-library/react-native/src/act.ts:30:25)
      at renderWithAct (node_modules/@testing-library/react-native/src/render-act.ts:13:11)
      at renderInternal (node_modules/@testing-library/react-native/src/render.tsx:69:33)
      at renderInternal (node_modules/@testing-library/react-native/src/render.tsx:44:10)
      at renderHook (node_modules/@testing-library/react-native/src/render-hook.tsx:55:58)
      at Object.<anonymous> (src/hooks/useLectureTranscription.unit.test.ts:267:36)
      at asyncGeneratorStep (node_modules/@babel/runtime/helpers/asyncToGenerator.js:3:17)
      at _next (node_modules/@babel/runtime/helpers/asyncToGenerator.js:17:9)
      at node_modules/@babel/runtime/helpers/asyncToGenerator.js:22:7
      at Object.<anonymous> (node_modules/@babel/runtime/helpers/asyncToGenerator.js:14:12)

    console.error
      react-test-renderer is deprecated. See https://react.dev/warnings/react-test-renderer

      280 |
      281 |     it('should stop real-time session and return transcript', async () => {
    > 282 |       const { result } = renderHook(() => useLectureTranscription());
          |                                    ^
      283 |       await waitFor(() => expect(mockModelManager.getState).toHaveBeenCalled());
      284 |
      285 |       // Start session first to set refs

      at Object.process.env.NODE_ENV.exports.create (node_modules/react-test-renderer/cjs/react-test-renderer.development.js:14598:17)
      at create (node_modules/@testing-library/react-native/src/render-act.ts:15:29)
      at callback (node_modules/@testing-library/react-native/src/act.ts:31:24)
      at process.env.NODE_ENV.exports.act (node_modules/react/cjs/react.development.js:789:22)
      at actImplementation (node_modules/@testing-library/react-native/src/act.ts:30:25)
      at renderWithAct (node_modules/@testing-library/react-native/src/render-act.ts:13:11)
      at renderInternal (node_modules/@testing-library/react-native/src/render.tsx:69:33)
      at renderInternal (node_modules/@testing-library/react-native/src/render.tsx:44:10)
      at renderHook (node_modules/@testing-library/react-native/src/render-hook.tsx:55:58)
      at Object.<anonymous> (src/hooks/useLectureTranscription.unit.test.ts:282:36)
      at asyncGeneratorStep (node_modules/@babel/runtime/helpers/asyncToGenerator.js:3:17)
      at _next (node_modules/@babel/runtime/helpers/asyncToGenerator.js:17:9)
      at node_modules/@babel/runtime/helpers/asyncToGenerator.js:22:7
      at Object.<anonymous> (node_modules/@babel/runtime/helpers/asyncToGenerator.js:14:12)

    console.error
      react-test-renderer is deprecated. See https://react.dev/warnings/react-test-renderer

      308 |   describe('Batch Mode', () => {
      309 |     it('should transcribe file successfully', async () => {
    > 310 |       const { result } = renderHook(() => useLectureTranscription());
          |                                    ^
      311 |       await waitFor(() => expect(mockModelManager.getState).toHaveBeenCalled());
      312 |
      313 |       mockModelManager.getActiveModelSize.mockReturnValue('tiny');

      at Object.process.env.NODE_ENV.exports.create (node_modules/react-test-renderer/cjs/react-test-renderer.development.js:14598:17)
      at create (node_modules/@testing-library/react-native/src/render-act.ts:15:29)
      at callback (node_modules/@testing-library/react-native/src/act.ts:31:24)
      at process.env.NODE_ENV.exports.act (node_modules/react/cjs/react.development.js:789:22)
      at actImplementation (node_modules/@testing-library/react-native/src/act.ts:30:25)
      at renderWithAct (node_modules/@testing-library/react-native/src/render-act.ts:13:11)
      at renderInternal (node_modules/@testing-library/react-native/src/render.tsx:69:33)
      at renderInternal (node_modules/@testing-library/react-native/src/render.tsx:44:10)
      at renderHook (node_modules/@testing-library/react-native/src/render-hook.tsx:55:58)
      at Object.<anonymous> (src/hooks/useLectureTranscription.unit.test.ts:310:36)
      at asyncGeneratorStep (node_modules/@babel/runtime/helpers/asyncToGenerator.js:3:17)
      at _next (node_modules/@babel/runtime/helpers/asyncToGenerator.js:17:9)
      at node_modules/@babel/runtime/helpers/asyncToGenerator.js:22:7
      at Object.<anonymous> (node_modules/@babel/runtime/helpers/asyncToGenerator.js:14:12)

    console.error
      react-test-renderer is deprecated. See https://react.dev/warnings/react-test-renderer

      331 |
      332 |     it('should handle batch transcription error', async () => {
    > 333 |       const { result } = renderHook(() => useLectureTranscription());
          |                                    ^
      334 |       await waitFor(() => expect(mockModelManager.getState).toHaveBeenCalled());
      335 |
      336 |       mockModelManager.getActiveModelSize.mockReturnValue('tiny');

      at Object.process.env.NODE_ENV.exports.create (node_modules/react-test-renderer/cjs/react-test-renderer.development.js:14598:17)
      at create (node_modules/@testing-library/react-native/src/render-act.ts:15:29)
      at callback (node_modules/@testing-library/react-native/src/act.ts:31:24)
      at process.env.NODE_ENV.exports.act (node_modules/react/cjs/react.development.js:789:22)
      at actImplementation (node_modules/@testing-library/react-native/src/act.ts:30:25)
      at renderWithAct (node_modules/@testing-library/react-native/src/render-act.ts:13:11)
      at renderInternal (node_modules/@testing-library/react-native/src/render.tsx:69:33)
      at renderInternal (node_modules/@testing-library/react-native/src/render.tsx:44:10)
      at renderHook (node_modules/@testing-library/react-native/src/render-hook.tsx:55:58)
      at Object.<anonymous> (src/hooks/useLectureTranscription.unit.test.ts:333:36)
      at asyncGeneratorStep (node_modules/@babel/runtime/helpers/asyncToGenerator.js:3:17)
      at _next (node_modules/@babel/runtime/helpers/asyncToGenerator.js:17:9)
      at node_modules/@babel/runtime/helpers/asyncToGenerator.js:22:7
      at Object.<anonymous> (node_modules/@babel/runtime/helpers/asyncToGenerator.js:14:12)

    console.error
      react-test-renderer is deprecated. See https://react.dev/warnings/react-test-renderer

      346 |
      347 |     it('should cancel batch transcription', async () => {
    > 348 |       const { result } = renderHook(() => useLectureTranscription());
          |                                    ^
      349 |       await waitFor(() => expect(mockModelManager.getState).toHaveBeenCalled());
      350 |
      351 |       mockModelManager.getActiveModelSize.mockReturnValue('tiny');

      at Object.process.env.NODE_ENV.exports.create (node_modules/react-test-renderer/cjs/react-test-renderer.development.js:14598:17)
      at create (node_modules/@testing-library/react-native/src/render-act.ts:15:29)
      at callback (node_modules/@testing-library/react-native/src/act.ts:31:24)
      at process.env.NODE_ENV.exports.act (node_modules/react/cjs/react.development.js:789:22)
      at actImplementation (node_modules/@testing-library/react-native/src/act.ts:30:25)
      at renderWithAct (node_modules/@testing-library/react-native/src/render-act.ts:13:11)
      at renderInternal (node_modules/@testing-library/react-native/src/render.tsx:69:33)
      at renderInternal (node_modules/@testing-library/react-native/src/render.tsx:44:10)
      at renderHook (node_modules/@testing-library/react-native/src/render-hook.tsx:55:58)
      at Object.<anonymous> (src/hooks/useLectureTranscription.unit.test.ts:348:36)
      at asyncGeneratorStep (node_modules/@babel/runtime/helpers/asyncToGenerator.js:3:17)
      at _next (node_modules/@babel/runtime/helpers/asyncToGenerator.js:17:9)
      at node_modules/@babel/runtime/helpers/asyncToGenerator.js:22:7
      at Object.<anonymous> (node_modules/@babel/runtime/helpers/asyncToGenerator.js:14:12)

    console.error
      An update to HookContainer inside a test was not wrapped in act(...).
      
      When testing, code that causes React state updates should be wrapped into act(...):
      
      act(() => {
        /* fire events that update state */
      });
      /* assert on the output */
      
      This ensures that you're testing the behavior the user would see in the browser. Learn more at https://react.dev/link/wrap-tests-with-act

      328 |
      329 |         // Merge
    > 330 |         setTranscriptionState('merging');
          |         ^
      331 |
      332 |         // Estimate audio duration from segments
      333 |         const lastSegment = segments[segments.length - 1];

      at node_modules/react-test-renderer/cjs/react-test-renderer.development.js:11801:19
      at runWithFiberInDEV (node_modules/react-test-renderer/cjs/react-test-renderer.development.js:1574:13)
      at warnIfUpdatesNotWrappedWithActDEV (node_modules/react-test-renderer/cjs/react-test-renderer.development.js:11800:9)
      at scheduleUpdateOnFiber (node_modules/react-test-renderer/cjs/react-test-renderer.development.js:10326:9)
      at dispatchSetStateInternal (node_modules/react-test-renderer/cjs/react-test-renderer.development.js:4148:13)
      at dispatchSetState (node_modules/react-test-renderer/cjs/react-test-renderer.development.js:4107:7)
      at Object.setTranscriptionState (src/hooks/useLectureTranscription.ts:330:9)
      at asyncGeneratorStep (node_modules/@babel/runtime/helpers/asyncToGenerator.js:3:17)
      at _next (node_modules/@babel/runtime/helpers/asyncToGenerator.js:17:9)

    console.error
      An update to HookContainer inside a test was not wrapped in act(...).
      
      When testing, code that causes React state updates should be wrapped into act(...):
      
      act(() => {
        /* fire events that update state */
      });
      /* assert on the output */
      
      This ensures that you're testing the behavior the user would see in the browser. Learn more at https://react.dev/link/wrap-tests-with-act

      349 |         );
      350 |
    > 351 |         setTranscript(result);
          |         ^
      352 |         setTranscriptionState('completed');
      353 |         setProgress((prev) => ({
      354 |           ...prev,

      at node_modules/react-test-renderer/cjs/react-test-renderer.development.js:11801:19
      at runWithFiberInDEV (node_modules/react-test-renderer/cjs/react-test-renderer.development.js:1574:13)
      at warnIfUpdatesNotWrappedWithActDEV (node_modules/react-test-renderer/cjs/react-test-renderer.development.js:11800:9)
      at scheduleUpdateOnFiber (node_modules/react-test-renderer/cjs/react-test-renderer.development.js:10326:9)
      at dispatchSetStateInternal (node_modules/react-test-renderer/cjs/react-test-renderer.development.js:4148:13)
      at dispatchSetState (node_modules/react-test-renderer/cjs/react-test-renderer.development.js:4107:7)
      at Object.setTranscript (src/hooks/useLectureTranscription.ts:351:9)
      at asyncGeneratorStep (node_modules/@babel/runtime/helpers/asyncToGenerator.js:3:17)
      at _next (node_modules/@babel/runtime/helpers/asyncToGenerator.js:17:9)

    console.error
      An update to HookContainer inside a test was not wrapped in act(...).
      
      When testing, code that causes React state updates should be wrapped into act(...):
      
      act(() => {
        /* fire events that update state */
      });
      /* assert on the output */
      
      This ensures that you're testing the behavior the user would see in the browser. Learn more at https://react.dev/link/wrap-tests-with-act

      350 |
      351 |         setTranscript(result);
    > 352 |         setTranscriptionState('completed');
          |         ^
      353 |         setProgress((prev) => ({
      354 |           ...prev,
      355 |           state: 'completed',

      at node_modules/react-test-renderer/cjs/react-test-renderer.development.js:11801:19
      at runWithFiberInDEV (node_modules/react-test-renderer/cjs/react-test-renderer.development.js:1574:13)
      at warnIfUpdatesNotWrappedWithActDEV (node_modules/react-test-renderer/cjs/react-test-renderer.development.js:11800:9)
      at scheduleUpdateOnFiber (node_modules/react-test-renderer/cjs/react-test-renderer.development.js:10326:9)
      at dispatchSetStateInternal (node_modules/react-test-renderer/cjs/react-test-renderer.development.js:4148:13)
      at dispatchSetState (node_modules/react-test-renderer/cjs/react-test-renderer.development.js:4107:7)
      at Object.setTranscriptionState (src/hooks/useLectureTranscription.ts:352:9)
      at asyncGeneratorStep (node_modules/@babel/runtime/helpers/asyncToGenerator.js:3:17)
      at _next (node_modules/@babel/runtime/helpers/asyncToGenerator.js:17:9)

    console.error
      An update to HookContainer inside a test was not wrapped in act(...).
      
      When testing, code that causes React state updates should be wrapped into act(...):
      
      act(() => {
        /* fire events that update state */
      });
      /* assert on the output */
      
      This ensures that you're testing the behavior the user would see in the browser. Learn more at https://react.dev/link/wrap-tests-with-act

      351 |         setTranscript(result);
      352 |         setTranscriptionState('completed');
    > 353 |         setProgress((prev) => ({
          |         ^
      354 |           ...prev,
      355 |           state: 'completed',
      356 |           percentage: 100,

      at node_modules/react-test-renderer/cjs/react-test-renderer.development.js:11801:19
      at runWithFiberInDEV (node_modules/react-test-renderer/cjs/react-test-renderer.development.js:1574:13)
      at warnIfUpdatesNotWrappedWithActDEV (node_modules/react-test-renderer/cjs/react-test-renderer.development.js:11800:9)
      at scheduleUpdateOnFiber (node_modules/react-test-renderer/cjs/react-test-renderer.development.js:10326:9)
      at dispatchSetStateInternal (node_modules/react-test-renderer/cjs/react-test-renderer.development.js:4148:13)
      at dispatchSetState (node_modules/react-test-renderer/cjs/react-test-renderer.development.js:4107:7)
      at Object.setProgress (src/hooks/useLectureTranscription.ts:353:9)
      at asyncGeneratorStep (node_modules/@babel/runtime/helpers/asyncToGenerator.js:3:17)
      at _next (node_modules/@babel/runtime/helpers/asyncToGenerator.js:17:9)

    console.error
      react-test-renderer is deprecated. See https://react.dev/warnings/react-test-renderer

      383 |   describe('Shared Controls', () => {
      384 |     it('should pause transcription', async () => {
    > 385 |       const { result } = renderHook(() => useLectureTranscription());
          |                                    ^
      386 |       await waitFor(() => expect(mockModelManager.getState).toHaveBeenCalled());
      387 |
      388 |       mockModelManager.getActiveModelSize.mockReturnValue('tiny');

      at Object.process.env.NODE_ENV.exports.create (node_modules/react-test-renderer/cjs/react-test-renderer.development.js:14598:17)
      at create (node_modules/@testing-library/react-native/src/render-act.ts:15:29)
      at callback (node_modules/@testing-library/react-native/src/act.ts:31:24)
      at process.env.NODE_ENV.exports.act (node_modules/react/cjs/react.development.js:789:22)
      at actImplementation (node_modules/@testing-library/react-native/src/act.ts:30:25)
      at renderWithAct (node_modules/@testing-library/react-native/src/render-act.ts:13:11)
      at renderInternal (node_modules/@testing-library/react-native/src/render.tsx:69:33)
      at renderInternal (node_modules/@testing-library/react-native/src/render.tsx:44:10)
      at renderHook (node_modules/@testing-library/react-native/src/render-hook.tsx:55:58)
      at Object.<anonymous> (src/hooks/useLectureTranscription.unit.test.ts:385:36)
      at asyncGeneratorStep (node_modules/@babel/runtime/helpers/asyncToGenerator.js:3:17)
      at _next (node_modules/@babel/runtime/helpers/asyncToGenerator.js:17:9)
      at node_modules/@babel/runtime/helpers/asyncToGenerator.js:22:7
      at Object.<anonymous> (node_modules/@babel/runtime/helpers/asyncToGenerator.js:14:12)

    console.error
      An update to HookContainer inside a test was not wrapped in act(...).
      
      When testing, code that causes React state updates should be wrapped into act(...):
      
      act(() => {
        /* fire events that update state */
      });
      /* assert on the output */
      
      This ensures that you're testing the behavior the user would see in the browser. Learn more at https://react.dev/link/wrap-tests-with-act

      328 |
      329 |         // Merge
    > 330 |         setTranscriptionState('merging');
          |         ^
      331 |
      332 |         // Estimate audio duration from segments
      333 |         const lastSegment = segments[segments.length - 1];

      at node_modules/react-test-renderer/cjs/react-test-renderer.development.js:11801:19
      at runWithFiberInDEV (node_modules/react-test-renderer/cjs/react-test-renderer.development.js:1574:13)
      at warnIfUpdatesNotWrappedWithActDEV (node_modules/react-test-renderer/cjs/react-test-renderer.development.js:11800:9)
      at scheduleUpdateOnFiber (node_modules/react-test-renderer/cjs/react-test-renderer.development.js:10326:9)
      at dispatchSetStateInternal (node_modules/react-test-renderer/cjs/react-test-renderer.development.js:4148:13)
      at dispatchSetState (node_modules/react-test-renderer/cjs/react-test-renderer.development.js:4107:7)
      at Object.setTranscriptionState (src/hooks/useLectureTranscription.ts:330:9)
      at asyncGeneratorStep (node_modules/@babel/runtime/helpers/asyncToGenerator.js:3:17)
      at _next (node_modules/@babel/runtime/helpers/asyncToGenerator.js:17:9)

    console.error
      An update to HookContainer inside a test was not wrapped in act(...).
      
      When testing, code that causes React state updates should be wrapped into act(...):
      
      act(() => {
        /* fire events that update state */
      });
      /* assert on the output */
      
      This ensures that you're testing the behavior the user would see in the browser. Learn more at https://react.dev/link/wrap-tests-with-act

      349 |         );
      350 |
    > 351 |         setTranscript(result);
          |         ^
      352 |         setTranscriptionState('completed');
      353 |         setProgress((prev) => ({
      354 |           ...prev,

      at node_modules/react-test-renderer/cjs/react-test-renderer.development.js:11801:19
      at runWithFiberInDEV (node_modules/react-test-renderer/cjs/react-test-renderer.development.js:1574:13)
      at warnIfUpdatesNotWrappedWithActDEV (node_modules/react-test-renderer/cjs/react-test-renderer.development.js:11800:9)
      at scheduleUpdateOnFiber (node_modules/react-test-renderer/cjs/react-test-renderer.development.js:10326:9)
      at dispatchSetStateInternal (node_modules/react-test-renderer/cjs/react-test-renderer.development.js:4148:13)
      at dispatchSetState (node_modules/react-test-renderer/cjs/react-test-renderer.development.js:4107:7)
      at Object.setTranscript (src/hooks/useLectureTranscription.ts:351:9)
      at asyncGeneratorStep (node_modules/@babel/runtime/helpers/asyncToGenerator.js:3:17)
      at _next (node_modules/@babel/runtime/helpers/asyncToGenerator.js:17:9)

    console.error
      An update to HookContainer inside a test was not wrapped in act(...).
      
      When testing, code that causes React state updates should be wrapped into act(...):
      
      act(() => {
        /* fire events that update state */
      });
      /* assert on the output */
      
      This ensures that you're testing the behavior the user would see in the browser. Learn more at https://react.dev/link/wrap-tests-with-act

      350 |
      351 |         setTranscript(result);
    > 352 |         setTranscriptionState('completed');
          |         ^
      353 |         setProgress((prev) => ({
      354 |           ...prev,
      355 |           state: 'completed',

      at node_modules/react-test-renderer/cjs/react-test-renderer.development.js:11801:19
      at runWithFiberInDEV (node_modules/react-test-renderer/cjs/react-test-renderer.development.js:1574:13)
      at warnIfUpdatesNotWrappedWithActDEV (node_modules/react-test-renderer/cjs/react-test-renderer.development.js:11800:9)
      at scheduleUpdateOnFiber (node_modules/react-test-renderer/cjs/react-test-renderer.development.js:10326:9)
      at dispatchSetStateInternal (node_modules/react-test-renderer/cjs/react-test-renderer.development.js:4148:13)
      at dispatchSetState (node_modules/react-test-renderer/cjs/react-test-renderer.development.js:4107:7)
      at Object.setTranscriptionState (src/hooks/useLectureTranscription.ts:352:9)
      at asyncGeneratorStep (node_modules/@babel/runtime/helpers/asyncToGenerator.js:3:17)
      at _next (node_modules/@babel/runtime/helpers/asyncToGenerator.js:17:9)

    console.error
      An update to HookContainer inside a test was not wrapped in act(...).
      
      When testing, code that causes React state updates should be wrapped into act(...):
      
      act(() => {
        /* fire events that update state */
      });
      /* assert on the output */
      
      This ensures that you're testing the behavior the user would see in the browser. Learn more at https://react.dev/link/wrap-tests-with-act

      351 |         setTranscript(result);
      352 |         setTranscriptionState('completed');
    > 353 |         setProgress((prev) => ({
          |         ^
      354 |           ...prev,
      355 |           state: 'completed',
      356 |           percentage: 100,

      at node_modules/react-test-renderer/cjs/react-test-renderer.development.js:11801:19
      at runWithFiberInDEV (node_modules/react-test-renderer/cjs/react-test-renderer.development.js:1574:13)
      at warnIfUpdatesNotWrappedWithActDEV (node_modules/react-test-renderer/cjs/react-test-renderer.development.js:11800:9)
      at scheduleUpdateOnFiber (node_modules/react-test-renderer/cjs/react-test-renderer.development.js:10326:9)
      at dispatchSetStateInternal (node_modules/react-test-renderer/cjs/react-test-renderer.development.js:4148:13)
      at dispatchSetState (node_modules/react-test-renderer/cjs/react-test-renderer.development.js:4107:7)
      at Object.setProgress (src/hooks/useLectureTranscription.ts:353:9)
      at asyncGeneratorStep (node_modules/@babel/runtime/helpers/asyncToGenerator.js:3:17)
      at _next (node_modules/@babel/runtime/helpers/asyncToGenerator.js:17:9)

    console.error
      react-test-renderer is deprecated. See https://react.dev/warnings/react-test-renderer

      433 |
      434 |     it('should resume transcription', async () => {
    > 435 |       const { result } = renderHook(() => useLectureTranscription());
          |                                    ^
      436 |       await waitFor(() => expect(mockModelManager.getState).toHaveBeenCalled());
      437 |
      438 |       mockModelManager.getActiveModelSize.mockReturnValue('tiny');

      at Object.process.env.NODE_ENV.exports.create (node_modules/react-test-renderer/cjs/react-test-renderer.development.js:14598:17)
      at create (node_modules/@testing-library/react-native/src/render-act.ts:15:29)
      at callback (node_modules/@testing-library/react-native/src/act.ts:31:24)
      at process.env.NODE_ENV.exports.act (node_modules/react/cjs/react.development.js:789:22)
      at actImplementation (node_modules/@testing-library/react-native/src/act.ts:30:25)
      at renderWithAct (node_modules/@testing-library/react-native/src/render-act.ts:13:11)
      at renderInternal (node_modules/@testing-library/react-native/src/render.tsx:69:33)
      at renderInternal (node_modules/@testing-library/react-native/src/render.tsx:44:10)
      at renderHook (node_modules/@testing-library/react-native/src/render-hook.tsx:55:58)
      at Object.<anonymous> (src/hooks/useLectureTranscription.unit.test.ts:435:36)
      at asyncGeneratorStep (node_modules/@babel/runtime/helpers/asyncToGenerator.js:3:17)
      at _next (node_modules/@babel/runtime/helpers/asyncToGenerator.js:17:9)
      at node_modules/@babel/runtime/helpers/asyncToGenerator.js:22:7
      at Object.<anonymous> (node_modules/@babel/runtime/helpers/asyncToGenerator.js:14:12)

    console.error
      react-test-renderer is deprecated. See https://react.dev/warnings/react-test-renderer

      453 |
      454 |     it('should reset state', async () => {
    > 455 |       const { result } = renderHook(() => useLectureTranscription());
          |                                    ^
      456 |       await waitFor(() => expect(mockModelManager.getState).toHaveBeenCalled());
      457 |
      458 |       // Set refs

      at Object.process.env.NODE_ENV.exports.create (node_modules/react-test-renderer/cjs/react-test-renderer.development.js:14598:17)
      at create (node_modules/@testing-library/react-native/src/render-act.ts:15:29)
      at callback (node_modules/@testing-library/react-native/src/act.ts:31:24)
      at process.env.NODE_ENV.exports.act (node_modules/react/cjs/react.development.js:789:22)
      at actImplementation (node_modules/@testing-library/react-native/src/act.ts:30:25)
      at renderWithAct (node_modules/@testing-library/react-native/src/render-act.ts:13:11)
      at renderInternal (node_modules/@testing-library/react-native/src/render.tsx:69:33)
      at renderInternal (node_modules/@testing-library/react-native/src/render.tsx:44:10)
      at renderHook (node_modules/@testing-library/react-native/src/render-hook.tsx:55:58)
      at Object.<anonymous> (src/hooks/useLectureTranscription.unit.test.ts:455:36)
      at asyncGeneratorStep (node_modules/@babel/runtime/helpers/asyncToGenerator.js:3:17)
      at _next (node_modules/@babel/runtime/helpers/asyncToGenerator.js:17:9)
      at node_modules/@babel/runtime/helpers/asyncToGenerator.js:22:7
      at Object.<anonymous> (node_modules/@babel/runtime/helpers/asyncToGenerator.js:14:12)

    console.error
      react-test-renderer is deprecated. See https://react.dev/warnings/react-test-renderer

      475 |
      476 |   it('should cleanup on unmount', () => {
    > 477 |     const { unmount } = renderHook(() => useLectureTranscription());
          |                                   ^
      478 |
      479 |     unmount();
      480 |     expect(mockAudioRecorder.destroy).toHaveBeenCalled();

      at Object.process.env.NODE_ENV.exports.create (node_modules/react-test-renderer/cjs/react-test-renderer.development.js:14598:17)
      at create (node_modules/@testing-library/react-native/src/render-act.ts:15:29)
      at callback (node_modules/@testing-library/react-native/src/act.ts:31:24)
      at process.env.NODE_ENV.exports.act (node_modules/react/cjs/react.development.js:789:22)
      at actImplementation (node_modules/@testing-library/react-native/src/act.ts:30:25)
      at renderWithAct (node_modules/@testing-library/react-native/src/render-act.ts:13:11)
      at renderInternal (node_modules/@testing-library/react-native/src/render.tsx:69:33)
      at renderInternal (node_modules/@testing-library/react-native/src/render.tsx:44:10)
      at renderHook (node_modules/@testing-library/react-native/src/render-hook.tsx:55:58)
      at Object.<anonymous> (src/hooks/useLectureTranscription.unit.test.ts:477:35)

PASS src/screens/ContentCard.unit.test.tsx
  ● Console

    console.error
      react-test-renderer is deprecated. See https://react.dev/warnings/react-test-renderer

      63 |
      64 |   it('tracks the currently visible quiz question in Guru context', async () => {
    > 65 |     const { getByText, getByTestId } = render(
         |                                              ^
      66 |       <ContentCard content={quizContent} onDone={jest.fn()} onSkip={jest.fn()} />,
      67 |     );
      68 |

      at Object.process.env.NODE_ENV.exports.create (node_modules/react-test-renderer/cjs/react-test-renderer.development.js:14598:17)
      at create (node_modules/@testing-library/react-native/src/render-act.ts:15:29)
      at callback (node_modules/@testing-library/react-native/src/act.ts:31:24)
      at process.env.NODE_ENV.exports.act (node_modules/react/cjs/react.development.js:789:22)
      at actImplementation (node_modules/@testing-library/react-native/src/act.ts:30:25)
      at renderWithAct (node_modules/@testing-library/react-native/src/render-act.ts:13:11)
      at renderInternal (node_modules/@testing-library/react-native/src/render.tsx:69:33)
      at renderInternal (node_modules/@testing-library/react-native/src/render.tsx:44:10)
      at Object.<anonymous> (src/screens/ContentCard.unit.test.tsx:65:46)
      at asyncGeneratorStep (node_modules/@babel/runtime/helpers/asyncToGenerator.js:3:17)
      at _next (node_modules/@babel/runtime/helpers/asyncToGenerator.js:17:9)
      at node_modules/@babel/runtime/helpers/asyncToGenerator.js:22:7
      at Object.<anonymous> (node_modules/@babel/runtime/helpers/asyncToGenerator.js:14:12)

    console.error
      react-test-renderer is deprecated. See https://react.dev/warnings/react-test-renderer

       95 |     };
       96 |
    >  97 |     const { getByText } = render(
          |                                 ^
       98 |       <ContentCard content={keypointsContent} onDone={jest.fn()} onSkip={jest.fn()} />,
       99 |     );
      100 |

      at Object.process.env.NODE_ENV.exports.create (node_modules/react-test-renderer/cjs/react-test-renderer.development.js:14598:17)
      at create (node_modules/@testing-library/react-native/src/render-act.ts:15:29)
      at callback (node_modules/@testing-library/react-native/src/act.ts:31:24)
      at process.env.NODE_ENV.exports.act (node_modules/react/cjs/react.development.js:789:22)
      at actImplementation (node_modules/@testing-library/react-native/src/act.ts:30:25)
      at renderWithAct (node_modules/@testing-library/react-native/src/render-act.ts:13:11)
      at renderInternal (node_modules/@testing-library/react-native/src/render.tsx:69:33)
      at renderInternal (node_modules/@testing-library/react-native/src/render.tsx:44:10)
      at Object.<anonymous> (src/screens/ContentCard.unit.test.tsx:97:33)

    console.error
      react-test-renderer is deprecated. See https://react.dev/warnings/react-test-renderer

      117 |     };
      118 |
    > 119 |     const { getByText } = render(
          |                                 ^
      120 |       <ContentCard content={legacyQuiz} onDone={jest.fn()} onSkip={jest.fn()} />,
      121 |     );
      122 |

      at Object.process.env.NODE_ENV.exports.create (node_modules/react-test-renderer/cjs/react-test-renderer.development.js:14598:17)
      at create (node_modules/@testing-library/react-native/src/render-act.ts:15:29)
      at callback (node_modules/@testing-library/react-native/src/act.ts:31:24)
      at process.env.NODE_ENV.exports.act (node_modules/react/cjs/react.development.js:789:22)
      at actImplementation (node_modules/@testing-library/react-native/src/act.ts:30:25)
      at renderWithAct (node_modules/@testing-library/react-native/src/render-act.ts:13:11)
      at renderInternal (node_modules/@testing-library/react-native/src/render.tsx:69:33)
      at renderInternal (node_modules/@testing-library/react-native/src/render.tsx:44:10)
      at Object.<anonymous> (src/screens/ContentCard.unit.test.tsx:119:33)
      at asyncGeneratorStep (node_modules/@babel/runtime/helpers/asyncToGenerator.js:3:17)
      at _next (node_modules/@babel/runtime/helpers/asyncToGenerator.js:17:9)
      at node_modules/@babel/runtime/helpers/asyncToGenerator.js:22:7
      at Object.<anonymous> (node_modules/@babel/runtime/helpers/asyncToGenerator.js:14:12)

    console.error
      react-test-renderer is deprecated. See https://react.dev/warnings/react-test-renderer

      206 |
      207 |   it.each(mockContents)('matches snapshot for %p type', async (content) => {
    > 208 |     const { toJSON } = render(
          |                              ^
      209 |       <ContentCard
      210 |         content={content}
      211 |         topicId={undefined}

      at Object.process.env.NODE_ENV.exports.create (node_modules/react-test-renderer/cjs/react-test-renderer.development.js:14598:17)
      at create (node_modules/@testing-library/react-native/src/render-act.ts:15:29)
      at callback (node_modules/@testing-library/react-native/src/act.ts:31:24)
      at process.env.NODE_ENV.exports.act (node_modules/react/cjs/react.development.js:789:22)
      at actImplementation (node_modules/@testing-library/react-native/src/act.ts:30:25)
      at renderWithAct (node_modules/@testing-library/react-native/src/render-act.ts:13:11)
      at renderInternal (node_modules/@testing-library/react-native/src/render.tsx:69:33)
      at renderInternal (node_modules/@testing-library/react-native/src/render.tsx:44:10)
      at src/screens/ContentCard.unit.test.tsx:208:30
      at asyncGeneratorStep (node_modules/@babel/runtime/helpers/asyncToGenerator.js:3:17)
      at _next (node_modules/@babel/runtime/helpers/asyncToGenerator.js:17:9)
      at node_modules/@babel/runtime/helpers/asyncToGenerator.js:22:7
      at node_modules/@babel/runtime/helpers/asyncToGenerator.js:14:12
      at apply (src/screens/ContentCard.unit.test.tsx:218:4)

    console.error
      react-test-renderer is deprecated. See https://react.dev/warnings/react-test-renderer

      206 |
      207 |   it.each(mockContents)('matches snapshot for %p type', async (content) => {
    > 208 |     const { toJSON } = render(
          |                              ^
      209 |       <ContentCard
      210 |         content={content}
      211 |         topicId={undefined}

      at Object.process.env.NODE_ENV.exports.create (node_modules/react-test-renderer/cjs/react-test-renderer.development.js:14598:17)
      at create (node_modules/@testing-library/react-native/src/render-act.ts:15:29)
      at callback (node_modules/@testing-library/react-native/src/act.ts:31:24)
      at process.env.NODE_ENV.exports.act (node_modules/react/cjs/react.development.js:789:22)
      at actImplementation (node_modules/@testing-library/react-native/src/act.ts:30:25)
      at renderWithAct (node_modules/@testing-library/react-native/src/render-act.ts:13:11)
      at renderInternal (node_modules/@testing-library/react-native/src/render.tsx:69:33)
      at renderInternal (node_modules/@testing-library/react-native/src/render.tsx:44:10)
      at src/screens/ContentCard.unit.test.tsx:208:30
      at asyncGeneratorStep (node_modules/@babel/runtime/helpers/asyncToGenerator.js:3:17)
      at _next (node_modules/@babel/runtime/helpers/asyncToGenerator.js:17:9)
      at node_modules/@babel/runtime/helpers/asyncToGenerator.js:22:7
      at node_modules/@babel/runtime/helpers/asyncToGenerator.js:14:12
      at apply (src/screens/ContentCard.unit.test.tsx:218:4)

    console.error
      react-test-renderer is deprecated. See https://react.dev/warnings/react-test-renderer

      206 |
      207 |   it.each(mockContents)('matches snapshot for %p type', async (content) => {
    > 208 |     const { toJSON } = render(
          |                              ^
      209 |       <ContentCard
      210 |         content={content}
      211 |         topicId={undefined}

      at Object.process.env.NODE_ENV.exports.create (node_modules/react-test-renderer/cjs/react-test-renderer.development.js:14598:17)
      at create (node_modules/@testing-library/react-native/src/render-act.ts:15:29)
      at callback (node_modules/@testing-library/react-native/src/act.ts:31:24)
      at process.env.NODE_ENV.exports.act (node_modules/react/cjs/react.development.js:789:22)
      at actImplementation (node_modules/@testing-library/react-native/src/act.ts:30:25)
      at renderWithAct (node_modules/@testing-library/react-native/src/render-act.ts:13:11)
      at renderInternal (node_modules/@testing-library/react-native/src/render.tsx:69:33)
      at renderInternal (node_modules/@testing-library/react-native/src/render.tsx:44:10)
      at src/screens/ContentCard.unit.test.tsx:208:30
      at asyncGeneratorStep (node_modules/@babel/runtime/helpers/asyncToGenerator.js:3:17)
      at _next (node_modules/@babel/runtime/helpers/asyncToGenerator.js:17:9)
      at node_modules/@babel/runtime/helpers/asyncToGenerator.js:22:7
      at node_modules/@babel/runtime/helpers/asyncToGenerator.js:14:12
      at apply (src/screens/ContentCard.unit.test.tsx:218:4)

    console.error
      react-test-renderer is deprecated. See https://react.dev/warnings/react-test-renderer

      206 |
      207 |   it.each(mockContents)('matches snapshot for %p type', async (content) => {
    > 208 |     const { toJSON } = render(
          |                              ^
      209 |       <ContentCard
      210 |         content={content}
      211 |         topicId={undefined}

      at Object.process.env.NODE_ENV.exports.create (node_modules/react-test-renderer/cjs/react-test-renderer.development.js:14598:17)
      at create (node_modules/@testing-library/react-native/src/render-act.ts:15:29)
      at callback (node_modules/@testing-library/react-native/src/act.ts:31:24)
      at process.env.NODE_ENV.exports.act (node_modules/react/cjs/react.development.js:789:22)
      at actImplementation (node_modules/@testing-library/react-native/src/act.ts:30:25)
      at renderWithAct (node_modules/@testing-library/react-native/src/render-act.ts:13:11)
      at renderInternal (node_modules/@testing-library/react-native/src/render.tsx:69:33)
      at renderInternal (node_modules/@testing-library/react-native/src/render.tsx:44:10)
      at src/screens/ContentCard.unit.test.tsx:208:30
      at asyncGeneratorStep (node_modules/@babel/runtime/helpers/asyncToGenerator.js:3:17)
      at _next (node_modules/@babel/runtime/helpers/asyncToGenerator.js:17:9)
      at node_modules/@babel/runtime/helpers/asyncToGenerator.js:22:7
      at node_modules/@babel/runtime/helpers/asyncToGenerator.js:14:12
      at apply (src/screens/ContentCard.unit.test.tsx:218:4)

    console.error
      react-test-renderer is deprecated. See https://react.dev/warnings/react-test-renderer

      206 |
      207 |   it.each(mockContents)('matches snapshot for %p type', async (content) => {
    > 208 |     const { toJSON } = render(
          |                              ^
      209 |       <ContentCard
      210 |         content={content}
      211 |         topicId={undefined}

      at Object.process.env.NODE_ENV.exports.create (node_modules/react-test-renderer/cjs/react-test-renderer.development.js:14598:17)
      at create (node_modules/@testing-library/react-native/src/render-act.ts:15:29)
      at callback (node_modules/@testing-library/react-native/src/act.ts:31:24)
      at process.env.NODE_ENV.exports.act (node_modules/react/cjs/react.development.js:789:22)
      at actImplementation (node_modules/@testing-library/react-native/src/act.ts:30:25)
      at renderWithAct (node_modules/@testing-library/react-native/src/render-act.ts:13:11)
      at renderInternal (node_modules/@testing-library/react-native/src/render.tsx:69:33)
      at renderInternal (node_modules/@testing-library/react-native/src/render.tsx:44:10)
      at src/screens/ContentCard.unit.test.tsx:208:30
      at asyncGeneratorStep (node_modules/@babel/runtime/helpers/asyncToGenerator.js:3:17)
      at _next (node_modules/@babel/runtime/helpers/asyncToGenerator.js:17:9)
      at node_modules/@babel/runtime/helpers/asyncToGenerator.js:22:7
      at node_modules/@babel/runtime/helpers/asyncToGenerator.js:14:12
      at apply (src/screens/ContentCard.unit.test.tsx:218:4)

    console.error
      react-test-renderer is deprecated. See https://react.dev/warnings/react-test-renderer

      206 |
      207 |   it.each(mockContents)('matches snapshot for %p type', async (content) => {
    > 208 |     const { toJSON } = render(
          |                              ^
      209 |       <ContentCard
      210 |         content={content}
      211 |         topicId={undefined}

      at Object.process.env.NODE_ENV.exports.create (node_modules/react-test-renderer/cjs/react-test-renderer.development.js:14598:17)
      at create (node_modules/@testing-library/react-native/src/render-act.ts:15:29)
      at callback (node_modules/@testing-library/react-native/src/act.ts:31:24)
      at process.env.NODE_ENV.exports.act (node_modules/react/cjs/react.development.js:789:22)
      at actImplementation (node_modules/@testing-library/react-native/src/act.ts:30:25)
      at renderWithAct (node_modules/@testing-library/react-native/src/render-act.ts:13:11)
      at renderInternal (node_modules/@testing-library/react-native/src/render.tsx:69:33)
      at renderInternal (node_modules/@testing-library/react-native/src/render.tsx:44:10)
      at src/screens/ContentCard.unit.test.tsx:208:30
      at asyncGeneratorStep (node_modules/@babel/runtime/helpers/asyncToGenerator.js:3:17)
      at _next (node_modules/@babel/runtime/helpers/asyncToGenerator.js:17:9)
      at node_modules/@babel/runtime/helpers/asyncToGenerator.js:22:7
      at node_modules/@babel/runtime/helpers/asyncToGenerator.js:14:12
      at apply (src/screens/ContentCard.unit.test.tsx:218:4)

    console.error
      react-test-renderer is deprecated. See https://react.dev/warnings/react-test-renderer

      206 |
      207 |   it.each(mockContents)('matches snapshot for %p type', async (content) => {
    > 208 |     const { toJSON } = render(
          |                              ^
      209 |       <ContentCard
      210 |         content={content}
      211 |         topicId={undefined}

      at Object.process.env.NODE_ENV.exports.create (node_modules/react-test-renderer/cjs/react-test-renderer.development.js:14598:17)
      at create (node_modules/@testing-library/react-native/src/render-act.ts:15:29)
      at callback (node_modules/@testing-library/react-native/src/act.ts:31:24)
      at process.env.NODE_ENV.exports.act (node_modules/react/cjs/react.development.js:789:22)
      at actImplementation (node_modules/@testing-library/react-native/src/act.ts:30:25)
      at renderWithAct (node_modules/@testing-library/react-native/src/render-act.ts:13:11)
      at renderInternal (node_modules/@testing-library/react-native/src/render.tsx:69:33)
      at renderInternal (node_modules/@testing-library/react-native/src/render.tsx:44:10)
      at src/screens/ContentCard.unit.test.tsx:208:30
      at asyncGeneratorStep (node_modules/@babel/runtime/helpers/asyncToGenerator.js:3:17)
      at _next (node_modules/@babel/runtime/helpers/asyncToGenerator.js:17:9)
      at node_modules/@babel/runtime/helpers/asyncToGenerator.js:22:7
      at node_modules/@babel/runtime/helpers/asyncToGenerator.js:14:12
      at apply (src/screens/ContentCard.unit.test.tsx:218:4)

    console.error
      react-test-renderer is deprecated. See https://react.dev/warnings/react-test-renderer

      206 |
      207 |   it.each(mockContents)('matches snapshot for %p type', async (content) => {
    > 208 |     const { toJSON } = render(
          |                              ^
      209 |       <ContentCard
      210 |         content={content}
      211 |         topicId={undefined}

      at Object.process.env.NODE_ENV.exports.create (node_modules/react-test-renderer/cjs/react-test-renderer.development.js:14598:17)
      at create (node_modules/@testing-library/react-native/src/render-act.ts:15:29)
      at callback (node_modules/@testing-library/react-native/src/act.ts:31:24)
      at process.env.NODE_ENV.exports.act (node_modules/react/cjs/react.development.js:789:22)
      at actImplementation (node_modules/@testing-library/react-native/src/act.ts:30:25)
      at renderWithAct (node_modules/@testing-library/react-native/src/render-act.ts:13:11)
      at renderInternal (node_modules/@testing-library/react-native/src/render.tsx:69:33)
      at renderInternal (node_modules/@testing-library/react-native/src/render.tsx:44:10)
      at src/screens/ContentCard.unit.test.tsx:208:30
      at asyncGeneratorStep (node_modules/@babel/runtime/helpers/asyncToGenerator.js:3:17)
      at _next (node_modules/@babel/runtime/helpers/asyncToGenerator.js:17:9)
      at node_modules/@babel/runtime/helpers/asyncToGenerator.js:22:7
      at node_modules/@babel/runtime/helpers/asyncToGenerator.js:14:12
      at apply (src/screens/ContentCard.unit.test.tsx:218:4)

    console.error
      react-test-renderer is deprecated. See https://react.dev/warnings/react-test-renderer

      206 |
      207 |   it.each(mockContents)('matches snapshot for %p type', async (content) => {
    > 208 |     const { toJSON } = render(
          |                              ^
      209 |       <ContentCard
      210 |         content={content}
      211 |         topicId={undefined}

      at Object.process.env.NODE_ENV.exports.create (node_modules/react-test-renderer/cjs/react-test-renderer.development.js:14598:17)
      at create (node_modules/@testing-library/react-native/src/render-act.ts:15:29)
      at callback (node_modules/@testing-library/react-native/src/act.ts:31:24)
      at process.env.NODE_ENV.exports.act (node_modules/react/cjs/react.development.js:789:22)
      at actImplementation (node_modules/@testing-library/react-native/src/act.ts:30:25)
      at renderWithAct (node_modules/@testing-library/react-native/src/render-act.ts:13:11)
      at renderInternal (node_modules/@testing-library/react-native/src/render.tsx:69:33)
      at renderInternal (node_modules/@testing-library/react-native/src/render.tsx:44:10)
      at src/screens/ContentCard.unit.test.tsx:208:30
      at asyncGeneratorStep (node_modules/@babel/runtime/helpers/asyncToGenerator.js:3:17)
      at _next (node_modules/@babel/runtime/helpers/asyncToGenerator.js:17:9)
      at node_modules/@babel/runtime/helpers/asyncToGenerator.js:22:7
      at node_modules/@babel/runtime/helpers/asyncToGenerator.js:14:12
      at apply (src/screens/ContentCard.unit.test.tsx:218:4)

    console.error
      react-test-renderer is deprecated. See https://react.dev/warnings/react-test-renderer

      206 |
      207 |   it.each(mockContents)('matches snapshot for %p type', async (content) => {
    > 208 |     const { toJSON } = render(
          |                              ^
      209 |       <ContentCard
      210 |         content={content}
      211 |         topicId={undefined}

      at Object.process.env.NODE_ENV.exports.create (node_modules/react-test-renderer/cjs/react-test-renderer.development.js:14598:17)
      at create (node_modules/@testing-library/react-native/src/render-act.ts:15:29)
      at callback (node_modules/@testing-library/react-native/src/act.ts:31:24)
      at process.env.NODE_ENV.exports.act (node_modules/react/cjs/react.development.js:789:22)
      at actImplementation (node_modules/@testing-library/react-native/src/act.ts:30:25)
      at renderWithAct (node_modules/@testing-library/react-native/src/render-act.ts:13:11)
      at renderInternal (node_modules/@testing-library/react-native/src/render.tsx:69:33)
      at renderInternal (node_modules/@testing-library/react-native/src/render.tsx:44:10)
      at src/screens/ContentCard.unit.test.tsx:208:30
      at asyncGeneratorStep (node_modules/@babel/runtime/helpers/asyncToGenerator.js:3:17)
      at _next (node_modules/@babel/runtime/helpers/asyncToGenerator.js:17:9)
      at node_modules/@babel/runtime/helpers/asyncToGenerator.js:22:7
      at node_modules/@babel/runtime/helpers/asyncToGenerator.js:14:12
      at apply (src/screens/ContentCard.unit.test.tsx:218:4)

PASS src/components/SubjectCard.unit.test.tsx
  ● Console

    console.error
      react-test-renderer is deprecated. See https://react.dev/warnings/react-test-renderer

      29 |
      30 |   it('renders subject name and coverage', () => {
    > 31 |     const { getByText } = render(
         |                                 ^
      32 |       <SubjectCard subject={subject} coverage={{ total: 100, seen: 40 }} onPress={onPress} />,
      33 |     );
      34 |     expect(getByText('Anatomy')).toBeTruthy();

      at Object.process.env.NODE_ENV.exports.create (node_modules/react-test-renderer/cjs/react-test-renderer.development.js:14598:17)
      at create (node_modules/@testing-library/react-native/src/render-act.ts:15:29)
      at callback (node_modules/@testing-library/react-native/src/act.ts:31:24)
      at process.env.NODE_ENV.exports.act (node_modules/react/cjs/react.development.js:789:22)
      at actImplementation (node_modules/@testing-library/react-native/src/act.ts:30:25)
      at renderWithAct (node_modules/@testing-library/react-native/src/render-act.ts:13:11)
      at renderInternal (node_modules/@testing-library/react-native/src/render.tsx:69:33)
      at renderInternal (node_modules/@testing-library/react-native/src/render.tsx:44:10)
      at Object.<anonymous> (src/components/SubjectCard.unit.test.tsx:31:33)

    console.error
      react-test-renderer is deprecated. See https://react.dev/warnings/react-test-renderer

      37 |
      38 |   it('calls onPress and triggers light haptic', () => {
    > 39 |     const { getByLabelText } = render(
         |                                      ^
      40 |       <SubjectCard subject={subject} coverage={{ total: 10, seen: 5 }} onPress={onPress} />,
      41 |     );
      42 |     fireEvent.press(getByLabelText('Anatomy subject'));

      at Object.process.env.NODE_ENV.exports.create (node_modules/react-test-renderer/cjs/react-test-renderer.development.js:14598:17)
      at create (node_modules/@testing-library/react-native/src/render-act.ts:15:29)
      at callback (node_modules/@testing-library/react-native/src/act.ts:31:24)
      at process.env.NODE_ENV.exports.act (node_modules/react/cjs/react.development.js:789:22)
      at actImplementation (node_modules/@testing-library/react-native/src/act.ts:30:25)
      at renderWithAct (node_modules/@testing-library/react-native/src/render-act.ts:13:11)
      at renderInternal (node_modules/@testing-library/react-native/src/render.tsx:69:33)
      at renderInternal (node_modules/@testing-library/react-native/src/render.tsx:44:10)
      at Object.<anonymous> (src/components/SubjectCard.unit.test.tsx:39:38)

    console.error
      react-test-renderer is deprecated. See https://react.dev/warnings/react-test-renderer

      48 |     (useReducedMotion as jest.Mock).mockReturnValue(true);
      49 |
    > 50 |     const { getByLabelText } = render(
         |                                      ^
      51 |       <SubjectCard subject={subject} coverage={{ total: 10, seen: 5 }} onPress={onPress} />,
      52 |     );
      53 |

      at Object.process.env.NODE_ENV.exports.create (node_modules/react-test-renderer/cjs/react-test-renderer.development.js:14598:17)
      at create (node_modules/@testing-library/react-native/src/render-act.ts:15:29)
      at callback (node_modules/@testing-library/react-native/src/act.ts:31:24)
      at process.env.NODE_ENV.exports.act (node_modules/react/cjs/react.development.js:789:22)
      at actImplementation (node_modules/@testing-library/react-native/src/act.ts:30:25)
      at renderWithAct (node_modules/@testing-library/react-native/src/render-act.ts:13:11)
      at renderInternal (node_modules/@testing-library/react-native/src/render.tsx:69:33)
      at renderInternal (node_modules/@testing-library/react-native/src/render.tsx:44:10)
      at Object.<anonymous> (src/components/SubjectCard.unit.test.tsx:50:38)

PASS src/screens/SessionScreen.unit.test.tsx
  ● Console

    console.error
      react-test-renderer is deprecated. See https://react.dev/warnings/react-test-renderer

      277 |     const SessionScreen = require('./SessionScreen').default;
      278 |
    > 279 |     render(<SessionScreen />);
          |           ^
      280 |
      281 |     await waitFor(() => {
      282 |       expect(mockBuildSession).toHaveBeenCalledTimes(1);

      at Object.process.env.NODE_ENV.exports.create (node_modules/react-test-renderer/cjs/react-test-renderer.development.js:14598:17)
      at create (node_modules/@testing-library/react-native/src/render-act.ts:15:29)
      at callback (node_modules/@testing-library/react-native/src/act.ts:31:24)
      at process.env.NODE_ENV.exports.act (node_modules/react/cjs/react.development.js:789:22)
      at actImplementation (node_modules/@testing-library/react-native/src/act.ts:30:25)
      at renderWithAct (node_modules/@testing-library/react-native/src/render-act.ts:13:11)
      at renderInternal (node_modules/@testing-library/react-native/src/render.tsx:69:33)
      at renderInternal (node_modules/@testing-library/react-native/src/render.tsx:44:10)
      at Object.<anonymous> (src/screens/SessionScreen.unit.test.tsx:279:11)
      at asyncGeneratorStep (node_modules/@babel/runtime/helpers/asyncToGenerator.js:3:17)
      at _next (node_modules/@babel/runtime/helpers/asyncToGenerator.js:17:9)
      at node_modules/@babel/runtime/helpers/asyncToGenerator.js:22:7
      at Object.<anonymous> (node_modules/@babel/runtime/helpers/asyncToGenerator.js:14:12)

    console.error
      react-test-renderer is deprecated. See https://react.dev/warnings/react-test-renderer

      314 |     const SessionScreen = require('./SessionScreen').default;
      315 |
    > 316 |     render(<SessionScreen />);
          |           ^
      317 |
      318 |     await waitFor(() => {
      319 |       expect(mockPrefetchTopicContent).toHaveBeenCalledWith(

      at Object.process.env.NODE_ENV.exports.create (node_modules/react-test-renderer/cjs/react-test-renderer.development.js:14598:17)
      at create (node_modules/@testing-library/react-native/src/render-act.ts:15:29)
      at callback (node_modules/@testing-library/react-native/src/act.ts:31:24)
      at process.env.NODE_ENV.exports.act (node_modules/react/cjs/react.development.js:789:22)
      at actImplementation (node_modules/@testing-library/react-native/src/act.ts:30:25)
      at renderWithAct (node_modules/@testing-library/react-native/src/render-act.ts:13:11)
      at renderInternal (node_modules/@testing-library/react-native/src/render.tsx:69:33)
      at renderInternal (node_modules/@testing-library/react-native/src/render.tsx:44:10)
      at Object.<anonymous> (src/screens/SessionScreen.unit.test.tsx:316:11)
      at asyncGeneratorStep (node_modules/@babel/runtime/helpers/asyncToGenerator.js:3:17)
      at _next (node_modules/@babel/runtime/helpers/asyncToGenerator.js:17:9)
      at node_modules/@babel/runtime/helpers/asyncToGenerator.js:22:7
      at Object.<anonymous> (node_modules/@babel/runtime/helpers/asyncToGenerator.js:14:12)

    console.error
      react-test-renderer is deprecated. See https://react.dev/warnings/react-test-renderer

      359 |
      360 |     const SessionScreen = require('./SessionScreen').default;
    > 361 |     render(<SessionScreen />);
          |           ^
      362 |
      363 |     await waitFor(() => {
      364 |       expect(mockUseGuruPresence).toHaveBeenCalledWith(

      at Object.process.env.NODE_ENV.exports.create (node_modules/react-test-renderer/cjs/react-test-renderer.development.js:14598:17)
      at create (node_modules/@testing-library/react-native/src/render-act.ts:15:29)
      at callback (node_modules/@testing-library/react-native/src/act.ts:31:24)
      at process.env.NODE_ENV.exports.act (node_modules/react/cjs/react.development.js:789:22)
      at actImplementation (node_modules/@testing-library/react-native/src/act.ts:30:25)
      at renderWithAct (node_modules/@testing-library/react-native/src/render-act.ts:13:11)
      at renderInternal (node_modules/@testing-library/react-native/src/render.tsx:69:33)
      at renderInternal (node_modules/@testing-library/react-native/src/render.tsx:44:10)
      at Object.<anonymous> (src/screens/SessionScreen.unit.test.tsx:361:11)
      at asyncGeneratorStep (node_modules/@babel/runtime/helpers/asyncToGenerator.js:3:17)
      at _next (node_modules/@babel/runtime/helpers/asyncToGenerator.js:17:9)
      at node_modules/@babel/runtime/helpers/asyncToGenerator.js:22:7
      at Object.<anonymous> (node_modules/@babel/runtime/helpers/asyncToGenerator.js:14:12)

    console.error
      react-test-renderer is deprecated. See https://react.dev/warnings/react-test-renderer

      402 |
      403 |     const SessionScreen = require('./SessionScreen').default;
    > 404 |     render(<SessionScreen />);
          |           ^
      405 |
      406 |     await waitFor(() => {
      407 |       expect(mockContentCard).toHaveBeenCalled();

      at Object.process.env.NODE_ENV.exports.create (node_modules/react-test-renderer/cjs/react-test-renderer.development.js:14598:17)
      at create (node_modules/@testing-library/react-native/src/render-act.ts:15:29)
      at callback (node_modules/@testing-library/react-native/src/act.ts:31:24)
      at process.env.NODE_ENV.exports.act (node_modules/react/cjs/react.development.js:789:22)
      at actImplementation (node_modules/@testing-library/react-native/src/act.ts:30:25)
      at renderWithAct (node_modules/@testing-library/react-native/src/render-act.ts:13:11)
      at renderInternal (node_modules/@testing-library/react-native/src/render.tsx:69:33)
      at renderInternal (node_modules/@testing-library/react-native/src/render.tsx:44:10)
      at Object.<anonymous> (src/screens/SessionScreen.unit.test.tsx:404:11)
      at asyncGeneratorStep (node_modules/@babel/runtime/helpers/asyncToGenerator.js:3:17)
      at _next (node_modules/@babel/runtime/helpers/asyncToGenerator.js:17:9)
      at node_modules/@babel/runtime/helpers/asyncToGenerator.js:22:7
      at Object.<anonymous> (node_modules/@babel/runtime/helpers/asyncToGenerator.js:14:12)

    console.error
      react-test-renderer is deprecated. See https://react.dev/warnings/react-test-renderer

      449 |
      450 |     const SessionScreen = require('./SessionScreen').default;
    > 451 |     const { getByText } = render(<SessionScreen />);
          |                                 ^
      452 |
      453 |     fireEvent.press(getByText('Key Points'));
      454 |

      at Object.process.env.NODE_ENV.exports.create (node_modules/react-test-renderer/cjs/react-test-renderer.development.js:14598:17)
      at create (node_modules/@testing-library/react-native/src/render-act.ts:15:29)
      at callback (node_modules/@testing-library/react-native/src/act.ts:31:24)
      at process.env.NODE_ENV.exports.act (node_modules/react/cjs/react.development.js:789:22)
      at actImplementation (node_modules/@testing-library/react-native/src/act.ts:30:25)
      at renderWithAct (node_modules/@testing-library/react-native/src/render-act.ts:13:11)
      at renderInternal (node_modules/@testing-library/react-native/src/render.tsx:69:33)
      at renderInternal (node_modules/@testing-library/react-native/src/render.tsx:44:10)
      at Object.<anonymous> (src/screens/SessionScreen.unit.test.tsx:451:33)
      at asyncGeneratorStep (node_modules/@babel/runtime/helpers/asyncToGenerator.js:3:17)
      at _next (node_modules/@babel/runtime/helpers/asyncToGenerator.js:17:9)
      at node_modules/@babel/runtime/helpers/asyncToGenerator.js:22:7
      at Object.<anonymous> (node_modules/@babel/runtime/helpers/asyncToGenerator.js:14:12)

    console.error
      react-test-renderer is deprecated. See https://react.dev/warnings/react-test-renderer

      485 |
      486 |     const SessionScreen = require('./SessionScreen').default;
    > 487 |     render(<SessionScreen />);
          |           ^
      488 |
      489 |     await waitFor(() => {
      490 |       expect(mockContentCard).toHaveBeenCalled();

      at Object.process.env.NODE_ENV.exports.create (node_modules/react-test-renderer/cjs/react-test-renderer.development.js:14598:17)
      at create (node_modules/@testing-library/react-native/src/render-act.ts:15:29)
      at callback (node_modules/@testing-library/react-native/src/act.ts:31:24)
      at process.env.NODE_ENV.exports.act (node_modules/react/cjs/react.development.js:789:22)
      at actImplementation (node_modules/@testing-library/react-native/src/act.ts:30:25)
      at renderWithAct (node_modules/@testing-library/react-native/src/render-act.ts:13:11)
      at renderInternal (node_modules/@testing-library/react-native/src/render.tsx:69:33)
      at renderInternal (node_modules/@testing-library/react-native/src/render.tsx:44:10)
      at Object.<anonymous> (src/screens/SessionScreen.unit.test.tsx:487:11)
      at asyncGeneratorStep (node_modules/@babel/runtime/helpers/asyncToGenerator.js:3:17)
      at _next (node_modules/@babel/runtime/helpers/asyncToGenerator.js:17:9)
      at node_modules/@babel/runtime/helpers/asyncToGenerator.js:22:7
      at Object.<anonymous> (node_modules/@babel/runtime/helpers/asyncToGenerator.js:14:12)

    console.error
      An update to SessionScreen inside a test was not wrapped in act(...).
      
      When testing, code that causes React state updates should be wrapped into act(...):
      
      act(() => {
        /* fire events that update state */
      });
      /* assert on the output */
      
      This ensures that you're testing the behavior the user would see in the browser. Learn more at https://react.dev/link/wrap-tests-with-act

      589 |
      590 |         await updateTopicProgress(item.topic.id, status, confidence, xp);
    > 591 |         setShowXp(xp);
          |         ^
      592 |
      593 |         Animated.sequence([
      594 |           motion.to(xpAnim, { toValue: 1, duration: 200, useNativeDriver: true }),

      at node_modules/react-test-renderer/cjs/react-test-renderer.development.js:11801:19
      at runWithFiberInDEV (node_modules/react-test-renderer/cjs/react-test-renderer.development.js:1574:13)
      at warnIfUpdatesNotWrappedWithActDEV (node_modules/react-test-renderer/cjs/react-test-renderer.development.js:11800:9)
      at scheduleUpdateOnFiber (node_modules/react-test-renderer/cjs/react-test-renderer.development.js:10326:9)
      at dispatchSetStateInternal (node_modules/react-test-renderer/cjs/react-test-renderer.development.js:4148:13)
      at dispatchSetState (node_modules/react-test-renderer/cjs/react-test-renderer.development.js:4107:7)
      at Object.setShowXp (src/hooks/session/useSessionController.ts:591:9)
      at asyncGeneratorStep (node_modules/@babel/runtime/helpers/asyncToGenerator.js:3:17)
      at _next (node_modules/@babel/runtime/helpers/asyncToGenerator.js:17:9)

    console.error
      react-test-renderer is deprecated. See https://react.dev/warnings/react-test-renderer

      530 |
      531 |     const SessionScreen = require('./SessionScreen').default;
    > 532 |     const { getByLabelText, getByText } = render(<SessionScreen />);
          |                                                 ^
      533 |
      534 |     fireEvent.press(getByLabelText('Session menu'));
      535 |     fireEvent.press(getByText('Mark for Review'));

      at Object.process.env.NODE_ENV.exports.create (node_modules/react-test-renderer/cjs/react-test-renderer.development.js:14598:17)
      at create (node_modules/@testing-library/react-native/src/render-act.ts:15:29)
      at callback (node_modules/@testing-library/react-native/src/act.ts:31:24)
      at process.env.NODE_ENV.exports.act (node_modules/react/cjs/react.development.js:789:22)
      at actImplementation (node_modules/@testing-library/react-native/src/act.ts:30:25)
      at renderWithAct (node_modules/@testing-library/react-native/src/render-act.ts:13:11)
      at renderInternal (node_modules/@testing-library/react-native/src/render.tsx:69:33)
      at renderInternal (node_modules/@testing-library/react-native/src/render.tsx:44:10)
      at Object.<anonymous> (src/screens/SessionScreen.unit.test.tsx:532:49)
      at asyncGeneratorStep (node_modules/@babel/runtime/helpers/asyncToGenerator.js:3:17)
      at _next (node_modules/@babel/runtime/helpers/asyncToGenerator.js:17:9)
      at node_modules/@babel/runtime/helpers/asyncToGenerator.js:22:7
      at Object.<anonymous> (node_modules/@babel/runtime/helpers/asyncToGenerator.js:14:12)

PASS src/hooks/useHomeDashboardData.unit.test.ts
PASS src/services/ai/grounding/grounding.unit.test.ts
  ● Console

    console.info
      [GROUNDING_ANALYZE] {
        question: 'Explain neuroanatomy step by step',
        topicName: '',
        decision: {
          mode: 'local_tutor',
          intent: 'teach',
          sourceSensitivity: false,
          visualIntent: false,
          confidencePolicy: 'high',
          retrievalBudget: {
            localContextBlocks: 2,
            webEvidenceBlocks: 0,
            imageSets: 0,
            perSnippetChars: 240,
            promptCharBudget: 12000
          },
          reason: 'plain_tutoring_turn'
        }
      }

      at info (src/services/ai/grounding/analyzeTurn.ts:118:13)

    console.info
      [GROUNDING_ANALYZE] {
        question: 'What are the latest hypertension treatment guidelines?',
        topicName: '',
        decision: {
          mode: 'grounded_agent',
          intent: 'guideline',
          sourceSensitivity: true,
          visualIntent: false,
          confidencePolicy: 'low',
          retrievalBudget: {
            localContextBlocks: 2,
            webEvidenceBlocks: 2,
            imageSets: 1,
            perSnippetChars: 320,
            promptCharBudget: 24000
          },
          reason: 'source_sensitive_turn'
        }
      }

      at info (src/services/ai/grounding/analyzeTurn.ts:118:13)

    console.info
      [GROUNDING_TRACE] {
        event: 'evidence_ranked',
        toolsUsed: [
          'fetch_notes_context',
          'search_medical',
          'search_reference_images'
        ],
        sourceCount: 4,
        imageCount: 1,
        sourceTitles: [ 'Renal physiology', 'Acid base', 'Hypertension guideline' ]
      }

      at info (src/services/ai/runtimeDebug.ts:156:11)

    console.info
      [GROUNDING_TRACE] {
        event: 'budget_trimmed',
        localBudget: 2,
        webBudget: 2,
        imageBudget: 1,
        keptLocal: 2,
        keptWeb: 2,
        keptImages: 1
      }

      at info (src/services/ai/runtimeDebug.ts:156:11)

    console.info
      [GROUNDING_ANALYZE] {
        question: 'Explain neuroanatomy step by step',
        topicName: '',
        decision: {
          mode: 'local_tutor',
          intent: 'teach',
          sourceSensitivity: false,
          visualIntent: false,
          confidencePolicy: 'high',
          retrievalBudget: {
            localContextBlocks: 2,
            webEvidenceBlocks: 0,
            imageSets: 0,
            perSnippetChars: 240,
            promptCharBudget: 12000
          },
          reason: 'plain_tutoring_turn'
        }
      }

      at info (src/services/ai/grounding/analyzeTurn.ts:118:13)

    console.info
      [GROUNDING_TRACE] {
        event: 'decision',
        caller: 'test-local',
        question: 'Explain neuroanatomy step by step',
        decision: {
          mode: 'local_tutor',
          intent: 'teach',
          sourceSensitivity: false,
          visualIntent: false,
          confidencePolicy: 'high',
          retrievalBudget: {
            localContextBlocks: 2,
            webEvidenceBlocks: 0,
            imageSets: 0,
            perSnippetChars: 240,
            promptCharBudget: 12000
          },
          reason: 'plain_tutoring_turn'
        }
      }

      at info (src/services/ai/runtimeDebug.ts:156:11)

    console.info
      [GROUNDING_TRACE] {
        event: 'mode_selected',
        caller: 'test-local',
        mode: 'local_tutor',
        reason: 'plain_tutoring_turn',
        toolsOffered: []
      }

      at info (src/services/ai/runtimeDebug.ts:156:11)

    console.info
      [GROUNDING_TRACE] {
        event: 'evidence_ranked',
        toolsUsed: [],
        sourceCount: 0,
        imageCount: 0,
        sourceTitles: []
      }

      at info (src/services/ai/runtimeDebug.ts:156:11)

    console.info
      [GROUNDING_TRACE] {
        event: 'budget_trimmed',
        localBudget: 2,
        webBudget: 0,
        imageBudget: 0,
        keptLocal: 0,
        keptWeb: 0,
        keptImages: 0
      }

      at info (src/services/ai/runtimeDebug.ts:156:11)

    console.info
      [GROUNDING_TRACE] {
        event: 'response_finalized',
        caller: 'test-local',
        mode: 'local_tutor',
        modelUsed: '',
        toolsUsed: [],
        sourceCount: 0,
        imageCount: 0,
        replyPreview: 'Local tutor answer'
      }

      at info (src/services/ai/runtimeDebug.ts:156:11)

    console.info
      [GROUNDING_ANALYZE] {
        question: 'What are the latest hypertension treatment guidelines?',
        topicName: '',
        decision: {
          mode: 'grounded_agent',
          intent: 'guideline',
          sourceSensitivity: true,
          visualIntent: false,
          confidencePolicy: 'low',
          retrievalBudget: {
            localContextBlocks: 2,
            webEvidenceBlocks: 2,
            imageSets: 1,
            perSnippetChars: 320,
            promptCharBudget: 24000
          },
          reason: 'source_sensitive_turn'
        }
      }

      at info (src/services/ai/grounding/analyzeTurn.ts:118:13)

    console.info
      [GROUNDING_TRACE] {
        event: 'decision',
        caller: 'test-grounded',
        question: 'What are the latest hypertension treatment guidelines?',
        decision: {
          mode: 'grounded_agent',
          intent: 'guideline',
          sourceSensitivity: true,
          visualIntent: false,
          confidencePolicy: 'low',
          retrievalBudget: {
            localContextBlocks: 2,
            webEvidenceBlocks: 2,
            imageSets: 1,
            perSnippetChars: 320,
            promptCharBudget: 24000
          },
          reason: 'source_sensitive_turn'
        }
      }

      at info (src/services/ai/runtimeDebug.ts:156:11)

    console.info
      [GROUNDING_TRACE] {
        event: 'mode_selected',
        caller: 'test-grounded',
        mode: 'grounded_agent',
        reason: 'source_sensitive_turn',
        toolsOffered: [
          'search_medical',      'lookup_topic',
          'fact_check',          'create_quiz',
          'fetch_content',       'generate_keypoints',
          'generate_must_know',  'generate_story',
          'generate_mnemonic',   'generate_teach_back',
          'generate_error_hunt', 'generate_detective',
          'generate_socratic',   'get_quiz_questions',
          'generate_flashcards', 'mark_topic_reviewed',
          'plan_session',        'daily_agenda',
          'analyze_lecture',     'generate_mindmap',
          'fetch_exam_dates',    'save_to_notes'
        ]
      }

      at info (src/services/ai/runtimeDebug.ts:156:11)

    console.info
      [GROUNDING_TRACE] {
        event: 'tool_called',
        caller: 'test-grounded',
        toolName: 'search_medical',
        inputPreview: '{"query":"hypertension guideline"}'
      }

      at info (src/services/ai/runtimeDebug.ts:156:11)

    console.info
      [GROUNDING_TRACE] {
        event: 'tool_result_summary',
        caller: 'test-grounded',
        toolName: 'search_medical',
        isError: false,
        outputPreview: '{"results":[{"id":"src-1","title":"Hypertension guideline","url":"https://example.com/g1","snippet":"Guideline summary","source":"PubMed"}]}'
      }

      at info (src/services/ai/runtimeDebug.ts:156:11)

    console.info
      [GROUNDING_TRACE] {
        event: 'evidence_ranked',
        toolsUsed: [ 'search_medical' ],
        sourceCount: 1,
        imageCount: 0,
        sourceTitles: [ 'Hypertension guideline' ]
      }

      at info (src/services/ai/runtimeDebug.ts:156:11)

    console.info
      [GROUNDING_TRACE] {
        event: 'budget_trimmed',
        localBudget: 2,
        webBudget: 2,
        imageBudget: 1,
        keptLocal: 0,
        keptWeb: 1,
        keptImages: 0
      }

      at info (src/services/ai/runtimeDebug.ts:156:11)

    console.info
      [GROUNDING_TRACE] {
        event: 'response_finalized',
        caller: 'test-grounded',
        mode: 'grounded_agent',
        modelUsed: '',
        toolsUsed: [ 'search_medical' ],
        sourceCount: 1,
        imageCount: 0,
        replyPreview: 'Guideline-focused answer'
      }

      at info (src/services/ai/runtimeDebug.ts:156:11)

PASS src/screens/settings/sections/StorageSections.unit.test.tsx
  ● Console

    console.error
      react-test-renderer is deprecated. See https://react.dev/warnings/react-test-renderer

      72 |     (showDialog as jest.Mock).mockResolvedValue('clear-ai-cache');
      73 |     const props = { ...baseProps, clearAiCache: jest.fn() };
    > 74 |     const { getByText } = render(<StorageSections {...props} />);
         |                                 ^
      75 |
      76 |     fireEvent.press(getByText('Clear AI Content Cache'));
      77 |

      at Object.process.env.NODE_ENV.exports.create (node_modules/react-test-renderer/cjs/react-test-renderer.development.js:14598:17)
      at create (node_modules/@testing-library/react-native/src/render-act.ts:15:29)
      at callback (node_modules/@testing-library/react-native/src/act.ts:31:24)
      at process.env.NODE_ENV.exports.act (node_modules/react/cjs/react.development.js:789:22)
      at actImplementation (node_modules/@testing-library/react-native/src/act.ts:30:25)
      at renderWithAct (node_modules/@testing-library/react-native/src/render-act.ts:13:11)
      at renderInternal (node_modules/@testing-library/react-native/src/render.tsx:69:33)
      at renderInternal (node_modules/@testing-library/react-native/src/render.tsx:44:10)
      at Object.<anonymous> (src/screens/settings/sections/StorageSections.unit.test.tsx:74:33)
      at asyncGeneratorStep (node_modules/@babel/runtime/helpers/asyncToGenerator.js:3:17)
      at _next (node_modules/@babel/runtime/helpers/asyncToGenerator.js:17:9)
      at node_modules/@babel/runtime/helpers/asyncToGenerator.js:22:7
      at Object.<anonymous> (node_modules/@babel/runtime/helpers/asyncToGenerator.js:14:12)

    console.error
      react-test-renderer is deprecated. See https://react.dev/warnings/react-test-renderer

       99 |     (showDialog as jest.Mock).mockResolvedValue('dismissed');
      100 |     const props = { ...baseProps, clearAiCache: jest.fn() };
    > 101 |     const { getByText } = render(<StorageSections {...props} />);
          |                                 ^
      102 |
      103 |     fireEvent.press(getByText('Clear AI Content Cache'));
      104 |

      at Object.process.env.NODE_ENV.exports.create (node_modules/react-test-renderer/cjs/react-test-renderer.development.js:14598:17)
      at create (node_modules/@testing-library/react-native/src/render-act.ts:15:29)
      at callback (node_modules/@testing-library/react-native/src/act.ts:31:24)
      at process.env.NODE_ENV.exports.act (node_modules/react/cjs/react.development.js:789:22)
      at actImplementation (node_modules/@testing-library/react-native/src/act.ts:30:25)
      at renderWithAct (node_modules/@testing-library/react-native/src/render-act.ts:13:11)
      at renderInternal (node_modules/@testing-library/react-native/src/render.tsx:69:33)
      at renderInternal (node_modules/@testing-library/react-native/src/render.tsx:44:10)
      at Object.<anonymous> (src/screens/settings/sections/StorageSections.unit.test.tsx:101:33)
      at asyncGeneratorStep (node_modules/@babel/runtime/helpers/asyncToGenerator.js:3:17)
      at _next (node_modules/@babel/runtime/helpers/asyncToGenerator.js:17:9)
      at node_modules/@babel/runtime/helpers/asyncToGenerator.js:22:7
      at Object.<anonymous> (node_modules/@babel/runtime/helpers/asyncToGenerator.js:14:12)

    console.error
      react-test-renderer is deprecated. See https://react.dev/warnings/react-test-renderer

      118 |       refreshProfile: jest.fn(),
      119 |     };
    > 120 |     const { getByText } = render(<StorageSections {...props} />);
          |                                 ^
      121 |
      122 |     fireEvent.press(getByText('Reset All Progress'));
      123 |

      at Object.process.env.NODE_ENV.exports.create (node_modules/react-test-renderer/cjs/react-test-renderer.development.js:14598:17)
      at create (node_modules/@testing-library/react-native/src/render-act.ts:15:29)
      at callback (node_modules/@testing-library/react-native/src/act.ts:31:24)
      at process.env.NODE_ENV.exports.act (node_modules/react/cjs/react.development.js:789:22)
      at actImplementation (node_modules/@testing-library/react-native/src/act.ts:30:25)
      at renderWithAct (node_modules/@testing-library/react-native/src/render-act.ts:13:11)
      at renderInternal (node_modules/@testing-library/react-native/src/render.tsx:69:33)
      at renderInternal (node_modules/@testing-library/react-native/src/render.tsx:44:10)
      at Object.<anonymous> (src/screens/settings/sections/StorageSections.unit.test.tsx:120:33)
      at asyncGeneratorStep (node_modules/@babel/runtime/helpers/asyncToGenerator.js:3:17)
      at _next (node_modules/@babel/runtime/helpers/asyncToGenerator.js:17:9)
      at node_modules/@babel/runtime/helpers/asyncToGenerator.js:22:7
      at Object.<anonymous> (node_modules/@babel/runtime/helpers/asyncToGenerator.js:14:12)

    console.error
      react-test-renderer is deprecated. See https://react.dev/warnings/react-test-renderer

      150 |       refreshProfile: jest.fn(),
      151 |     };
    > 152 |     const { getByText } = render(<StorageSections {...props} />);
          |                                 ^
      153 |
      154 |     fireEvent.press(getByText('Reset All Progress'));
      155 |

      at Object.process.env.NODE_ENV.exports.create (node_modules/react-test-renderer/cjs/react-test-renderer.development.js:14598:17)
      at create (node_modules/@testing-library/react-native/src/render-act.ts:15:29)
      at callback (node_modules/@testing-library/react-native/src/act.ts:31:24)
      at process.env.NODE_ENV.exports.act (node_modules/react/cjs/react.development.js:789:22)
      at actImplementation (node_modules/@testing-library/react-native/src/act.ts:30:25)
      at renderWithAct (node_modules/@testing-library/react-native/src/render-act.ts:13:11)
      at renderInternal (node_modules/@testing-library/react-native/src/render.tsx:69:33)
      at renderInternal (node_modules/@testing-library/react-native/src/render.tsx:44:10)
      at Object.<anonymous> (src/screens/settings/sections/StorageSections.unit.test.tsx:152:33)
      at asyncGeneratorStep (node_modules/@babel/runtime/helpers/asyncToGenerator.js:3:17)
      at _next (node_modules/@babel/runtime/helpers/asyncToGenerator.js:17:9)
      at node_modules/@babel/runtime/helpers/asyncToGenerator.js:22:7
      at Object.<anonymous> (node_modules/@babel/runtime/helpers/asyncToGenerator.js:14:12)

    console.error
      react-test-renderer is deprecated. See https://react.dev/warnings/react-test-renderer

      176 |       profileRepository: { updateProfile: jest.fn().mockResolvedValue(undefined) },
      177 |     };
    > 178 |     const { getByText } = render(<StorageSections {...props} />);
          |                                 ^
      179 |
      180 |     fireEvent.press(getByText('Run Auto-Backup Now'));
      181 |

      at Object.process.env.NODE_ENV.exports.create (node_modules/react-test-renderer/cjs/react-test-renderer.development.js:14598:17)
      at create (node_modules/@testing-library/react-native/src/render-act.ts:15:29)
      at callback (node_modules/@testing-library/react-native/src/act.ts:31:24)
      at process.env.NODE_ENV.exports.act (node_modules/react/cjs/react.development.js:789:22)
      at actImplementation (node_modules/@testing-library/react-native/src/act.ts:30:25)
      at renderWithAct (node_modules/@testing-library/react-native/src/render-act.ts:13:11)
      at renderInternal (node_modules/@testing-library/react-native/src/render.tsx:69:33)
      at renderInternal (node_modules/@testing-library/react-native/src/render.tsx:44:10)
      at Object.<anonymous> (src/screens/settings/sections/StorageSections.unit.test.tsx:178:33)
      at asyncGeneratorStep (node_modules/@babel/runtime/helpers/asyncToGenerator.js:3:17)
      at _next (node_modules/@babel/runtime/helpers/asyncToGenerator.js:17:9)
      at node_modules/@babel/runtime/helpers/asyncToGenerator.js:22:7
      at Object.<anonymous> (node_modules/@babel/runtime/helpers/asyncToGenerator.js:14:12)

    console.error
      react-test-renderer is deprecated. See https://react.dev/warnings/react-test-renderer

      209 |       refreshProfile: jest.fn(),
      210 |     };
    > 211 |     const { getByText } = render(<StorageSections {...props} />);
          |                                 ^
      212 |
      213 |     fireEvent.press(getByText('Run Auto-Backup Now'));
      214 |

      at Object.process.env.NODE_ENV.exports.create (node_modules/react-test-renderer/cjs/react-test-renderer.development.js:14598:17)
      at create (node_modules/@testing-library/react-native/src/render-act.ts:15:29)
      at callback (node_modules/@testing-library/react-native/src/act.ts:31:24)
      at process.env.NODE_ENV.exports.act (node_modules/react/cjs/react.development.js:789:22)
      at actImplementation (node_modules/@testing-library/react-native/src/act.ts:30:25)
      at renderWithAct (node_modules/@testing-library/react-native/src/render-act.ts:13:11)
      at renderInternal (node_modules/@testing-library/react-native/src/render.tsx:69:33)
      at renderInternal (node_modules/@testing-library/react-native/src/render.tsx:44:10)
      at Object.<anonymous> (src/screens/settings/sections/StorageSections.unit.test.tsx:211:33)
      at asyncGeneratorStep (node_modules/@babel/runtime/helpers/asyncToGenerator.js:3:17)
      at _next (node_modules/@babel/runtime/helpers/asyncToGenerator.js:17:9)
      at node_modules/@babel/runtime/helpers/asyncToGenerator.js:22:7
      at Object.<anonymous> (node_modules/@babel/runtime/helpers/asyncToGenerator.js:14:12)

    console.error
      react-test-renderer is deprecated. See https://react.dev/warnings/react-test-renderer

      231 |       setBackupBusy: jest.fn(),
      232 |     };
    > 233 |     const { getByText } = render(<StorageSections {...props} />);
          |                                 ^
      234 |
      235 |     fireEvent.press(getByText('Clean Up Old Backups'));
      236 |

      at Object.process.env.NODE_ENV.exports.create (node_modules/react-test-renderer/cjs/react-test-renderer.development.js:14598:17)
      at create (node_modules/@testing-library/react-native/src/render-act.ts:15:29)
      at callback (node_modules/@testing-library/react-native/src/act.ts:31:24)
      at process.env.NODE_ENV.exports.act (node_modules/react/cjs/react.development.js:789:22)
      at actImplementation (node_modules/@testing-library/react-native/src/act.ts:30:25)
      at renderWithAct (node_modules/@testing-library/react-native/src/render-act.ts:13:11)
      at renderInternal (node_modules/@testing-library/react-native/src/render.tsx:69:33)
      at renderInternal (node_modules/@testing-library/react-native/src/render.tsx:44:10)
      at Object.<anonymous> (src/screens/settings/sections/StorageSections.unit.test.tsx:233:33)
      at asyncGeneratorStep (node_modules/@babel/runtime/helpers/asyncToGenerator.js:3:17)
      at _next (node_modules/@babel/runtime/helpers/asyncToGenerator.js:17:9)
      at node_modules/@babel/runtime/helpers/asyncToGenerator.js:22:7
      at Object.<anonymous> (node_modules/@babel/runtime/helpers/asyncToGenerator.js:14:12)

    console.error
      react-test-renderer is deprecated. See https://react.dev/warnings/react-test-renderer

      253 |       setBackupBusy: jest.fn(),
      254 |     };
    > 255 |     const { getByText } = render(<StorageSections {...props} />);
          |                                 ^
      256 |
      257 |     fireEvent.press(getByText('Clean Up Old Backups'));
      258 |

      at Object.process.env.NODE_ENV.exports.create (node_modules/react-test-renderer/cjs/react-test-renderer.development.js:14598:17)
      at create (node_modules/@testing-library/react-native/src/render-act.ts:15:29)
      at callback (node_modules/@testing-library/react-native/src/act.ts:31:24)
      at process.env.NODE_ENV.exports.act (node_modules/react/cjs/react.development.js:789:22)
      at actImplementation (node_modules/@testing-library/react-native/src/act.ts:30:25)
      at renderWithAct (node_modules/@testing-library/react-native/src/render-act.ts:13:11)
      at renderInternal (node_modules/@testing-library/react-native/src/render.tsx:69:33)
      at renderInternal (node_modules/@testing-library/react-native/src/render.tsx:44:10)
      at Object.<anonymous> (src/screens/settings/sections/StorageSections.unit.test.tsx:255:33)
      at asyncGeneratorStep (node_modules/@babel/runtime/helpers/asyncToGenerator.js:3:17)
      at _next (node_modules/@babel/runtime/helpers/asyncToGenerator.js:17:9)
      at node_modules/@babel/runtime/helpers/asyncToGenerator.js:22:7
      at Object.<anonymous> (node_modules/@babel/runtime/helpers/asyncToGenerator.js:14:12)

PASS src/services/localModelBootstrap.unit.test.ts
  ● Console

    console.info
      [BOOTSTRAP_TRACE] {
        event: 'bootstrap_check',
        needsLlm: true,
        needsWhisper: false,
        llmAllowed: false,
        hasLocalModel: false,
        hasLocalWhisper: true
      }

      at info (src/services/ai/runtimeDebug.ts:151:11)

    console.info
      [BOOTSTRAP_TRACE] {
        event: 'download_prepare',
        type: 'llm',
        modelName: 'gemma-4-E4B-it.litertlm'
      }

      at info (src/services/ai/runtimeDebug.ts:151:11)

    console.info
      [BOOTSTRAP_TRACE] {
        event: 'download_start',
        type: 'llm',
        modelName: 'gemma-4-E4B-it.litertlm',
        url: 'https://huggingface.co/litert-community/gemma-4-E4B-it-litert-lm/resolve/main/gemma-4-E4B-it.litertlm'
      }

      at info (src/services/ai/runtimeDebug.ts:151:11)

    console.info
      [BOOTSTRAP_TRACE] {
        event: 'download_verifying',
        type: 'llm',
        targetUri: 'file:///mock/gemma-4-E4B-it.litertlm'
      }

      at info (src/services/ai/runtimeDebug.ts:151:11)

    console.info
      [BOOTSTRAP_TRACE] {
        event: 'download_complete',
        type: 'llm',
        targetUri: 'file:///mock/gemma-4-E4B-it.litertlm',
        size: 3600000000
      }

      at info (src/services/ai/runtimeDebug.ts:151:11)

    console.info
      [BOOTSTRAP_TRACE] {
        event: 'bootstrap_check',
        needsLlm: false,
        needsWhisper: true,
        llmAllowed: true,
        hasLocalModel: true,
        hasLocalWhisper: false
      }

      at info (src/services/ai/runtimeDebug.ts:151:11)

    console.info
      [BOOTSTRAP_TRACE] {
        event: 'download_prepare',
        type: 'whisper',
        modelName: 'ggml-large-v3-turbo.bin'
      }

      at info (src/services/ai/runtimeDebug.ts:151:11)

    console.info
      [BOOTSTRAP_TRACE] {
        event: 'download_start',
        type: 'whisper',
        modelName: 'ggml-large-v3-turbo.bin',
        url: 'https://huggingface.co/ggerganov/whisper.cpp/resolve/main/ggml-large-v3-turbo.bin'
      }

      at info (src/services/ai/runtimeDebug.ts:151:11)

    console.info
      [BOOTSTRAP_TRACE] {
        event: 'download_verifying',
        type: 'whisper',
        targetUri: 'file:///mock/ggml-large-v3-turbo.bin'
      }

      at info (src/services/ai/runtimeDebug.ts:151:11)

    console.info
      [BOOTSTRAP_TRACE] {
        event: 'download_complete',
        type: 'whisper',
        targetUri: 'file:///mock/ggml-large-v3-turbo.bin',
        size: 810000000
      }

      at info (src/services/ai/runtimeDebug.ts:151:11)

    console.info
      [BOOTSTRAP_TRACE] {
        event: 'bootstrap_check',
        needsLlm: true,
        needsWhisper: false,
        llmAllowed: true,
        hasLocalModel: false,
        hasLocalWhisper: true
      }

      at info (src/services/ai/runtimeDebug.ts:151:11)

    console.info
      [BOOTSTRAP_TRACE] {
        event: 'download_prepare',
        type: 'llm',
        modelName: 'gemma-4-E4B-it.litertlm'
      }

      at info (src/services/ai/runtimeDebug.ts:151:11)

    console.info
      [BOOTSTRAP_TRACE] {
        event: 'download_start',
        type: 'llm',
        modelName: 'gemma-4-E4B-it.litertlm',
        url: 'https://huggingface.co/litert-community/gemma-4-E4B-it-litert-lm/resolve/main/gemma-4-E4B-it.litertlm'
      }

      at info (src/services/ai/runtimeDebug.ts:151:11)

    console.info
      [BOOTSTRAP_TRACE] {
        event: 'download_verifying',
        type: 'llm',
        targetUri: 'file:///mock/gemma-4-E4B-it.litertlm'
      }

      at info (src/services/ai/runtimeDebug.ts:151:11)

    console.info
      [BOOTSTRAP_TRACE] {
        event: 'download_complete',
        type: 'llm',
        targetUri: 'file:///mock/gemma-4-E4B-it.litertlm',
        size: 3600000000
      }

      at info (src/services/ai/runtimeDebug.ts:151:11)

    console.info
      [BOOTSTRAP_TRACE] {
        event: 'bootstrap_check',
        needsLlm: true,
        needsWhisper: false,
        llmAllowed: true,
        hasLocalModel: false,
        hasLocalWhisper: true
      }

      at info (src/services/ai/runtimeDebug.ts:151:11)

    console.info
      [BOOTSTRAP_TRACE] {
        event: 'download_prepare',
        type: 'llm',
        modelName: 'gemma-4-E4B-it.litertlm'
      }

      at info (src/services/ai/runtimeDebug.ts:151:11)

    console.info
      [BOOTSTRAP_TRACE] {
        event: 'download_already_available',
        type: 'llm',
        modelName: 'gemma-4-E4B-it.litertlm',
        targetUri: 'file:///mock/gemma-4-E4B-it.litertlm',
        size: 3600000000
      }

      at info (src/services/ai/runtimeDebug.ts:151:11)

    console.info
      [BOOTSTRAP_TRACE] {
        event: 'bootstrap_check',
        needsLlm: true,
        needsWhisper: false,
        llmAllowed: true,
        hasLocalModel: false,
        hasLocalWhisper: true
      }

      at info (src/services/ai/runtimeDebug.ts:151:11)

    console.info
      [BOOTSTRAP_TRACE] {
        event: 'download_prepare',
        type: 'llm',
        modelName: 'gemma-4-E4B-it.litertlm'
      }

      at info (src/services/ai/runtimeDebug.ts:151:11)

    console.info
      [BOOTSTRAP_TRACE] {
        event: 'download_already_available',
        type: 'llm',
        modelName: 'gemma-4-E4B-it.litertlm',
        targetUri: 'file:///mock/gemma-4-E4B-it.litertlm',
        size: 3600000000
      }

      at info (src/services/ai/runtimeDebug.ts:151:11)

    console.info
      [BOOTSTRAP_TRACE] {
        event: 'bootstrap_check',
        needsLlm: true,
        needsWhisper: false,
        llmAllowed: true,
        hasLocalModel: false,
        hasLocalWhisper: true
      }

      at info (src/services/ai/runtimeDebug.ts:151:11)

    console.info
      [BOOTSTRAP_TRACE] {
        event: 'download_prepare',
        type: 'llm',
        modelName: 'gemma-4-E4B-it.litertlm'
      }

      at info (src/services/ai/runtimeDebug.ts:151:11)

    console.warn
      [Bootstrap] Removing invalid llm model at target path (size: 1000)

      515 |     // Clean up undersized final file (not the partial — we want to resume that)
      516 |     if (existingValidation.exists) {
    > 517 |       console.warn(
          |               ^
      518 |         `[Bootstrap] Removing invalid ${type} model at target path (size: ${existingValidation.size})`,
      519 |       );
      520 |       await deleteLocalModelFile(targetUri);

      at warn (src/services/localModelBootstrap.ts:517:15)
      at asyncGeneratorStep (node_modules/@babel/runtime/helpers/asyncToGenerator.js:3:17)
      at _next (node_modules/@babel/runtime/helpers/asyncToGenerator.js:17:9)

    console.info
      [BOOTSTRAP_TRACE] {
        event: 'download_start',
        type: 'llm',
        modelName: 'gemma-4-E4B-it.litertlm',
        url: 'https://huggingface.co/litert-community/gemma-4-E4B-it-litert-lm/resolve/main/gemma-4-E4B-it.litertlm'
      }

      at info (src/services/ai/runtimeDebug.ts:151:11)

    console.info
      [BOOTSTRAP_TRACE] {
        event: 'download_verifying',
        type: 'llm',
        targetUri: 'file:///mock/gemma-4-E4B-it.litertlm'
      }

      at info (src/services/ai/runtimeDebug.ts:151:11)

    console.warn
      [Bootstrap] llm download too small: 0 bytes, expected >= 3400000000

      349 |   });
      350 |   if (!downloadedValidation.exists || !downloadedValidation.isValid) {
    > 351 |     console.warn(
          |             ^
      352 |       `[Bootstrap] ${type} download too small: ${downloadedValidation.size} bytes, expected >= ${minSize}`,
      353 |     );
      354 |     logBootstrapEvent('download_invalid', {

      at warn (src/services/localModelBootstrap.ts:351:13)
      at asyncGeneratorStep (node_modules/@babel/runtime/helpers/asyncToGenerator.js:3:17)
      at _next (node_modules/@babel/runtime/helpers/asyncToGenerator.js:17:9)

    console.info
      [BOOTSTRAP_TRACE] {
        event: 'download_invalid',
        type: 'llm',
        size: 0,
        minSize: 3400000000
      }

      at info (src/services/ai/runtimeDebug.ts:151:11)

    console.info
      [BOOTSTRAP_TRACE] {
        event: 'bootstrap_check',
        needsLlm: true,
        needsWhisper: false,
        llmAllowed: true,
        hasLocalModel: false,
        hasLocalWhisper: true
      }

      at info (src/services/ai/runtimeDebug.ts:151:11)

    console.info
      [BOOTSTRAP_TRACE] {
        event: 'download_prepare',
        type: 'llm',
        modelName: 'gemma-4-E4B-it.litertlm'
      }

      at info (src/services/ai/runtimeDebug.ts:151:11)

    console.info
      [BOOTSTRAP_TRACE] {
        event: 'download_start',
        type: 'llm',
        modelName: 'gemma-4-E4B-it.litertlm',
        url: 'https://huggingface.co/litert-community/gemma-4-E4B-it-litert-lm/resolve/main/gemma-4-E4B-it.litertlm'
      }

      at info (src/services/ai/runtimeDebug.ts:151:11)

    console.warn
      [Bootstrap] llm download failed with status 500

      608 |         await handleDownloadComplete(type);
      609 |       } else {
    > 610 |         console.warn(`[Bootstrap] ${type} download failed with status ${result?.status}`);
          |                 ^
      611 |         logBootstrapEvent('download_failed', { type, status: result?.status });
      612 |         await deleteLocalModelFile(partialUri);
      613 |         updateLocalModelDownload({

      at warn (src/services/localModelBootstrap.ts:610:17)
      at asyncGeneratorStep (node_modules/@babel/runtime/helpers/asyncToGenerator.js:3:17)
      at _next (node_modules/@babel/runtime/helpers/asyncToGenerator.js:17:9)

    console.info
      [BOOTSTRAP_TRACE] { event: 'download_failed', type: 'llm', status: 500 }

      at info (src/services/ai/runtimeDebug.ts:151:11)

    console.info
      [BOOTSTRAP_TRACE] {
        event: 'bootstrap_check',
        needsLlm: true,
        needsWhisper: false,
        llmAllowed: true,
        hasLocalModel: false,
        hasLocalWhisper: true
      }

      at info (src/services/ai/runtimeDebug.ts:151:11)

    console.info
      [BOOTSTRAP_TRACE] {
        event: 'download_prepare',
        type: 'llm',
        modelName: 'gemma-4-E4B-it.litertlm'
      }

      at info (src/services/ai/runtimeDebug.ts:151:11)

    console.info
      [BOOTSTRAP_TRACE] {
        event: 'download_start',
        type: 'llm',
        modelName: 'gemma-4-E4B-it.litertlm',
        url: 'https://huggingface.co/litert-community/gemma-4-E4B-it-litert-lm/resolve/main/gemma-4-E4B-it.litertlm'
      }

      at info (src/services/ai/runtimeDebug.ts:151:11)

    console.warn
      [Bootstrap] llm download error: Error: Network error
          at Object.<anonymous> (/Users/vishnugnair/Guru-3/src/services/localModelBootstrap.unit.test.ts:292:13)
          at /Users/vishnugnair/Guru-3/node_modules/jest-mock/build/index.js:397:39
          at Object.<anonymous> (/Users/vishnugnair/Guru-3/node_modules/jest-mock/build/index.js:404:13)
          at Object.mockConstructor [as createDownloadResumable] (/Users/vishnugnair/Guru-3/node_modules/jest-mock/build/index.js:148:19)
          at createDownloadResumable (/Users/vishnugnair/Guru-3/src/services/localModelFiles.ts:153:27)
          at Generator.next (<anonymous>)
          at asyncGeneratorStep (/Users/vishnugnair/Guru-3/node_modules/@babel/runtime/helpers/asyncToGenerator.js:3:17)
          at _next (/Users/vishnugnair/Guru-3/node_modules/@babel/runtime/helpers/asyncToGenerator.js:17:9)
          at /Users/vishnugnair/Guru-3/node_modules/@babel/runtime/helpers/asyncToGenerator.js:22:7
          at new Promise (<anonymous>)
          at /Users/vishnugnair/Guru-3/node_modules/@babel/runtime/helpers/asyncToGenerator.js:14:12
          at apply (/Users/vishnugnair/Guru-3/src/services/localModelFiles.ts:147:55)
          at /Users/vishnugnair/Guru-3/src/services/localModelBootstrap.ts:595:89
          at Generator.next (<anonymous>)
          at asyncGeneratorStep (/Users/vishnugnair/Guru-3/node_modules/@babel/runtime/helpers/asyncToGenerator.js:3:17)
          at _next (/Users/vishnugnair/Guru-3/node_modules/@babel/runtime/helpers/asyncToGenerator.js:17:9)

      625 |   } catch (e) {
      626 |     // Non-fatal — user can still use the app, just without local AI
    > 627 |     console.warn(`[Bootstrap] ${type} download error:`, e);
          |             ^
      628 |     logBootstrapEvent('download_error', {
      629 |       type,
      630 |       error: e instanceof Error ? e.message : String(e),

      at warn (src/services/localModelBootstrap.ts:627:13)
          at Generator.throw (<anonymous>)
      at asyncGeneratorStep (node_modules/@babel/runtime/helpers/asyncToGenerator.js:3:17)
      at _throw (node_modules/@babel/runtime/helpers/asyncToGenerator.js:20:9)

    console.info
      [BOOTSTRAP_TRACE] { event: 'download_error', type: 'llm', error: 'Network error' }

      at info (src/services/ai/runtimeDebug.ts:151:11)
          at Generator.throw (<anonymous>)

    console.info
      [BOOTSTRAP_TRACE] {
        event: 'bootstrap_check',
        needsLlm: true,
        needsWhisper: false,
        llmAllowed: true,
        hasLocalModel: false,
        hasLocalWhisper: true
      }

      at info (src/services/ai/runtimeDebug.ts:151:11)

    console.info
      [BOOTSTRAP_TRACE] {
        event: 'download_prepare',
        type: 'llm',
        modelName: 'gemma-4-E4B-it.litertlm'
      }

      at info (src/services/ai/runtimeDebug.ts:151:11)

    console.info
      [BOOTSTRAP_TRACE] {
        event: 'download_finalize_existing_partial',
        type: 'llm',
        modelName: 'gemma-4-E4B-it.litertlm',
        partialUri: 'file:///mock/gemma-4-E4B-it.litertlm.partial',
        size: 3600000000
      }

      at info (src/services/ai/runtimeDebug.ts:151:11)

    console.info
      [BOOTSTRAP_TRACE] {
        event: 'download_verifying',
        type: 'llm',
        targetUri: 'file:///mock/gemma-4-E4B-it.litertlm'
      }

      at info (src/services/ai/runtimeDebug.ts:151:11)

    console.info
      [BOOTSTRAP_TRACE] {
        event: 'download_complete',
        type: 'llm',
        targetUri: 'file:///mock/gemma-4-E4B-it.litertlm',
        size: 3600000000
      }

      at info (src/services/ai/runtimeDebug.ts:151:11)

    console.info
      [BOOTSTRAP_TRACE] {
        event: 'bootstrap_check',
        needsLlm: true,
        needsWhisper: false,
        llmAllowed: true,
        hasLocalModel: false,
        hasLocalWhisper: true
      }

      at info (src/services/ai/runtimeDebug.ts:151:11)

    console.info
      [BOOTSTRAP_TRACE] {
        event: 'download_prepare',
        type: 'llm',
        modelName: 'gemma-4-E4B-it.litertlm'
      }

      at info (src/services/ai/runtimeDebug.ts:151:11)

    console.info
      [BOOTSTRAP_TRACE] {
        event: 'download_interrupted_partial_detected',
        type: 'llm',
        modelName: 'gemma-4-E4B-it.litertlm',
        partialUri: 'file:///mock/gemma-4-E4B-it.litertlm.partial',
        size: 1000000
      }

      at info (src/services/ai/runtimeDebug.ts:151:11)
          at Generator.throw (<anonymous>)

    console.info
      [BOOTSTRAP_TRACE] {
        event: 'bootstrap_check',
        needsLlm: true,
        needsWhisper: false,
        llmAllowed: true,
        hasLocalModel: false,
        hasLocalWhisper: true
      }

      at info (src/services/ai/runtimeDebug.ts:151:11)

    console.info
      [BOOTSTRAP_TRACE] {
        event: 'download_prepare',
        type: 'llm',
        modelName: 'gemma-4-E4B-it.litertlm'
      }

      at info (src/services/ai/runtimeDebug.ts:151:11)

    console.info
      [BOOTSTRAP_TRACE] {
        event: 'download_start',
        type: 'llm',
        modelName: 'gemma-4-E4B-it.litertlm',
        url: 'https://huggingface.co/litert-community/gemma-4-E4B-it-litert-lm/resolve/main/gemma-4-E4B-it.litertlm'
      }

      at info (src/services/ai/runtimeDebug.ts:151:11)

    console.info
      [BOOTSTRAP_TRACE] {
        event: 'download_verifying',
        type: 'llm',
        targetUri: 'file:///mock/gemma-4-E4B-it.litertlm'
      }

      at info (src/services/ai/runtimeDebug.ts:151:11)

    console.info
      [BOOTSTRAP_TRACE] {
        event: 'download_complete',
        type: 'llm',
        targetUri: 'file:///mock/gemma-4-E4B-it.litertlm',
        size: 3600000000
      }

      at info (src/services/ai/runtimeDebug.ts:151:11)

    console.info
      [BOOTSTRAP_TRACE] {
        event: 'discovered_existing_local_model',
        path: 'file:///storage/emulated/0/Download/gemma-4-E4B-it.litertlm',
        size: 3600000000,
        modifiedAt: 200
      }

      at info (src/services/ai/runtimeDebug.ts:151:11)

    console.info
      [BOOTSTRAP_TRACE] {
        event: 'bootstrap_check',
        needsLlm: true,
        needsWhisper: false,
        llmAllowed: true,
        hasLocalModel: false,
        hasLocalWhisper: true
      }

      at info (src/services/ai/runtimeDebug.ts:151:11)

    console.info
      [BOOTSTRAP_TRACE] {
        event: 'download_prepare',
        type: 'llm',
        modelName: 'gemma-4-E4B-it.litertlm'
      }

      at info (src/services/ai/runtimeDebug.ts:151:11)

    console.info
      [BOOTSTRAP_TRACE] {
        event: 'download_start',
        type: 'llm',
        modelName: 'gemma-4-E4B-it.litertlm',
        url: 'https://huggingface.co/litert-community/gemma-4-E4B-it-litert-lm/resolve/main/gemma-4-E4B-it.litertlm'
      }

      at info (src/services/ai/runtimeDebug.ts:151:11)

    console.info
      [BOOTSTRAP_TRACE] {
        event: 'download_verifying',
        type: 'llm',
        targetUri: 'file:///mock/gemma-4-E4B-it.litertlm'
      }

      at info (src/services/ai/runtimeDebug.ts:151:11)

    console.info
      [BOOTSTRAP_TRACE] {
        event: 'download_complete',
        type: 'llm',
        targetUri: 'file:///mock/gemma-4-E4B-it.litertlm',
        size: 3600000000
      }

      at info (src/services/ai/runtimeDebug.ts:151:11)

PASS src/hooks/useAppBootstrap.unit.test.ts
  ● Console

    console.log
      RUNTIME ERROR TRACE Error: 
          at reportStartupHealth (/Users/vishnugnair/Guru-3/src/services/startupHealth.ts:22:69)
          at /Users/vishnugnair/Guru-3/src/hooks/useAppBootstrap.ts:178:26

      at log (src/services/startupHealth.ts:22:42)

    console.log
      GURU_HEALTH:runtime_error:bootstrap exploded

      at log (src/services/startupHealth.ts:24:13)

PASS src/services/syncCrypto.unit.test.ts
PASS src/hooks/useGuruChat.unit.test.ts
  ● Console

    console.error
      react-test-renderer is deprecated. See https://react.dev/warnings/react-test-renderer

       95 |     const onSessionMemoryUpdated = jest.fn();
       96 |
    >  97 |     const { result } = renderHook(() =>
          |                                  ^
       98 |       useGuruChat({
       99 |         model: { provider: 'fallback', modelId: 'test', specificationVersion: 'v2' } as any,
      100 |         threadId: 42,

      at Object.process.env.NODE_ENV.exports.create (node_modules/react-test-renderer/cjs/react-test-renderer.development.js:14598:17)
      at create (node_modules/@testing-library/react-native/src/render-act.ts:15:29)
      at callback (node_modules/@testing-library/react-native/src/act.ts:31:24)
      at process.env.NODE_ENV.exports.act (node_modules/react/cjs/react.development.js:789:22)
      at actImplementation (node_modules/@testing-library/react-native/src/act.ts:30:25)
      at renderWithAct (node_modules/@testing-library/react-native/src/render-act.ts:13:11)
      at renderInternal (node_modules/@testing-library/react-native/src/render.tsx:69:33)
      at renderInternal (node_modules/@testing-library/react-native/src/render.tsx:44:10)
      at renderHook (node_modules/@testing-library/react-native/src/render-hook.tsx:55:58)
      at Object.<anonymous> (src/hooks/useGuruChat.unit.test.ts:97:34)
      at asyncGeneratorStep (node_modules/@babel/runtime/helpers/asyncToGenerator.js:3:17)
      at _next (node_modules/@babel/runtime/helpers/asyncToGenerator.js:17:9)
      at node_modules/@babel/runtime/helpers/asyncToGenerator.js:22:7
      at Object.<anonymous> (node_modules/@babel/runtime/helpers/asyncToGenerator.js:14:12)

    console.error
      react-test-renderer is deprecated. See https://react.dev/warnings/react-test-renderer

      158 |     }));
      159 |
    > 160 |     const { result } = renderHook(() =>
          |                                  ^
      161 |       useGuruChat({
      162 |         model: { provider: 'fallback', modelId: 'test', specificationVersion: 'v2' } as any,
      163 |         threadId: 42,

      at Object.process.env.NODE_ENV.exports.create (node_modules/react-test-renderer/cjs/react-test-renderer.development.js:14598:17)
      at create (node_modules/@testing-library/react-native/src/render-act.ts:15:29)
      at callback (node_modules/@testing-library/react-native/src/act.ts:31:24)
      at process.env.NODE_ENV.exports.act (node_modules/react/cjs/react.development.js:789:22)
      at actImplementation (node_modules/@testing-library/react-native/src/act.ts:30:25)
      at renderWithAct (node_modules/@testing-library/react-native/src/render-act.ts:13:11)
      at renderInternal (node_modules/@testing-library/react-native/src/render.tsx:69:33)
      at renderInternal (node_modules/@testing-library/react-native/src/render.tsx:44:10)
      at renderHook (node_modules/@testing-library/react-native/src/render-hook.tsx:55:58)
      at Object.<anonymous> (src/hooks/useGuruChat.unit.test.ts:160:34)
      at asyncGeneratorStep (node_modules/@babel/runtime/helpers/asyncToGenerator.js:3:17)
      at _next (node_modules/@babel/runtime/helpers/asyncToGenerator.js:17:9)
      at node_modules/@babel/runtime/helpers/asyncToGenerator.js:22:7
      at Object.<anonymous> (node_modules/@babel/runtime/helpers/asyncToGenerator.js:14:12)

    console.error
      react-test-renderer is deprecated. See https://react.dev/warnings/react-test-renderer

      196 |
      197 |   it('skips persistence side effects when no thread exists yet', async () => {
    > 198 |     const { result } = renderHook(() =>
          |                                  ^
      199 |       useGuruChat({
      200 |         model: { provider: 'fallback', modelId: 'test', specificationVersion: 'v2' } as any,
      201 |         threadId: null,

      at Object.process.env.NODE_ENV.exports.create (node_modules/react-test-renderer/cjs/react-test-renderer.development.js:14598:17)
      at create (node_modules/@testing-library/react-native/src/render-act.ts:15:29)
      at callback (node_modules/@testing-library/react-native/src/act.ts:31:24)
      at process.env.NODE_ENV.exports.act (node_modules/react/cjs/react.development.js:789:22)
      at actImplementation (node_modules/@testing-library/react-native/src/act.ts:30:25)
      at renderWithAct (node_modules/@testing-library/react-native/src/render-act.ts:13:11)
      at renderInternal (node_modules/@testing-library/react-native/src/render.tsx:69:33)
      at renderInternal (node_modules/@testing-library/react-native/src/render.tsx:44:10)
      at renderHook (node_modules/@testing-library/react-native/src/render-hook.tsx:55:58)
      at Object.<anonymous> (src/hooks/useGuruChat.unit.test.ts:198:34)
      at asyncGeneratorStep (node_modules/@babel/runtime/helpers/asyncToGenerator.js:3:17)
      at _next (node_modules/@babel/runtime/helpers/asyncToGenerator.js:17:9)
      at node_modules/@babel/runtime/helpers/asyncToGenerator.js:22:7
      at Object.<anonymous> (node_modules/@babel/runtime/helpers/asyncToGenerator.js:14:12)

    console.error
      react-test-renderer is deprecated. See https://react.dev/warnings/react-test-renderer

      216 |
      217 |   it('persists using persistThreadId when hook threadId is still null', async () => {
    > 218 |     const { result } = renderHook(() =>
          |                                  ^
      219 |       useGuruChat({
      220 |         model: { provider: 'fallback', modelId: 'test', specificationVersion: 'v2' } as any,
      221 |         threadId: null,

      at Object.process.env.NODE_ENV.exports.create (node_modules/react-test-renderer/cjs/react-test-renderer.development.js:14598:17)
      at create (node_modules/@testing-library/react-native/src/render-act.ts:15:29)
      at callback (node_modules/@testing-library/react-native/src/act.ts:31:24)
      at process.env.NODE_ENV.exports.act (node_modules/react/cjs/react.development.js:789:22)
      at actImplementation (node_modules/@testing-library/react-native/src/act.ts:30:25)
      at renderWithAct (node_modules/@testing-library/react-native/src/render-act.ts:13:11)
      at renderInternal (node_modules/@testing-library/react-native/src/render.tsx:69:33)
      at renderInternal (node_modules/@testing-library/react-native/src/render.tsx:44:10)
      at renderHook (node_modules/@testing-library/react-native/src/render-hook.tsx:55:58)
      at Object.<anonymous> (src/hooks/useGuruChat.unit.test.ts:218:34)
      at asyncGeneratorStep (node_modules/@babel/runtime/helpers/asyncToGenerator.js:3:17)
      at _next (node_modules/@babel/runtime/helpers/asyncToGenerator.js:17:9)
      at node_modules/@babel/runtime/helpers/asyncToGenerator.js:22:7
      at Object.<anonymous> (node_modules/@babel/runtime/helpers/asyncToGenerator.js:14:12)

PASS src/components/ReviewCalendar.unit.test.tsx
  ● Console

    console.error
      react-test-renderer is deprecated. See https://react.dev/warnings/react-test-renderer

      49 |
      50 |   it('renders current month and year correctly', async () => {
    > 51 |     const { getByText } = render(<ReviewCalendar />);
         |                                 ^
      52 |
      53 |     await waitFor(() => {
      54 |       expect(getByText('October 2023')).toBeTruthy();

      at Object.process.env.NODE_ENV.exports.create (node_modules/react-test-renderer/cjs/react-test-renderer.development.js:14598:17)
      at create (node_modules/@testing-library/react-native/src/render-act.ts:15:29)
      at callback (node_modules/@testing-library/react-native/src/act.ts:31:24)
      at process.env.NODE_ENV.exports.act (node_modules/react/cjs/react.development.js:789:22)
      at actImplementation (node_modules/@testing-library/react-native/src/act.ts:30:25)
      at renderWithAct (node_modules/@testing-library/react-native/src/render-act.ts:13:11)
      at renderInternal (node_modules/@testing-library/react-native/src/render.tsx:69:33)
      at renderInternal (node_modules/@testing-library/react-native/src/render.tsx:44:10)
      at Object.<anonymous> (src/components/ReviewCalendar.unit.test.tsx:51:33)
      at asyncGeneratorStep (node_modules/@babel/runtime/helpers/asyncToGenerator.js:3:17)
      at _next (node_modules/@babel/runtime/helpers/asyncToGenerator.js:17:9)
      at node_modules/@babel/runtime/helpers/asyncToGenerator.js:22:7
      at Object.<anonymous> (node_modules/@babel/runtime/helpers/asyncToGenerator.js:14:12)

    console.error
      react-test-renderer is deprecated. See https://react.dev/warnings/react-test-renderer

      59 |
      60 |   it('navigates to previous month', async () => {
    > 61 |     const { getByText, UNSAFE_getAllByType } = render(<ReviewCalendar />);
         |                                                      ^
      62 |
      63 |     // Find the back button - it's the first TouchableOpacity in the header
      64 |     const buttons = UNSAFE_getAllByType(TouchableOpacity);

      at Object.process.env.NODE_ENV.exports.create (node_modules/react-test-renderer/cjs/react-test-renderer.development.js:14598:17)
      at create (node_modules/@testing-library/react-native/src/render-act.ts:15:29)
      at callback (node_modules/@testing-library/react-native/src/act.ts:31:24)
      at process.env.NODE_ENV.exports.act (node_modules/react/cjs/react.development.js:789:22)
      at actImplementation (node_modules/@testing-library/react-native/src/act.ts:30:25)
      at renderWithAct (node_modules/@testing-library/react-native/src/render-act.ts:13:11)
      at renderInternal (node_modules/@testing-library/react-native/src/render.tsx:69:33)
      at renderInternal (node_modules/@testing-library/react-native/src/render.tsx:44:10)
      at Object.<anonymous> (src/components/ReviewCalendar.unit.test.tsx:61:54)
      at asyncGeneratorStep (node_modules/@babel/runtime/helpers/asyncToGenerator.js:3:17)
      at _next (node_modules/@babel/runtime/helpers/asyncToGenerator.js:17:9)
      at node_modules/@babel/runtime/helpers/asyncToGenerator.js:22:7
      at Object.<anonymous> (node_modules/@babel/runtime/helpers/asyncToGenerator.js:14:12)

    console.error
      react-test-renderer is deprecated. See https://react.dev/warnings/react-test-renderer

      77 |
      78 |   it('navigates to next month', async () => {
    > 79 |     const { getByText, UNSAFE_getAllByType } = render(<ReviewCalendar />);
         |                                                      ^
      80 |
      81 |     const buttons = UNSAFE_getAllByType(TouchableOpacity);
      82 |     const nextBtn = buttons[1];

      at Object.process.env.NODE_ENV.exports.create (node_modules/react-test-renderer/cjs/react-test-renderer.development.js:14598:17)
      at create (node_modules/@testing-library/react-native/src/render-act.ts:15:29)
      at callback (node_modules/@testing-library/react-native/src/act.ts:31:24)
      at process.env.NODE_ENV.exports.act (node_modules/react/cjs/react.development.js:789:22)
      at actImplementation (node_modules/@testing-library/react-native/src/act.ts:30:25)
      at renderWithAct (node_modules/@testing-library/react-native/src/render-act.ts:13:11)
      at renderInternal (node_modules/@testing-library/react-native/src/render.tsx:69:33)
      at renderInternal (node_modules/@testing-library/react-native/src/render.tsx:44:10)
      at Object.<anonymous> (src/components/ReviewCalendar.unit.test.tsx:79:54)
      at asyncGeneratorStep (node_modules/@babel/runtime/helpers/asyncToGenerator.js:3:17)
      at _next (node_modules/@babel/runtime/helpers/asyncToGenerator.js:17:9)
      at node_modules/@babel/runtime/helpers/asyncToGenerator.js:22:7
      at Object.<anonymous> (node_modules/@babel/runtime/helpers/asyncToGenerator.js:14:12)

    console.error
      react-test-renderer is deprecated. See https://react.dev/warnings/react-test-renderer

       96 |     (getReviewCalendarData as jest.Mock).mockResolvedValue(mockReviewData);
       97 |
    >  98 |     const { getByText, getByLabelText } = render(<ReviewCalendar />);
          |                                                 ^
       99 |
      100 |     await waitFor(() => {
      101 |       expect(getByText('101 reviews scheduled')).toBeTruthy();

      at Object.process.env.NODE_ENV.exports.create (node_modules/react-test-renderer/cjs/react-test-renderer.development.js:14598:17)
      at create (node_modules/@testing-library/react-native/src/render-act.ts:15:29)
      at callback (node_modules/@testing-library/react-native/src/act.ts:31:24)
      at process.env.NODE_ENV.exports.act (node_modules/react/cjs/react.development.js:789:22)
      at actImplementation (node_modules/@testing-library/react-native/src/act.ts:30:25)
      at renderWithAct (node_modules/@testing-library/react-native/src/render-act.ts:13:11)
      at renderInternal (node_modules/@testing-library/react-native/src/render.tsx:69:33)
      at renderInternal (node_modules/@testing-library/react-native/src/render.tsx:44:10)
      at Object.<anonymous> (src/components/ReviewCalendar.unit.test.tsx:98:49)
      at asyncGeneratorStep (node_modules/@babel/runtime/helpers/asyncToGenerator.js:3:17)
      at _next (node_modules/@babel/runtime/helpers/asyncToGenerator.js:17:9)
      at node_modules/@babel/runtime/helpers/asyncToGenerator.js:22:7
      at Object.<anonymous> (node_modules/@babel/runtime/helpers/asyncToGenerator.js:14:12)

    console.error
      react-test-renderer is deprecated. See https://react.dev/warnings/react-test-renderer

      115 |     (getReviewCalendarData as jest.Mock).mockResolvedValue(mockReviewData);
      116 |
    > 117 |     const { getByLabelText, getByText, queryByText } = render(<ReviewCalendar />);
          |                                                              ^
      118 |
      119 |     await waitFor(() => {
      120 |       expect(getByText('101 reviews scheduled')).toBeTruthy();

      at Object.process.env.NODE_ENV.exports.create (node_modules/react-test-renderer/cjs/react-test-renderer.development.js:14598:17)
      at create (node_modules/@testing-library/react-native/src/render-act.ts:15:29)
      at callback (node_modules/@testing-library/react-native/src/act.ts:31:24)
      at process.env.NODE_ENV.exports.act (node_modules/react/cjs/react.development.js:789:22)
      at actImplementation (node_modules/@testing-library/react-native/src/act.ts:30:25)
      at renderWithAct (node_modules/@testing-library/react-native/src/render-act.ts:13:11)
      at renderInternal (node_modules/@testing-library/react-native/src/render.tsx:69:33)
      at renderInternal (node_modules/@testing-library/react-native/src/render.tsx:44:10)
      at Object.<anonymous> (src/components/ReviewCalendar.unit.test.tsx:117:62)
      at asyncGeneratorStep (node_modules/@babel/runtime/helpers/asyncToGenerator.js:3:17)
      at _next (node_modules/@babel/runtime/helpers/asyncToGenerator.js:17:9)
      at node_modules/@babel/runtime/helpers/asyncToGenerator.js:22:7
      at Object.<anonymous> (node_modules/@babel/runtime/helpers/asyncToGenerator.js:14:12)

    console.error
      react-test-renderer is deprecated. See https://react.dev/warnings/react-test-renderer

      139 |
      140 |   it('correctly transitions year when changing months', async () => {
    > 141 |     const { UNSAFE_getAllByType, getByText } = render(<ReviewCalendar />);
          |                                                      ^
      142 |     const buttons = UNSAFE_getAllByType(TouchableOpacity);
      143 |     const backBtn = buttons[0];
      144 |

      at Object.process.env.NODE_ENV.exports.create (node_modules/react-test-renderer/cjs/react-test-renderer.development.js:14598:17)
      at create (node_modules/@testing-library/react-native/src/render-act.ts:15:29)
      at callback (node_modules/@testing-library/react-native/src/act.ts:31:24)
      at process.env.NODE_ENV.exports.act (node_modules/react/cjs/react.development.js:789:22)
      at actImplementation (node_modules/@testing-library/react-native/src/act.ts:30:25)
      at renderWithAct (node_modules/@testing-library/react-native/src/render-act.ts:13:11)
      at renderInternal (node_modules/@testing-library/react-native/src/render.tsx:69:33)
      at renderInternal (node_modules/@testing-library/react-native/src/render.tsx:44:10)
      at Object.<anonymous> (src/components/ReviewCalendar.unit.test.tsx:141:54)
      at asyncGeneratorStep (node_modules/@babel/runtime/helpers/asyncToGenerator.js:3:17)
      at _next (node_modules/@babel/runtime/helpers/asyncToGenerator.js:17:9)
      at node_modules/@babel/runtime/helpers/asyncToGenerator.js:22:7
      at Object.<anonymous> (node_modules/@babel/runtime/helpers/asyncToGenerator.js:14:12)

PASS src/components/home/CompactQuickStatsBar.unit.test.tsx
  ● Console

    console.error
      react-test-renderer is deprecated. See https://react.dev/warnings/react-test-renderer

      45 |
      46 |   it('renders bar layout, a11y summary, percent mode, streak, and level chip', () => {
    > 47 |     const { getByLabelText, getByText } = render(
         |                                                 ^
      48 |       <CompactQuickStatsBar
      49 |         progressPercent={63}
      50 |         todayMinutes={75}

      at Object.process.env.NODE_ENV.exports.create (node_modules/react-test-renderer/cjs/react-test-renderer.development.js:14598:17)
      at create (node_modules/@testing-library/react-native/src/render-act.ts:15:29)
      at callback (node_modules/@testing-library/react-native/src/act.ts:31:24)
      at process.env.NODE_ENV.exports.act (node_modules/react/cjs/react.development.js:789:22)
      at actImplementation (node_modules/@testing-library/react-native/src/act.ts:30:25)
      at renderWithAct (node_modules/@testing-library/react-native/src/render-act.ts:13:11)
      at renderInternal (node_modules/@testing-library/react-native/src/render.tsx:69:33)
      at renderInternal (node_modules/@testing-library/react-native/src/render.tsx:44:10)
      at Object.<anonymous> (src/components/home/CompactQuickStatsBar.unit.test.tsx:47:49)

    console.error
      react-test-renderer is deprecated. See https://react.dev/warnings/react-test-renderer

      73 |
      74 |   it('shows the current minutes and opens the goal picker on press', () => {
    > 75 |     const { getByText, getByLabelText, getByTestId } = render(
         |                                                              ^
      76 |       <CompactQuickStatsBar
      77 |         progressPercent={63}
      78 |         todayMinutes={75}

      at Object.process.env.NODE_ENV.exports.create (node_modules/react-test-renderer/cjs/react-test-renderer.development.js:14598:17)
      at create (node_modules/@testing-library/react-native/src/render-act.ts:15:29)
      at callback (node_modules/@testing-library/react-native/src/act.ts:31:24)
      at process.env.NODE_ENV.exports.act (node_modules/react/cjs/react.development.js:789:22)
      at actImplementation (node_modules/@testing-library/react-native/src/act.ts:30:25)
      at renderWithAct (node_modules/@testing-library/react-native/src/render-act.ts:13:11)
      at renderInternal (node_modules/@testing-library/react-native/src/render.tsx:69:33)
      at renderInternal (node_modules/@testing-library/react-native/src/render.tsx:44:10)
      at Object.<anonymous> (src/components/home/CompactQuickStatsBar.unit.test.tsx:75:62)

    console.error
      react-test-renderer is deprecated. See https://react.dev/warnings/react-test-renderer

      90 |
      91 |   it('rounds progress percent for display and a11y label', () => {
    > 92 |     const { getByText, getByLabelText } = render(
         |                                                 ^
      93 |       <CompactQuickStatsBar
      94 |         progressPercent={62.6}
      95 |         todayMinutes={0}

      at Object.process.env.NODE_ENV.exports.create (node_modules/react-test-renderer/cjs/react-test-renderer.development.js:14598:17)
      at create (node_modules/@testing-library/react-native/src/render-act.ts:15:29)
      at callback (node_modules/@testing-library/react-native/src/act.ts:31:24)
      at process.env.NODE_ENV.exports.act (node_modules/react/cjs/react.development.js:789:22)
      at actImplementation (node_modules/@testing-library/react-native/src/act.ts:30:25)
      at renderWithAct (node_modules/@testing-library/react-native/src/render-act.ts:13:11)
      at renderInternal (node_modules/@testing-library/react-native/src/render.tsx:69:33)
      at renderInternal (node_modules/@testing-library/react-native/src/render.tsx:44:10)
      at Object.<anonymous> (src/components/home/CompactQuickStatsBar.unit.test.tsx:92:49)

    console.error
      react-test-renderer is deprecated. See https://react.dev/warnings/react-test-renderer

      105 |
      106 |   it('clamps progress percent into 0–100 for bar and label', () => {
    > 107 |     const { getByText, getByLabelText } = render(
          |                                                 ^
      108 |       <CompactQuickStatsBar
      109 |         progressPercent={150}
      110 |         todayMinutes={200}

      at Object.process.env.NODE_ENV.exports.create (node_modules/react-test-renderer/cjs/react-test-renderer.development.js:14598:17)
      at create (node_modules/@testing-library/react-native/src/render-act.ts:15:29)
      at callback (node_modules/@testing-library/react-native/src/act.ts:31:24)
      at process.env.NODE_ENV.exports.act (node_modules/react/cjs/react.development.js:789:22)
      at actImplementation (node_modules/@testing-library/react-native/src/act.ts:30:25)
      at renderWithAct (node_modules/@testing-library/react-native/src/render-act.ts:13:11)
      at renderInternal (node_modules/@testing-library/react-native/src/render.tsx:69:33)
      at renderInternal (node_modules/@testing-library/react-native/src/render.tsx:44:10)
      at Object.<anonymous> (src/components/home/CompactQuickStatsBar.unit.test.tsx:107:49)

    console.error
      react-test-renderer is deprecated. See https://react.dev/warnings/react-test-renderer

      121 |   it('shows overlay goal chips on press, then persists a new goal', async () => {
      122 |     const onGoalChange = jest.fn();
    > 123 |     const { getByTestId, getByText, getByLabelText, queryByText } = render(
          |                                                                           ^
      124 |       <CompactQuickStatsBar
      125 |         progressPercent={63}
      126 |         todayMinutes={75}

      at Object.process.env.NODE_ENV.exports.create (node_modules/react-test-renderer/cjs/react-test-renderer.development.js:14598:17)
      at create (node_modules/@testing-library/react-native/src/render-act.ts:15:29)
      at callback (node_modules/@testing-library/react-native/src/act.ts:31:24)
      at process.env.NODE_ENV.exports.act (node_modules/react/cjs/react.development.js:789:22)
      at actImplementation (node_modules/@testing-library/react-native/src/act.ts:30:25)
      at renderWithAct (node_modules/@testing-library/react-native/src/render-act.ts:13:11)
      at renderInternal (node_modules/@testing-library/react-native/src/render.tsx:69:33)
      at renderInternal (node_modules/@testing-library/react-native/src/render.tsx:44:10)
      at Object.<anonymous> (src/components/home/CompactQuickStatsBar.unit.test.tsx:123:75)
      at asyncGeneratorStep (node_modules/@babel/runtime/helpers/asyncToGenerator.js:3:17)
      at _next (node_modules/@babel/runtime/helpers/asyncToGenerator.js:17:9)
      at node_modules/@babel/runtime/helpers/asyncToGenerator.js:22:7
      at Object.<anonymous> (node_modules/@babel/runtime/helpers/asyncToGenerator.js:14:12)

PASS src/components/settings/ApiKeySection.unit.test.tsx
  ● Console

    console.error
      react-test-renderer is deprecated. See https://react.dev/warnings/react-test-renderer

      51 |  */
      52 | export function renderWithProviders(ui: ReactElement, options?: Omit<RenderOptions, 'wrapper'>) {
    > 53 |   return render(ui, { wrapper: AllTheProviders, ...options });
         |                ^
      54 | }
      55 |
      56 | // Re-export everything from testing-library so this file can be used as a drop-in replacement

      at Object.process.env.NODE_ENV.exports.create (node_modules/react-test-renderer/cjs/react-test-renderer.development.js:14598:17)
      at create (node_modules/@testing-library/react-native/src/render-act.ts:15:29)
      at callback (node_modules/@testing-library/react-native/src/act.ts:31:24)
      at process.env.NODE_ENV.exports.act (node_modules/react/cjs/react.development.js:789:22)
      at actImplementation (node_modules/@testing-library/react-native/src/act.ts:30:25)
      at renderWithAct (node_modules/@testing-library/react-native/src/render-act.ts:13:11)
      at renderInternal (node_modules/@testing-library/react-native/src/render.tsx:69:33)
      at renderInternal (node_modules/@testing-library/react-native/src/render.tsx:44:10)
      at renderWithProviders (src/test-utils/renderWrappers.tsx:53:16)
      at Object.<anonymous> (src/components/settings/ApiKeySection.unit.test.tsx:18:55)

    console.error
      react-test-renderer is deprecated. See https://react.dev/warnings/react-test-renderer

      51 |  */
      52 | export function renderWithProviders(ui: ReactElement, options?: Omit<RenderOptions, 'wrapper'>) {
    > 53 |   return render(ui, { wrapper: AllTheProviders, ...options });
         |                ^
      54 | }
      55 |
      56 | // Re-export everything from testing-library so this file can be used as a drop-in replacement

      at Object.process.env.NODE_ENV.exports.create (node_modules/react-test-renderer/cjs/react-test-renderer.development.js:14598:17)
      at create (node_modules/@testing-library/react-native/src/render-act.ts:15:29)
      at callback (node_modules/@testing-library/react-native/src/act.ts:31:24)
      at process.env.NODE_ENV.exports.act (node_modules/react/cjs/react.development.js:789:22)
      at actImplementation (node_modules/@testing-library/react-native/src/act.ts:30:25)
      at renderWithAct (node_modules/@testing-library/react-native/src/render-act.ts:13:11)
      at renderInternal (node_modules/@testing-library/react-native/src/render.tsx:69:33)
      at renderInternal (node_modules/@testing-library/react-native/src/render.tsx:44:10)
      at renderWithProviders (src/test-utils/renderWrappers.tsx:53:16)
      at Object.<anonymous> (src/components/settings/ApiKeySection.unit.test.tsx:29:44)

    console.error
      react-test-renderer is deprecated. See https://react.dev/warnings/react-test-renderer

      51 |  */
      52 | export function renderWithProviders(ui: ReactElement, options?: Omit<RenderOptions, 'wrapper'>) {
    > 53 |   return render(ui, { wrapper: AllTheProviders, ...options });
         |                ^
      54 | }
      55 |
      56 | // Re-export everything from testing-library so this file can be used as a drop-in replacement

      at Object.process.env.NODE_ENV.exports.create (node_modules/react-test-renderer/cjs/react-test-renderer.development.js:14598:17)
      at create (node_modules/@testing-library/react-native/src/render-act.ts:15:29)
      at callback (node_modules/@testing-library/react-native/src/act.ts:31:24)
      at process.env.NODE_ENV.exports.act (node_modules/react/cjs/react.development.js:789:22)
      at actImplementation (node_modules/@testing-library/react-native/src/act.ts:30:25)
      at renderWithAct (node_modules/@testing-library/react-native/src/render-act.ts:13:11)
      at renderInternal (node_modules/@testing-library/react-native/src/render.tsx:69:33)
      at renderInternal (node_modules/@testing-library/react-native/src/render.tsx:44:10)
      at renderWithProviders (src/test-utils/renderWrappers.tsx:53:16)
      at Object.<anonymous> (src/components/settings/ApiKeySection.unit.test.tsx:39:44)

    console.error
      react-test-renderer is deprecated. See https://react.dev/warnings/react-test-renderer

      51 |  */
      52 | export function renderWithProviders(ui: ReactElement, options?: Omit<RenderOptions, 'wrapper'>) {
    > 53 |   return render(ui, { wrapper: AllTheProviders, ...options });
         |                ^
      54 | }
      55 |
      56 | // Re-export everything from testing-library so this file can be used as a drop-in replacement

      at Object.process.env.NODE_ENV.exports.create (node_modules/react-test-renderer/cjs/react-test-renderer.development.js:14598:17)
      at create (node_modules/@testing-library/react-native/src/render-act.ts:15:29)
      at callback (node_modules/@testing-library/react-native/src/act.ts:31:24)
      at process.env.NODE_ENV.exports.act (node_modules/react/cjs/react.development.js:789:22)
      at actImplementation (node_modules/@testing-library/react-native/src/act.ts:30:25)
      at renderWithAct (node_modules/@testing-library/react-native/src/render-act.ts:13:11)
      at renderInternal (node_modules/@testing-library/react-native/src/render.tsx:69:33)
      at renderInternal (node_modules/@testing-library/react-native/src/render.tsx:44:10)
      at renderWithProviders (src/test-utils/renderWrappers.tsx:53:16)
      at Object.<anonymous> (src/components/settings/ApiKeySection.unit.test.tsx:47:44)

    console.error
      react-test-renderer is deprecated. See https://react.dev/warnings/react-test-renderer

      51 |  */
      52 | export function renderWithProviders(ui: ReactElement, options?: Omit<RenderOptions, 'wrapper'>) {
    > 53 |   return render(ui, { wrapper: AllTheProviders, ...options });
         |                ^
      54 | }
      55 |
      56 | // Re-export everything from testing-library so this file can be used as a drop-in replacement

      at Object.process.env.NODE_ENV.exports.create (node_modules/react-test-renderer/cjs/react-test-renderer.development.js:14598:17)
      at create (node_modules/@testing-library/react-native/src/render-act.ts:15:29)
      at callback (node_modules/@testing-library/react-native/src/act.ts:31:24)
      at process.env.NODE_ENV.exports.act (node_modules/react/cjs/react.development.js:789:22)
      at actImplementation (node_modules/@testing-library/react-native/src/act.ts:30:25)
      at renderWithAct (node_modules/@testing-library/react-native/src/render-act.ts:13:11)
      at renderInternal (node_modules/@testing-library/react-native/src/render.tsx:69:33)
      at renderInternal (node_modules/@testing-library/react-native/src/render.tsx:44:10)
      at renderWithProviders (src/test-utils/renderWrappers.tsx:53:16)
      at Object.<anonymous> (src/components/settings/ApiKeySection.unit.test.tsx:55:44)

PASS src/services/ai/imageIntent.unit.test.ts
PASS src/services/ai/chat.unit.test.ts
  ● Console

    console.warn
      [GuruStudyChat] Reply appears truncated, requesting continuation. { attempt: 1, maxAttempts: 4, chars: 330 }

      81 |     if (!looksTruncatedReply(finalReply)) break;
      82 |     if (__DEV__) {
    > 83 |       console.warn('[GuruStudyChat] Reply appears truncated, requesting continuation.', {
         |               ^
      84 |         attempt,
      85 |         maxAttempts: MAX_CONTINUATION_ATTEMPTS,
      86 |         chars: finalReply.length,

      at warn (src/services/ai/chat/index.ts:83:15)
      at asyncGeneratorStep (node_modules/@babel/runtime/helpers/asyncToGenerator.js:3:17)
      at _next (node_modules/@babel/runtime/helpers/asyncToGenerator.js:17:9)

PASS src/services/ai/medicalFactCheck.unit.test.ts
PASS src/components/settings/StudyGoalsSection.unit.test.tsx
  ● Console

    console.error
      react-test-renderer is deprecated. See https://react.dev/warnings/react-test-renderer

      20 |
      21 |   it('renders correctly with default props', () => {
    > 22 |     const { getByText, getByDisplayValue } = render(<StudyGoalsSection {...defaultProps} />);
         |                                                    ^
      23 |
      24 |     expect(getByText('STUDY GOALS')).toBeTruthy();
      25 |     expect(getByText('INICET Exam Date')).toBeTruthy();

      at Object.process.env.NODE_ENV.exports.create (node_modules/react-test-renderer/cjs/react-test-renderer.development.js:14598:17)
      at create (node_modules/@testing-library/react-native/src/render-act.ts:15:29)
      at callback (node_modules/@testing-library/react-native/src/act.ts:31:24)
      at process.env.NODE_ENV.exports.act (node_modules/react/cjs/react.development.js:789:22)
      at actImplementation (node_modules/@testing-library/react-native/src/act.ts:30:25)
      at renderWithAct (node_modules/@testing-library/react-native/src/render-act.ts:13:11)
      at renderInternal (node_modules/@testing-library/react-native/src/render.tsx:69:33)
      at renderInternal (node_modules/@testing-library/react-native/src/render.tsx:44:10)
      at Object.<anonymous> (src/components/settings/StudyGoalsSection.unit.test.tsx:22:52)

    console.error
      react-test-renderer is deprecated. See https://react.dev/warnings/react-test-renderer

      35 |
      36 |   it('triggers onInicetDateChange when INICET date is changed', () => {
    > 37 |     const { getByDisplayValue } = render(<StudyGoalsSection {...defaultProps} />);
         |                                         ^
      38 |     const input = getByDisplayValue('2024-05-10');
      39 |     fireEvent.changeText(input, '2024-11-10');
      40 |     expect(defaultProps.onInicetDateChange).toHaveBeenCalledWith('2024-11-10');

      at Object.process.env.NODE_ENV.exports.create (node_modules/react-test-renderer/cjs/react-test-renderer.development.js:14598:17)
      at create (node_modules/@testing-library/react-native/src/render-act.ts:15:29)
      at callback (node_modules/@testing-library/react-native/src/act.ts:31:24)
      at process.env.NODE_ENV.exports.act (node_modules/react/cjs/react.development.js:789:22)
      at actImplementation (node_modules/@testing-library/react-native/src/act.ts:30:25)
      at renderWithAct (node_modules/@testing-library/react-native/src/render-act.ts:13:11)
      at renderInternal (node_modules/@testing-library/react-native/src/render.tsx:69:33)
      at renderInternal (node_modules/@testing-library/react-native/src/render.tsx:44:10)
      at Object.<anonymous> (src/components/settings/StudyGoalsSection.unit.test.tsx:37:41)

    console.error
      react-test-renderer is deprecated. See https://react.dev/warnings/react-test-renderer

      42 |
      43 |   it('triggers onNeetDateChange when NEET date is changed', () => {
    > 44 |     const { getByDisplayValue } = render(<StudyGoalsSection {...defaultProps} />);
         |                                         ^
      45 |     const input = getByDisplayValue('2024-06-23');
      46 |     fireEvent.changeText(input, '2025-01-05');
      47 |     expect(defaultProps.onNeetDateChange).toHaveBeenCalledWith('2025-01-05');

      at Object.process.env.NODE_ENV.exports.create (node_modules/react-test-renderer/cjs/react-test-renderer.development.js:14598:17)
      at create (node_modules/@testing-library/react-native/src/render-act.ts:15:29)
      at callback (node_modules/@testing-library/react-native/src/act.ts:31:24)
      at process.env.NODE_ENV.exports.act (node_modules/react/cjs/react.development.js:789:22)
      at actImplementation (node_modules/@testing-library/react-native/src/act.ts:30:25)
      at renderWithAct (node_modules/@testing-library/react-native/src/render-act.ts:13:11)
      at renderInternal (node_modules/@testing-library/react-native/src/render.tsx:69:33)
      at renderInternal (node_modules/@testing-library/react-native/src/render.tsx:44:10)
      at Object.<anonymous> (src/components/settings/StudyGoalsSection.unit.test.tsx:44:41)

    console.error
      react-test-renderer is deprecated. See https://react.dev/warnings/react-test-renderer

      49 |
      50 |   it('triggers onSessionLengthChange when session length is changed', () => {
    > 51 |     const { getByDisplayValue } = render(<StudyGoalsSection {...defaultProps} />);
         |                                         ^
      52 |     const input = getByDisplayValue('45');
      53 |     fireEvent.changeText(input, '60');
      54 |     expect(defaultProps.onSessionLengthChange).toHaveBeenCalledWith('60');

      at Object.process.env.NODE_ENV.exports.create (node_modules/react-test-renderer/cjs/react-test-renderer.development.js:14598:17)
      at create (node_modules/@testing-library/react-native/src/render-act.ts:15:29)
      at callback (node_modules/@testing-library/react-native/src/act.ts:31:24)
      at process.env.NODE_ENV.exports.act (node_modules/react/cjs/react.development.js:789:22)
      at actImplementation (node_modules/@testing-library/react-native/src/act.ts:30:25)
      at renderWithAct (node_modules/@testing-library/react-native/src/render-act.ts:13:11)
      at renderInternal (node_modules/@testing-library/react-native/src/render.tsx:69:33)
      at renderInternal (node_modules/@testing-library/react-native/src/render.tsx:44:10)
      at Object.<anonymous> (src/components/settings/StudyGoalsSection.unit.test.tsx:51:41)

    console.error
      react-test-renderer is deprecated. See https://react.dev/warnings/react-test-renderer

      56 |
      57 |   it('triggers onDailyGoalChange when daily goal is changed', () => {
    > 58 |     const { getByDisplayValue } = render(<StudyGoalsSection {...defaultProps} />);
         |                                         ^
      59 |     const input = getByDisplayValue('300');
      60 |     fireEvent.changeText(input, '400');
      61 |     expect(defaultProps.onDailyGoalChange).toHaveBeenCalledWith('400');

      at Object.process.env.NODE_ENV.exports.create (node_modules/react-test-renderer/cjs/react-test-renderer.development.js:14598:17)
      at create (node_modules/@testing-library/react-native/src/render-act.ts:15:29)
      at callback (node_modules/@testing-library/react-native/src/act.ts:31:24)
      at process.env.NODE_ENV.exports.act (node_modules/react/cjs/react.development.js:789:22)
      at actImplementation (node_modules/@testing-library/react-native/src/act.ts:30:25)
      at renderWithAct (node_modules/@testing-library/react-native/src/render-act.ts:13:11)
      at renderInternal (node_modules/@testing-library/react-native/src/render.tsx:69:33)
      at renderInternal (node_modules/@testing-library/react-native/src/render.tsx:44:10)
      at Object.<anonymous> (src/components/settings/StudyGoalsSection.unit.test.tsx:58:41)

    console.error
      react-test-renderer is deprecated. See https://react.dev/warnings/react-test-renderer

      63 |
      64 |   it('renders error messages when provided', () => {
    > 65 |     const { getByText } = render(
         |                                 ^
      66 |       <StudyGoalsSection
      67 |         {...defaultProps}
      68 |         errorInicet="Invalid INICET date"

      at Object.process.env.NODE_ENV.exports.create (node_modules/react-test-renderer/cjs/react-test-renderer.development.js:14598:17)
      at create (node_modules/@testing-library/react-native/src/render-act.ts:15:29)
      at callback (node_modules/@testing-library/react-native/src/act.ts:31:24)
      at process.env.NODE_ENV.exports.act (node_modules/react/cjs/react.development.js:789:22)
      at actImplementation (node_modules/@testing-library/react-native/src/act.ts:30:25)
      at renderWithAct (node_modules/@testing-library/react-native/src/render-act.ts:13:11)
      at renderInternal (node_modules/@testing-library/react-native/src/render.tsx:69:33)
      at renderInternal (node_modules/@testing-library/react-native/src/render.tsx:44:10)
      at Object.<anonymous> (src/components/settings/StudyGoalsSection.unit.test.tsx:65:33)

    console.error
      react-test-renderer is deprecated. See https://react.dev/warnings/react-test-renderer

      76 |
      77 |   it('applies error styling when errors are present', () => {
    > 78 |     const { getByDisplayValue } = render(
         |                                         ^
      79 |       <StudyGoalsSection {...defaultProps} errorInicet="Error" />,
      80 |     );
      81 |

      at Object.process.env.NODE_ENV.exports.create (node_modules/react-test-renderer/cjs/react-test-renderer.development.js:14598:17)
      at create (node_modules/@testing-library/react-native/src/render-act.ts:15:29)
      at callback (node_modules/@testing-library/react-native/src/act.ts:31:24)
      at process.env.NODE_ENV.exports.act (node_modules/react/cjs/react.development.js:789:22)
      at actImplementation (node_modules/@testing-library/react-native/src/act.ts:30:25)
      at renderWithAct (node_modules/@testing-library/react-native/src/render-act.ts:13:11)
      at renderInternal (node_modules/@testing-library/react-native/src/render.tsx:69:33)
      at renderInternal (node_modules/@testing-library/react-native/src/render.tsx:44:10)
      at Object.<anonymous> (src/components/settings/StudyGoalsSection.unit.test.tsx:78:41)

    console.error
      react-test-renderer is deprecated. See https://react.dev/warnings/react-test-renderer

      87 |
      88 |   it('uses number-pad keyboard for numeric inputs', () => {
    > 89 |     const { getByDisplayValue } = render(<StudyGoalsSection {...defaultProps} />);
         |                                         ^
      90 |
      91 |     const sessionInput = getByDisplayValue('45');
      92 |     const goalInput = getByDisplayValue('300');

      at Object.process.env.NODE_ENV.exports.create (node_modules/react-test-renderer/cjs/react-test-renderer.development.js:14598:17)
      at create (node_modules/@testing-library/react-native/src/render-act.ts:15:29)
      at callback (node_modules/@testing-library/react-native/src/act.ts:31:24)
      at process.env.NODE_ENV.exports.act (node_modules/react/cjs/react.development.js:789:22)
      at actImplementation (node_modules/@testing-library/react-native/src/act.ts:30:25)
      at renderWithAct (node_modules/@testing-library/react-native/src/render-act.ts:13:11)
      at renderInternal (node_modules/@testing-library/react-native/src/render.tsx:69:33)
      at renderInternal (node_modules/@testing-library/react-native/src/render.tsx:44:10)
      at Object.<anonymous> (src/components/settings/StudyGoalsSection.unit.test.tsx:89:41)

PASS src/services/ai/content.unit.test.ts
  ● Console

    console.warn
      [AIContent] Incomplete content detected, retrying {
        topicId: 42,
        contentType: 'quiz',
        attempt: 1,
        maxAttempts: 3,
        modelUsed: 'groq/test-model'
      }

      273 |       }
      274 |       if (__DEV__) {
    > 275 |         console.warn('[AIContent] Incomplete content detected, retrying', {
          |                 ^
      276 |           topicId: topic.id,
      277 |           contentType,
      278 |           attempt,

      at warn (src/services/ai/content.ts:275:17)
      at asyncGeneratorStep (node_modules/@babel/runtime/helpers/asyncToGenerator.js:3:17)
      at _next (node_modules/@babel/runtime/helpers/asyncToGenerator.js:17:9)

PASS src/services/mindMapAI.unit.test.ts
PASS src/services/ai/v2/vercelCompat.unit.test.ts
PASS src/components/MarkdownRender.unit.test.tsx
  ● Console

    console.error
      react-test-renderer is deprecated. See https://react.dev/warnings/react-test-renderer

      16 |   it('renders content correctly', () => {
      17 |     const content = '# Hello World';
    > 18 |     const { getByText } = render(<MarkdownRender content={content} />);
         |                                 ^
      19 |     expect(getByText(content)).toBeTruthy();
      20 |   });
      21 |

      at Object.process.env.NODE_ENV.exports.create (node_modules/react-test-renderer/cjs/react-test-renderer.development.js:14598:17)
      at create (node_modules/@testing-library/react-native/src/render-act.ts:15:29)
      at callback (node_modules/@testing-library/react-native/src/act.ts:31:24)
      at process.env.NODE_ENV.exports.act (node_modules/react/cjs/react.development.js:789:22)
      at actImplementation (node_modules/@testing-library/react-native/src/act.ts:30:25)
      at renderWithAct (node_modules/@testing-library/react-native/src/render-act.ts:13:11)
      at renderInternal (node_modules/@testing-library/react-native/src/render.tsx:69:33)
      at renderInternal (node_modules/@testing-library/react-native/src/render.tsx:44:10)
      at Object.<anonymous> (src/components/MarkdownRender.unit.test.tsx:18:33)

    console.error
      react-test-renderer is deprecated. See https://react.dev/warnings/react-test-renderer

      22 |   it('renders with compact=true', () => {
      23 |     const content = 'Compact text';
    > 24 |     const { getByText } = render(<MarkdownRender content={content} compact={true} />);
         |                                 ^
      25 |     expect(getByText(content)).toBeTruthy();
      26 |   });
      27 |

      at Object.process.env.NODE_ENV.exports.create (node_modules/react-test-renderer/cjs/react-test-renderer.development.js:14598:17)
      at create (node_modules/@testing-library/react-native/src/render-act.ts:15:29)
      at callback (node_modules/@testing-library/react-native/src/act.ts:31:24)
      at process.env.NODE_ENV.exports.act (node_modules/react/cjs/react.development.js:789:22)
      at actImplementation (node_modules/@testing-library/react-native/src/act.ts:30:25)
      at renderWithAct (node_modules/@testing-library/react-native/src/render-act.ts:13:11)
      at renderInternal (node_modules/@testing-library/react-native/src/render.tsx:69:33)
      at renderInternal (node_modules/@testing-library/react-native/src/render.tsx:44:10)
      at Object.<anonymous> (src/components/MarkdownRender.unit.test.tsx:24:33)

    console.error
      react-test-renderer is deprecated. See https://react.dev/warnings/react-test-renderer

      27 |
      28 |   it('renders empty content', () => {
    > 29 |     const { getByTestId } = render(<MarkdownRender content="" />);
         |                                   ^
      30 |     expect(getByTestId('mock-markdown')).toBeTruthy();
      31 |   });
      32 | });

      at Object.process.env.NODE_ENV.exports.create (node_modules/react-test-renderer/cjs/react-test-renderer.development.js:14598:17)
      at create (node_modules/@testing-library/react-native/src/render-act.ts:15:29)
      at callback (node_modules/@testing-library/react-native/src/act.ts:31:24)
      at process.env.NODE_ENV.exports.act (node_modules/react/cjs/react.development.js:789:22)
      at actImplementation (node_modules/@testing-library/react-native/src/act.ts:30:25)
      at renderWithAct (node_modules/@testing-library/react-native/src/render-act.ts:13:11)
      at renderInternal (node_modules/@testing-library/react-native/src/render.tsx:69:33)
      at renderInternal (node_modules/@testing-library/react-native/src/render.tsx:44:10)
      at Object.<anonymous> (src/components/MarkdownRender.unit.test.tsx:29:35)

PASS src/services/ai/generate.unit.test.ts
PASS src/components/settings/AdvancedToolsSection.unit.test.tsx
  ● Console

    console.error
      react-test-renderer is deprecated. See https://react.dev/warnings/react-test-renderer

      51 |  */
      52 | export function renderWithProviders(ui: ReactElement, options?: Omit<RenderOptions, 'wrapper'>) {
    > 53 |   return render(ui, { wrapper: AllTheProviders, ...options });
         |                ^
      54 | }
      55 |
      56 | // Re-export everything from testing-library so this file can be used as a drop-in replacement

      at Object.process.env.NODE_ENV.exports.create (node_modules/react-test-renderer/cjs/react-test-renderer.development.js:14598:17)
      at create (node_modules/@testing-library/react-native/src/render-act.ts:15:29)
      at callback (node_modules/@testing-library/react-native/src/act.ts:31:24)
      at process.env.NODE_ENV.exports.act (node_modules/react/cjs/react.development.js:789:22)
      at actImplementation (node_modules/@testing-library/react-native/src/act.ts:30:25)
      at renderWithAct (node_modules/@testing-library/react-native/src/render-act.ts:13:11)
      at renderInternal (node_modules/@testing-library/react-native/src/render.tsx:69:33)
      at renderInternal (node_modules/@testing-library/react-native/src/render.tsx:44:10)
      at renderWithProviders (src/test-utils/renderWrappers.tsx:53:16)
      at Object.<anonymous> (src/components/settings/AdvancedToolsSection.unit.test.tsx:22:33)

    console.error
      react-test-renderer is deprecated. See https://react.dev/warnings/react-test-renderer

      51 |  */
      52 | export function renderWithProviders(ui: ReactElement, options?: Omit<RenderOptions, 'wrapper'>) {
    > 53 |   return render(ui, { wrapper: AllTheProviders, ...options });
         |                ^
      54 | }
      55 |
      56 | // Re-export everything from testing-library so this file can be used as a drop-in replacement

      at Object.process.env.NODE_ENV.exports.create (node_modules/react-test-renderer/cjs/react-test-renderer.development.js:14598:17)
      at create (node_modules/@testing-library/react-native/src/render-act.ts:15:29)
      at callback (node_modules/@testing-library/react-native/src/act.ts:31:24)
      at process.env.NODE_ENV.exports.act (node_modules/react/cjs/react.development.js:789:22)
      at actImplementation (node_modules/@testing-library/react-native/src/act.ts:30:25)
      at renderWithAct (node_modules/@testing-library/react-native/src/render-act.ts:13:11)
      at renderInternal (node_modules/@testing-library/react-native/src/render.tsx:69:33)
      at renderInternal (node_modules/@testing-library/react-native/src/render.tsx:44:10)
      at renderWithProviders (src/test-utils/renderWrappers.tsx:53:16)
      at Object.<anonymous> (src/components/settings/AdvancedToolsSection.unit.test.tsx:37:33)

    console.error
      react-test-renderer is deprecated. See https://react.dev/warnings/react-test-renderer

      51 |  */
      52 | export function renderWithProviders(ui: ReactElement, options?: Omit<RenderOptions, 'wrapper'>) {
    > 53 |   return render(ui, { wrapper: AllTheProviders, ...options });
         |                ^
      54 | }
      55 |
      56 | // Re-export everything from testing-library so this file can be used as a drop-in replacement

      at Object.process.env.NODE_ENV.exports.create (node_modules/react-test-renderer/cjs/react-test-renderer.development.js:14598:17)
      at create (node_modules/@testing-library/react-native/src/render-act.ts:15:29)
      at callback (node_modules/@testing-library/react-native/src/act.ts:31:24)
      at process.env.NODE_ENV.exports.act (node_modules/react/cjs/react.development.js:789:22)
      at actImplementation (node_modules/@testing-library/react-native/src/act.ts:30:25)
      at renderWithAct (node_modules/@testing-library/react-native/src/render-act.ts:13:11)
      at renderInternal (node_modules/@testing-library/react-native/src/render.tsx:69:33)
      at renderInternal (node_modules/@testing-library/react-native/src/render.tsx:44:10)
      at renderWithProviders (src/test-utils/renderWrappers.tsx:53:16)
      at Object.<anonymous> (src/components/settings/AdvancedToolsSection.unit.test.tsx:43:33)

    console.error
      react-test-renderer is deprecated. See https://react.dev/warnings/react-test-renderer

      51 |  */
      52 | export function renderWithProviders(ui: ReactElement, options?: Omit<RenderOptions, 'wrapper'>) {
    > 53 |   return render(ui, { wrapper: AllTheProviders, ...options });
         |                ^
      54 | }
      55 |
      56 | // Re-export everything from testing-library so this file can be used as a drop-in replacement

      at Object.process.env.NODE_ENV.exports.create (node_modules/react-test-renderer/cjs/react-test-renderer.development.js:14598:17)
      at create (node_modules/@testing-library/react-native/src/render-act.ts:15:29)
      at callback (node_modules/@testing-library/react-native/src/act.ts:31:24)
      at process.env.NODE_ENV.exports.act (node_modules/react/cjs/react.development.js:789:22)
      at actImplementation (node_modules/@testing-library/react-native/src/act.ts:30:25)
      at renderWithAct (node_modules/@testing-library/react-native/src/render-act.ts:13:11)
      at renderInternal (node_modules/@testing-library/react-native/src/render.tsx:69:33)
      at renderInternal (node_modules/@testing-library/react-native/src/render.tsx:44:10)
      at renderWithProviders (src/test-utils/renderWrappers.tsx:53:16)
      at Object.<anonymous> (src/components/settings/AdvancedToolsSection.unit.test.tsx:49:33)

    console.error
      react-test-renderer is deprecated. See https://react.dev/warnings/react-test-renderer

      51 |  */
      52 | export function renderWithProviders(ui: ReactElement, options?: Omit<RenderOptions, 'wrapper'>) {
    > 53 |   return render(ui, { wrapper: AllTheProviders, ...options });
         |                ^
      54 | }
      55 |
      56 | // Re-export everything from testing-library so this file can be used as a drop-in replacement

      at Object.process.env.NODE_ENV.exports.create (node_modules/react-test-renderer/cjs/react-test-renderer.development.js:14598:17)
      at create (node_modules/@testing-library/react-native/src/render-act.ts:15:29)
      at callback (node_modules/@testing-library/react-native/src/act.ts:31:24)
      at process.env.NODE_ENV.exports.act (node_modules/react/cjs/react.development.js:789:22)
      at actImplementation (node_modules/@testing-library/react-native/src/act.ts:30:25)
      at renderWithAct (node_modules/@testing-library/react-native/src/render-act.ts:13:11)
      at renderInternal (node_modules/@testing-library/react-native/src/render.tsx:69:33)
      at renderInternal (node_modules/@testing-library/react-native/src/render.tsx:44:10)
      at renderWithProviders (src/test-utils/renderWrappers.tsx:53:16)
      at Object.<anonymous> (src/components/settings/AdvancedToolsSection.unit.test.tsx:55:33)

    console.error
      react-test-renderer is deprecated. See https://react.dev/warnings/react-test-renderer

      51 |  */
      52 | export function renderWithProviders(ui: ReactElement, options?: Omit<RenderOptions, 'wrapper'>) {
    > 53 |   return render(ui, { wrapper: AllTheProviders, ...options });
         |                ^
      54 | }
      55 |
      56 | // Re-export everything from testing-library so this file can be used as a drop-in replacement

      at Object.process.env.NODE_ENV.exports.create (node_modules/react-test-renderer/cjs/react-test-renderer.development.js:14598:17)
      at create (node_modules/@testing-library/react-native/src/render-act.ts:15:29)
      at callback (node_modules/@testing-library/react-native/src/act.ts:31:24)
      at process.env.NODE_ENV.exports.act (node_modules/react/cjs/react.development.js:789:22)
      at actImplementation (node_modules/@testing-library/react-native/src/act.ts:30:25)
      at renderWithAct (node_modules/@testing-library/react-native/src/render-act.ts:13:11)
      at renderInternal (node_modules/@testing-library/react-native/src/render.tsx:69:33)
      at renderInternal (node_modules/@testing-library/react-native/src/render.tsx:44:10)
      at renderWithProviders (src/test-utils/renderWrappers.tsx:53:16)
      at Object.<anonymous> (src/components/settings/AdvancedToolsSection.unit.test.tsx:61:33)

    console.error
      react-test-renderer is deprecated. See https://react.dev/warnings/react-test-renderer

      51 |  */
      52 | export function renderWithProviders(ui: ReactElement, options?: Omit<RenderOptions, 'wrapper'>) {
    > 53 |   return render(ui, { wrapper: AllTheProviders, ...options });
         |                ^
      54 | }
      55 |
      56 | // Re-export everything from testing-library so this file can be used as a drop-in replacement

      at Object.process.env.NODE_ENV.exports.create (node_modules/react-test-renderer/cjs/react-test-renderer.development.js:14598:17)
      at create (node_modules/@testing-library/react-native/src/render-act.ts:15:29)
      at callback (node_modules/@testing-library/react-native/src/act.ts:31:24)
      at process.env.NODE_ENV.exports.act (node_modules/react/cjs/react.development.js:789:22)
      at actImplementation (node_modules/@testing-library/react-native/src/act.ts:30:25)
      at renderWithAct (node_modules/@testing-library/react-native/src/render-act.ts:13:11)
      at renderInternal (node_modules/@testing-library/react-native/src/render.tsx:69:33)
      at renderInternal (node_modules/@testing-library/react-native/src/render.tsx:44:10)
      at renderWithProviders (src/test-utils/renderWrappers.tsx:53:16)
      at Object.<anonymous> (src/components/settings/AdvancedToolsSection.unit.test.tsx:67:33)

    console.error
      react-test-renderer is deprecated. See https://react.dev/warnings/react-test-renderer

      51 |  */
      52 | export function renderWithProviders(ui: ReactElement, options?: Omit<RenderOptions, 'wrapper'>) {
    > 53 |   return render(ui, { wrapper: AllTheProviders, ...options });
         |                ^
      54 | }
      55 |
      56 | // Re-export everything from testing-library so this file can be used as a drop-in replacement

      at Object.process.env.NODE_ENV.exports.create (node_modules/react-test-renderer/cjs/react-test-renderer.development.js:14598:17)
      at create (node_modules/@testing-library/react-native/src/render-act.ts:15:29)
      at callback (node_modules/@testing-library/react-native/src/act.ts:31:24)
      at process.env.NODE_ENV.exports.act (node_modules/react/cjs/react.development.js:789:22)
      at actImplementation (node_modules/@testing-library/react-native/src/act.ts:30:25)
      at renderWithAct (node_modules/@testing-library/react-native/src/render-act.ts:13:11)
      at renderInternal (node_modules/@testing-library/react-native/src/render.tsx:69:33)
      at renderInternal (node_modules/@testing-library/react-native/src/render.tsx:44:10)
      at renderWithProviders (src/test-utils/renderWrappers.tsx:53:16)
      at Object.<anonymous> (src/components/settings/AdvancedToolsSection.unit.test.tsx:73:48)

    console.error
      react-test-renderer is deprecated. See https://react.dev/warnings/react-test-renderer

      51 |  */
      52 | export function renderWithProviders(ui: ReactElement, options?: Omit<RenderOptions, 'wrapper'>) {
    > 53 |   return render(ui, { wrapper: AllTheProviders, ...options });
         |                ^
      54 | }
      55 |
      56 | // Re-export everything from testing-library so this file can be used as a drop-in replacement

      at Object.process.env.NODE_ENV.exports.create (node_modules/react-test-renderer/cjs/react-test-renderer.development.js:14598:17)
      at create (node_modules/@testing-library/react-native/src/render-act.ts:15:29)
      at callback (node_modules/@testing-library/react-native/src/act.ts:31:24)
      at process.env.NODE_ENV.exports.act (node_modules/react/cjs/react.development.js:789:22)
      at actImplementation (node_modules/@testing-library/react-native/src/act.ts:30:25)
      at renderWithAct (node_modules/@testing-library/react-native/src/render-act.ts:13:11)
      at renderInternal (node_modules/@testing-library/react-native/src/render.tsx:69:33)
      at renderInternal (node_modules/@testing-library/react-native/src/render.tsx:44:10)
      at renderWithProviders (src/test-utils/renderWrappers.tsx:53:16)
      at Object.<anonymous> (src/components/settings/AdvancedToolsSection.unit.test.tsx:85:33)

PASS src/services/transcription/matching.unit.test.ts
  ● Console

    console.log
      [Matching] Queued topic suggestion from lecture: "Totally Unknown Topic Xyz"

      at log (src/services/transcription/matching.ts:79:32)

PASS src/services/transcription/transcribeAudio.unit.test.ts
  ● Console

    console.log
      [Transcription] Starting lecture transcription {
        logId: null,
        audioFilePath: '/test/audio.m4a',
        audioSizeBytes: 1024,
        audioSizeLabel: '1 KB',
        preferredProvider: 'auto',
        includeEmbedding: true,
        maxRetries: 2
      }

      at log (src/services/transcription/transcribeAudio.ts:144:13)

    console.log
      [Transcription] Provider plan {
        logId: null,
        availability: {
          groq: true,
          huggingface: true,
          cloudflare: false,
          deepgram: false,
          local: false
        },
        providerOrder: [ 'groq', 'huggingface' ]
      }

      at log (src/services/transcription/transcribeAudio.ts:153:13)

    console.log
      [Transcription] Provider starting {
        logId: null,
        provider: 'groq',
        orderIndex: 1,
        providerOrder: [ 'groq', 'huggingface' ]
      }

      at log (src/services/transcription/transcribeAudio.ts:167:17)

    console.log
      [Transcription] Provider transcript ready {
        logId: null,
        provider: 'groq',
        transcriptChars: 27,
        preview: 'This is the transcript text'
      }

      at log (src/services/transcription/transcribeAudio.ts:235:17)

    console.log
      [Transcription] Transcript generated {
        audioFilePath: '/test/audio.m4a',
        provider: 'groq',
        transcriptChars: 27,
        preview: 'This is the transcript text'
      }

      at log (src/services/transcription/transcribeAudio.ts:340:13)

    console.log
      [Transcription] Starting lecture analysis { logId: null, transcriptChars: 27, provider: 'groq' }

      at log (src/services/transcription/transcribeAudio.ts:378:13)

    console.log
      [Transcription] Lecture analysis generated {
        audioFilePath: '/test/audio.m4a',
        subject: 'Anatomy',
        topics: [ 'Upper Limb', 'Brachial Plexus' ],
        keyConcepts: [ 'nerve roots', 'trunks' ],
        summaryPreview: 'Lecture on brachial plexus anatomy'
      }

      at log (src/services/transcription/transcribeAudio.ts:403:13)

    console.log
      [Transcription] Generating lecture embedding { logId: null, summaryChars: 34 }

      at log (src/services/transcription/transcribeAudio.ts:416:17)

    console.log
      [Transcription] Starting lecture transcription {
        logId: null,
        audioFilePath: '/silence.m4a',
        audioSizeBytes: 1024,
        audioSizeLabel: '1 KB',
        preferredProvider: 'auto',
        includeEmbedding: true,
        maxRetries: 2
      }

      at log (src/services/transcription/transcribeAudio.ts:144:13)

    console.log
      [Transcription] Provider plan {
        logId: null,
        availability: {
          groq: true,
          huggingface: true,
          cloudflare: false,
          deepgram: false,
          local: false
        },
        providerOrder: [ 'groq', 'huggingface' ]
      }

      at log (src/services/transcription/transcribeAudio.ts:153:13)

    console.log
      [Transcription] Provider starting {
        logId: null,
        provider: 'groq',
        orderIndex: 1,
        providerOrder: [ 'groq', 'huggingface' ]
      }

      at log (src/services/transcription/transcribeAudio.ts:167:17)

    console.log
      [Transcription] Provider returned empty transcript { logId: null, provider: 'groq', transcriptChars: 0 }

      at log (src/services/transcription/transcribeAudio.ts:242:17)

    console.log
      [Transcription] Provider starting {
        logId: null,
        provider: 'huggingface',
        orderIndex: 2,
        providerOrder: [ 'groq', 'huggingface' ]
      }

      at log (src/services/transcription/transcribeAudio.ts:167:17)

    console.log
      [Transcription] Provider returned empty transcript { logId: null, provider: 'huggingface', transcriptChars: 0 }

      at log (src/services/transcription/transcribeAudio.ts:242:17)

    console.log
      [Transcription] No transcript text returned {
        logId: null,
        audioFilePath: '/silence.m4a',
        providerOrder: [ 'groq', 'huggingface' ],
        lastError: null
      }

      at log (src/services/transcription/transcribeAudio.ts:350:15)

    console.log
      [Transcription] Starting lecture transcription {
        logId: null,
        audioFilePath: '/test.m4a',
        audioSizeBytes: 1024,
        audioSizeLabel: '1 KB',
        preferredProvider: 'auto',
        includeEmbedding: true,
        maxRetries: 2
      }

      at log (src/services/transcription/transcribeAudio.ts:144:13)

    console.log
      [Transcription] Provider plan {
        logId: null,
        availability: {
          groq: false,
          huggingface: false,
          cloudflare: false,
          deepgram: false,
          local: false
        },
        providerOrder: []
      }

      at log (src/services/transcription/transcribeAudio.ts:153:13)

    console.log
      [Transcription] No transcript text returned {
        logId: null,
        audioFilePath: '/test.m4a',
        providerOrder: [],
        lastError: null
      }

      at log (src/services/transcription/transcribeAudio.ts:350:15)

    console.log
      [Transcription] Starting lecture transcription {
        logId: null,
        audioFilePath: '/test.m4a',
        audioSizeBytes: 1024,
        audioSizeLabel: '1 KB',
        preferredProvider: 'auto',
        includeEmbedding: true,
        maxRetries: 2
      }

      at log (src/services/transcription/transcribeAudio.ts:144:13)

    console.log
      [Transcription] Provider plan {
        logId: null,
        availability: {
          groq: true,
          huggingface: true,
          cloudflare: false,
          deepgram: false,
          local: false
        },
        providerOrder: [ 'groq', 'huggingface' ]
      }

      at log (src/services/transcription/transcribeAudio.ts:153:13)

    console.log
      [Transcription] Provider starting {
        logId: null,
        provider: 'groq',
        orderIndex: 1,
        providerOrder: [ 'groq', 'huggingface' ]
      }

      at log (src/services/transcription/transcribeAudio.ts:167:17)

    console.warn
      [Transcription] Groq failed after 2 retries: Error: Groq down
          at Object.<anonymous> (/Users/vishnugnair/Guru-3/src/services/transcription/transcribeAudio.unit.test.ts:140:49)
          at Generator.next (<anonymous>)
          at asyncGeneratorStep (/Users/vishnugnair/Guru-3/node_modules/@babel/runtime/helpers/asyncToGenerator.js:3:17)
          at _next (/Users/vishnugnair/Guru-3/node_modules/@babel/runtime/helpers/asyncToGenerator.js:17:9)
          at /Users/vishnugnair/Guru-3/node_modules/@babel/runtime/helpers/asyncToGenerator.js:22:7
          at new Promise (<anonymous>)
          at Object.<anonymous> (/Users/vishnugnair/Guru-3/node_modules/@babel/runtime/helpers/asyncToGenerator.js:14:12)
          at Promise.finally.completed (/Users/vishnugnair/Guru-3/node_modules/jest-circus/build/jestAdapterInit.js:1557:28)
          at new Promise (<anonymous>)
          at callAsyncCircusFn (/Users/vishnugnair/Guru-3/node_modules/jest-circus/build/jestAdapterInit.js:1497:10)
          at _callCircusTest (/Users/vishnugnair/Guru-3/node_modules/jest-circus/build/jestAdapterInit.js:1007:40)
          at _runTest (/Users/vishnugnair/Guru-3/node_modules/jest-circus/build/jestAdapterInit.js:947:3)
          at /Users/vishnugnair/Guru-3/node_modules/jest-circus/build/jestAdapterInit.js:849:7
          at _runTestsForDescribeBlock (/Users/vishnugnair/Guru-3/node_modules/jest-circus/build/jestAdapterInit.js:862:11)
          at _runTestsForDescribeBlock (/Users/vishnugnair/Guru-3/node_modules/jest-circus/build/jestAdapterInit.js:857:11)
          at run (/Users/vishnugnair/Guru-3/node_modules/jest-circus/build/jestAdapterInit.js:761:3)
          at runAndTransformResultsToJestFormat (/Users/vishnugnair/Guru-3/node_modules/jest-circus/build/jestAdapterInit.js:1918:21)
          at jestAdapter (/Users/vishnugnair/Guru-3/node_modules/jest-circus/build/runner.js:101:19)

      217 |       if (provider === 'groq') {
      218 |         if (__DEV__) {
    > 219 |           console.warn(`[Transcription] Groq failed after ${maxRetries} retries:`, err);
          |                   ^
      220 |         }
      221 |       } else if (provider === 'cloudflare') {
      222 |         if (__DEV__) console.warn('[Transcription] Cloudflare failed:', err);

      at warn (src/services/transcription/transcribeAudio.ts:219:19)
      at onProviderError (src/services/transcription/providerFallback.ts:79:7)
          at Generator.throw (<anonymous>)
      at asyncGeneratorStep (node_modules/@babel/runtime/helpers/asyncToGenerator.js:3:17)
      at _throw (node_modules/@babel/runtime/helpers/asyncToGenerator.js:20:9)

    console.log
      [Transcription] Provider starting {
        logId: null,
        provider: 'huggingface',
        orderIndex: 2,
        providerOrder: [ 'groq', 'huggingface' ]
      }

      at log (src/services/transcription/transcribeAudio.ts:167:17)
          at Generator.throw (<anonymous>)

    console.log
      [Transcription] Provider transcript ready {
        logId: null,
        provider: 'huggingface',
        transcriptChars: 13,
        preview: 'HF transcript'
      }

      at log (src/services/transcription/transcribeAudio.ts:235:17)

    console.log
      [Transcription] Transcript generated {
        audioFilePath: '/test.m4a',
        provider: 'huggingface',
        transcriptChars: 13,
        preview: 'HF transcript'
      }

      at log (src/services/transcription/transcribeAudio.ts:340:13)

    console.log
      [Transcription] Starting lecture analysis { logId: null, transcriptChars: 13, provider: 'huggingface' }

      at log (src/services/transcription/transcribeAudio.ts:378:13)

    console.log
      [Transcription] Lecture analysis generated {
        audioFilePath: '/test.m4a',
        subject: 'Anatomy',
        topics: [ 'Upper Limb', 'Brachial Plexus' ],
        keyConcepts: [ 'nerve roots', 'trunks' ],
        summaryPreview: 'Lecture on brachial plexus anatomy'
      }

      at log (src/services/transcription/transcribeAudio.ts:403:13)

    console.log
      [Transcription] Generating lecture embedding { logId: null, summaryChars: 34 }

      at log (src/services/transcription/transcribeAudio.ts:416:17)

    console.log
      [Transcription] Starting lecture transcription {
        logId: null,
        audioFilePath: '/test.m4a',
        audioSizeBytes: 1024,
        audioSizeLabel: '1 KB',
        preferredProvider: 'auto',
        includeEmbedding: true,
        maxRetries: 2
      }

      at log (src/services/transcription/transcribeAudio.ts:144:13)

    console.log
      [Transcription] Provider plan {
        logId: null,
        availability: {
          groq: true,
          huggingface: true,
          cloudflare: false,
          deepgram: false,
          local: false
        },
        providerOrder: [ 'groq', 'huggingface' ]
      }

      at log (src/services/transcription/transcribeAudio.ts:153:13)

    console.log
      [Transcription] Provider starting {
        logId: null,
        provider: 'groq',
        orderIndex: 1,
        providerOrder: [ 'groq', 'huggingface' ]
      }

      at log (src/services/transcription/transcribeAudio.ts:167:17)

    console.log
      [Transcription] Provider transcript ready {
        logId: null,
        provider: 'groq',
        transcriptChars: 27,
        preview: 'This is the transcript text'
      }

      at log (src/services/transcription/transcribeAudio.ts:235:17)

    console.log
      [Transcription] Transcript generated {
        audioFilePath: '/test.m4a',
        provider: 'groq',
        transcriptChars: 27,
        preview: 'This is the transcript text'
      }

      at log (src/services/transcription/transcribeAudio.ts:340:13)

    console.log
      [Transcription] Starting lecture analysis { logId: null, transcriptChars: 27, provider: 'groq' }

      at log (src/services/transcription/transcribeAudio.ts:378:13)

    console.log
      [Transcription] Lecture analysis generated {
        audioFilePath: '/test.m4a',
        subject: 'Anatomy',
        topics: [ 'Upper Limb', 'Brachial Plexus' ],
        keyConcepts: [ 'nerve roots', 'trunks' ],
        summaryPreview: 'Lecture on brachial plexus anatomy'
      }

      at log (src/services/transcription/transcribeAudio.ts:403:13)

    console.log
      [Transcription] Generating lecture embedding { logId: null, summaryChars: 34 }

      at log (src/services/transcription/transcribeAudio.ts:416:17)

    console.log
      [Transcription] Starting lecture transcription {
        logId: null,
        audioFilePath: '/test.m4a',
        audioSizeBytes: 1024,
        audioSizeLabel: '1 KB',
        preferredProvider: 'auto',
        includeEmbedding: true,
        maxRetries: 2
      }

      at log (src/services/transcription/transcribeAudio.ts:144:13)

    console.log
      [Transcription] Provider plan {
        logId: null,
        availability: {
          groq: true,
          huggingface: true,
          cloudflare: false,
          deepgram: false,
          local: false
        },
        providerOrder: [ 'groq', 'huggingface' ]
      }

      at log (src/services/transcription/transcribeAudio.ts:153:13)

    console.log
      [Transcription] Provider starting {
        logId: null,
        provider: 'groq',
        orderIndex: 1,
        providerOrder: [ 'groq', 'huggingface' ]
      }

      at log (src/services/transcription/transcribeAudio.ts:167:17)

    console.log
      [Transcription] Provider transcript ready {
        logId: null,
        provider: 'groq',
        transcriptChars: 27,
        preview: 'This is the transcript text'
      }

      at log (src/services/transcription/transcribeAudio.ts:235:17)

    console.log
      [Transcription] Transcript generated {
        audioFilePath: '/test.m4a',
        provider: 'groq',
        transcriptChars: 27,
        preview: 'This is the transcript text'
      }

      at log (src/services/transcription/transcribeAudio.ts:340:13)

    console.log
      [Transcription] Starting lecture analysis { logId: null, transcriptChars: 27, provider: 'groq' }

      at log (src/services/transcription/transcribeAudio.ts:378:13)

    console.log
      [Transcription] Lecture analysis generated {
        audioFilePath: '/test.m4a',
        subject: 'Anatomy',
        topics: [ 'Upper Limb', 'Brachial Plexus' ],
        keyConcepts: [ 'nerve roots', 'trunks' ],
        summaryPreview: 'Lecture on brachial plexus anatomy'
      }

      at log (src/services/transcription/transcribeAudio.ts:403:13)

    console.log
      [Transcription] Generating lecture embedding { logId: null, summaryChars: 34 }

      at log (src/services/transcription/transcribeAudio.ts:416:17)

    console.warn
      [Transcription] Embedding generation failed: Error: embed fail
          at Object.<anonymous> (/Users/vishnugnair/Guru-3/src/services/transcription/transcribeAudio.unit.test.ts:165:45)
          at Generator.next (<anonymous>)
          at asyncGeneratorStep (/Users/vishnugnair/Guru-3/node_modules/@babel/runtime/helpers/asyncToGenerator.js:3:17)
          at _next (/Users/vishnugnair/Guru-3/node_modules/@babel/runtime/helpers/asyncToGenerator.js:17:9)
          at /Users/vishnugnair/Guru-3/node_modules/@babel/runtime/helpers/asyncToGenerator.js:22:7
          at new Promise (<anonymous>)
          at Object.<anonymous> (/Users/vishnugnair/Guru-3/node_modules/@babel/runtime/helpers/asyncToGenerator.js:14:12)
          at Promise.finally.completed (/Users/vishnugnair/Guru-3/node_modules/jest-circus/build/jestAdapterInit.js:1557:28)
          at new Promise (<anonymous>)
          at callAsyncCircusFn (/Users/vishnugnair/Guru-3/node_modules/jest-circus/build/jestAdapterInit.js:1497:10)
          at _callCircusTest (/Users/vishnugnair/Guru-3/node_modules/jest-circus/build/jestAdapterInit.js:1007:40)
          at _runTest (/Users/vishnugnair/Guru-3/node_modules/jest-circus/build/jestAdapterInit.js:947:3)
          at /Users/vishnugnair/Guru-3/node_modules/jest-circus/build/jestAdapterInit.js:849:7
          at _runTestsForDescribeBlock (/Users/vishnugnair/Guru-3/node_modules/jest-circus/build/jestAdapterInit.js:862:11)
          at _runTestsForDescribeBlock (/Users/vishnugnair/Guru-3/node_modules/jest-circus/build/jestAdapterInit.js:857:11)
          at run (/Users/vishnugnair/Guru-3/node_modules/jest-circus/build/jestAdapterInit.js:761:3)
          at runAndTransformResultsToJestFormat (/Users/vishnugnair/Guru-3/node_modules/jest-circus/build/jestAdapterInit.js:1918:21)
          at jestAdapter (/Users/vishnugnair/Guru-3/node_modules/jest-circus/build/runner.js:101:19)

      428 |     } catch (err) {
      429 |       embedding = null;
    > 430 |       if (__DEV__) console.warn('[Transcription] Embedding generation failed:', err);
          |                            ^
      431 |     }
      432 |   } else if (__DEV__) {
      433 |     console.log('[Transcription] Embedding skipped', {

      at warn (src/services/transcription/transcribeAudio.ts:430:28)
          at Generator.throw (<anonymous>)
      at asyncGeneratorStep (node_modules/@babel/runtime/helpers/asyncToGenerator.js:3:17)
      at _throw (node_modules/@babel/runtime/helpers/asyncToGenerator.js:20:9)

    console.log
      [Transcription] Starting lecture transcription {
        logId: null,
        audioFilePath: '/test.m4a',
        audioSizeBytes: 1024,
        audioSizeLabel: '1 KB',
        preferredProvider: 'auto',
        includeEmbedding: false,
        maxRetries: 2
      }

      at log (src/services/transcription/transcribeAudio.ts:144:13)

    console.log
      [Transcription] Provider plan {
        logId: null,
        availability: {
          groq: true,
          huggingface: true,
          cloudflare: false,
          deepgram: false,
          local: false
        },
        providerOrder: [ 'groq', 'huggingface' ]
      }

      at log (src/services/transcription/transcribeAudio.ts:153:13)

    console.log
      [Transcription] Provider starting {
        logId: null,
        provider: 'groq',
        orderIndex: 1,
        providerOrder: [ 'groq', 'huggingface' ]
      }

      at log (src/services/transcription/transcribeAudio.ts:167:17)

    console.log
      [Transcription] Provider transcript ready {
        logId: null,
        provider: 'groq',
        transcriptChars: 27,
        preview: 'This is the transcript text'
      }

      at log (src/services/transcription/transcribeAudio.ts:235:17)

    console.log
      [Transcription] Transcript generated {
        audioFilePath: '/test.m4a',
        provider: 'groq',
        transcriptChars: 27,
        preview: 'This is the transcript text'
      }

      at log (src/services/transcription/transcribeAudio.ts:340:13)

    console.log
      [Transcription] Starting lecture analysis { logId: null, transcriptChars: 27, provider: 'groq' }

      at log (src/services/transcription/transcribeAudio.ts:378:13)

    console.log
      [Transcription] Lecture analysis generated {
        audioFilePath: '/test.m4a',
        subject: 'Anatomy',
        topics: [ 'Upper Limb', 'Brachial Plexus' ],
        keyConcepts: [ 'nerve roots', 'trunks' ],
        summaryPreview: 'Lecture on brachial plexus anatomy'
      }

      at log (src/services/transcription/transcribeAudio.ts:403:13)

    console.log
      [Transcription] Embedding skipped { logId: null, includeEmbedding: false, hasSummary: true }

      at log (src/services/transcription/transcribeAudio.ts:433:13)

    console.log
      [Transcription] Starting lecture transcription {
        logId: null,
        audioFilePath: '/test.m4a',
        audioSizeBytes: 1024,
        audioSizeLabel: '1 KB',
        preferredProvider: 'auto',
        includeEmbedding: true,
        maxRetries: 2
      }

      at log (src/services/transcription/transcribeAudio.ts:144:13)

    console.log
      [Transcription] Provider plan {
        logId: null,
        availability: {
          groq: true,
          huggingface: true,
          cloudflare: false,
          deepgram: false,
          local: false
        },
        providerOrder: [ 'groq', 'huggingface' ]
      }

      at log (src/services/transcription/transcribeAudio.ts:153:13)

    console.log
      [Transcription] Provider starting {
        logId: null,
        provider: 'groq',
        orderIndex: 1,
        providerOrder: [ 'groq', 'huggingface' ]
      }

      at log (src/services/transcription/transcribeAudio.ts:167:17)

    console.log
      [Transcription] Provider transcript ready {
        logId: null,
        provider: 'groq',
        transcriptChars: 27,
        preview: 'This is the transcript text'
      }

      at log (src/services/transcription/transcribeAudio.ts:235:17)

    console.log
      [Transcription] Transcript generated {
        audioFilePath: '/test.m4a',
        provider: 'groq',
        transcriptChars: 27,
        preview: 'This is the transcript text'
      }

      at log (src/services/transcription/transcribeAudio.ts:340:13)

    console.log
      [Transcription] Starting lecture analysis { logId: null, transcriptChars: 27, provider: 'groq' }

      at log (src/services/transcription/transcribeAudio.ts:378:13)

    console.log
      [Transcription] Lecture analysis generated {
        audioFilePath: '/test.m4a',
        subject: 'Anatomy',
        topics: [ 'Upper Limb', 'Brachial Plexus' ],
        keyConcepts: [ 'nerve roots', 'trunks' ],
        summaryPreview: 'Lecture on brachial plexus anatomy'
      }

      at log (src/services/transcription/transcribeAudio.ts:403:13)

    console.log
      [Transcription] Generating lecture embedding { logId: null, summaryChars: 34 }

      at log (src/services/transcription/transcribeAudio.ts:416:17)

    console.log
      [Transcription] Starting lecture transcription {
        logId: null,
        audioFilePath: '/test.m4a',
        audioSizeBytes: 1024,
        audioSizeLabel: '1 KB',
        preferredProvider: 'auto',
        includeEmbedding: true,
        maxRetries: 2
      }

      at log (src/services/transcription/transcribeAudio.ts:144:13)

    console.log
      [Transcription] Provider plan {
        logId: null,
        availability: {
          groq: true,
          huggingface: true,
          cloudflare: false,
          deepgram: false,
          local: false
        },
        providerOrder: [ 'groq', 'huggingface' ]
      }

      at log (src/services/transcription/transcribeAudio.ts:153:13)

    console.log
      [Transcription] Provider starting {
        logId: null,
        provider: 'groq',
        orderIndex: 1,
        providerOrder: [ 'groq', 'huggingface' ]
      }

      at log (src/services/transcription/transcribeAudio.ts:167:17)

    console.log
      [Transcription] Provider transcript ready {
        logId: null,
        provider: 'groq',
        transcriptChars: 13,
        preview: 'retry success'
      }

      at log (src/services/transcription/transcribeAudio.ts:235:17)

    console.log
      [Transcription] Transcript generated {
        audioFilePath: '/test.m4a',
        provider: 'groq',
        transcriptChars: 13,
        preview: 'retry success'
      }

      at log (src/services/transcription/transcribeAudio.ts:340:13)

    console.log
      [Transcription] Starting lecture analysis { logId: null, transcriptChars: 13, provider: 'groq' }

      at log (src/services/transcription/transcribeAudio.ts:378:13)

    console.log
      [Transcription] Lecture analysis generated {
        audioFilePath: '/test.m4a',
        subject: 'Anatomy',
        topics: [ 'Upper Limb', 'Brachial Plexus' ],
        keyConcepts: [ 'nerve roots', 'trunks' ],
        summaryPreview: 'Lecture on brachial plexus anatomy'
      }

      at log (src/services/transcription/transcribeAudio.ts:403:13)

    console.log
      [Transcription] Generating lecture embedding { logId: null, summaryChars: 34 }

      at log (src/services/transcription/transcribeAudio.ts:416:17)

    console.log
      [Transcription] Starting lecture transcription {
        logId: null,
        audioFilePath: '/test.m4a',
        audioSizeBytes: 1024,
        audioSizeLabel: '1 KB',
        preferredProvider: 'auto',
        includeEmbedding: true,
        maxRetries: 2
      }

      at log (src/services/transcription/transcribeAudio.ts:144:13)

    console.log
      [Transcription] Provider plan {
        logId: null,
        availability: {
          groq: true,
          huggingface: true,
          cloudflare: false,
          deepgram: false,
          local: false
        },
        providerOrder: [ 'groq', 'huggingface' ]
      }

      at log (src/services/transcription/transcribeAudio.ts:153:13)

    console.log
      [Transcription] Provider starting {
        logId: null,
        provider: 'groq',
        orderIndex: 1,
        providerOrder: [ 'groq', 'huggingface' ]
      }

      at log (src/services/transcription/transcribeAudio.ts:167:17)

    console.log
      [Transcription] Provider transcript ready {
        logId: null,
        provider: 'groq',
        transcriptChars: 27,
        preview: 'This is the transcript text'
      }

      at log (src/services/transcription/transcribeAudio.ts:235:17)

    console.log
      [Transcription] Transcript generated {
        audioFilePath: '/test.m4a',
        provider: 'groq',
        transcriptChars: 27,
        preview: 'This is the transcript text'
      }

      at log (src/services/transcription/transcribeAudio.ts:340:13)

    console.log
      [Transcription] Starting lecture analysis { logId: null, transcriptChars: 27, provider: 'groq' }

      at log (src/services/transcription/transcribeAudio.ts:378:13)

    console.log
      [Transcription] Lecture analysis generated {
        audioFilePath: '/test.m4a',
        subject: 'Anatomy',
        topics: [ 'Upper Limb', 'Brachial Plexus' ],
        keyConcepts: [ 'nerve roots', 'trunks' ],
        summaryPreview: 'Lecture on brachial plexus anatomy'
      }

      at log (src/services/transcription/transcribeAudio.ts:403:13)

    console.log
      [Transcription] Generating lecture embedding { logId: null, summaryChars: 34 }

      at log (src/services/transcription/transcribeAudio.ts:416:17)

PASS src/components/settings/ContentPreferencesSection.unit.test.tsx
  ● Console

    console.error
      react-test-renderer is deprecated. See https://react.dev/warnings/react-test-renderer

      51 |  */
      52 | export function renderWithProviders(ui: ReactElement, options?: Omit<RenderOptions, 'wrapper'>) {
    > 53 |   return render(ui, { wrapper: AllTheProviders, ...options });
         |                ^
      54 | }
      55 |
      56 | // Re-export everything from testing-library so this file can be used as a drop-in replacement

      at Object.process.env.NODE_ENV.exports.create (node_modules/react-test-renderer/cjs/react-test-renderer.development.js:14598:17)
      at create (node_modules/@testing-library/react-native/src/render-act.ts:15:29)
      at callback (node_modules/@testing-library/react-native/src/act.ts:31:24)
      at process.env.NODE_ENV.exports.act (node_modules/react/cjs/react.development.js:789:22)
      at actImplementation (node_modules/@testing-library/react-native/src/act.ts:30:25)
      at renderWithAct (node_modules/@testing-library/react-native/src/render-act.ts:13:11)
      at renderInternal (node_modules/@testing-library/react-native/src/render.tsx:69:33)
      at renderInternal (node_modules/@testing-library/react-native/src/render.tsx:44:10)
      at renderWithProviders (src/test-utils/renderWrappers.tsx:53:16)
      at Object.<anonymous> (src/components/settings/ContentPreferencesSection.unit.test.tsx:49:33)

    console.error
      react-test-renderer is deprecated. See https://react.dev/warnings/react-test-renderer

      51 |  */
      52 | export function renderWithProviders(ui: ReactElement, options?: Omit<RenderOptions, 'wrapper'>) {
    > 53 |   return render(ui, { wrapper: AllTheProviders, ...options });
         |                ^
      54 | }
      55 |
      56 | // Re-export everything from testing-library so this file can be used as a drop-in replacement

      at Object.process.env.NODE_ENV.exports.create (node_modules/react-test-renderer/cjs/react-test-renderer.development.js:14598:17)
      at create (node_modules/@testing-library/react-native/src/render-act.ts:15:29)
      at callback (node_modules/@testing-library/react-native/src/act.ts:31:24)
      at process.env.NODE_ENV.exports.act (node_modules/react/cjs/react.development.js:789:22)
      at actImplementation (node_modules/@testing-library/react-native/src/act.ts:30:25)
      at renderWithAct (node_modules/@testing-library/react-native/src/render-act.ts:13:11)
      at renderInternal (node_modules/@testing-library/react-native/src/render.tsx:69:33)
      at renderInternal (node_modules/@testing-library/react-native/src/render.tsx:44:10)
      at renderWithProviders (src/test-utils/renderWrappers.tsx:53:16)
      at Object.<anonymous> (src/components/settings/ContentPreferencesSection.unit.test.tsx:65:33)

    console.error
      react-test-renderer is deprecated. See https://react.dev/warnings/react-test-renderer

      51 |  */
      52 | export function renderWithProviders(ui: ReactElement, options?: Omit<RenderOptions, 'wrapper'>) {
    > 53 |   return render(ui, { wrapper: AllTheProviders, ...options });
         |                ^
      54 | }
      55 |
      56 | // Re-export everything from testing-library so this file can be used as a drop-in replacement

      at Object.process.env.NODE_ENV.exports.create (node_modules/react-test-renderer/cjs/react-test-renderer.development.js:14598:17)
      at create (node_modules/@testing-library/react-native/src/render-act.ts:15:29)
      at callback (node_modules/@testing-library/react-native/src/act.ts:31:24)
      at process.env.NODE_ENV.exports.act (node_modules/react/cjs/react.development.js:789:22)
      at actImplementation (node_modules/@testing-library/react-native/src/act.ts:30:25)
      at renderWithAct (node_modules/@testing-library/react-native/src/render-act.ts:13:11)
      at renderInternal (node_modules/@testing-library/react-native/src/render.tsx:69:33)
      at renderInternal (node_modules/@testing-library/react-native/src/render.tsx:44:10)
      at renderWithProviders (src/test-utils/renderWrappers.tsx:53:16)
      at Object.<anonymous> (src/components/settings/ContentPreferencesSection.unit.test.tsx:71:33)

    console.error
      react-test-renderer is deprecated. See https://react.dev/warnings/react-test-renderer

      51 |  */
      52 | export function renderWithProviders(ui: ReactElement, options?: Omit<RenderOptions, 'wrapper'>) {
    > 53 |   return render(ui, { wrapper: AllTheProviders, ...options });
         |                ^
      54 | }
      55 |
      56 | // Re-export everything from testing-library so this file can be used as a drop-in replacement

      at Object.process.env.NODE_ENV.exports.create (node_modules/react-test-renderer/cjs/react-test-renderer.development.js:14598:17)
      at create (node_modules/@testing-library/react-native/src/render-act.ts:15:29)
      at callback (node_modules/@testing-library/react-native/src/act.ts:31:24)
      at process.env.NODE_ENV.exports.act (node_modules/react/cjs/react.development.js:789:22)
      at actImplementation (node_modules/@testing-library/react-native/src/act.ts:30:25)
      at renderWithAct (node_modules/@testing-library/react-native/src/render-act.ts:13:11)
      at renderInternal (node_modules/@testing-library/react-native/src/render.tsx:69:33)
      at renderInternal (node_modules/@testing-library/react-native/src/render.tsx:44:10)
      at renderWithProviders (src/test-utils/renderWrappers.tsx:53:16)
      at Object.<anonymous> (src/components/settings/ContentPreferencesSection.unit.test.tsx:77:35)

    console.error
      react-test-renderer is deprecated. See https://react.dev/warnings/react-test-renderer

      51 |  */
      52 | export function renderWithProviders(ui: ReactElement, options?: Omit<RenderOptions, 'wrapper'>) {
    > 53 |   return render(ui, { wrapper: AllTheProviders, ...options });
         |                ^
      54 | }
      55 |
      56 | // Re-export everything from testing-library so this file can be used as a drop-in replacement

      at Object.process.env.NODE_ENV.exports.create (node_modules/react-test-renderer/cjs/react-test-renderer.development.js:14598:17)
      at create (node_modules/@testing-library/react-native/src/render-act.ts:15:29)
      at callback (node_modules/@testing-library/react-native/src/act.ts:31:24)
      at process.env.NODE_ENV.exports.act (node_modules/react/cjs/react.development.js:789:22)
      at actImplementation (node_modules/@testing-library/react-native/src/act.ts:30:25)
      at renderWithAct (node_modules/@testing-library/react-native/src/render-act.ts:13:11)
      at renderInternal (node_modules/@testing-library/react-native/src/render.tsx:69:33)
      at renderInternal (node_modules/@testing-library/react-native/src/render.tsx:44:10)
      at renderWithProviders (src/test-utils/renderWrappers.tsx:53:16)
      at Object.<anonymous> (src/components/settings/ContentPreferencesSection.unit.test.tsx:84:33)

    console.error
      react-test-renderer is deprecated. See https://react.dev/warnings/react-test-renderer

      51 |  */
      52 | export function renderWithProviders(ui: ReactElement, options?: Omit<RenderOptions, 'wrapper'>) {
    > 53 |   return render(ui, { wrapper: AllTheProviders, ...options });
         |                ^
      54 | }
      55 |
      56 | // Re-export everything from testing-library so this file can be used as a drop-in replacement

      at Object.process.env.NODE_ENV.exports.create (node_modules/react-test-renderer/cjs/react-test-renderer.development.js:14598:17)
      at create (node_modules/@testing-library/react-native/src/render-act.ts:15:29)
      at callback (node_modules/@testing-library/react-native/src/act.ts:31:24)
      at process.env.NODE_ENV.exports.act (node_modules/react/cjs/react.development.js:789:22)
      at actImplementation (node_modules/@testing-library/react-native/src/act.ts:30:25)
      at renderWithAct (node_modules/@testing-library/react-native/src/render-act.ts:13:11)
      at renderInternal (node_modules/@testing-library/react-native/src/render.tsx:69:33)
      at renderInternal (node_modules/@testing-library/react-native/src/render.tsx:44:10)
      at renderWithProviders (src/test-utils/renderWrappers.tsx:53:16)
      at Object.<anonymous> (src/components/settings/ContentPreferencesSection.unit.test.tsx:90:33)

    console.error
      react-test-renderer is deprecated. See https://react.dev/warnings/react-test-renderer

      51 |  */
      52 | export function renderWithProviders(ui: ReactElement, options?: Omit<RenderOptions, 'wrapper'>) {
    > 53 |   return render(ui, { wrapper: AllTheProviders, ...options });
         |                ^
      54 | }
      55 |
      56 | // Re-export everything from testing-library so this file can be used as a drop-in replacement

      at Object.process.env.NODE_ENV.exports.create (node_modules/react-test-renderer/cjs/react-test-renderer.development.js:14598:17)
      at create (node_modules/@testing-library/react-native/src/render-act.ts:15:29)
      at callback (node_modules/@testing-library/react-native/src/act.ts:31:24)
      at process.env.NODE_ENV.exports.act (node_modules/react/cjs/react.development.js:789:22)
      at actImplementation (node_modules/@testing-library/react-native/src/act.ts:30:25)
      at renderWithAct (node_modules/@testing-library/react-native/src/render-act.ts:13:11)
      at renderInternal (node_modules/@testing-library/react-native/src/render.tsx:69:33)
      at renderInternal (node_modules/@testing-library/react-native/src/render.tsx:44:10)
      at renderWithProviders (src/test-utils/renderWrappers.tsx:53:16)
      at Object.<anonymous> (src/components/settings/ContentPreferencesSection.unit.test.tsx:96:33)

PASS src/components/settings/NotificationSection.unit.test.tsx
  ● Console

    console.error
      react-test-renderer is deprecated. See https://react.dev/warnings/react-test-renderer

      51 |  */
      52 | export function renderWithProviders(ui: ReactElement, options?: Omit<RenderOptions, 'wrapper'>) {
    > 53 |   return render(ui, { wrapper: AllTheProviders, ...options });
         |                ^
      54 | }
      55 |
      56 | // Re-export everything from testing-library so this file can be used as a drop-in replacement

      at Object.process.env.NODE_ENV.exports.create (node_modules/react-test-renderer/cjs/react-test-renderer.development.js:14598:17)
      at create (node_modules/@testing-library/react-native/src/render-act.ts:15:29)
      at callback (node_modules/@testing-library/react-native/src/act.ts:31:24)
      at process.env.NODE_ENV.exports.act (node_modules/react/cjs/react.development.js:789:22)
      at actImplementation (node_modules/@testing-library/react-native/src/act.ts:30:25)
      at renderWithAct (node_modules/@testing-library/react-native/src/render-act.ts:13:11)
      at renderInternal (node_modules/@testing-library/react-native/src/render.tsx:69:33)
      at renderInternal (node_modules/@testing-library/react-native/src/render.tsx:44:10)
      at renderWithProviders (src/test-utils/renderWrappers.tsx:53:16)
      at Object.<anonymous> (src/components/settings/NotificationSection.unit.test.tsx:21:52)

    console.error
      react-test-renderer is deprecated. See https://react.dev/warnings/react-test-renderer

      51 |  */
      52 | export function renderWithProviders(ui: ReactElement, options?: Omit<RenderOptions, 'wrapper'>) {
    > 53 |   return render(ui, { wrapper: AllTheProviders, ...options });
         |                ^
      54 | }
      55 |
      56 | // Re-export everything from testing-library so this file can be used as a drop-in replacement

      at Object.process.env.NODE_ENV.exports.create (node_modules/react-test-renderer/cjs/react-test-renderer.development.js:14598:17)
      at create (node_modules/@testing-library/react-native/src/render-act.ts:15:29)
      at callback (node_modules/@testing-library/react-native/src/act.ts:31:24)
      at process.env.NODE_ENV.exports.act (node_modules/react/cjs/react.development.js:789:22)
      at actImplementation (node_modules/@testing-library/react-native/src/act.ts:30:25)
      at renderWithAct (node_modules/@testing-library/react-native/src/render-act.ts:13:11)
      at renderInternal (node_modules/@testing-library/react-native/src/render.tsx:69:33)
      at renderInternal (node_modules/@testing-library/react-native/src/render.tsx:44:10)
      at renderWithProviders (src/test-utils/renderWrappers.tsx:53:16)
      at Object.<anonymous> (src/components/settings/NotificationSection.unit.test.tsx:36:35)

    console.error
      react-test-renderer is deprecated. See https://react.dev/warnings/react-test-renderer

      51 |  */
      52 | export function renderWithProviders(ui: ReactElement, options?: Omit<RenderOptions, 'wrapper'>) {
    > 53 |   return render(ui, { wrapper: AllTheProviders, ...options });
         |                ^
      54 | }
      55 |
      56 | // Re-export everything from testing-library so this file can be used as a drop-in replacement

      at Object.process.env.NODE_ENV.exports.create (node_modules/react-test-renderer/cjs/react-test-renderer.development.js:14598:17)
      at create (node_modules/@testing-library/react-native/src/render-act.ts:15:29)
      at callback (node_modules/@testing-library/react-native/src/act.ts:31:24)
      at process.env.NODE_ENV.exports.act (node_modules/react/cjs/react.development.js:789:22)
      at actImplementation (node_modules/@testing-library/react-native/src/act.ts:30:25)
      at renderWithAct (node_modules/@testing-library/react-native/src/render-act.ts:13:11)
      at renderInternal (node_modules/@testing-library/react-native/src/render.tsx:69:33)
      at renderInternal (node_modules/@testing-library/react-native/src/render.tsx:44:10)
      at renderWithProviders (src/test-utils/renderWrappers.tsx:53:16)
      at Object.<anonymous> (src/components/settings/NotificationSection.unit.test.tsx:44:41)

    console.error
      react-test-renderer is deprecated. See https://react.dev/warnings/react-test-renderer

      51 |  */
      52 | export function renderWithProviders(ui: ReactElement, options?: Omit<RenderOptions, 'wrapper'>) {
    > 53 |   return render(ui, { wrapper: AllTheProviders, ...options });
         |                ^
      54 | }
      55 |
      56 | // Re-export everything from testing-library so this file can be used as a drop-in replacement

      at Object.process.env.NODE_ENV.exports.create (node_modules/react-test-renderer/cjs/react-test-renderer.development.js:14598:17)
      at create (node_modules/@testing-library/react-native/src/render-act.ts:15:29)
      at callback (node_modules/@testing-library/react-native/src/act.ts:31:24)
      at process.env.NODE_ENV.exports.act (node_modules/react/cjs/react.development.js:789:22)
      at actImplementation (node_modules/@testing-library/react-native/src/act.ts:30:25)
      at renderWithAct (node_modules/@testing-library/react-native/src/render-act.ts:13:11)
      at renderInternal (node_modules/@testing-library/react-native/src/render.tsx:69:33)
      at renderInternal (node_modules/@testing-library/react-native/src/render.tsx:44:10)
      at renderWithProviders (src/test-utils/renderWrappers.tsx:53:16)
      at Object.<anonymous> (src/components/settings/NotificationSection.unit.test.tsx:51:33)

    console.error
      react-test-renderer is deprecated. See https://react.dev/warnings/react-test-renderer

      51 |  */
      52 | export function renderWithProviders(ui: ReactElement, options?: Omit<RenderOptions, 'wrapper'>) {
    > 53 |   return render(ui, { wrapper: AllTheProviders, ...options });
         |                ^
      54 | }
      55 |
      56 | // Re-export everything from testing-library so this file can be used as a drop-in replacement

      at Object.process.env.NODE_ENV.exports.create (node_modules/react-test-renderer/cjs/react-test-renderer.development.js:14598:17)
      at create (node_modules/@testing-library/react-native/src/render-act.ts:15:29)
      at callback (node_modules/@testing-library/react-native/src/act.ts:31:24)
      at process.env.NODE_ENV.exports.act (node_modules/react/cjs/react.development.js:789:22)
      at actImplementation (node_modules/@testing-library/react-native/src/act.ts:30:25)
      at renderWithAct (node_modules/@testing-library/react-native/src/render-act.ts:13:11)
      at renderInternal (node_modules/@testing-library/react-native/src/render.tsx:69:33)
      at renderInternal (node_modules/@testing-library/react-native/src/render.tsx:44:10)
      at renderWithProviders (src/test-utils/renderWrappers.tsx:53:16)
      at Object.<anonymous> (src/components/settings/NotificationSection.unit.test.tsx:57:33)

    console.error
      react-test-renderer is deprecated. See https://react.dev/warnings/react-test-renderer

      51 |  */
      52 | export function renderWithProviders(ui: ReactElement, options?: Omit<RenderOptions, 'wrapper'>) {
    > 53 |   return render(ui, { wrapper: AllTheProviders, ...options });
         |                ^
      54 | }
      55 |
      56 | // Re-export everything from testing-library so this file can be used as a drop-in replacement

      at Object.process.env.NODE_ENV.exports.create (node_modules/react-test-renderer/cjs/react-test-renderer.development.js:14598:17)
      at create (node_modules/@testing-library/react-native/src/render-act.ts:15:29)
      at callback (node_modules/@testing-library/react-native/src/act.ts:31:24)
      at process.env.NODE_ENV.exports.act (node_modules/react/cjs/react.development.js:789:22)
      at actImplementation (node_modules/@testing-library/react-native/src/act.ts:30:25)
      at renderWithAct (node_modules/@testing-library/react-native/src/render-act.ts:13:11)
      at renderInternal (node_modules/@testing-library/react-native/src/render.tsx:69:33)
      at renderInternal (node_modules/@testing-library/react-native/src/render.tsx:44:10)
      at renderWithProviders (src/test-utils/renderWrappers.tsx:53:16)
      at Object.<anonymous> (src/components/settings/NotificationSection.unit.test.tsx:63:33)

    console.error
      react-test-renderer is deprecated. See https://react.dev/warnings/react-test-renderer

      51 |  */
      52 | export function renderWithProviders(ui: ReactElement, options?: Omit<RenderOptions, 'wrapper'>) {
    > 53 |   return render(ui, { wrapper: AllTheProviders, ...options });
         |                ^
      54 | }
      55 |
      56 | // Re-export everything from testing-library so this file can be used as a drop-in replacement

      at Object.process.env.NODE_ENV.exports.create (node_modules/react-test-renderer/cjs/react-test-renderer.development.js:14598:17)
      at create (node_modules/@testing-library/react-native/src/render-act.ts:15:29)
      at callback (node_modules/@testing-library/react-native/src/act.ts:31:24)
      at process.env.NODE_ENV.exports.act (node_modules/react/cjs/react.development.js:789:22)
      at actImplementation (node_modules/@testing-library/react-native/src/act.ts:30:25)
      at renderWithAct (node_modules/@testing-library/react-native/src/render-act.ts:13:11)
      at renderInternal (node_modules/@testing-library/react-native/src/render.tsx:69:33)
      at renderInternal (node_modules/@testing-library/react-native/src/render.tsx:44:10)
      at renderWithProviders (src/test-utils/renderWrappers.tsx:53:16)
      at Object.<anonymous> (src/components/settings/NotificationSection.unit.test.tsx:68:33)

    console.error
      react-test-renderer is deprecated. See https://react.dev/warnings/react-test-renderer

      51 |  */
      52 | export function renderWithProviders(ui: ReactElement, options?: Omit<RenderOptions, 'wrapper'>) {
    > 53 |   return render(ui, { wrapper: AllTheProviders, ...options });
         |                ^
      54 | }
      55 |
      56 | // Re-export everything from testing-library so this file can be used as a drop-in replacement

      at Object.process.env.NODE_ENV.exports.create (node_modules/react-test-renderer/cjs/react-test-renderer.development.js:14598:17)
      at create (node_modules/@testing-library/react-native/src/render-act.ts:15:29)
      at callback (node_modules/@testing-library/react-native/src/act.ts:31:24)
      at process.env.NODE_ENV.exports.act (node_modules/react/cjs/react.development.js:789:22)
      at actImplementation (node_modules/@testing-library/react-native/src/act.ts:30:25)
      at renderWithAct (node_modules/@testing-library/react-native/src/render-act.ts:13:11)
      at renderInternal (node_modules/@testing-library/react-native/src/render.tsx:69:33)
      at renderInternal (node_modules/@testing-library/react-native/src/render.tsx:44:10)
      at renderWithProviders (src/test-utils/renderWrappers.tsx:53:16)
      at Object.<anonymous> (src/components/settings/NotificationSection.unit.test.tsx:75:41)

    console.error
      react-test-renderer is deprecated. See https://react.dev/warnings/react-test-renderer

      51 |  */
      52 | export function renderWithProviders(ui: ReactElement, options?: Omit<RenderOptions, 'wrapper'>) {
    > 53 |   return render(ui, { wrapper: AllTheProviders, ...options });
         |                ^
      54 | }
      55 |
      56 | // Re-export everything from testing-library so this file can be used as a drop-in replacement

      at Object.process.env.NODE_ENV.exports.create (node_modules/react-test-renderer/cjs/react-test-renderer.development.js:14598:17)
      at create (node_modules/@testing-library/react-native/src/render-act.ts:15:29)
      at callback (node_modules/@testing-library/react-native/src/act.ts:31:24)
      at process.env.NODE_ENV.exports.act (node_modules/react/cjs/react.development.js:789:22)
      at actImplementation (node_modules/@testing-library/react-native/src/act.ts:30:25)
      at renderWithAct (node_modules/@testing-library/react-native/src/render-act.ts:13:11)
      at renderInternal (node_modules/@testing-library/react-native/src/render.tsx:69:33)
      at renderInternal (node_modules/@testing-library/react-native/src/render.tsx:44:10)
      at renderWithProviders (src/test-utils/renderWrappers.tsx:53:16)
      at Object.<anonymous> (src/components/settings/NotificationSection.unit.test.tsx:81:41)

PASS src/services/backgroundBackupService.unit.test.ts
  ● Console

    console.log
      [AutoBackup] Starting periodic database backup...

      at log (src/services/backgroundBackupService.ts:11:26)

    console.log
      [AutoBackup] Native public backup successful: guru_latest.db

      at log (src/services/backgroundBackupService.ts:39:28)

    console.log
      [AutoBackup] Starting periodic database backup...

      at log (src/services/backgroundBackupService.ts:11:26)

    console.log
      [AutoBackup] Cloud/SAF backup successful: guru_auto_db_2026-04-24.db

      at log (src/services/backgroundBackupService.ts:30:30)

    console.log
      [AutoBackup] Native public backup successful: guru_latest.db

      at log (src/services/backgroundBackupService.ts:39:28)

    console.log
      [AutoBackup] Starting periodic database backup...

      at log (src/services/backgroundBackupService.ts:11:26)

    console.log
      [AutoBackup] Native public backup successful: guru_latest.db

      at log (src/services/backgroundBackupService.ts:39:28)

    console.log
      [AutoBackup] Starting periodic database backup...

      at log (src/services/backgroundBackupService.ts:11:26)

    console.warn
      [AutoBackup] Cloud/SAF backup failed: Error: SAF failed
          at Object.<anonymous> (/Users/vishnugnair/Guru-3/src/services/backgroundBackupService.unit.test.ts:97:7)
          at Generator.next (<anonymous>)
          at asyncGeneratorStep (/Users/vishnugnair/Guru-3/node_modules/@babel/runtime/helpers/asyncToGenerator.js:3:17)
          at _next (/Users/vishnugnair/Guru-3/node_modules/@babel/runtime/helpers/asyncToGenerator.js:17:9)
          at /Users/vishnugnair/Guru-3/node_modules/@babel/runtime/helpers/asyncToGenerator.js:22:7
          at new Promise (<anonymous>)
          at Object.<anonymous> (/Users/vishnugnair/Guru-3/node_modules/@babel/runtime/helpers/asyncToGenerator.js:14:12)
          at Promise.finally.completed (/Users/vishnugnair/Guru-3/node_modules/jest-circus/build/jestAdapterInit.js:1557:28)
          at new Promise (<anonymous>)
          at callAsyncCircusFn (/Users/vishnugnair/Guru-3/node_modules/jest-circus/build/jestAdapterInit.js:1497:10)
          at _callCircusTest (/Users/vishnugnair/Guru-3/node_modules/jest-circus/build/jestAdapterInit.js:1007:40)
          at _runTest (/Users/vishnugnair/Guru-3/node_modules/jest-circus/build/jestAdapterInit.js:947:3)
          at /Users/vishnugnair/Guru-3/node_modules/jest-circus/build/jestAdapterInit.js:849:7
          at _runTestsForDescribeBlock (/Users/vishnugnair/Guru-3/node_modules/jest-circus/build/jestAdapterInit.js:862:11)
          at _runTestsForDescribeBlock (/Users/vishnugnair/Guru-3/node_modules/jest-circus/build/jestAdapterInit.js:857:11)
          at run (/Users/vishnugnair/Guru-3/node_modules/jest-circus/build/jestAdapterInit.js:761:3)
          at runAndTransformResultsToJestFormat (/Users/vishnugnair/Guru-3/node_modules/jest-circus/build/jestAdapterInit.js:1918:21)
          at jestAdapter (/Users/vishnugnair/Guru-3/node_modules/jest-circus/build/runner.js:101:19)

      30 |         if (__DEV__) console.log('[AutoBackup] Cloud/SAF backup successful:', backupName);
      31 |       } catch (safErr) {
    > 32 |         console.warn('[AutoBackup] Cloud/SAF backup failed:', safErr);
         |                 ^
      33 |       }
      34 |     }
      35 |

      at warn (src/services/backgroundBackupService.ts:32:17)
          at Generator.throw (<anonymous>)
      at asyncGeneratorStep (node_modules/@babel/runtime/helpers/asyncToGenerator.js:3:17)
      at _throw (node_modules/@babel/runtime/helpers/asyncToGenerator.js:20:9)

    console.log
      [AutoBackup] Native public backup successful: guru_latest.db

      at log (src/services/backgroundBackupService.ts:39:28)

    console.warn
      [AutoBackup] Periodic backup failed: Error: DB failed
          at Object.<anonymous> (/Users/vishnugnair/Guru-3/src/services/backgroundBackupService.unit.test.ts:106:67)
          at Generator.next (<anonymous>)
          at asyncGeneratorStep (/Users/vishnugnair/Guru-3/node_modules/@babel/runtime/helpers/asyncToGenerator.js:3:17)
          at _next (/Users/vishnugnair/Guru-3/node_modules/@babel/runtime/helpers/asyncToGenerator.js:17:9)
          at /Users/vishnugnair/Guru-3/node_modules/@babel/runtime/helpers/asyncToGenerator.js:22:7
          at new Promise (<anonymous>)
          at Object.<anonymous> (/Users/vishnugnair/Guru-3/node_modules/@babel/runtime/helpers/asyncToGenerator.js:14:12)
          at Promise.finally.completed (/Users/vishnugnair/Guru-3/node_modules/jest-circus/build/jestAdapterInit.js:1557:28)
          at new Promise (<anonymous>)
          at callAsyncCircusFn (/Users/vishnugnair/Guru-3/node_modules/jest-circus/build/jestAdapterInit.js:1497:10)
          at _callCircusTest (/Users/vishnugnair/Guru-3/node_modules/jest-circus/build/jestAdapterInit.js:1007:40)
          at _runTest (/Users/vishnugnair/Guru-3/node_modules/jest-circus/build/jestAdapterInit.js:947:3)
          at /Users/vishnugnair/Guru-3/node_modules/jest-circus/build/jestAdapterInit.js:849:7
          at _runTestsForDescribeBlock (/Users/vishnugnair/Guru-3/node_modules/jest-circus/build/jestAdapterInit.js:862:11)
          at _runTestsForDescribeBlock (/Users/vishnugnair/Guru-3/node_modules/jest-circus/build/jestAdapterInit.js:857:11)
          at run (/Users/vishnugnair/Guru-3/node_modules/jest-circus/build/jestAdapterInit.js:761:3)
          at runAndTransformResultsToJestFormat (/Users/vishnugnair/Guru-3/node_modules/jest-circus/build/jestAdapterInit.js:1918:21)
          at jestAdapter (/Users/vishnugnair/Guru-3/node_modules/jest-circus/build/runner.js:101:19)

      41 |     }
      42 |   } catch (err) {
    > 43 |     console.warn('[AutoBackup] Periodic backup failed:', err);
         |             ^
      44 |   }
      45 | }
      46 |

      at warn (src/services/backgroundBackupService.ts:43:13)
          at Generator.throw (<anonymous>)
      at asyncGeneratorStep (node_modules/@babel/runtime/helpers/asyncToGenerator.js:3:17)
      at _throw (node_modules/@babel/runtime/helpers/asyncToGenerator.js:20:9)

PASS src/components/home/ShortcutTile.unit.test.tsx
  ● Console

    console.error
      react-test-renderer is deprecated. See https://react.dev/warnings/react-test-renderer

      23 |
      24 |   it('renders correctly with default props', () => {
    > 25 |     const { getByText, getByTestId, getByLabelText } = render(<ShortcutTile {...defaultProps} />);
         |                                                              ^
      26 |
      27 |     expect(getByText('Test Shortcut')).toBeTruthy();
      28 |     expect(getByTestId('shortcut-tile')).toBeTruthy();

      at Object.process.env.NODE_ENV.exports.create (node_modules/react-test-renderer/cjs/react-test-renderer.development.js:14598:17)
      at create (node_modules/@testing-library/react-native/src/render-act.ts:15:29)
      at callback (node_modules/@testing-library/react-native/src/act.ts:31:24)
      at process.env.NODE_ENV.exports.act (node_modules/react/cjs/react.development.js:789:22)
      at actImplementation (node_modules/@testing-library/react-native/src/act.ts:30:25)
      at renderWithAct (node_modules/@testing-library/react-native/src/render-act.ts:13:11)
      at renderInternal (node_modules/@testing-library/react-native/src/render.tsx:69:33)
      at renderInternal (node_modules/@testing-library/react-native/src/render.tsx:44:10)
      at Object.<anonymous> (src/components/home/ShortcutTile.unit.test.tsx:25:62)

    console.error
      react-test-renderer is deprecated. See https://react.dev/warnings/react-test-renderer

      31 |
      32 |   it('calls onPress and Haptics when pressed', () => {
    > 33 |     const { getByTestId } = render(<ShortcutTile {...defaultProps} />);
         |                                   ^
      34 |     const tile = getByTestId('shortcut-tile');
      35 |
      36 |     fireEvent.press(tile);

      at Object.process.env.NODE_ENV.exports.create (node_modules/react-test-renderer/cjs/react-test-renderer.development.js:14598:17)
      at create (node_modules/@testing-library/react-native/src/render-act.ts:15:29)
      at callback (node_modules/@testing-library/react-native/src/act.ts:31:24)
      at process.env.NODE_ENV.exports.act (node_modules/react/cjs/react.development.js:789:22)
      at actImplementation (node_modules/@testing-library/react-native/src/act.ts:30:25)
      at renderWithAct (node_modules/@testing-library/react-native/src/render-act.ts:13:11)
      at renderInternal (node_modules/@testing-library/react-native/src/render.tsx:69:33)
      at renderInternal (node_modules/@testing-library/react-native/src/render.tsx:44:10)
      at Object.<anonymous> (src/components/home/ShortcutTile.unit.test.tsx:33:35)

    console.error
      react-test-renderer is deprecated. See https://react.dev/warnings/react-test-renderer

      41 |
      42 |   it('renders without accessibilityLabel if not provided', () => {
    > 43 |     const { queryByLabelText } = render(
         |                                        ^
      44 |       <ShortcutTile {...defaultProps} accessibilityLabel={undefined} />,
      45 |     );
      46 |     // Testing library getByLabelText will fail if not found, queryByLabelText returns null

      at Object.process.env.NODE_ENV.exports.create (node_modules/react-test-renderer/cjs/react-test-renderer.development.js:14598:17)
      at create (node_modules/@testing-library/react-native/src/render-act.ts:15:29)
      at callback (node_modules/@testing-library/react-native/src/act.ts:31:24)
      at process.env.NODE_ENV.exports.act (node_modules/react/cjs/react.development.js:789:22)
      at actImplementation (node_modules/@testing-library/react-native/src/act.ts:30:25)
      at renderWithAct (node_modules/@testing-library/react-native/src/render-act.ts:13:11)
      at renderInternal (node_modules/@testing-library/react-native/src/render.tsx:69:33)
      at renderInternal (node_modules/@testing-library/react-native/src/render.tsx:44:10)
      at Object.<anonymous> (src/components/home/ShortcutTile.unit.test.tsx:43:40)

PASS src/components/ErrorBoundary.unit.test.tsx
  ● Console

    console.error
      react-test-renderer is deprecated. See https://react.dev/warnings/react-test-renderer

      13 | describe('ErrorBoundary', () => {
      14 |   it('renders children when there is no error', () => {
    > 15 |     const { getByText } = render(
         |                                 ^
      16 |       <ErrorBoundary>
      17 |         <Bomb shouldThrow={false} />
      18 |       </ErrorBoundary>,

      at Object.process.env.NODE_ENV.exports.create (node_modules/react-test-renderer/cjs/react-test-renderer.development.js:14598:17)
      at create (node_modules/@testing-library/react-native/src/render-act.ts:15:29)
      at callback (node_modules/@testing-library/react-native/src/act.ts:31:24)
      at process.env.NODE_ENV.exports.act (node_modules/react/cjs/react.development.js:789:22)
      at actImplementation (node_modules/@testing-library/react-native/src/act.ts:30:25)
      at renderWithAct (node_modules/@testing-library/react-native/src/render-act.ts:13:11)
      at renderInternal (node_modules/@testing-library/react-native/src/render.tsx:69:33)
      at renderInternal (node_modules/@testing-library/react-native/src/render.tsx:44:10)
      at Object.<anonymous> (src/components/ErrorBoundary.unit.test.tsx:15:33)

    console.log
      GURU_HEALTH:render_error:unit test boom

      at log (src/services/startupHealth.ts:24:13)

    console.log
      GURU_HEALTH:render_error:unit test boom

      at log (src/services/startupHealth.ts:24:13)

PASS src/components/chat/GuruChatMessageItem.unit.test.tsx
  ● Console

    console.error
      react-test-renderer is deprecated. See https://react.dev/warnings/react-test-renderer

      29 | describe('GuruChatMessageItem', () => {
      30 |   it('hides the response toolbar while the latest guru message is still loading', () => {
    > 31 |     const { queryByLabelText } = render(
         |                                        ^
      32 |       <GuruChatMessageItem
      33 |         message={baseMessage}
      34 |         isLatestGuruMessage

      at Object.process.env.NODE_ENV.exports.create (node_modules/react-test-renderer/cjs/react-test-renderer.development.js:14598:17)
      at create (node_modules/@testing-library/react-native/src/render-act.ts:15:29)
      at callback (node_modules/@testing-library/react-native/src/act.ts:31:24)
      at process.env.NODE_ENV.exports.act (node_modules/react/cjs/react.development.js:789:22)
      at actImplementation (node_modules/@testing-library/react-native/src/act.ts:30:25)
      at renderWithAct (node_modules/@testing-library/react-native/src/render-act.ts:13:11)
      at renderInternal (node_modules/@testing-library/react-native/src/render.tsx:69:33)
      at renderInternal (node_modules/@testing-library/react-native/src/render.tsx:44:10)
      at Object.<anonymous> (src/components/chat/GuruChatMessageItem.unit.test.tsx:31:40)

    console.error
      react-test-renderer is deprecated. See https://react.dev/warnings/react-test-renderer

      51 |
      52 |   it('does not wrap stable guru bubbles in an extra pressable that can flash during scroll', () => {
    > 53 |     const { UNSAFE_getAllByType } = render(
         |                                           ^
      54 |       <GuruChatMessageItem
      55 |         message={baseMessage}
      56 |         isLatestGuruMessage={false}

      at Object.process.env.NODE_ENV.exports.create (node_modules/react-test-renderer/cjs/react-test-renderer.development.js:14598:17)
      at create (node_modules/@testing-library/react-native/src/render-act.ts:15:29)
      at callback (node_modules/@testing-library/react-native/src/act.ts:31:24)
      at process.env.NODE_ENV.exports.act (node_modules/react/cjs/react.development.js:789:22)
      at actImplementation (node_modules/@testing-library/react-native/src/act.ts:30:25)
      at renderWithAct (node_modules/@testing-library/react-native/src/render-act.ts:13:11)
      at renderInternal (node_modules/@testing-library/react-native/src/render.tsx:69:33)
      at renderInternal (node_modules/@testing-library/react-native/src/render.tsx:44:10)
      at Object.<anonymous> (src/components/chat/GuruChatMessageItem.unit.test.tsx:53:43)

PASS src/db/repositories/contentFlagsRepository.drizzle.unit.test.ts
PASS src/components/chat/FormattedGuruMessage.unit.test.tsx
  ● Console

    console.error
      react-test-renderer is deprecated. See https://react.dev/warnings/react-test-renderer

       7 | describe('FormattedGuruMessage', () => {
       8 |   it('renders markdown-like content without exposing raw heading and list markers', () => {
    >  9 |     const { queryByText } = render(
         |                                   ^
      10 |       <FormattedGuruMessage
      11 |         text={'## Overview\n\n- First point\n- Second point\n\n**Bold** closing line'}
      12 |       />,

      at Object.process.env.NODE_ENV.exports.create (node_modules/react-test-renderer/cjs/react-test-renderer.development.js:14598:17)
      at create (node_modules/@testing-library/react-native/src/render-act.ts:15:29)
      at callback (node_modules/@testing-library/react-native/src/act.ts:31:24)
      at process.env.NODE_ENV.exports.act (node_modules/react/cjs/react.development.js:789:22)
      at actImplementation (node_modules/@testing-library/react-native/src/act.ts:30:25)
      at renderWithAct (node_modules/@testing-library/react-native/src/render-act.ts:13:11)
      at renderInternal (node_modules/@testing-library/react-native/src/render.tsx:69:33)
      at renderInternal (node_modules/@testing-library/react-native/src/render.tsx:44:10)
      at Object.<anonymous> (src/components/chat/FormattedGuruMessage.unit.test.tsx:9:35)

    console.error
      react-test-renderer is deprecated. See https://react.dev/warnings/react-test-renderer

      21 |
      22 |   it('renders deeper markdown headings without exposing raw hash markers', () => {
    > 23 |     const { queryByText } = render(
         |                                   ^
      24 |       <FormattedGuruMessage text={'#### Key takeaways\n\nFollow-up explanation'} />,
      25 |     );
      26 |

      at Object.process.env.NODE_ENV.exports.create (node_modules/react-test-renderer/cjs/react-test-renderer.development.js:14598:17)
      at create (node_modules/@testing-library/react-native/src/render-act.ts:15:29)
      at callback (node_modules/@testing-library/react-native/src/act.ts:31:24)
      at process.env.NODE_ENV.exports.act (node_modules/react/cjs/react.development.js:789:22)
      at actImplementation (node_modules/@testing-library/react-native/src/act.ts:30:25)
      at renderWithAct (node_modules/@testing-library/react-native/src/render-act.ts:13:11)
      at renderInternal (node_modules/@testing-library/react-native/src/render.tsx:69:33)
      at renderInternal (node_modules/@testing-library/react-native/src/render.tsx:44:10)
      at Object.<anonymous> (src/components/chat/FormattedGuruMessage.unit.test.tsx:23:35)

    console.error
      react-test-renderer is deprecated. See https://react.dev/warnings/react-test-renderer

      30 |
      31 |   it('renders markdown tables as readable cells instead of raw pipe rows', () => {
    > 32 |     const { queryByText } = render(
         |                                   ^
      33 |       <FormattedGuruMessage
      34 |         text={'| Column | Value |\n| --- | --- |\n| Stage | Review |\n| Score | 92% |'}
      35 |       />,

      at Object.process.env.NODE_ENV.exports.create (node_modules/react-test-renderer/cjs/react-test-renderer.development.js:14598:17)
      at create (node_modules/@testing-library/react-native/src/render-act.ts:15:29)
      at callback (node_modules/@testing-library/react-native/src/act.ts:31:24)
      at process.env.NODE_ENV.exports.act (node_modules/react/cjs/react.development.js:789:22)
      at actImplementation (node_modules/@testing-library/react-native/src/act.ts:30:25)
      at renderWithAct (node_modules/@testing-library/react-native/src/render-act.ts:13:11)
      at renderInternal (node_modules/@testing-library/react-native/src/render.tsx:69:33)
      at renderInternal (node_modules/@testing-library/react-native/src/render.tsx:44:10)
      at Object.<anonymous> (src/components/chat/FormattedGuruMessage.unit.test.tsx:32:35)

    console.error
      react-test-renderer is deprecated. See https://react.dev/warnings/react-test-renderer

      47 |
      48 |   it('hides divider markers and normalizes latex-style arrows in prose', () => {
    > 49 |     const { queryByText } = render(
         |                                   ^
      50 |       <FormattedGuruMessage
      51 |         text={'---\n\nSequence: Rolling $\\rightarrow$ Adhesion $\\rightarrow$ Chemotaxis'}
      52 |       />,

      at Object.process.env.NODE_ENV.exports.create (node_modules/react-test-renderer/cjs/react-test-renderer.development.js:14598:17)
      at create (node_modules/@testing-library/react-native/src/render-act.ts:15:29)
      at callback (node_modules/@testing-library/react-native/src/act.ts:31:24)
      at process.env.NODE_ENV.exports.act (node_modules/react/cjs/react.development.js:789:22)
      at actImplementation (node_modules/@testing-library/react-native/src/act.ts:30:25)
      at renderWithAct (node_modules/@testing-library/react-native/src/render-act.ts:13:11)
      at renderInternal (node_modules/@testing-library/react-native/src/render.tsx:69:33)
      at renderInternal (node_modules/@testing-library/react-native/src/render.tsx:44:10)
      at Object.<anonymous> (src/components/chat/FormattedGuruMessage.unit.test.tsx:49:35)

    console.error
      react-test-renderer is deprecated. See https://react.dev/warnings/react-test-renderer

      59 |
      60 |   it('renders explicit topic and high-yield markers without exposing raw marker syntax', () => {
    > 61 |     const { getByText, queryByText } = render(
         |                                              ^
      62 |       <FormattedGuruMessage
      63 |         text={'## ==Inflammation==\n\nRemember ==Acute Inflammation== is driven by !!C5a!!'}
      64 |       />,

      at Object.process.env.NODE_ENV.exports.create (node_modules/react-test-renderer/cjs/react-test-renderer.development.js:14598:17)
      at create (node_modules/@testing-library/react-native/src/render-act.ts:15:29)
      at callback (node_modules/@testing-library/react-native/src/act.ts:31:24)
      at process.env.NODE_ENV.exports.act (node_modules/react/cjs/react.development.js:789:22)
      at actImplementation (node_modules/@testing-library/react-native/src/act.ts:30:25)
      at renderWithAct (node_modules/@testing-library/react-native/src/render-act.ts:13:11)
      at renderInternal (node_modules/@testing-library/react-native/src/render.tsx:69:33)
      at renderInternal (node_modules/@testing-library/react-native/src/render.tsx:44:10)
      at Object.<anonymous> (src/components/chat/FormattedGuruMessage.unit.test.tsx:61:46)

PASS src/components/chat/ChatBubble.unit.test.tsx
  ● Console

    console.error
      react-test-renderer is deprecated. See https://react.dev/warnings/react-test-renderer

      33 | describe('ChatBubble', () => {
      34 |   it('reuses guru formatting markers in the study-session chat path', () => {
    > 35 |     const { queryByText } = render(
         |                                   ^
      36 |       <ChatBubble
      37 |         type="message"
      38 |         message={baseMessage}

      at Object.process.env.NODE_ENV.exports.create (node_modules/react-test-renderer/cjs/react-test-renderer.development.js:14598:17)
      at create (node_modules/@testing-library/react-native/src/render-act.ts:15:29)
      at callback (node_modules/@testing-library/react-native/src/act.ts:31:24)
      at process.env.NODE_ENV.exports.act (node_modules/react/cjs/react.development.js:789:22)
      at actImplementation (node_modules/@testing-library/react-native/src/act.ts:30:25)
      at renderWithAct (node_modules/@testing-library/react-native/src/render-act.ts:13:11)
      at renderInternal (node_modules/@testing-library/react-native/src/render.tsx:69:33)
      at renderInternal (node_modules/@testing-library/react-native/src/render.tsx:44:10)
      at Object.<anonymous> (src/components/chat/ChatBubble.unit.test.tsx:35:35)

    console.error
      react-test-renderer is deprecated. See https://react.dev/warnings/react-test-renderer

      58 |
      59 |   it('does not wrap the study-session guru bubble in an extra pressable', () => {
    > 60 |     const { UNSAFE_getAllByType } = render(
         |                                           ^
      61 |       <ChatBubble
      62 |         type="message"
      63 |         message={baseMessage}

      at Object.process.env.NODE_ENV.exports.create (node_modules/react-test-renderer/cjs/react-test-renderer.development.js:14598:17)
      at create (node_modules/@testing-library/react-native/src/render-act.ts:15:29)
      at callback (node_modules/@testing-library/react-native/src/act.ts:31:24)
      at process.env.NODE_ENV.exports.act (node_modules/react/cjs/react.development.js:789:22)
      at actImplementation (node_modules/@testing-library/react-native/src/act.ts:30:25)
      at renderWithAct (node_modules/@testing-library/react-native/src/render-act.ts:13:11)
      at renderInternal (node_modules/@testing-library/react-native/src/render.tsx:69:33)
      at renderInternal (node_modules/@testing-library/react-native/src/render.tsx:44:10)
      at Object.<anonymous> (src/components/chat/ChatBubble.unit.test.tsx:60:43)

PASS src/services/jsonBackupService.unit.test.ts
PASS src/components/BrainDumpFab.unit.test.tsx
  ● Console

    console.error
      react-test-renderer is deprecated. See https://react.dev/warnings/react-test-renderer

      29 |
      30 |   it('renders the FAB with correct bottom offset', () => {
    > 31 |     const { getByLabelText } = render(<BrainDumpFab />);
         |                                      ^
      32 |     const fab = getByLabelText('Add quick note');
      33 |     expect(fab).toBeTruthy();
      34 |

      at Object.process.env.NODE_ENV.exports.create (node_modules/react-test-renderer/cjs/react-test-renderer.development.js:14598:17)
      at create (node_modules/@testing-library/react-native/src/render-act.ts:15:29)
      at callback (node_modules/@testing-library/react-native/src/act.ts:31:24)
      at process.env.NODE_ENV.exports.act (node_modules/react/cjs/react.development.js:789:22)
      at actImplementation (node_modules/@testing-library/react-native/src/act.ts:30:25)
      at renderWithAct (node_modules/@testing-library/react-native/src/render-act.ts:13:11)
      at renderInternal (node_modules/@testing-library/react-native/src/render.tsx:69:33)
      at renderInternal (node_modules/@testing-library/react-native/src/render.tsx:44:10)
      at Object.<anonymous> (src/components/BrainDumpFab.unit.test.tsx:31:38)

    console.error
      react-test-renderer is deprecated. See https://react.dev/warnings/react-test-renderer

      39 |
      40 |   it('opens the modal when FAB is pressed', () => {
    > 41 |     const { getByLabelText, getByText } = render(<BrainDumpFab />);
         |                                                 ^
      42 |     const fab = getByLabelText('Add quick note');
      43 |
      44 |     fireEvent.press(fab);

      at Object.process.env.NODE_ENV.exports.create (node_modules/react-test-renderer/cjs/react-test-renderer.development.js:14598:17)
      at create (node_modules/@testing-library/react-native/src/render-act.ts:15:29)
      at callback (node_modules/@testing-library/react-native/src/act.ts:31:24)
      at process.env.NODE_ENV.exports.act (node_modules/react/cjs/react.development.js:789:22)
      at actImplementation (node_modules/@testing-library/react-native/src/act.ts:30:25)
      at renderWithAct (node_modules/@testing-library/react-native/src/render-act.ts:13:11)
      at renderInternal (node_modules/@testing-library/react-native/src/render.tsx:69:33)
      at renderInternal (node_modules/@testing-library/react-native/src/render.tsx:44:10)
      at Object.<anonymous> (src/components/BrainDumpFab.unit.test.tsx:41:49)

    console.error
      react-test-renderer is deprecated. See https://react.dev/warnings/react-test-renderer

      48 |
      49 |   it('closes the modal when close button is pressed', () => {
    > 50 |     const { getByLabelText, queryByText } = render(<BrainDumpFab />);
         |                                                   ^
      51 |     fireEvent.press(getByLabelText('Add quick note'));
      52 |
      53 |     const closeButton = getByLabelText('Close');

      at Object.process.env.NODE_ENV.exports.create (node_modules/react-test-renderer/cjs/react-test-renderer.development.js:14598:17)
      at create (node_modules/@testing-library/react-native/src/render-act.ts:15:29)
      at callback (node_modules/@testing-library/react-native/src/act.ts:31:24)
      at process.env.NODE_ENV.exports.act (node_modules/react/cjs/react.development.js:789:22)
      at actImplementation (node_modules/@testing-library/react-native/src/act.ts:30:25)
      at renderWithAct (node_modules/@testing-library/react-native/src/render-act.ts:13:11)
      at renderInternal (node_modules/@testing-library/react-native/src/render.tsx:69:33)
      at renderInternal (node_modules/@testing-library/react-native/src/render.tsx:44:10)
      at Object.<anonymous> (src/components/BrainDumpFab.unit.test.tsx:50:51)

    console.error
      react-test-renderer is deprecated. See https://react.dev/warnings/react-test-renderer

      58 |
      59 |   it('updates note text when typing', () => {
    > 60 |     const { getByLabelText, getByPlaceholderText } = render(<BrainDumpFab />);
         |                                                            ^
      61 |     fireEvent.press(getByLabelText('Add quick note'));
      62 |
      63 |     const input = getByPlaceholderText('e.g., Pay electricity bill...');

      at Object.process.env.NODE_ENV.exports.create (node_modules/react-test-renderer/cjs/react-test-renderer.development.js:14598:17)
      at create (node_modules/@testing-library/react-native/src/render-act.ts:15:29)
      at callback (node_modules/@testing-library/react-native/src/act.ts:31:24)
      at process.env.NODE_ENV.exports.act (node_modules/react/cjs/react.development.js:789:22)
      at actImplementation (node_modules/@testing-library/react-native/src/act.ts:30:25)
      at renderWithAct (node_modules/@testing-library/react-native/src/render-act.ts:13:11)
      at renderInternal (node_modules/@testing-library/react-native/src/render.tsx:69:33)
      at renderInternal (node_modules/@testing-library/react-native/src/render.tsx:44:10)
      at Object.<anonymous> (src/components/BrainDumpFab.unit.test.tsx:60:60)

    console.error
      react-test-renderer is deprecated. See https://react.dev/warnings/react-test-renderer

      68 |
      69 |   it('disables save button when note is empty', () => {
    > 70 |     const { getByLabelText } = render(<BrainDumpFab />);
         |                                      ^
      71 |     fireEvent.press(getByLabelText('Add quick note'));
      72 |
      73 |     const saveButton = getByLabelText('Save and park thought');

      at Object.process.env.NODE_ENV.exports.create (node_modules/react-test-renderer/cjs/react-test-renderer.development.js:14598:17)
      at create (node_modules/@testing-library/react-native/src/render-act.ts:15:29)
      at callback (node_modules/@testing-library/react-native/src/act.ts:31:24)
      at process.env.NODE_ENV.exports.act (node_modules/react/cjs/react.development.js:789:22)
      at actImplementation (node_modules/@testing-library/react-native/src/act.ts:30:25)
      at renderWithAct (node_modules/@testing-library/react-native/src/render-act.ts:13:11)
      at renderInternal (node_modules/@testing-library/react-native/src/render.tsx:69:33)
      at renderInternal (node_modules/@testing-library/react-native/src/render.tsx:44:10)
      at Object.<anonymous> (src/components/BrainDumpFab.unit.test.tsx:70:38)

    console.error
      react-test-renderer is deprecated. See https://react.dev/warnings/react-test-renderer

      76 |
      77 |   it('enables save button when note is entered', () => {
    > 78 |     const { getByLabelText, getByPlaceholderText } = render(<BrainDumpFab />);
         |                                                            ^
      79 |     fireEvent.press(getByLabelText('Add quick note'));
      80 |
      81 |     const input = getByPlaceholderText('e.g., Pay electricity bill...');

      at Object.process.env.NODE_ENV.exports.create (node_modules/react-test-renderer/cjs/react-test-renderer.development.js:14598:17)
      at create (node_modules/@testing-library/react-native/src/render-act.ts:15:29)
      at callback (node_modules/@testing-library/react-native/src/act.ts:31:24)
      at process.env.NODE_ENV.exports.act (node_modules/react/cjs/react.development.js:789:22)
      at actImplementation (node_modules/@testing-library/react-native/src/act.ts:30:25)
      at renderWithAct (node_modules/@testing-library/react-native/src/render-act.ts:13:11)
      at renderInternal (node_modules/@testing-library/react-native/src/render.tsx:69:33)
      at renderInternal (node_modules/@testing-library/react-native/src/render.tsx:44:10)
      at Object.<anonymous> (src/components/BrainDumpFab.unit.test.tsx:78:60)

    console.error
      react-test-renderer is deprecated. See https://react.dev/warnings/react-test-renderer

      87 |
      88 |   it('calls addBrainDump and closes modal when saving', async () => {
    > 89 |     const { getByLabelText, getByPlaceholderText, queryByText } = render(<BrainDumpFab />);
         |                                                                         ^
      90 |     fireEvent.press(getByLabelText('Add quick note'));
      91 |
      92 |     const input = getByPlaceholderText('e.g., Pay electricity bill...');

      at Object.process.env.NODE_ENV.exports.create (node_modules/react-test-renderer/cjs/react-test-renderer.development.js:14598:17)
      at create (node_modules/@testing-library/react-native/src/render-act.ts:15:29)
      at callback (node_modules/@testing-library/react-native/src/act.ts:31:24)
      at process.env.NODE_ENV.exports.act (node_modules/react/cjs/react.development.js:789:22)
      at actImplementation (node_modules/@testing-library/react-native/src/act.ts:30:25)
      at renderWithAct (node_modules/@testing-library/react-native/src/render-act.ts:13:11)
      at renderInternal (node_modules/@testing-library/react-native/src/render.tsx:69:33)
      at renderInternal (node_modules/@testing-library/react-native/src/render.tsx:44:10)
      at Object.<anonymous> (src/components/BrainDumpFab.unit.test.tsx:89:73)
      at asyncGeneratorStep (node_modules/@babel/runtime/helpers/asyncToGenerator.js:3:17)
      at _next (node_modules/@babel/runtime/helpers/asyncToGenerator.js:17:9)
      at node_modules/@babel/runtime/helpers/asyncToGenerator.js:22:7
      at Object.<anonymous> (node_modules/@babel/runtime/helpers/asyncToGenerator.js:14:12)

    console.error
      react-test-renderer is deprecated. See https://react.dev/warnings/react-test-renderer

      109 |   it('navigates to BrainDumpReview when review link is pressed', () => {
      110 |     (navigationRef.isReady as jest.Mock).mockReturnValue(true);
    > 111 |     const { getByLabelText } = render(<BrainDumpFab />);
          |                                      ^
      112 |     fireEvent.press(getByLabelText('Add quick note'));
      113 |
      114 |     const reviewLink = getByLabelText('Review parked thoughts');

      at Object.process.env.NODE_ENV.exports.create (node_modules/react-test-renderer/cjs/react-test-renderer.development.js:14598:17)
      at create (node_modules/@testing-library/react-native/src/render-act.ts:15:29)
      at callback (node_modules/@testing-library/react-native/src/act.ts:31:24)
      at process.env.NODE_ENV.exports.act (node_modules/react/cjs/react.development.js:789:22)
      at actImplementation (node_modules/@testing-library/react-native/src/act.ts:30:25)
      at renderWithAct (node_modules/@testing-library/react-native/src/render-act.ts:13:11)
      at renderInternal (node_modules/@testing-library/react-native/src/render.tsx:69:33)
      at renderInternal (node_modules/@testing-library/react-native/src/render.tsx:44:10)
      at Object.<anonymous> (src/components/BrainDumpFab.unit.test.tsx:111:38)

PASS src/services/transcription/analysis.unit.test.ts
  ● Console

    console.log
      [Analysis] Analyzing segment 1/1

      at log (src/services/transcription/analysis.ts:128:24)

    console.warn
      [toolRunner] analyzeTranscriptSegment failed — using fallback. Error: network
          at Object.<anonymous> (/Users/vishnugnair/Guru-3/src/services/transcription/analysis.unit.test.ts:37:53)
          at Generator.next (<anonymous>)
          at asyncGeneratorStep (/Users/vishnugnair/Guru-3/node_modules/@babel/runtime/helpers/asyncToGenerator.js:3:17)
          at _next (/Users/vishnugnair/Guru-3/node_modules/@babel/runtime/helpers/asyncToGenerator.js:17:9)
          at /Users/vishnugnair/Guru-3/node_modules/@babel/runtime/helpers/asyncToGenerator.js:22:7
          at new Promise (<anonymous>)
          at Object.<anonymous> (/Users/vishnugnair/Guru-3/node_modules/@babel/runtime/helpers/asyncToGenerator.js:14:12)
          at Promise.finally.completed (/Users/vishnugnair/Guru-3/node_modules/jest-circus/build/jestAdapterInit.js:1557:28)
          at new Promise (<anonymous>)
          at callAsyncCircusFn (/Users/vishnugnair/Guru-3/node_modules/jest-circus/build/jestAdapterInit.js:1497:10)
          at _callCircusTest (/Users/vishnugnair/Guru-3/node_modules/jest-circus/build/jestAdapterInit.js:1007:40)
          at _runTest (/Users/vishnugnair/Guru-3/node_modules/jest-circus/build/jestAdapterInit.js:947:3)
          at /Users/vishnugnair/Guru-3/node_modules/jest-circus/build/jestAdapterInit.js:849:7
          at _runTestsForDescribeBlock (/Users/vishnugnair/Guru-3/node_modules/jest-circus/build/jestAdapterInit.js:862:11)
          at _runTestsForDescribeBlock (/Users/vishnugnair/Guru-3/node_modules/jest-circus/build/jestAdapterInit.js:857:11)
          at run (/Users/vishnugnair/Guru-3/node_modules/jest-circus/build/jestAdapterInit.js:761:3)
          at runAndTransformResultsToJestFormat (/Users/vishnugnair/Guru-3/node_modules/jest-circus/build/jestAdapterInit.js:1918:21)
          at jestAdapter (/Users/vishnugnair/Guru-3/node_modules/jest-circus/build/runner.js:101:19)

      39 |   } catch (err) {
      40 |     if (__DEV__) {
    > 41 |       console.warn(`[toolRunner] ${opts.tag ?? tool.name} failed — using fallback.`, err);
         |               ^
      42 |     }
      43 |     if (opts.fallback) return await opts.fallback(err);
      44 |     throw err;

      at warn (src/services/ai/v2/toolRunner.ts:41:15)
          at Generator.throw (<anonymous>)
      at asyncGeneratorStep (node_modules/@babel/runtime/helpers/asyncToGenerator.js:3:17)
      at _throw (node_modules/@babel/runtime/helpers/asyncToGenerator.js:20:9)

    console.warn
      [Analysis] Failed to analyze segment 0, skipping.

      131 |       segmentAnalyses.push(analysis);
      132 |     } catch (_e) {
    > 133 |       console.warn(`[Analysis] Failed to analyze segment ${i}, skipping.`);
          |               ^
      134 |     }
      135 |   }
      136 |

      at warn (src/services/transcription/analysis.ts:133:15)
          at Generator.throw (<anonymous>)
      at asyncGeneratorStep (node_modules/@babel/runtime/helpers/asyncToGenerator.js:3:17)
      at _throw (node_modules/@babel/runtime/helpers/asyncToGenerator.js:20:9)

    console.warn
      [Analysis] All segment analyses failed, returning fallback.

      136 |
      137 |   if (segmentAnalyses.length === 0) {
    > 138 |     console.warn('[Analysis] All segment analyses failed, returning fallback.');
          |             ^
      139 |     return {
      140 |       subject: 'Unknown',
      141 |       topics: [],

      at warn (src/services/transcription/analysis.ts:138:13)
          at Generator.throw (<anonymous>)
      at asyncGeneratorStep (node_modules/@babel/runtime/helpers/asyncToGenerator.js:3:17)
      at _throw (node_modules/@babel/runtime/helpers/asyncToGenerator.js:20:9)

    console.log
      [Analysis] Analyzing segment 1/1

      at log (src/services/transcription/analysis.ts:128:24)

    console.log
      [Analysis] Analyzing segment 1/1

      at log (src/services/transcription/analysis.ts:128:24)

    console.log
      [Analysis] Analyzing segment 1/1

      at log (src/services/transcription/analysis.ts:128:24)

    console.log
      [Analysis] Analyzing segment 1/2

      at log (src/services/transcription/analysis.ts:128:24)

    console.log
      [Analysis] Analyzing segment 2/2

      at log (src/services/transcription/analysis.ts:128:24)

    console.log
      [Analysis] Running final meta-summarization pass...

      at log (src/services/transcription/analysis.ts:199:22)

    console.log
      [Analysis] Analyzing segment 1/2

      at log (src/services/transcription/analysis.ts:128:24)

    console.log
      [Analysis] Analyzing segment 2/2

      at log (src/services/transcription/analysis.ts:128:24)

    console.log
      [Analysis] Running final meta-summarization pass...

      at log (src/services/transcription/analysis.ts:199:22)

    console.warn
      [toolRunner] metaSummarizeLecture failed — using fallback. Error: meta fail
          at Object.<anonymous> (/Users/vishnugnair/Guru-3/src/services/transcription/analysis.unit.test.ts:133:30)
          at Generator.next (<anonymous>)
          at asyncGeneratorStep (/Users/vishnugnair/Guru-3/node_modules/@babel/runtime/helpers/asyncToGenerator.js:3:17)
          at _next (/Users/vishnugnair/Guru-3/node_modules/@babel/runtime/helpers/asyncToGenerator.js:17:9)
          at /Users/vishnugnair/Guru-3/node_modules/@babel/runtime/helpers/asyncToGenerator.js:22:7
          at new Promise (<anonymous>)
          at Object.<anonymous> (/Users/vishnugnair/Guru-3/node_modules/@babel/runtime/helpers/asyncToGenerator.js:14:12)
          at Promise.finally.completed (/Users/vishnugnair/Guru-3/node_modules/jest-circus/build/jestAdapterInit.js:1557:28)
          at new Promise (<anonymous>)
          at callAsyncCircusFn (/Users/vishnugnair/Guru-3/node_modules/jest-circus/build/jestAdapterInit.js:1497:10)
          at _callCircusTest (/Users/vishnugnair/Guru-3/node_modules/jest-circus/build/jestAdapterInit.js:1007:40)
          at _runTest (/Users/vishnugnair/Guru-3/node_modules/jest-circus/build/jestAdapterInit.js:947:3)
          at /Users/vishnugnair/Guru-3/node_modules/jest-circus/build/jestAdapterInit.js:849:7
          at _runTestsForDescribeBlock (/Users/vishnugnair/Guru-3/node_modules/jest-circus/build/jestAdapterInit.js:862:11)
          at _runTestsForDescribeBlock (/Users/vishnugnair/Guru-3/node_modules/jest-circus/build/jestAdapterInit.js:857:11)
          at run (/Users/vishnugnair/Guru-3/node_modules/jest-circus/build/jestAdapterInit.js:761:3)
          at runAndTransformResultsToJestFormat (/Users/vishnugnair/Guru-3/node_modules/jest-circus/build/jestAdapterInit.js:1918:21)
          at jestAdapter (/Users/vishnugnair/Guru-3/node_modules/jest-circus/build/runner.js:101:19)

      39 |   } catch (err) {
      40 |     if (__DEV__) {
    > 41 |       console.warn(`[toolRunner] ${opts.tag ?? tool.name} failed — using fallback.`, err);
         |               ^
      42 |     }
      43 |     if (opts.fallback) return await opts.fallback(err);
      44 |     throw err;

      at warn (src/services/ai/v2/toolRunner.ts:41:15)
          at Generator.throw (<anonymous>)
      at asyncGeneratorStep (node_modules/@babel/runtime/helpers/asyncToGenerator.js:3:17)
      at _throw (node_modules/@babel/runtime/helpers/asyncToGenerator.js:20:9)

    console.warn
      [Analysis] Meta-summarization failed, using basic aggregation fallback.

      205 |     return mapParsedAnalysis(object);
      206 |   } catch (_err) {
    > 207 |     console.warn('[Analysis] Meta-summarization failed, using basic aggregation fallback.');
          |             ^
      208 |     // Fallback: Just smash everything together and take the first few
      209 |     return {
      210 |       subject: analyses[0]?.subject ?? 'Unknown',

      at warn (src/services/transcription/analysis.ts:207:13)
          at Generator.throw (<anonymous>)
      at asyncGeneratorStep (node_modules/@babel/runtime/helpers/asyncToGenerator.js:3:17)
      at _throw (node_modules/@babel/runtime/helpers/asyncToGenerator.js:20:9)

PASS src/db/chatSession.db.test.ts
PASS src/components/settings/StudyPreferencesSection.unit.test.tsx
  ● Console

    console.error
      react-test-renderer is deprecated. See https://react.dev/warnings/react-test-renderer

      51 |  */
      52 | export function renderWithProviders(ui: ReactElement, options?: Omit<RenderOptions, 'wrapper'>) {
    > 53 |   return render(ui, { wrapper: AllTheProviders, ...options });
         |                ^
      54 | }
      55 |
      56 | // Re-export everything from testing-library so this file can be used as a drop-in replacement

      at Object.process.env.NODE_ENV.exports.create (node_modules/react-test-renderer/cjs/react-test-renderer.development.js:14598:17)
      at create (node_modules/@testing-library/react-native/src/render-act.ts:15:29)
      at callback (node_modules/@testing-library/react-native/src/act.ts:31:24)
      at process.env.NODE_ENV.exports.act (node_modules/react/cjs/react.development.js:789:22)
      at actImplementation (node_modules/@testing-library/react-native/src/act.ts:30:25)
      at renderWithAct (node_modules/@testing-library/react-native/src/render-act.ts:13:11)
      at renderInternal (node_modules/@testing-library/react-native/src/render.tsx:69:33)
      at renderInternal (node_modules/@testing-library/react-native/src/render.tsx:44:10)
      at renderWithProviders (src/test-utils/renderWrappers.tsx:53:16)
      at Object.<anonymous> (src/components/settings/StudyPreferencesSection.unit.test.tsx:21:54)

    console.error
      react-test-renderer is deprecated. See https://react.dev/warnings/react-test-renderer

      51 |  */
      52 | export function renderWithProviders(ui: ReactElement, options?: Omit<RenderOptions, 'wrapper'>) {
    > 53 |   return render(ui, { wrapper: AllTheProviders, ...options });
         |                ^
      54 | }
      55 |
      56 | // Re-export everything from testing-library so this file can be used as a drop-in replacement

      at Object.process.env.NODE_ENV.exports.create (node_modules/react-test-renderer/cjs/react-test-renderer.development.js:14598:17)
      at create (node_modules/@testing-library/react-native/src/render-act.ts:15:29)
      at callback (node_modules/@testing-library/react-native/src/act.ts:31:24)
      at process.env.NODE_ENV.exports.act (node_modules/react/cjs/react.development.js:789:22)
      at actImplementation (node_modules/@testing-library/react-native/src/act.ts:30:25)
      at renderWithAct (node_modules/@testing-library/react-native/src/render-act.ts:13:11)
      at renderInternal (node_modules/@testing-library/react-native/src/render.tsx:69:33)
      at renderInternal (node_modules/@testing-library/react-native/src/render.tsx:44:10)
      at renderWithProviders (src/test-utils/renderWrappers.tsx:53:16)
      at Object.<anonymous> (src/components/settings/StudyPreferencesSection.unit.test.tsx:44:43)

    console.error
      react-test-renderer is deprecated. See https://react.dev/warnings/react-test-renderer

      51 |  */
      52 | export function renderWithProviders(ui: ReactElement, options?: Omit<RenderOptions, 'wrapper'>) {
    > 53 |   return render(ui, { wrapper: AllTheProviders, ...options });
         |                ^
      54 | }
      55 |
      56 | // Re-export everything from testing-library so this file can be used as a drop-in replacement

      at Object.process.env.NODE_ENV.exports.create (node_modules/react-test-renderer/cjs/react-test-renderer.development.js:14598:17)
      at create (node_modules/@testing-library/react-native/src/render-act.ts:15:29)
      at callback (node_modules/@testing-library/react-native/src/act.ts:31:24)
      at process.env.NODE_ENV.exports.act (node_modules/react/cjs/react.development.js:789:22)
      at actImplementation (node_modules/@testing-library/react-native/src/act.ts:30:25)
      at renderWithAct (node_modules/@testing-library/react-native/src/render-act.ts:13:11)
      at renderInternal (node_modules/@testing-library/react-native/src/render.tsx:69:33)
      at renderInternal (node_modules/@testing-library/react-native/src/render.tsx:44:10)
      at renderWithProviders (src/test-utils/renderWrappers.tsx:53:16)
      at Object.<anonymous> (src/components/settings/StudyPreferencesSection.unit.test.tsx:51:43)

    console.error
      react-test-renderer is deprecated. See https://react.dev/warnings/react-test-renderer

      51 |  */
      52 | export function renderWithProviders(ui: ReactElement, options?: Omit<RenderOptions, 'wrapper'>) {
    > 53 |   return render(ui, { wrapper: AllTheProviders, ...options });
         |                ^
      54 | }
      55 |
      56 | // Re-export everything from testing-library so this file can be used as a drop-in replacement

      at Object.process.env.NODE_ENV.exports.create (node_modules/react-test-renderer/cjs/react-test-renderer.development.js:14598:17)
      at create (node_modules/@testing-library/react-native/src/render-act.ts:15:29)
      at callback (node_modules/@testing-library/react-native/src/act.ts:31:24)
      at process.env.NODE_ENV.exports.act (node_modules/react/cjs/react.development.js:789:22)
      at actImplementation (node_modules/@testing-library/react-native/src/act.ts:30:25)
      at renderWithAct (node_modules/@testing-library/react-native/src/render-act.ts:13:11)
      at renderInternal (node_modules/@testing-library/react-native/src/render.tsx:69:33)
      at renderInternal (node_modules/@testing-library/react-native/src/render.tsx:44:10)
      at renderWithProviders (src/test-utils/renderWrappers.tsx:53:16)
      at Object.<anonymous> (src/components/settings/StudyPreferencesSection.unit.test.tsx:58:43)

PASS src/db/repositories/sessionsRepository.drizzle.unit.test.ts
PASS src/services/ai/v2/compat.unit.test.ts
  ● Console

    console.log
      model is: { provider: 'groq', modelId: 'llama-test' }

      at Object.log (src/services/ai/v2/compat.unit.test.ts:107:13)

PASS src/components/settings/ProfileSection.unit.test.tsx
  ● Console

    console.error
      react-test-renderer is deprecated. See https://react.dev/warnings/react-test-renderer

      51 |  */
      52 | export function renderWithProviders(ui: ReactElement, options?: Omit<RenderOptions, 'wrapper'>) {
    > 53 |   return render(ui, { wrapper: AllTheProviders, ...options });
         |                ^
      54 | }
      55 |
      56 | // Re-export everything from testing-library so this file can be used as a drop-in replacement

      at Object.process.env.NODE_ENV.exports.create (node_modules/react-test-renderer/cjs/react-test-renderer.development.js:14598:17)
      at create (node_modules/@testing-library/react-native/src/render-act.ts:15:29)
      at callback (node_modules/@testing-library/react-native/src/act.ts:31:24)
      at process.env.NODE_ENV.exports.act (node_modules/react/cjs/react.development.js:789:22)
      at actImplementation (node_modules/@testing-library/react-native/src/act.ts:30:25)
      at renderWithAct (node_modules/@testing-library/react-native/src/render-act.ts:13:11)
      at renderInternal (node_modules/@testing-library/react-native/src/render.tsx:69:33)
      at renderInternal (node_modules/@testing-library/react-native/src/render.tsx:44:10)
      at renderWithProviders (src/test-utils/renderWrappers.tsx:53:16)
      at Object.<anonymous> (src/components/settings/ProfileSection.unit.test.tsx:20:65)

    console.error
      react-test-renderer is deprecated. See https://react.dev/warnings/react-test-renderer

      51 |  */
      52 | export function renderWithProviders(ui: ReactElement, options?: Omit<RenderOptions, 'wrapper'>) {
    > 53 |   return render(ui, { wrapper: AllTheProviders, ...options });
         |                ^
      54 | }
      55 |
      56 | // Re-export everything from testing-library so this file can be used as a drop-in replacement

      at Object.process.env.NODE_ENV.exports.create (node_modules/react-test-renderer/cjs/react-test-renderer.development.js:14598:17)
      at create (node_modules/@testing-library/react-native/src/render-act.ts:15:29)
      at callback (node_modules/@testing-library/react-native/src/act.ts:31:24)
      at process.env.NODE_ENV.exports.act (node_modules/react/cjs/react.development.js:789:22)
      at actImplementation (node_modules/@testing-library/react-native/src/act.ts:30:25)
      at renderWithAct (node_modules/@testing-library/react-native/src/render-act.ts:13:11)
      at renderInternal (node_modules/@testing-library/react-native/src/render.tsx:69:33)
      at renderInternal (node_modules/@testing-library/react-native/src/render.tsx:44:10)
      at renderWithProviders (src/test-utils/renderWrappers.tsx:53:16)
      at Object.<anonymous> (src/components/settings/ProfileSection.unit.test.tsx:30:41)

    console.error
      react-test-renderer is deprecated. See https://react.dev/warnings/react-test-renderer

      51 |  */
      52 | export function renderWithProviders(ui: ReactElement, options?: Omit<RenderOptions, 'wrapper'>) {
    > 53 |   return render(ui, { wrapper: AllTheProviders, ...options });
         |                ^
      54 | }
      55 |
      56 | // Re-export everything from testing-library so this file can be used as a drop-in replacement

      at Object.process.env.NODE_ENV.exports.create (node_modules/react-test-renderer/cjs/react-test-renderer.development.js:14598:17)
      at create (node_modules/@testing-library/react-native/src/render-act.ts:15:29)
      at callback (node_modules/@testing-library/react-native/src/act.ts:31:24)
      at process.env.NODE_ENV.exports.act (node_modules/react/cjs/react.development.js:789:22)
      at actImplementation (node_modules/@testing-library/react-native/src/act.ts:30:25)
      at renderWithAct (node_modules/@testing-library/react-native/src/render-act.ts:13:11)
      at renderInternal (node_modules/@testing-library/react-native/src/render.tsx:69:33)
      at renderInternal (node_modules/@testing-library/react-native/src/render.tsx:44:10)
      at renderWithProviders (src/test-utils/renderWrappers.tsx:53:16)
      at Object.<anonymous> (src/components/settings/ProfileSection.unit.test.tsx:37:33)

    console.error
      react-test-renderer is deprecated. See https://react.dev/warnings/react-test-renderer

      51 |  */
      52 | export function renderWithProviders(ui: ReactElement, options?: Omit<RenderOptions, 'wrapper'>) {
    > 53 |   return render(ui, { wrapper: AllTheProviders, ...options });
         |                ^
      54 | }
      55 |
      56 | // Re-export everything from testing-library so this file can be used as a drop-in replacement

      at Object.process.env.NODE_ENV.exports.create (node_modules/react-test-renderer/cjs/react-test-renderer.development.js:14598:17)
      at create (node_modules/@testing-library/react-native/src/render-act.ts:15:29)
      at callback (node_modules/@testing-library/react-native/src/act.ts:31:24)
      at process.env.NODE_ENV.exports.act (node_modules/react/cjs/react.development.js:789:22)
      at actImplementation (node_modules/@testing-library/react-native/src/act.ts:30:25)
      at renderWithAct (node_modules/@testing-library/react-native/src/render-act.ts:13:11)
      at renderInternal (node_modules/@testing-library/react-native/src/render.tsx:69:33)
      at renderInternal (node_modules/@testing-library/react-native/src/render.tsx:44:10)
      at renderWithProviders (src/test-utils/renderWrappers.tsx:53:16)
      at Object.<anonymous> (src/components/settings/ProfileSection.unit.test.tsx:43:49)

    console.error
      react-test-renderer is deprecated. See https://react.dev/warnings/react-test-renderer

      51 |  */
      52 | export function renderWithProviders(ui: ReactElement, options?: Omit<RenderOptions, 'wrapper'>) {
    > 53 |   return render(ui, { wrapper: AllTheProviders, ...options });
         |                ^
      54 | }
      55 |
      56 | // Re-export everything from testing-library so this file can be used as a drop-in replacement

      at Object.process.env.NODE_ENV.exports.create (node_modules/react-test-renderer/cjs/react-test-renderer.development.js:14598:17)
      at create (node_modules/@testing-library/react-native/src/render-act.ts:15:29)
      at callback (node_modules/@testing-library/react-native/src/act.ts:31:24)
      at process.env.NODE_ENV.exports.act (node_modules/react/cjs/react.development.js:789:22)
      at actImplementation (node_modules/@testing-library/react-native/src/act.ts:30:25)
      at renderWithAct (node_modules/@testing-library/react-native/src/render-act.ts:13:11)
      at renderInternal (node_modules/@testing-library/react-native/src/render.tsx:69:33)
      at renderInternal (node_modules/@testing-library/react-native/src/render.tsx:44:10)
      at renderWithProviders (src/test-utils/renderWrappers.tsx:53:16)
      at Object.<anonymous> (src/components/settings/ProfileSection.unit.test.tsx:54:49)

PASS src/services/unifiedBackupService.unit.test.ts
PASS src/services/studyPlanner.unit.test.ts
PASS src/components/VisualTimer.unit.test.tsx
  ● Console

    console.error
      react-test-renderer is deprecated. See https://react.dev/warnings/react-test-renderer

       5 | describe('VisualTimer', () => {
       6 |   it('formats remaining time as m:ss', () => {
    >  7 |     const { getByText } = render(
         |                                 ^
       8 |       <VisualTimer totalSeconds={600} remainingSeconds={125} size={100} strokeWidth={8} />,
       9 |     );
      10 |     expect(getByText('2:05')).toBeTruthy();

      at Object.process.env.NODE_ENV.exports.create (node_modules/react-test-renderer/cjs/react-test-renderer.development.js:14598:17)
      at create (node_modules/@testing-library/react-native/src/render-act.ts:15:29)
      at callback (node_modules/@testing-library/react-native/src/act.ts:31:24)
      at process.env.NODE_ENV.exports.act (node_modules/react/cjs/react.development.js:789:22)
      at actImplementation (node_modules/@testing-library/react-native/src/act.ts:30:25)
      at renderWithAct (node_modules/@testing-library/react-native/src/render-act.ts:13:11)
      at renderInternal (node_modules/@testing-library/react-native/src/render.tsx:69:33)
      at renderInternal (node_modules/@testing-library/react-native/src/render.tsx:44:10)
      at Object.<anonymous> (src/components/VisualTimer.unit.test.tsx:7:33)

    console.error
      react-test-renderer is deprecated. See https://react.dev/warnings/react-test-renderer

      12 |
      13 |   it('shows 0:00 when no time remains', () => {
    > 14 |     const { getByText } = render(<VisualTimer totalSeconds={60} remainingSeconds={0} />);
         |                                 ^
      15 |     expect(getByText('0:00')).toBeTruthy();
      16 |   });
      17 | });

      at Object.process.env.NODE_ENV.exports.create (node_modules/react-test-renderer/cjs/react-test-renderer.development.js:14598:17)
      at create (node_modules/@testing-library/react-native/src/render-act.ts:15:29)
      at callback (node_modules/@testing-library/react-native/src/act.ts:31:24)
      at process.env.NODE_ENV.exports.act (node_modules/react/cjs/react.development.js:789:22)
      at actImplementation (node_modules/@testing-library/react-native/src/act.ts:30:25)
      at renderWithAct (node_modules/@testing-library/react-native/src/render-act.ts:13:11)
      at renderInternal (node_modules/@testing-library/react-native/src/render.tsx:69:33)
      at renderInternal (node_modules/@testing-library/react-native/src/render.tsx:44:10)
      at Object.<anonymous> (src/components/VisualTimer.unit.test.tsx:14:33)

PASS src/components/home/ExamCountdownChips.unit.test.tsx
  ● Console

    console.error
      react-test-renderer is deprecated. See https://react.dev/warnings/react-test-renderer

      22 |
      23 |   it('renders the compact inline exam countdown copy', () => {
    > 24 |     const { getByLabelText, getByText } = render(
         |                                                 ^
      25 |       <ExamCountdownChips daysToInicet={25} daysToNeetPg={140} />,
      26 |     );
      27 |

      at Object.process.env.NODE_ENV.exports.create (node_modules/react-test-renderer/cjs/react-test-renderer.development.js:14598:17)
      at create (node_modules/@testing-library/react-native/src/render-act.ts:15:29)
      at callback (node_modules/@testing-library/react-native/src/act.ts:31:24)
      at process.env.NODE_ENV.exports.act (node_modules/react/cjs/react.development.js:789:22)
      at actImplementation (node_modules/@testing-library/react-native/src/act.ts:30:25)
      at renderWithAct (node_modules/@testing-library/react-native/src/render-act.ts:13:11)
      at renderInternal (node_modules/@testing-library/react-native/src/render.tsx:69:33)
      at renderInternal (node_modules/@testing-library/react-native/src/render.tsx:44:10)
      at Object.<anonymous> (src/components/home/ExamCountdownChips.unit.test.tsx:24:49)

    console.error
      react-test-renderer is deprecated. See https://react.dev/warnings/react-test-renderer

      35 |
      36 |   it('highlights urgent day values without tinting the labels', () => {
    > 37 |     const { getByText } = render(<ExamCountdownChips daysToInicet={20} daysToNeetPg={45} />);
         |                                 ^
      38 |
      39 |     const daysStyle = StyleSheet.flatten(getByText('20').props.style);
      40 |     const labelStyle = StyleSheet.flatten(getByText('INICET ').props.style);

      at Object.process.env.NODE_ENV.exports.create (node_modules/react-test-renderer/cjs/react-test-renderer.development.js:14598:17)
      at create (node_modules/@testing-library/react-native/src/render-act.ts:15:29)
      at callback (node_modules/@testing-library/react-native/src/act.ts:31:24)
      at process.env.NODE_ENV.exports.act (node_modules/react/cjs/react.development.js:789:22)
      at actImplementation (node_modules/@testing-library/react-native/src/act.ts:30:25)
      at renderWithAct (node_modules/@testing-library/react-native/src/render-act.ts:13:11)
      at renderInternal (node_modules/@testing-library/react-native/src/render.tsx:69:33)
      at renderInternal (node_modules/@testing-library/react-native/src/render.tsx:44:10)
      at Object.<anonymous> (src/components/home/ExamCountdownChips.unit.test.tsx:37:33)

    console.error
      react-test-renderer is deprecated. See https://react.dev/warnings/react-test-renderer

      46 |   it('shows refresh button when onRefreshExamDates is provided', () => {
      47 |     const onRefresh = jest.fn().mockResolvedValue(undefined);
    > 48 |     const { getByLabelText, queryByLabelText } = render(
         |                                                        ^
      49 |       <ExamCountdownChips daysToInicet={25} daysToNeetPg={140} onRefreshExamDates={onRefresh} />,
      50 |     );
      51 |

      at Object.process.env.NODE_ENV.exports.create (node_modules/react-test-renderer/cjs/react-test-renderer.development.js:14598:17)
      at create (node_modules/@testing-library/react-native/src/render-act.ts:15:29)
      at callback (node_modules/@testing-library/react-native/src/act.ts:31:24)
      at process.env.NODE_ENV.exports.act (node_modules/react/cjs/react.development.js:789:22)
      at actImplementation (node_modules/@testing-library/react-native/src/act.ts:30:25)
      at renderWithAct (node_modules/@testing-library/react-native/src/render-act.ts:13:11)
      at renderInternal (node_modules/@testing-library/react-native/src/render.tsx:69:33)
      at renderInternal (node_modules/@testing-library/react-native/src/render.tsx:44:10)
      at Object.<anonymous> (src/components/home/ExamCountdownChips.unit.test.tsx:48:56)

    console.error
      react-test-renderer is deprecated. See https://react.dev/warnings/react-test-renderer

      54 |
      55 |   it('hides refresh button when onRefreshExamDates is not provided', () => {
    > 56 |     const { queryByLabelText } = render(
         |                                        ^
      57 |       <ExamCountdownChips daysToInicet={25} daysToNeetPg={140} />,
      58 |     );
      59 |

      at Object.process.env.NODE_ENV.exports.create (node_modules/react-test-renderer/cjs/react-test-renderer.development.js:14598:17)
      at create (node_modules/@testing-library/react-native/src/render-act.ts:15:29)
      at callback (node_modules/@testing-library/react-native/src/act.ts:31:24)
      at process.env.NODE_ENV.exports.act (node_modules/react/cjs/react.development.js:789:22)
      at actImplementation (node_modules/@testing-library/react-native/src/act.ts:30:25)
      at renderWithAct (node_modules/@testing-library/react-native/src/render-act.ts:13:11)
      at renderInternal (node_modules/@testing-library/react-native/src/render.tsx:69:33)
      at renderInternal (node_modules/@testing-library/react-native/src/render.tsx:44:10)
      at Object.<anonymous> (src/components/home/ExamCountdownChips.unit.test.tsx:56:40)

PASS src/db/testing/drizzleSchemaParity.unit.test.ts
  ● Console

    console.log
      [DB] Recovered missing column: user_profile.doomscroll_shield_enabled

      at log (src/db/database.ts:586:34)

    console.log
      [DB] Recovered missing column: user_profile.use_nano

      at log (src/db/database.ts:586:34)

    console.log
      [DB] Recovered missing column: user_profile.loading_orb_style

      at log (src/db/database.ts:586:34)

    console.log
      [DB] Recovered missing column: user_profile.vertex_ai_project

      at log (src/db/database.ts:586:34)

    console.log
      [DB] Recovered missing column: user_profile.vertex_ai_location

      at log (src/db/database.ts:586:34)

    console.log
      [DB] Recovered missing column: user_profile.vertex_ai_token

      at log (src/db/database.ts:586:34)

    console.log
      [DB] Recovered missing column: user_profile.auto_repair_legacy_notes_enabled

      at log (src/db/database.ts:586:34)

    console.log
      [DB] Recovered missing column: user_profile.scan_orphaned_transcripts_enabled

      at log (src/db/database.ts:586:34)

    console.log
      [DB] Recovered missing column: user_profile.samsungBatteryPromptShownAt

      at log (src/db/database.ts:586:34)

    console.warn
      [DB] Failed to add search index: TypeError: Cannot read properties of null (reading 'getAllAsync')
          at getAllAsync (/Users/vishnugnair/Guru-3/src/db/database.ts:614:38)
          at Generator.next (<anonymous>)
          at asyncGeneratorStep (/Users/vishnugnair/Guru-3/node_modules/@babel/runtime/helpers/asyncToGenerator.js:3:17)
          at _next (/Users/vishnugnair/Guru-3/node_modules/@babel/runtime/helpers/asyncToGenerator.js:17:9)

      623 |     }
      624 |   } catch (err) {
    > 625 |     if (__DEV__) console.warn('[DB] Failed to add search index:', err);
          |                          ^
      626 |   }
      627 | }
      628 |

      at warn (src/db/database.ts:625:26)
      at asyncGeneratorStep (node_modules/@babel/runtime/helpers/asyncToGenerator.js:3:17)
      at _next (node_modules/@babel/runtime/helpers/asyncToGenerator.js:17:9)

PASS src/components/home/AgendaItem.unit.test.tsx
  ● Console

    console.error
      react-test-renderer is deprecated. See https://react.dev/warnings/react-test-renderer

      14 |
      15 |   it('renders correctly with default props', () => {
    > 16 |     const { getByText, getByLabelText } = render(<AgendaItem {...defaultProps} />);
         |                                                 ^
      17 |
      18 |     expect(getByText('10:00 AM')).toBeTruthy();
      19 |     expect(getByText('Test Agenda Item')).toBeTruthy();

      at Object.process.env.NODE_ENV.exports.create (node_modules/react-test-renderer/cjs/react-test-renderer.development.js:14598:17)
      at create (node_modules/@testing-library/react-native/src/render-act.ts:15:29)
      at callback (node_modules/@testing-library/react-native/src/act.ts:31:24)
      at process.env.NODE_ENV.exports.act (node_modules/react/cjs/react.development.js:789:22)
      at actImplementation (node_modules/@testing-library/react-native/src/act.ts:30:25)
      at renderWithAct (node_modules/@testing-library/react-native/src/render-act.ts:13:11)
      at renderInternal (node_modules/@testing-library/react-native/src/render.tsx:69:33)
      at renderInternal (node_modules/@testing-library/react-native/src/render.tsx:44:10)
      at Object.<anonymous> (src/components/home/AgendaItem.unit.test.tsx:16:49)

    console.error
      react-test-renderer is deprecated. See https://react.dev/warnings/react-test-renderer

      24 |
      25 |   it('calls onPress when pressed', () => {
    > 26 |     const { getByLabelText } = render(<AgendaItem {...defaultProps} />);
         |                                      ^
      27 |     fireEvent.press(getByLabelText('Open Test Agenda Item'));
      28 |     expect(defaultProps.onPress).toHaveBeenCalled();
      29 |   });

      at Object.process.env.NODE_ENV.exports.create (node_modules/react-test-renderer/cjs/react-test-renderer.development.js:14598:17)
      at create (node_modules/@testing-library/react-native/src/render-act.ts:15:29)
      at callback (node_modules/@testing-library/react-native/src/act.ts:31:24)
      at process.env.NODE_ENV.exports.act (node_modules/react/cjs/react.development.js:789:22)
      at actImplementation (node_modules/@testing-library/react-native/src/act.ts:30:25)
      at renderWithAct (node_modules/@testing-library/react-native/src/render-act.ts:13:11)
      at renderInternal (node_modules/@testing-library/react-native/src/render.tsx:69:33)
      at renderInternal (node_modules/@testing-library/react-native/src/render.tsx:44:10)
      at Object.<anonymous> (src/components/home/AgendaItem.unit.test.tsx:26:38)

    console.error
      react-test-renderer is deprecated. See https://react.dev/warnings/react-test-renderer

      30 |
      31 |   it('renders review type badge', () => {
    > 32 |     const { getByText } = render(<AgendaItem {...defaultProps} type="review" />);
         |                                 ^
      33 |     expect(getByText('REVIEW')).toBeTruthy();
      34 |     expect(getByText('Test Subject')).toBeTruthy();
      35 |   });

      at Object.process.env.NODE_ENV.exports.create (node_modules/react-test-renderer/cjs/react-test-renderer.development.js:14598:17)
      at create (node_modules/@testing-library/react-native/src/render-act.ts:15:29)
      at callback (node_modules/@testing-library/react-native/src/act.ts:31:24)
      at process.env.NODE_ENV.exports.act (node_modules/react/cjs/react.development.js:789:22)
      at actImplementation (node_modules/@testing-library/react-native/src/act.ts:30:25)
      at renderWithAct (node_modules/@testing-library/react-native/src/render-act.ts:13:11)
      at renderInternal (node_modules/@testing-library/react-native/src/render.tsx:69:33)
      at renderInternal (node_modules/@testing-library/react-native/src/render.tsx:44:10)
      at Object.<anonymous> (src/components/home/AgendaItem.unit.test.tsx:32:33)

    console.error
      react-test-renderer is deprecated. See https://react.dev/warnings/react-test-renderer

      36 |
      37 |   it('renders deep dive type badge', () => {
    > 38 |     const { getByText } = render(<AgendaItem {...defaultProps} type="deep_dive" />);
         |                                 ^
      39 |     expect(getByText('DEEP DIVE')).toBeTruthy();
      40 |     expect(getByText('Test Subject')).toBeTruthy();
      41 |   });

      at Object.process.env.NODE_ENV.exports.create (node_modules/react-test-renderer/cjs/react-test-renderer.development.js:14598:17)
      at create (node_modules/@testing-library/react-native/src/render-act.ts:15:29)
      at callback (node_modules/@testing-library/react-native/src/act.ts:31:24)
      at process.env.NODE_ENV.exports.act (node_modules/react/cjs/react.development.js:789:22)
      at actImplementation (node_modules/@testing-library/react-native/src/act.ts:30:25)
      at renderWithAct (node_modules/@testing-library/react-native/src/render-act.ts:13:11)
      at renderInternal (node_modules/@testing-library/react-native/src/render.tsx:69:33)
      at renderInternal (node_modules/@testing-library/react-native/src/render.tsx:44:10)
      at Object.<anonymous> (src/components/home/AgendaItem.unit.test.tsx:38:33)

    console.error
      react-test-renderer is deprecated. See https://react.dev/warnings/react-test-renderer

      42 |
      43 |   it('renders high yield badge when priority is 8 or higher', () => {
    > 44 |     const { getByText } = render(<AgendaItem {...defaultProps} priority={8} />);
         |                                 ^
      45 |     expect(getByText('HY')).toBeTruthy();
      46 |   });
      47 |

      at Object.process.env.NODE_ENV.exports.create (node_modules/react-test-renderer/cjs/react-test-renderer.development.js:14598:17)
      at create (node_modules/@testing-library/react-native/src/render-act.ts:15:29)
      at callback (node_modules/@testing-library/react-native/src/act.ts:31:24)
      at process.env.NODE_ENV.exports.act (node_modules/react/cjs/react.development.js:789:22)
      at actImplementation (node_modules/@testing-library/react-native/src/act.ts:30:25)
      at renderWithAct (node_modules/@testing-library/react-native/src/render-act.ts:13:11)
      at renderInternal (node_modules/@testing-library/react-native/src/render.tsx:69:33)
      at renderInternal (node_modules/@testing-library/react-native/src/render.tsx:44:10)
      at Object.<anonymous> (src/components/home/AgendaItem.unit.test.tsx:44:33)

    console.error
      react-test-renderer is deprecated. See https://react.dev/warnings/react-test-renderer

      47 |
      48 |   it('does not render high yield badge when priority is below 8', () => {
    > 49 |     const { queryByText } = render(<AgendaItem {...defaultProps} priority={7} />);
         |                                   ^
      50 |     expect(queryByText('HY')).toBeNull();
      51 |   });
      52 | });

      at Object.process.env.NODE_ENV.exports.create (node_modules/react-test-renderer/cjs/react-test-renderer.development.js:14598:17)
      at create (node_modules/@testing-library/react-native/src/render-act.ts:15:29)
      at callback (node_modules/@testing-library/react-native/src/act.ts:31:24)
      at process.env.NODE_ENV.exports.act (node_modules/react/cjs/react.development.js:789:22)
      at actImplementation (node_modules/@testing-library/react-native/src/act.ts:30:25)
      at renderWithAct (node_modules/@testing-library/react-native/src/render-act.ts:13:11)
      at renderInternal (node_modules/@testing-library/react-native/src/render.tsx:69:33)
      at renderInternal (node_modules/@testing-library/react-native/src/render.tsx:44:10)
      at Object.<anonymous> (src/components/home/AgendaItem.unit.test.tsx:49:35)

PASS src/services/transcription/providerFallback.unit.test.ts
PASS src/db/repositories/topicsRepository.drizzle.unit.test.ts
PASS src/hooks/useIdleTimer.unit.test.ts
  ● Console

    console.error
      react-test-renderer is deprecated. See https://react.dev/warnings/react-test-renderer

      42 |   // Step 2: Characterize (Happy Path)
      43 |   it('triggers onIdle after timeout', () => {
    > 44 |     renderHook(() => useIdleTimer({ onIdle, onActive, timeout }));
         |               ^
      45 |
      46 |     act(() => {
      47 |       jest.advanceTimersByTime(timeout);

      at Object.process.env.NODE_ENV.exports.create (node_modules/react-test-renderer/cjs/react-test-renderer.development.js:14598:17)
      at create (node_modules/@testing-library/react-native/src/render-act.ts:15:29)
      at callback (node_modules/@testing-library/react-native/src/act.ts:31:24)
      at process.env.NODE_ENV.exports.act (node_modules/react/cjs/react.development.js:789:22)
      at actImplementation (node_modules/@testing-library/react-native/src/act.ts:30:25)
      at renderWithAct (node_modules/@testing-library/react-native/src/render-act.ts:13:11)
      at renderInternal (node_modules/@testing-library/react-native/src/render.tsx:69:33)
      at renderInternal (node_modules/@testing-library/react-native/src/render.tsx:44:10)
      at renderHook (node_modules/@testing-library/react-native/src/render-hook.tsx:55:58)
      at Object.<anonymous> (src/hooks/useIdleTimer.unit.test.ts:44:15)

    console.error
      react-test-renderer is deprecated. See https://react.dev/warnings/react-test-renderer

      53 |
      54 |   it('resets timer on activity and calls onActive when transitioning from idle', () => {
    > 55 |     const { result } = renderHook(() => useIdleTimer({ onIdle, onActive, timeout }));
         |                                  ^
      56 |
      57 |     // Go idle
      58 |     act(() => {

      at Object.process.env.NODE_ENV.exports.create (node_modules/react-test-renderer/cjs/react-test-renderer.development.js:14598:17)
      at create (node_modules/@testing-library/react-native/src/render-act.ts:15:29)
      at callback (node_modules/@testing-library/react-native/src/act.ts:31:24)
      at process.env.NODE_ENV.exports.act (node_modules/react/cjs/react.development.js:789:22)
      at actImplementation (node_modules/@testing-library/react-native/src/act.ts:30:25)
      at renderWithAct (node_modules/@testing-library/react-native/src/render-act.ts:13:11)
      at renderInternal (node_modules/@testing-library/react-native/src/render.tsx:69:33)
      at renderInternal (node_modules/@testing-library/react-native/src/render.tsx:44:10)
      at renderHook (node_modules/@testing-library/react-native/src/render-hook.tsx:55:58)
      at Object.<anonymous> (src/hooks/useIdleTimer.unit.test.ts:55:34)

    console.error
      react-test-renderer is deprecated. See https://react.dev/warnings/react-test-renderer

      80 |     });
      81 |
    > 82 |     const { result } = renderHook(() => useIdleTimer({ onIdle, onActive, timeout }));
         |                                  ^
      83 |
      84 |     // Initial state
      85 |     expect(result.current.isIdle).toBe(false);

      at Object.process.env.NODE_ENV.exports.create (node_modules/react-test-renderer/cjs/react-test-renderer.development.js:14598:17)
      at create (node_modules/@testing-library/react-native/src/render-act.ts:15:29)
      at callback (node_modules/@testing-library/react-native/src/act.ts:31:24)
      at process.env.NODE_ENV.exports.act (node_modules/react/cjs/react.development.js:789:22)
      at actImplementation (node_modules/@testing-library/react-native/src/act.ts:30:25)
      at renderWithAct (node_modules/@testing-library/react-native/src/render-act.ts:13:11)
      at renderInternal (node_modules/@testing-library/react-native/src/render.tsx:69:33)
      at renderInternal (node_modules/@testing-library/react-native/src/render.tsx:44:10)
      at renderHook (node_modules/@testing-library/react-native/src/render-hook.tsx:55:58)
      at Object.<anonymous> (src/hooks/useIdleTimer.unit.test.ts:82:34)

    console.error
      react-test-renderer is deprecated. See https://react.dev/warnings/react-test-renderer

      109 |   // Step 3: Edge Cases
      110 |   it('does not trigger onIdle when disabled', () => {
    > 111 |     renderHook(() => useIdleTimer({ onIdle, onActive, timeout, disabled: true }));
          |               ^
      112 |
      113 |     act(() => {
      114 |       jest.advanceTimersByTime(timeout);

      at Object.process.env.NODE_ENV.exports.create (node_modules/react-test-renderer/cjs/react-test-renderer.development.js:14598:17)
      at create (node_modules/@testing-library/react-native/src/render-act.ts:15:29)
      at callback (node_modules/@testing-library/react-native/src/act.ts:31:24)
      at process.env.NODE_ENV.exports.act (node_modules/react/cjs/react.development.js:789:22)
      at actImplementation (node_modules/@testing-library/react-native/src/act.ts:30:25)
      at renderWithAct (node_modules/@testing-library/react-native/src/render-act.ts:13:11)
      at renderInternal (node_modules/@testing-library/react-native/src/render.tsx:69:33)
      at renderInternal (node_modules/@testing-library/react-native/src/render.tsx:44:10)
      at renderHook (node_modules/@testing-library/react-native/src/render-hook.tsx:55:58)
      at Object.<anonymous> (src/hooks/useIdleTimer.unit.test.ts:111:15)

    console.error
      react-test-renderer is deprecated. See https://react.dev/warnings/react-test-renderer

      119 |
      120 |   it('cleans up timer on unmount', () => {
    > 121 |     const { unmount } = renderHook(() => useIdleTimer({ onIdle, onActive, timeout }));
          |                                   ^
      122 |     unmount();
      123 |
      124 |     act(() => {

      at Object.process.env.NODE_ENV.exports.create (node_modules/react-test-renderer/cjs/react-test-renderer.development.js:14598:17)
      at create (node_modules/@testing-library/react-native/src/render-act.ts:15:29)
      at callback (node_modules/@testing-library/react-native/src/act.ts:31:24)
      at process.env.NODE_ENV.exports.act (node_modules/react/cjs/react.development.js:789:22)
      at actImplementation (node_modules/@testing-library/react-native/src/act.ts:30:25)
      at renderWithAct (node_modules/@testing-library/react-native/src/render-act.ts:13:11)
      at renderInternal (node_modules/@testing-library/react-native/src/render.tsx:69:33)
      at renderInternal (node_modules/@testing-library/react-native/src/render.tsx:44:10)
      at renderHook (node_modules/@testing-library/react-native/src/render-hook.tsx:55:58)
      at Object.<anonymous> (src/hooks/useIdleTimer.unit.test.ts:121:35)

PASS src/components/DialogHost.unit.test.tsx
  ● Console

    console.error
      react-test-renderer is deprecated. See https://react.dev/warnings/react-test-renderer

      15 |
      16 |   it('shows one dialog at a time and resolves the pressed action id', async () => {
    > 17 |     const { getByText, queryByText } = render(<DialogHost />);
         |                                              ^
      18 |
      19 |     let resultPromise!: Promise<string | 'dismissed'>;
      20 |     await act(async () => {

      at Object.process.env.NODE_ENV.exports.create (node_modules/react-test-renderer/cjs/react-test-renderer.development.js:14598:17)
      at create (node_modules/@testing-library/react-native/src/render-act.ts:15:29)
      at callback (node_modules/@testing-library/react-native/src/act.ts:31:24)
      at process.env.NODE_ENV.exports.act (node_modules/react/cjs/react.development.js:789:22)
      at actImplementation (node_modules/@testing-library/react-native/src/act.ts:30:25)
      at renderWithAct (node_modules/@testing-library/react-native/src/render-act.ts:13:11)
      at renderInternal (node_modules/@testing-library/react-native/src/render.tsx:69:33)
      at renderInternal (node_modules/@testing-library/react-native/src/render.tsx:44:10)
      at Object.<anonymous> (src/components/DialogHost.unit.test.tsx:17:46)
      at asyncGeneratorStep (node_modules/@babel/runtime/helpers/asyncToGenerator.js:3:17)
      at _next (node_modules/@babel/runtime/helpers/asyncToGenerator.js:17:9)
      at node_modules/@babel/runtime/helpers/asyncToGenerator.js:22:7
      at Object.<anonymous> (node_modules/@babel/runtime/helpers/asyncToGenerator.js:14:12)

    console.error
      react-test-renderer is deprecated. See https://react.dev/warnings/react-test-renderer

      45 |
      46 |   it('queues later dialogs until the active one is dismissed', async () => {
    > 47 |     const { getByText, queryByText } = render(<DialogHost />);
         |                                              ^
      48 |
      49 |     let firstPromise!: Promise<string | 'dismissed'>;
      50 |     let secondPromise!: Promise<string | 'dismissed'>;

      at Object.process.env.NODE_ENV.exports.create (node_modules/react-test-renderer/cjs/react-test-renderer.development.js:14598:17)
      at create (node_modules/@testing-library/react-native/src/render-act.ts:15:29)
      at callback (node_modules/@testing-library/react-native/src/act.ts:31:24)
      at process.env.NODE_ENV.exports.act (node_modules/react/cjs/react.development.js:789:22)
      at actImplementation (node_modules/@testing-library/react-native/src/act.ts:30:25)
      at renderWithAct (node_modules/@testing-library/react-native/src/render-act.ts:13:11)
      at renderInternal (node_modules/@testing-library/react-native/src/render.tsx:69:33)
      at renderInternal (node_modules/@testing-library/react-native/src/render.tsx:44:10)
      at Object.<anonymous> (src/components/DialogHost.unit.test.tsx:47:46)
      at asyncGeneratorStep (node_modules/@babel/runtime/helpers/asyncToGenerator.js:3:17)
      at _next (node_modules/@babel/runtime/helpers/asyncToGenerator.js:17:9)
      at node_modules/@babel/runtime/helpers/asyncToGenerator.js:22:7
      at Object.<anonymous> (node_modules/@babel/runtime/helpers/asyncToGenerator.js:14:12)

PASS src/services/transcription/noteGeneration.unit.test.ts
  ● Console

    console.warn
      [toolRunner] generateAdhdNote failed — using fallback. Error: AI failed
          at Object.<anonymous> (/Users/vishnugnair/Guru-3/src/services/transcription/noteGeneration.unit.test.ts:51:64)
          at Generator.next (<anonymous>)
          at asyncGeneratorStep (/Users/vishnugnair/Guru-3/node_modules/@babel/runtime/helpers/asyncToGenerator.js:3:17)
          at _next (/Users/vishnugnair/Guru-3/node_modules/@babel/runtime/helpers/asyncToGenerator.js:17:9)
          at /Users/vishnugnair/Guru-3/node_modules/@babel/runtime/helpers/asyncToGenerator.js:22:7
          at new Promise (<anonymous>)
          at Object.<anonymous> (/Users/vishnugnair/Guru-3/node_modules/@babel/runtime/helpers/asyncToGenerator.js:14:12)
          at Promise.finally.completed (/Users/vishnugnair/Guru-3/node_modules/jest-circus/build/jestAdapterInit.js:1557:28)
          at new Promise (<anonymous>)
          at callAsyncCircusFn (/Users/vishnugnair/Guru-3/node_modules/jest-circus/build/jestAdapterInit.js:1497:10)
          at _callCircusTest (/Users/vishnugnair/Guru-3/node_modules/jest-circus/build/jestAdapterInit.js:1007:40)
          at _runTest (/Users/vishnugnair/Guru-3/node_modules/jest-circus/build/jestAdapterInit.js:947:3)
          at /Users/vishnugnair/Guru-3/node_modules/jest-circus/build/jestAdapterInit.js:849:7
          at _runTestsForDescribeBlock (/Users/vishnugnair/Guru-3/node_modules/jest-circus/build/jestAdapterInit.js:862:11)
          at _runTestsForDescribeBlock (/Users/vishnugnair/Guru-3/node_modules/jest-circus/build/jestAdapterInit.js:857:11)
          at _runTestsForDescribeBlock (/Users/vishnugnair/Guru-3/node_modules/jest-circus/build/jestAdapterInit.js:857:11)
          at run (/Users/vishnugnair/Guru-3/node_modules/jest-circus/build/jestAdapterInit.js:761:3)
          at runAndTransformResultsToJestFormat (/Users/vishnugnair/Guru-3/node_modules/jest-circus/build/jestAdapterInit.js:1918:21)
          at jestAdapter (/Users/vishnugnair/Guru-3/node_modules/jest-circus/build/runner.js:101:19)

      39 |   } catch (err) {
      40 |     if (__DEV__) {
    > 41 |       console.warn(`[toolRunner] ${opts.tag ?? tool.name} failed — using fallback.`, err);
         |               ^
      42 |     }
      43 |     if (opts.fallback) return await opts.fallback(err);
      44 |     throw err;

      at warn (src/services/ai/v2/toolRunner.ts:41:15)
          at Generator.throw (<anonymous>)
      at asyncGeneratorStep (node_modules/@babel/runtime/helpers/asyncToGenerator.js:3:17)
      at _throw (node_modules/@babel/runtime/helpers/asyncToGenerator.js:20:9)

PASS src/services/ai/jsonRepair.unit.test.ts
  ● Console

    console.info
      [AI_PARSE] received {
        rawLength: 47,
        candidateCount: 1,
        preview: '{"name":"test","count":3,"items":["a","b","c"]}'
      }

      at info (src/services/ai/runtimeDebug.ts:132:11)

    console.info
      [AI_PARSE] success { candidateIndex: 0, candidateLength: 47 }

      at info (src/services/ai/runtimeDebug.ts:137:11)

    console.info
      [AI_PARSE] received {
        rawLength: 50,
        candidateCount: 1,
        preview: '```json {"name":"fenced","count":1,"items":[]} ```'
      }

      at info (src/services/ai/runtimeDebug.ts:132:11)

    console.info
      [AI_PARSE] success { candidateIndex: 0, candidateLength: 38 }

      at info (src/services/ai/runtimeDebug.ts:137:11)

    console.info
      [AI_PARSE] received {
        rawLength: 48,
        candidateCount: 1,
        preview: '```json {"name":"bom","count":0,"items":[]} ```'
      }

      at info (src/services/ai/runtimeDebug.ts:132:11)

    console.info
      [AI_PARSE] success { candidateIndex: 0, candidateLength: 35 }

      at info (src/services/ai/runtimeDebug.ts:137:11)

    console.info
      [AI_PARSE] received {
        rawLength: 37,
        candidateCount: 2,
        preview: '{“name”:“value”,"count":1,"items":[]}'
      }

      at info (src/services/ai/runtimeDebug.ts:132:11)

    console.info
      [AI_PARSE] success { candidateIndex: 1, candidateLength: 37 }

      at info (src/services/ai/runtimeDebug.ts:137:11)

    console.info
      [AI_PARSE] received {
        rawLength: 45,
        candidateCount: 2,
        preview: "{ 'name': 'single', 'count': 2, 'items': [] }"
      }

      at info (src/services/ai/runtimeDebug.ts:132:11)

    console.info
      [AI_PARSE] success { candidateIndex: 1, candidateLength: 45 }

      at info (src/services/ai/runtimeDebug.ts:137:11)

    console.info
      [AI_PARSE] received {
        rawLength: 42,
        candidateCount: 2,
        preview: `{"name": 'value', "count": 1, "items": []}`
      }

      at info (src/services/ai/runtimeDebug.ts:132:11)

    console.info
      [AI_PARSE] success { candidateIndex: 1, candidateLength: 42 }

      at info (src/services/ai/runtimeDebug.ts:137:11)

    console.info
      [AI_PARSE] received {
        rawLength: 41,
        candidateCount: 2,
        preview: '{ name: "unquoted", count: 1, items: [] }'
      }

      at info (src/services/ai/runtimeDebug.ts:132:11)

    console.info
      [AI_PARSE] success { candidateIndex: 1, candidateLength: 47 }

      at info (src/services/ai/runtimeDebug.ts:137:11)

    console.info
      [AI_PARSE] received {
        rawLength: 44,
        candidateCount: 2,
        preview: '{"name":"trailing","count":1,"items":["x"],}'
      }

      at info (src/services/ai/runtimeDebug.ts:132:11)

    console.info
      [AI_PARSE] success { candidateIndex: 1, candidateLength: 43 }

      at info (src/services/ai/runtimeDebug.ts:137:11)

    console.info
      [AI_PARSE] received {
        rawLength: 33,
        candidateCount: 2,
        preview: '{"name":"a" "count":1 "items":[]}'
      }

      at info (src/services/ai/runtimeDebug.ts:132:11)

    console.info
      [AI_PARSE] success { candidateIndex: 1, candidateLength: 35 }

      at info (src/services/ai/runtimeDebug.ts:137:11)

    console.info
      [AI_PARSE] received {
        rawLength: 42,
        candidateCount: 2,
        preview: '{"name":"truncated","count":1,"items":["a"'
      }

      at info (src/services/ai/runtimeDebug.ts:132:11)

    console.info
      [AI_PARSE] success { candidateIndex: 1, candidateLength: 44 }

      at info (src/services/ai/runtimeDebug.ts:137:11)

    console.info
      [AI_PARSE] received {
        rawLength: 38,
        candidateCount: 2,
        preview: '{"name":"x","count":1,"items":["a","b"'
      }

      at info (src/services/ai/runtimeDebug.ts:132:11)

    console.info
      [AI_PARSE] success { candidateIndex: 1, candidateLength: 40 }

      at info (src/services/ai/runtimeDebug.ts:137:11)

    console.info
      [AI_PARSE] received {
        rawLength: 83,
        candidateCount: 3,
        preview: 'Here is the response: {"name":"extracted","count":5,"items":["x"]} Hope that helps!'
      }

      at info (src/services/ai/runtimeDebug.ts:132:11)

    console.info
      [AI_PARSE] success { candidateIndex: 1, candidateLength: 44 }

      at info (src/services/ai/runtimeDebug.ts:137:11)

    console.info
      [AI_PARSE] received {
        rawLength: 45,
        candidateCount: 1,
        preview: 'json {"name":"prefixed","count":1,"items":[]}'
      }

      at info (src/services/ai/runtimeDebug.ts:132:11)

    console.info
      [AI_PARSE] success { candidateIndex: 0, candidateLength: 40 }

      at info (src/services/ai/runtimeDebug.ts:137:11)

    console.info
      [AI_PARSE] received {
        rawLength: 52,
        candidateCount: 2,
        preview: '{"name":"commented", // inline "count":1,"items":[]}'
      }

      at info (src/services/ai/runtimeDebug.ts:132:11)

    console.info
      [AI_PARSE] success { candidateIndex: 1, candidateLength: 43 }

      at info (src/services/ai/runtimeDebug.ts:137:11)

    console.info
      [AI_PARSE] received {
        rawLength: 47,
        candidateCount: 1,
        preview: '{"name":"ok","count":"not-a-number","items":[]}'
      }

      at info (src/services/ai/runtimeDebug.ts:132:11)

    console.warn
      [AI_PARSE] failed {
        candidateCount: 1,
        candidateLengths: [ 47 ],
        error: '[\n' +
          '  {\n' +
          '    "expected": "number",\n' +
          '    "code": "invalid_type",\n' +
          '    "path": [\n' +
          '      "count"\n' +
          '    ],\n' +
          '    "message": "Invalid input: expected number, received string"\n' +
          '  }\n' +
          ']'
      }

      144 | }) {
      145 |   if (!isDev) return;
    > 146 |   console.warn('[AI_PARSE] failed', meta);
          |           ^
      147 | }
      148 |
      149 | export function logBootstrapEvent(event: string, meta?: Record<string, unknown>) {

      at warn (src/services/ai/runtimeDebug.ts:146:11)
      at src/services/ai/jsonRepair.ts:228:26
      at asyncGeneratorStep (node_modules/@babel/runtime/helpers/asyncToGenerator.js:3:17)
      at _next (node_modules/@babel/runtime/helpers/asyncToGenerator.js:17:9)
      at node_modules/@babel/runtime/helpers/asyncToGenerator.js:22:7
      at node_modules/@babel/runtime/helpers/asyncToGenerator.js:14:12
      at src/services/ai/jsonRepair.ts:235:6
      at asyncGeneratorStep (node_modules/@babel/runtime/helpers/asyncToGenerator.js:3:17)
      at _next (node_modules/@babel/runtime/helpers/asyncToGenerator.js:17:9)
      at node_modules/@babel/runtime/helpers/asyncToGenerator.js:22:7
      at node_modules/@babel/runtime/helpers/asyncToGenerator.js:14:12
      at apply (src/services/ai/jsonRepair.ts:178:46)
      at parseStructuredJsonWithTimeout (src/services/ai/jsonRepair.ts:244:18)
      at asyncGeneratorStep (node_modules/@babel/runtime/helpers/asyncToGenerator.js:3:17)
      at _next (node_modules/@babel/runtime/helpers/asyncToGenerator.js:17:9)
      at node_modules/@babel/runtime/helpers/asyncToGenerator.js:22:7
      at node_modules/@babel/runtime/helpers/asyncToGenerator.js:14:12
      at apply (src/services/ai/jsonRepair.ts:242:42)
      at Object.<anonymous> (src/services/ai/jsonRepair.unit.test.ts:104:39)
      at asyncGeneratorStep (node_modules/@babel/runtime/helpers/asyncToGenerator.js:3:17)
      at _next (node_modules/@babel/runtime/helpers/asyncToGenerator.js:17:9)
      at node_modules/@babel/runtime/helpers/asyncToGenerator.js:22:7
      at Object.<anonymous> (node_modules/@babel/runtime/helpers/asyncToGenerator.js:14:12)

    console.info
      [AI_PARSE] received {
        rawLength: 24,
        candidateCount: 3,
        preview: 'not json at all { broken'
      }

      at info (src/services/ai/runtimeDebug.ts:132:11)

    console.warn
      [AI_PARSE] failed {
        candidateCount: 3,
        candidateLengths: [ 24, 8, 16 ],
        error: '[\n' +
          '  {\n' +
          '    "expected": "string",\n' +
          '    "code": "invalid_type",\n' +
          '    "path": [\n' +
          '      "name"\n' +
          '    ],\n' +
          '    "message": "Invalid input: expected string, received undefined"\n' +
          '  },\n' +
          '  {\n' +
          '    "expected": "number",\n' +
          '    "code": "invalid_type",\n' +
          '    "path": [\n' +
          '      "count"\n' +
          '    ],\n' +
          '    "message": "Invalid input: expected number, received undefined"\n' +
          '  },\n' +
          '  {\n' +
          '    "expected": "array",\n' +
          '    "code": "invalid_type",\n' +
          '    "path": [\n' +
          '      "items"\n' +
          '    ],\n' +
          '    "message": "Invalid input: expected array, received undefined"\n' +
          '  }\n' +
          ']'
      }

      144 | }) {
      145 |   if (!isDev) return;
    > 146 |   console.warn('[AI_PARSE] failed', meta);
          |           ^
      147 | }
      148 |
      149 | export function logBootstrapEvent(event: string, meta?: Record<string, unknown>) {

      at warn (src/services/ai/runtimeDebug.ts:146:11)
      at src/services/ai/jsonRepair.ts:228:26
      at asyncGeneratorStep (node_modules/@babel/runtime/helpers/asyncToGenerator.js:3:17)
      at _next (node_modules/@babel/runtime/helpers/asyncToGenerator.js:17:9)
      at node_modules/@babel/runtime/helpers/asyncToGenerator.js:22:7
      at node_modules/@babel/runtime/helpers/asyncToGenerator.js:14:12
      at src/services/ai/jsonRepair.ts:235:6
      at asyncGeneratorStep (node_modules/@babel/runtime/helpers/asyncToGenerator.js:3:17)
      at _next (node_modules/@babel/runtime/helpers/asyncToGenerator.js:17:9)
      at node_modules/@babel/runtime/helpers/asyncToGenerator.js:22:7
      at node_modules/@babel/runtime/helpers/asyncToGenerator.js:14:12
      at apply (src/services/ai/jsonRepair.ts:178:46)
      at parseStructuredJsonWithTimeout (src/services/ai/jsonRepair.ts:244:18)
      at asyncGeneratorStep (node_modules/@babel/runtime/helpers/asyncToGenerator.js:3:17)
      at _next (node_modules/@babel/runtime/helpers/asyncToGenerator.js:17:9)
      at node_modules/@babel/runtime/helpers/asyncToGenerator.js:22:7
      at node_modules/@babel/runtime/helpers/asyncToGenerator.js:14:12
      at apply (src/services/ai/jsonRepair.ts:242:42)
      at Object.<anonymous> (src/services/ai/jsonRepair.unit.test.ts:109:39)
      at asyncGeneratorStep (node_modules/@babel/runtime/helpers/asyncToGenerator.js:3:17)
      at _next (node_modules/@babel/runtime/helpers/asyncToGenerator.js:17:9)
      at node_modules/@babel/runtime/helpers/asyncToGenerator.js:22:7
      at Object.<anonymous> (node_modules/@babel/runtime/helpers/asyncToGenerator.js:14:12)

    console.info
      [AI_PARSE] received { rawLength: 19, candidateCount: 1, preview: '[{"id":1},{"id":2}]' }

      at info (src/services/ai/runtimeDebug.ts:132:11)

    console.info
      [AI_PARSE] success { candidateIndex: 0, candidateLength: 19 }

      at info (src/services/ai/runtimeDebug.ts:137:11)

    console.info
      [AI_PARSE] received { rawLength: 21, candidateCount: 1, preview: '``` ["a","b","c"] ```' }

      at info (src/services/ai/runtimeDebug.ts:132:11)

    console.info
      [AI_PARSE] success { candidateIndex: 0, candidateLength: 13 }

      at info (src/services/ai/runtimeDebug.ts:137:11)

    console.info
      [AI_PARSE] received {
        rawLength: 57,
        candidateCount: 1,
        preview: '{"messages":[{"text":"keep going","trigger":"periodic"}]}'
      }

      at info (src/services/ai/runtimeDebug.ts:132:11)

    console.info
      [AI_PARSE] success { candidateIndex: 0, candidateLength: 57 }

      at info (src/services/ai/runtimeDebug.ts:137:11)

PASS src/components/home/DailyAgendaSection.unit.test.tsx
  ● Console

    console.error
      react-test-renderer is deprecated. See https://react.dev/warnings/react-test-renderer

      48 |
      49 |   it('renders empty state when no tasks and hasNewTopics is false', () => {
    > 50 |     const { getByText, queryByText } = render(<DailyAgendaSection {...defaultProps} />);
         |                                              ^
      51 |
      52 |     expect(getByText('All caught up!')).toBeTruthy();
      53 |     expect(getByText(/Great work! You've covered your due reviews/i)).toBeTruthy();

      at Object.process.env.NODE_ENV.exports.create (node_modules/react-test-renderer/cjs/react-test-renderer.development.js:14598:17)
      at create (node_modules/@testing-library/react-native/src/render-act.ts:15:29)
      at callback (node_modules/@testing-library/react-native/src/act.ts:31:24)
      at process.env.NODE_ENV.exports.act (node_modules/react/cjs/react.development.js:789:22)
      at actImplementation (node_modules/@testing-library/react-native/src/act.ts:30:25)
      at renderWithAct (node_modules/@testing-library/react-native/src/render-act.ts:13:11)
      at renderInternal (node_modules/@testing-library/react-native/src/render.tsx:69:33)
      at renderInternal (node_modules/@testing-library/react-native/src/render.tsx:44:10)
      at Object.<anonymous> (src/components/home/DailyAgendaSection.unit.test.tsx:50:46)

    console.error
      react-test-renderer is deprecated. See https://react.dev/warnings/react-test-renderer

      56 |
      57 |   it('renders empty state when no tasks and hasNewTopics is true', () => {
    > 58 |     const { getByText } = render(<DailyAgendaSection {...defaultProps} hasNewTopics={true} />);
         |                                 ^
      59 |
      60 |     expect(getByText('Ready to learn something new!')).toBeTruthy();
      61 |     expect(getByText(/You have new topics to explore/i)).toBeTruthy();

      at Object.process.env.NODE_ENV.exports.create (node_modules/react-test-renderer/cjs/react-test-renderer.development.js:14598:17)
      at create (node_modules/@testing-library/react-native/src/render-act.ts:15:29)
      at callback (node_modules/@testing-library/react-native/src/act.ts:31:24)
      at process.env.NODE_ENV.exports.act (node_modules/react/cjs/react.development.js:789:22)
      at actImplementation (node_modules/@testing-library/react-native/src/act.ts:30:25)
      at renderWithAct (node_modules/@testing-library/react-native/src/render-act.ts:13:11)
      at renderInternal (node_modules/@testing-library/react-native/src/render.tsx:69:33)
      at renderInternal (node_modules/@testing-library/react-native/src/render.tsx:44:10)
      at Object.<anonymous> (src/components/home/DailyAgendaSection.unit.test.tsx:58:33)

    console.error
      react-test-renderer is deprecated. See https://react.dev/warnings/react-test-renderer

      65 |   it('calls onStartSession when button is pressed in empty state', () => {
      66 |     const onStartSession = jest.fn();
    > 67 |     const { getByText } = render(
         |                                 ^
      68 |       <DailyAgendaSection {...defaultProps} hasNewTopics={true} onStartSession={onStartSession} />,
      69 |     );
      70 |

      at Object.process.env.NODE_ENV.exports.create (node_modules/react-test-renderer/cjs/react-test-renderer.development.js:14598:17)
      at create (node_modules/@testing-library/react-native/src/render-act.ts:15:29)
      at callback (node_modules/@testing-library/react-native/src/act.ts:31:24)
      at process.env.NODE_ENV.exports.act (node_modules/react/cjs/react.development.js:789:22)
      at actImplementation (node_modules/@testing-library/react-native/src/act.ts:30:25)
      at renderWithAct (node_modules/@testing-library/react-native/src/render-act.ts:13:11)
      at renderInternal (node_modules/@testing-library/react-native/src/render.tsx:69:33)
      at renderInternal (node_modules/@testing-library/react-native/src/render.tsx:44:10)
      at Object.<anonymous> (src/components/home/DailyAgendaSection.unit.test.tsx:67:33)

    console.error
      react-test-renderer is deprecated. See https://react.dev/warnings/react-test-renderer

      74 |
      75 |   it('renders list of tasks when todayTasks is not empty', () => {
    > 76 |     const { getByText } = render(<DailyAgendaSection {...defaultProps} todayTasks={mockTasks} />);
         |                                 ^
      77 |
      78 |     expect(getByText("Today's Agenda")).toBeTruthy();
      79 |

      at Object.process.env.NODE_ENV.exports.create (node_modules/react-test-renderer/cjs/react-test-renderer.development.js:14598:17)
      at create (node_modules/@testing-library/react-native/src/render-act.ts:15:29)
      at callback (node_modules/@testing-library/react-native/src/act.ts:31:24)
      at process.env.NODE_ENV.exports.act (node_modules/react/cjs/react.development.js:789:22)
      at actImplementation (node_modules/@testing-library/react-native/src/act.ts:30:25)
      at renderWithAct (node_modules/@testing-library/react-native/src/render-act.ts:13:11)
      at renderInternal (node_modules/@testing-library/react-native/src/render.tsx:69:33)
      at renderInternal (node_modules/@testing-library/react-native/src/render.tsx:44:10)
      at Object.<anonymous> (src/components/home/DailyAgendaSection.unit.test.tsx:76:33)

PASS src/components/chat/GuruChatInput.unit.test.tsx
  ● Console

    console.error
      react-test-renderer is deprecated. See https://react.dev/warnings/react-test-renderer

       9 | describe('GuruChatInput', () => {
      10 |   it('uses a multiline composer with quick-reply chips by default', () => {
    > 11 |     const { getByPlaceholderText, getByText } = render(
         |                                                       ^
      12 |       <GuruChatInput
      13 |         input=""
      14 |         onChangeText={jest.fn()}

      at Object.process.env.NODE_ENV.exports.create (node_modules/react-test-renderer/cjs/react-test-renderer.development.js:14598:17)
      at create (node_modules/@testing-library/react-native/src/render-act.ts:15:29)
      at callback (node_modules/@testing-library/react-native/src/act.ts:31:24)
      at process.env.NODE_ENV.exports.act (node_modules/react/cjs/react.development.js:789:22)
      at actImplementation (node_modules/@testing-library/react-native/src/act.ts:30:25)
      at renderWithAct (node_modules/@testing-library/react-native/src/render-act.ts:13:11)
      at renderInternal (node_modules/@testing-library/react-native/src/render.tsx:69:33)
      at renderInternal (node_modules/@testing-library/react-native/src/render.tsx:44:10)
      at Object.<anonymous> (src/components/chat/GuruChatInput.unit.test.tsx:11:55)

    console.error
      react-test-renderer is deprecated. See https://react.dev/warnings/react-test-renderer

      29 |
      30 |   it('hides quick-reply chips when showQuickReplies is false', () => {
    > 31 |     const { queryByText } = render(
         |                                   ^
      32 |       <GuruChatInput
      33 |         input=""
      34 |         onChangeText={jest.fn()}

      at Object.process.env.NODE_ENV.exports.create (node_modules/react-test-renderer/cjs/react-test-renderer.development.js:14598:17)
      at create (node_modules/@testing-library/react-native/src/render-act.ts:15:29)
      at callback (node_modules/@testing-library/react-native/src/act.ts:31:24)
      at process.env.NODE_ENV.exports.act (node_modules/react/cjs/react.development.js:789:22)
      at actImplementation (node_modules/@testing-library/react-native/src/act.ts:30:25)
      at renderWithAct (node_modules/@testing-library/react-native/src/render-act.ts:13:11)
      at renderInternal (node_modules/@testing-library/react-native/src/render.tsx:69:33)
      at renderInternal (node_modules/@testing-library/react-native/src/render.tsx:44:10)
      at Object.<anonymous> (src/components/chat/GuruChatInput.unit.test.tsx:31:35)

PASS src/services/ai/contentGeneration.unit.test.ts
  ● Console

    console.warn
      [AIContent] Incomplete content detected, retrying {
        topicId: 42,
        contentType: 'quiz',
        attempt: 1,
        maxAttempts: 3,
        modelUsed: 'groq/test-model'
      }

      274 |       }
      275 |       if (__DEV__) {
    > 276 |         console.warn('[AIContent] Incomplete content detected, retrying', {
          |                 ^
      277 |           topicId: topic.id,
      278 |           contentType,
      279 |           attempt,

      at warn (src/services/ai/contentGeneration.ts:276:17)
      at asyncGeneratorStep (node_modules/@babel/runtime/helpers/asyncToGenerator.js:3:17)
      at _next (node_modules/@babel/runtime/helpers/asyncToGenerator.js:17:9)

PASS src/components/home/HeroCard.unit.test.tsx
  ● Console

    console.error
      react-test-renderer is deprecated. See https://react.dev/warnings/react-test-renderer

       5 | describe('HeroCard', () => {
       6 |   it('shows the nearer exam as the hero with its day count', () => {
    >  7 |     const { getByText } = render(<HeroCard daysToInicet={45} daysToNeetPg={120} />);
         |                                 ^
       8 |     expect(getByText('Next · INICET')).toBeTruthy();
       9 |     expect(getByText('45')).toBeTruthy();
      10 |     expect(getByText('NEET-PG in 120 days')).toBeTruthy();

      at Object.process.env.NODE_ENV.exports.create (node_modules/react-test-renderer/cjs/react-test-renderer.development.js:14598:17)
      at create (node_modules/@testing-library/react-native/src/render-act.ts:15:29)
      at callback (node_modules/@testing-library/react-native/src/act.ts:31:24)
      at process.env.NODE_ENV.exports.act (node_modules/react/cjs/react.development.js:789:22)
      at actImplementation (node_modules/@testing-library/react-native/src/act.ts:30:25)
      at renderWithAct (node_modules/@testing-library/react-native/src/render-act.ts:13:11)
      at renderInternal (node_modules/@testing-library/react-native/src/render.tsx:69:33)
      at renderInternal (node_modules/@testing-library/react-native/src/render.tsx:44:10)
      at Object.<anonymous> (src/components/home/HeroCard.unit.test.tsx:7:33)

    console.error
      react-test-renderer is deprecated. See https://react.dev/warnings/react-test-renderer

      12 |
      13 |   it('picks NEET-PG as hero when it is nearer', () => {
    > 14 |     const { getByText } = render(<HeroCard daysToInicet={200} daysToNeetPg={60} />);
         |                                 ^
      15 |     expect(getByText('Next · NEET-PG')).toBeTruthy();
      16 |     expect(getByText('60')).toBeTruthy();
      17 |     expect(getByText('INICET in 200 days')).toBeTruthy();

      at Object.process.env.NODE_ENV.exports.create (node_modules/react-test-renderer/cjs/react-test-renderer.development.js:14598:17)
      at create (node_modules/@testing-library/react-native/src/render-act.ts:15:29)
      at callback (node_modules/@testing-library/react-native/src/act.ts:31:24)
      at process.env.NODE_ENV.exports.act (node_modules/react/cjs/react.development.js:789:22)
      at actImplementation (node_modules/@testing-library/react-native/src/act.ts:30:25)
      at renderWithAct (node_modules/@testing-library/react-native/src/render-act.ts:13:11)
      at renderInternal (node_modules/@testing-library/react-native/src/render.tsx:69:33)
      at renderInternal (node_modules/@testing-library/react-native/src/render.tsx:44:10)
      at Object.<anonymous> (src/components/home/HeroCard.unit.test.tsx:14:33)

    console.error
      react-test-renderer is deprecated. See https://react.dev/warnings/react-test-renderer

      19 |
      20 |   it('shows urgency warning when hero exam is within 90 days', () => {
    > 21 |     const { getByText } = render(<HeroCard daysToInicet={30} daysToNeetPg={200} />);
         |                                 ^
      22 |     expect(getByText('within 90 days')).toBeTruthy();
      23 |   });
      24 |

      at Object.process.env.NODE_ENV.exports.create (node_modules/react-test-renderer/cjs/react-test-renderer.development.js:14598:17)
      at create (node_modules/@testing-library/react-native/src/render-act.ts:15:29)
      at callback (node_modules/@testing-library/react-native/src/act.ts:31:24)
      at process.env.NODE_ENV.exports.act (node_modules/react/cjs/react.development.js:789:22)
      at actImplementation (node_modules/@testing-library/react-native/src/act.ts:30:25)
      at renderWithAct (node_modules/@testing-library/react-native/src/render-act.ts:13:11)
      at renderInternal (node_modules/@testing-library/react-native/src/render.tsx:69:33)
      at renderInternal (node_modules/@testing-library/react-native/src/render.tsx:44:10)
      at Object.<anonymous> (src/components/home/HeroCard.unit.test.tsx:21:33)

    console.error
      react-test-renderer is deprecated. See https://react.dev/warnings/react-test-renderer

      24 |
      25 |   it('does not show urgency warning when hero exam is beyond 90 days', () => {
    > 26 |     const { queryByText } = render(<HeroCard daysToInicet={150} daysToNeetPg={200} />);
         |                                   ^
      27 |     expect(queryByText('within 90 days')).toBeNull();
      28 |   });
      29 |

      at Object.process.env.NODE_ENV.exports.create (node_modules/react-test-renderer/cjs/react-test-renderer.development.js:14598:17)
      at create (node_modules/@testing-library/react-native/src/render-act.ts:15:29)
      at callback (node_modules/@testing-library/react-native/src/act.ts:31:24)
      at process.env.NODE_ENV.exports.act (node_modules/react/cjs/react.development.js:789:22)
      at actImplementation (node_modules/@testing-library/react-native/src/act.ts:30:25)
      at renderWithAct (node_modules/@testing-library/react-native/src/render-act.ts:13:11)
      at renderInternal (node_modules/@testing-library/react-native/src/render.tsx:69:33)
      at renderInternal (node_modules/@testing-library/react-native/src/render.tsx:44:10)
      at Object.<anonymous> (src/components/home/HeroCard.unit.test.tsx:26:35)

    console.error
      react-test-renderer is deprecated. See https://react.dev/warnings/react-test-renderer

      29 |
      30 |   it('renders correct accessibility label regardless of hero choice', () => {
    > 31 |     const { getByLabelText } = render(<HeroCard daysToInicet={45} daysToNeetPg={120} />);
         |                                      ^
      32 |     expect(getByLabelText('Exam countdown: INICET in 45 days, NEET-PG in 120 days.')).toBeTruthy();
      33 |   });
      34 | });

      at Object.process.env.NODE_ENV.exports.create (node_modules/react-test-renderer/cjs/react-test-renderer.development.js:14598:17)
      at create (node_modules/@testing-library/react-native/src/render-act.ts:15:29)
      at callback (node_modules/@testing-library/react-native/src/act.ts:31:24)
      at process.env.NODE_ENV.exports.act (node_modules/react/cjs/react.development.js:789:22)
      at actImplementation (node_modules/@testing-library/react-native/src/act.ts:30:25)
      at renderWithAct (node_modules/@testing-library/react-native/src/render-act.ts:13:11)
      at renderInternal (node_modules/@testing-library/react-native/src/render.tsx:69:33)
      at renderInternal (node_modules/@testing-library/react-native/src/render.tsx:44:10)
      at Object.<anonymous> (src/components/home/HeroCard.unit.test.tsx:31:38)

PASS src/db/repositories/guruChatSessionMemoryRepository.drizzle.unit.test.ts
PASS src/services/ai/providerHealth.unit.test.ts
PASS src/services/ai/v2/streamText.unit.test.ts
PASS src/components/ConfidenceSelector.unit.test.tsx
  ● Console

    console.error
      react-test-renderer is deprecated. See https://react.dev/warnings/react-test-renderer

       5 | describe('ConfidenceSelector', () => {
       6 |   it('renders all three options', () => {
    >  7 |     const { getByText } = render(<ConfidenceSelector value={1} onChange={() => {}} />);
         |                                 ^
       8 |     expect(getByText('Introduced')).toBeTruthy();
       9 |     expect(getByText('Understood')).toBeTruthy();
      10 |     expect(getByText('Confident')).toBeTruthy();

      at Object.process.env.NODE_ENV.exports.create (node_modules/react-test-renderer/cjs/react-test-renderer.development.js:14598:17)
      at create (node_modules/@testing-library/react-native/src/render-act.ts:15:29)
      at callback (node_modules/@testing-library/react-native/src/act.ts:31:24)
      at process.env.NODE_ENV.exports.act (node_modules/react/cjs/react.development.js:789:22)
      at actImplementation (node_modules/@testing-library/react-native/src/act.ts:30:25)
      at renderWithAct (node_modules/@testing-library/react-native/src/render-act.ts:13:11)
      at renderInternal (node_modules/@testing-library/react-native/src/render.tsx:69:33)
      at renderInternal (node_modules/@testing-library/react-native/src/render.tsx:44:10)
      at Object.<anonymous> (src/components/ConfidenceSelector.unit.test.tsx:7:33)

    console.error
      react-test-renderer is deprecated. See https://react.dev/warnings/react-test-renderer

      13 |   it('calls onChange with correct level when an option is pressed', () => {
      14 |     const onChange = jest.fn();
    > 15 |     const { getByText } = render(<ConfidenceSelector value={1} onChange={onChange} />);
         |                                 ^
      16 |
      17 |     fireEvent.press(getByText('Understood'));
      18 |     expect(onChange).toHaveBeenCalledWith(2);

      at Object.process.env.NODE_ENV.exports.create (node_modules/react-test-renderer/cjs/react-test-renderer.development.js:14598:17)
      at create (node_modules/@testing-library/react-native/src/render-act.ts:15:29)
      at callback (node_modules/@testing-library/react-native/src/act.ts:31:24)
      at process.env.NODE_ENV.exports.act (node_modules/react/cjs/react.development.js:789:22)
      at actImplementation (node_modules/@testing-library/react-native/src/act.ts:30:25)
      at renderWithAct (node_modules/@testing-library/react-native/src/render-act.ts:13:11)
      at renderInternal (node_modules/@testing-library/react-native/src/render.tsx:69:33)
      at renderInternal (node_modules/@testing-library/react-native/src/render.tsx:44:10)
      at Object.<anonymous> (src/components/ConfidenceSelector.unit.test.tsx:15:33)

    console.error
      react-test-renderer is deprecated. See https://react.dev/warnings/react-test-renderer

      28 |     // We can check styles if needed, but since it's characterization,
      29 |     // let's just ensure it renders with the current value correctly.
    > 30 |     const { getByText } = render(<ConfidenceSelector value={2} onChange={() => {}} />);
         |                                 ^
      31 |     const understood = getByText('Understood');
      32 |     expect(understood).toBeTruthy();
      33 |   });

      at Object.process.env.NODE_ENV.exports.create (node_modules/react-test-renderer/cjs/react-test-renderer.development.js:14598:17)
      at create (node_modules/@testing-library/react-native/src/render-act.ts:15:29)
      at callback (node_modules/@testing-library/react-native/src/act.ts:31:24)
      at process.env.NODE_ENV.exports.act (node_modules/react/cjs/react.development.js:789:22)
      at actImplementation (node_modules/@testing-library/react-native/src/act.ts:30:25)
      at renderWithAct (node_modules/@testing-library/react-native/src/render-act.ts:13:11)
      at renderInternal (node_modules/@testing-library/react-native/src/render.tsx:69:33)
      at renderInternal (node_modules/@testing-library/react-native/src/render.tsx:44:10)
      at Object.<anonymous> (src/components/ConfidenceSelector.unit.test.tsx:30:33)

PASS src/services/ai/openaiChatCompletionsSse.unit.test.ts
PASS src/components/settings/PermissionRow.unit.test.tsx
  ● Console

    console.error
      react-test-renderer is deprecated. See https://react.dev/warnings/react-test-renderer

      15 |
      16 |   it('renders correctly when status is granted', () => {
    > 17 |     const { getByText, queryByText } = render(<PermissionRow {...defaultProps} />);
         |                                              ^
      18 |
      19 |     expect(getByText('Camera')).toBeTruthy();
      20 |     expect(getByText('Granted')).toBeTruthy();

      at Object.process.env.NODE_ENV.exports.create (node_modules/react-test-renderer/cjs/react-test-renderer.development.js:14598:17)
      at create (node_modules/@testing-library/react-native/src/render-act.ts:15:29)
      at callback (node_modules/@testing-library/react-native/src/act.ts:31:24)
      at process.env.NODE_ENV.exports.act (node_modules/react/cjs/react.development.js:789:22)
      at actImplementation (node_modules/@testing-library/react-native/src/act.ts:30:25)
      at renderWithAct (node_modules/@testing-library/react-native/src/render-act.ts:13:11)
      at renderInternal (node_modules/@testing-library/react-native/src/render.tsx:69:33)
      at renderInternal (node_modules/@testing-library/react-native/src/render.tsx:44:10)
      at Object.<anonymous> (src/components/settings/PermissionRow.unit.test.tsx:17:46)

    console.error
      react-test-renderer is deprecated. See https://react.dev/warnings/react-test-renderer

      27 |
      28 |   it('renders correctly when status is denied', () => {
    > 29 |     const { getByText } = render(<PermissionRow {...defaultProps} status="denied" />);
         |                                 ^
      30 |
      31 |     expect(getByText('Camera')).toBeTruthy();
      32 |     expect(getByText('Missing')).toBeTruthy();

      at Object.process.env.NODE_ENV.exports.create (node_modules/react-test-renderer/cjs/react-test-renderer.development.js:14598:17)
      at create (node_modules/@testing-library/react-native/src/render-act.ts:15:29)
      at callback (node_modules/@testing-library/react-native/src/act.ts:31:24)
      at process.env.NODE_ENV.exports.act (node_modules/react/cjs/react.development.js:789:22)
      at actImplementation (node_modules/@testing-library/react-native/src/act.ts:30:25)
      at renderWithAct (node_modules/@testing-library/react-native/src/render-act.ts:13:11)
      at renderInternal (node_modules/@testing-library/react-native/src/render.tsx:69:33)
      at renderInternal (node_modules/@testing-library/react-native/src/render.tsx:44:10)
      at Object.<anonymous> (src/components/settings/PermissionRow.unit.test.tsx:29:33)

    console.error
      react-test-renderer is deprecated. See https://react.dev/warnings/react-test-renderer

      39 |
      40 |   it('triggers onFix when Fix button is pressed', () => {
    > 41 |     const { getByText } = render(<PermissionRow {...defaultProps} status="denied" />);
         |                                 ^
      42 |
      43 |     fireEvent.press(getByText('Fix'));
      44 |     expect(defaultProps.onFix).toHaveBeenCalledTimes(1);

      at Object.process.env.NODE_ENV.exports.create (node_modules/react-test-renderer/cjs/react-test-renderer.development.js:14598:17)
      at create (node_modules/@testing-library/react-native/src/render-act.ts:15:29)
      at callback (node_modules/@testing-library/react-native/src/act.ts:31:24)
      at process.env.NODE_ENV.exports.act (node_modules/react/cjs/react.development.js:789:22)
      at actImplementation (node_modules/@testing-library/react-native/src/act.ts:30:25)
      at renderWithAct (node_modules/@testing-library/react-native/src/render-act.ts:13:11)
      at renderInternal (node_modules/@testing-library/react-native/src/render.tsx:69:33)
      at renderInternal (node_modules/@testing-library/react-native/src/render.tsx:44:10)
      at Object.<anonymous> (src/components/settings/PermissionRow.unit.test.tsx:41:33)

PASS src/screens/HomeScreen.unit.test.tsx
  ● Console

    console.error
      react-test-renderer is deprecated. See https://react.dev/warnings/react-test-renderer

      58 |
      59 |   it('hides the active banner when no AI request is running', () => {
    > 60 |     const { queryByText, getByText } = render(<AiStatusIndicator profile={profile} />);
         |                                              ^
      61 |
      62 |     expect(queryByText('Err: No AI backend available')).toBeNull();
      63 |     expect(getByText('No AI')).toBeTruthy();

      at Object.process.env.NODE_ENV.exports.create (node_modules/react-test-renderer/cjs/react-test-renderer.development.js:14598:17)
      at create (node_modules/@testing-library/react-native/src/render-act.ts:15:29)
      at callback (node_modules/@testing-library/react-native/src/act.ts:31:24)
      at process.env.NODE_ENV.exports.act (node_modules/react/cjs/react.development.js:789:22)
      at actImplementation (node_modules/@testing-library/react-native/src/act.ts:30:25)
      at renderWithAct (node_modules/@testing-library/react-native/src/render-act.ts:13:11)
      at renderInternal (node_modules/@testing-library/react-native/src/render.tsx:69:33)
      at renderInternal (node_modules/@testing-library/react-native/src/render.tsx:44:10)
      at Object.<anonymous> (src/screens/HomeScreen.unit.test.tsx:60:46)

PASS src/components/TopicPillRow.unit.test.tsx
  ● Console

    console.error
      react-test-renderer is deprecated. See https://react.dev/warnings/react-test-renderer

       6 | describe('TopicPillRow', () => {
       7 |   it('renders null when topics array is empty', () => {
    >  8 |     const { queryByText } = render(<TopicPillRow topics={[]} />);
         |                                   ^
       9 |     expect(queryByText(/./)).toBeNull();
      10 |   });
      11 |

      at Object.process.env.NODE_ENV.exports.create (node_modules/react-test-renderer/cjs/react-test-renderer.development.js:14598:17)
      at create (node_modules/@testing-library/react-native/src/render-act.ts:15:29)
      at callback (node_modules/@testing-library/react-native/src/act.ts:31:24)
      at process.env.NODE_ENV.exports.act (node_modules/react/cjs/react.development.js:789:22)
      at actImplementation (node_modules/@testing-library/react-native/src/act.ts:30:25)
      at renderWithAct (node_modules/@testing-library/react-native/src/render-act.ts:13:11)
      at renderInternal (node_modules/@testing-library/react-native/src/render.tsx:69:33)
      at renderInternal (node_modules/@testing-library/react-native/src/render.tsx:44:10)
      at Object.<anonymous> (src/components/TopicPillRow.unit.test.tsx:8:35)

    console.error
      react-test-renderer is deprecated. See https://react.dev/warnings/react-test-renderer

      12 |   it('renders multiple topics', () => {
      13 |     const topics = ['React Native', 'Jest', 'Testing'];
    > 14 |     const { getByText } = render(<TopicPillRow topics={topics} />);
         |                                 ^
      15 |
      16 |     topics.forEach((topic) => {
      17 |       expect(getByText(topic)).toBeTruthy();

      at Object.process.env.NODE_ENV.exports.create (node_modules/react-test-renderer/cjs/react-test-renderer.development.js:14598:17)
      at create (node_modules/@testing-library/react-native/src/render-act.ts:15:29)
      at callback (node_modules/@testing-library/react-native/src/act.ts:31:24)
      at process.env.NODE_ENV.exports.act (node_modules/react/cjs/react.development.js:789:22)
      at actImplementation (node_modules/@testing-library/react-native/src/act.ts:30:25)
      at renderWithAct (node_modules/@testing-library/react-native/src/render-act.ts:13:11)
      at renderInternal (node_modules/@testing-library/react-native/src/render.tsx:69:33)
      at renderInternal (node_modules/@testing-library/react-native/src/render.tsx:44:10)
      at Object.<anonymous> (src/components/TopicPillRow.unit.test.tsx:14:33)

    console.error
      react-test-renderer is deprecated. See https://react.dev/warnings/react-test-renderer

      21 |   it('renders in a ScrollView by default (wrap=false)', () => {
      22 |     const topics = ['Topic 1'];
    > 23 |     const { UNSAFE_getByType } = render(<TopicPillRow topics={topics} />);
         |                                        ^
      24 |
      25 |     expect(UNSAFE_getByType(ScrollView)).toBeTruthy();
      26 |   });

      at Object.process.env.NODE_ENV.exports.create (node_modules/react-test-renderer/cjs/react-test-renderer.development.js:14598:17)
      at create (node_modules/@testing-library/react-native/src/render-act.ts:15:29)
      at callback (node_modules/@testing-library/react-native/src/act.ts:31:24)
      at process.env.NODE_ENV.exports.act (node_modules/react/cjs/react.development.js:789:22)
      at actImplementation (node_modules/@testing-library/react-native/src/act.ts:30:25)
      at renderWithAct (node_modules/@testing-library/react-native/src/render-act.ts:13:11)
      at renderInternal (node_modules/@testing-library/react-native/src/render.tsx:69:33)
      at renderInternal (node_modules/@testing-library/react-native/src/render.tsx:44:10)
      at Object.<anonymous> (src/components/TopicPillRow.unit.test.tsx:23:40)

    console.error
      react-test-renderer is deprecated. See https://react.dev/warnings/react-test-renderer

      28 |   it('renders in a View when wrap is true', () => {
      29 |     const topics = ['Topic 1'];
    > 30 |     const { UNSAFE_queryByType } = render(<TopicPillRow topics={topics} wrap={true} />);
         |                                          ^
      31 |
      32 |     expect(UNSAFE_queryByType(ScrollView)).toBeNull();
      33 |   });

      at Object.process.env.NODE_ENV.exports.create (node_modules/react-test-renderer/cjs/react-test-renderer.development.js:14598:17)
      at create (node_modules/@testing-library/react-native/src/render-act.ts:15:29)
      at callback (node_modules/@testing-library/react-native/src/act.ts:31:24)
      at process.env.NODE_ENV.exports.act (node_modules/react/cjs/react.development.js:789:22)
      at actImplementation (node_modules/@testing-library/react-native/src/act.ts:30:25)
      at renderWithAct (node_modules/@testing-library/react-native/src/render-act.ts:13:11)
      at renderInternal (node_modules/@testing-library/react-native/src/render.tsx:69:33)
      at renderInternal (node_modules/@testing-library/react-native/src/render.tsx:44:10)
      at Object.<anonymous> (src/components/TopicPillRow.unit.test.tsx:30:42)

PASS src/services/mindmap/layout.unit.test.ts
PASS src/services/sessionPlanner.unit.test.ts
PASS src/components/Toast.unit.test.tsx
  ● Console

    console.error
      react-test-renderer is deprecated. See https://react.dev/warnings/react-test-renderer

      19 |
      20 |   it('keeps legacy showToast(message, type, onPress, duration) calls working', () => {
    > 21 |     const { getByText } = render(<ToastContainer />);
         |                                 ^
      22 |
      23 |     act(() => {
      24 |       showToast('Lecture saved', 'success');

      at Object.process.env.NODE_ENV.exports.create (node_modules/react-test-renderer/cjs/react-test-renderer.development.js:14598:17)
      at create (node_modules/@testing-library/react-native/src/render-act.ts:15:29)
      at callback (node_modules/@testing-library/react-native/src/act.ts:31:24)
      at process.env.NODE_ENV.exports.act (node_modules/react/cjs/react.development.js:789:22)
      at actImplementation (node_modules/@testing-library/react-native/src/act.ts:30:25)
      at renderWithAct (node_modules/@testing-library/react-native/src/render-act.ts:13:11)
      at renderInternal (node_modules/@testing-library/react-native/src/render.tsx:69:33)
      at renderInternal (node_modules/@testing-library/react-native/src/render.tsx:44:10)
      at Object.<anonymous> (src/components/Toast.unit.test.tsx:21:33)

    console.error
      react-test-renderer is deprecated. See https://react.dev/warnings/react-test-renderer

      29 |
      30 |   it('accepts object-style toast calls for richer variants', () => {
    > 31 |     const { getByText } = render(<ToastContainer />);
         |                                 ^
      32 |
      33 |     act(() => {
      34 |       showToast({

      at Object.process.env.NODE_ENV.exports.create (node_modules/react-test-renderer/cjs/react-test-renderer.development.js:14598:17)
      at create (node_modules/@testing-library/react-native/src/render-act.ts:15:29)
      at callback (node_modules/@testing-library/react-native/src/act.ts:31:24)
      at process.env.NODE_ENV.exports.act (node_modules/react/cjs/react.development.js:789:22)
      at actImplementation (node_modules/@testing-library/react-native/src/act.ts:30:25)
      at renderWithAct (node_modules/@testing-library/react-native/src/render-act.ts:13:11)
      at renderInternal (node_modules/@testing-library/react-native/src/render.tsx:69:33)
      at renderInternal (node_modules/@testing-library/react-native/src/render.tsx:44:10)
      at Object.<anonymous> (src/components/Toast.unit.test.tsx:31:33)

PASS src/services/lecture/persistence.unit.test.ts
PASS src/services/offlineTranscription/index.unit.test.ts
  ● Console

    console.warn
      [AudioRecorder] @fugood/react-native-audio-pcm-stream not available, will use fallback recording

      29 |   AudioPcmStream = require('@fugood/react-native-audio-pcm-stream').default;
      30 | } catch {
    > 31 |   console.warn(
         |           ^
      32 |     '[AudioRecorder] @fugood/react-native-audio-pcm-stream not available, will use fallback recording',
      33 |   );
      34 | }

      at Object.warn (src/services/offlineTranscription/audioRecorder.ts:31:11)
      at Object.require (src/services/offlineTranscription/index.ts:42:1)
      at Object.require (src/services/offlineTranscription/index.unit.test.ts:4:1)

PASS src/hooks/useGuruPresence.unit.test.ts
  ● Console

    console.error
      react-test-renderer is deprecated. See https://react.dev/warnings/react-test-renderer

      17 |
      18 |   it('generates messages from the active topic, not the full agenda', async () => {
    > 19 |     renderHook(() =>
         |               ^
      20 |       useGuruPresence({
      21 |         currentTopicIdentity: 'topic-b',
      22 |         currentTopicName: 'Topic B',

      at Object.process.env.NODE_ENV.exports.create (node_modules/react-test-renderer/cjs/react-test-renderer.development.js:14598:17)
      at create (node_modules/@testing-library/react-native/src/render-act.ts:15:29)
      at callback (node_modules/@testing-library/react-native/src/act.ts:31:24)
      at process.env.NODE_ENV.exports.act (node_modules/react/cjs/react.development.js:789:22)
      at actImplementation (node_modules/@testing-library/react-native/src/act.ts:30:25)
      at renderWithAct (node_modules/@testing-library/react-native/src/render-act.ts:13:11)
      at renderInternal (node_modules/@testing-library/react-native/src/render.tsx:69:33)
      at renderInternal (node_modules/@testing-library/react-native/src/render.tsx:44:10)
      at renderHook (node_modules/@testing-library/react-native/src/render-hook.tsx:55:58)
      at Object.<anonymous> (src/hooks/useGuruPresence.unit.test.ts:19:15)
      at asyncGeneratorStep (node_modules/@babel/runtime/helpers/asyncToGenerator.js:3:17)
      at _next (node_modules/@babel/runtime/helpers/asyncToGenerator.js:17:9)
      at node_modules/@babel/runtime/helpers/asyncToGenerator.js:22:7
      at Object.<anonymous> (node_modules/@babel/runtime/helpers/asyncToGenerator.js:14:12)

    console.error
      react-test-renderer is deprecated. See https://react.dev/warnings/react-test-renderer

      35 |
      36 |   it('regenerates when the active topic changes', async () => {
    > 37 |     const { rerender } = renderHook(
         |                                    ^
      38 |       ({
      39 |         currentTopicIdentity,
      40 |         currentTopicName,

      at Object.process.env.NODE_ENV.exports.create (node_modules/react-test-renderer/cjs/react-test-renderer.development.js:14598:17)
      at create (node_modules/@testing-library/react-native/src/render-act.ts:15:29)
      at callback (node_modules/@testing-library/react-native/src/act.ts:31:24)
      at process.env.NODE_ENV.exports.act (node_modules/react/cjs/react.development.js:789:22)
      at actImplementation (node_modules/@testing-library/react-native/src/act.ts:30:25)
      at renderWithAct (node_modules/@testing-library/react-native/src/render-act.ts:13:11)
      at renderInternal (node_modules/@testing-library/react-native/src/render.tsx:69:33)
      at renderInternal (node_modules/@testing-library/react-native/src/render.tsx:44:10)
      at renderHook (node_modules/@testing-library/react-native/src/render-hook.tsx:55:58)
      at Object.<anonymous> (src/hooks/useGuruPresence.unit.test.ts:37:36)
      at asyncGeneratorStep (node_modules/@babel/runtime/helpers/asyncToGenerator.js:3:17)
      at _next (node_modules/@babel/runtime/helpers/asyncToGenerator.js:17:9)
      at node_modules/@babel/runtime/helpers/asyncToGenerator.js:22:7
      at Object.<anonymous> (node_modules/@babel/runtime/helpers/asyncToGenerator.js:14:12)

    console.error
      react-test-renderer is deprecated. See https://react.dev/warnings/react-test-renderer

      72 |
      73 |   it('regenerates when the active topic identity changes even if the visible name stays the same', async () => {
    > 74 |     const { rerender } = renderHook(
         |                                    ^
      75 |       ({ currentTopicIdentity }: { currentTopicIdentity: string }) =>
      76 |         useGuruPresence({
      77 |           currentTopicIdentity,

      at Object.process.env.NODE_ENV.exports.create (node_modules/react-test-renderer/cjs/react-test-renderer.development.js:14598:17)
      at create (node_modules/@testing-library/react-native/src/render-act.ts:15:29)
      at callback (node_modules/@testing-library/react-native/src/act.ts:31:24)
      at process.env.NODE_ENV.exports.act (node_modules/react/cjs/react.development.js:789:22)
      at actImplementation (node_modules/@testing-library/react-native/src/act.ts:30:25)
      at renderWithAct (node_modules/@testing-library/react-native/src/render-act.ts:13:11)
      at renderInternal (node_modules/@testing-library/react-native/src/render.tsx:69:33)
      at renderInternal (node_modules/@testing-library/react-native/src/render.tsx:44:10)
      at renderHook (node_modules/@testing-library/react-native/src/render-hook.tsx:55:58)
      at Object.<anonymous> (src/hooks/useGuruPresence.unit.test.ts:74:36)
      at asyncGeneratorStep (node_modules/@babel/runtime/helpers/asyncToGenerator.js:3:17)
      at _next (node_modules/@babel/runtime/helpers/asyncToGenerator.js:17:9)
      at node_modules/@babel/runtime/helpers/asyncToGenerator.js:22:7
      at Object.<anonymous> (node_modules/@babel/runtime/helpers/asyncToGenerator.js:14:12)

PASS src/services/offlineTranscription/whisperModelManager.unit.test.ts
PASS src/components/SubjectChip.unit.test.tsx
  ● Console

    console.error
      react-test-renderer is deprecated. See https://react.dev/warnings/react-test-renderer

       5 | describe('SubjectChip', () => {
       6 |   it('renders correctly with subject name', () => {
    >  7 |     const { getByText } = render(<SubjectChip subject="Physics" />);
         |                                 ^
       8 |     expect(getByText('Physics')).toBeTruthy();
       9 |   });
      10 | });

      at Object.process.env.NODE_ENV.exports.create (node_modules/react-test-renderer/cjs/react-test-renderer.development.js:14598:17)
      at create (node_modules/@testing-library/react-native/src/render-act.ts:15:29)
      at callback (node_modules/@testing-library/react-native/src/act.ts:31:24)
      at process.env.NODE_ENV.exports.act (node_modules/react/cjs/react.development.js:789:22)
      at actImplementation (node_modules/@testing-library/react-native/src/act.ts:30:25)
      at renderWithAct (node_modules/@testing-library/react-native/src/render-act.ts:13:11)
      at renderInternal (node_modules/@testing-library/react-native/src/render.tsx:69:33)
      at renderInternal (node_modules/@testing-library/react-native/src/render.tsx:44:10)
      at Object.<anonymous> (src/components/SubjectChip.unit.test.tsx:7:33)

PASS src/services/appLauncher/permissions.unit.test.ts
PASS src/services/ai/planning.unit.test.ts
PASS src/services/offlineQueueErrors.unit.test.ts
PASS src/services/lecture/transcription.unit.test.ts
  ● Console

    console.log
      [Transcription] Cleaned up stale checkpoint dir: transcripts_checkpoint_123

      at log (src/services/lecture/transcription.ts:30:32)

    console.log
      [Transcription] Cleaned up stale checkpoint dir: transcripts_checkpoint_456

      at log (src/services/lecture/transcription.ts:30:32)

    console.warn
      [Transcription] cleanupStaleCheckpointDirs failed: Error: permission denied
          at Object.<anonymous> (/Users/vishnugnair/Guru-3/src/services/lecture/transcription.unit.test.ts:67:46)
          at Generator.next (<anonymous>)
          at asyncGeneratorStep (/Users/vishnugnair/Guru-3/node_modules/@babel/runtime/helpers/asyncToGenerator.js:3:17)
          at _next (/Users/vishnugnair/Guru-3/node_modules/@babel/runtime/helpers/asyncToGenerator.js:17:9)
          at /Users/vishnugnair/Guru-3/node_modules/@babel/runtime/helpers/asyncToGenerator.js:22:7
          at new Promise (<anonymous>)
          at Object.<anonymous> (/Users/vishnugnair/Guru-3/node_modules/@babel/runtime/helpers/asyncToGenerator.js:14:12)
          at Promise.finally.completed (/Users/vishnugnair/Guru-3/node_modules/jest-circus/build/jestAdapterInit.js:1557:28)
          at new Promise (<anonymous>)
          at callAsyncCircusFn (/Users/vishnugnair/Guru-3/node_modules/jest-circus/build/jestAdapterInit.js:1497:10)
          at _callCircusTest (/Users/vishnugnair/Guru-3/node_modules/jest-circus/build/jestAdapterInit.js:1007:40)
          at _runTest (/Users/vishnugnair/Guru-3/node_modules/jest-circus/build/jestAdapterInit.js:947:3)
          at /Users/vishnugnair/Guru-3/node_modules/jest-circus/build/jestAdapterInit.js:849:7
          at _runTestsForDescribeBlock (/Users/vishnugnair/Guru-3/node_modules/jest-circus/build/jestAdapterInit.js:862:11)
          at _runTestsForDescribeBlock (/Users/vishnugnair/Guru-3/node_modules/jest-circus/build/jestAdapterInit.js:857:11)
          at run (/Users/vishnugnair/Guru-3/node_modules/jest-circus/build/jestAdapterInit.js:761:3)
          at runAndTransformResultsToJestFormat (/Users/vishnugnair/Guru-3/node_modules/jest-circus/build/jestAdapterInit.js:1918:21)
          at jestAdapter (/Users/vishnugnair/Guru-3/node_modules/jest-circus/build/runner.js:101:19)

      35 |     }
      36 |   } catch (e) {
    > 37 |     console.warn('[Transcription] cleanupStaleCheckpointDirs failed:', e);
         |             ^
      38 |   }
      39 | }
      40 |

      at warn (src/services/lecture/transcription.ts:37:13)
          at Generator.throw (<anonymous>)
      at asyncGeneratorStep (node_modules/@babel/runtime/helpers/asyncToGenerator.js:3:17)
      at _throw (node_modules/@babel/runtime/helpers/asyncToGenerator.js:20:9)

    console.warn
      [Transcription] Failed to delete stale checkpoint dir transcripts_checkpoint_bad: Error: locked
          at Object.<anonymous> (/Users/vishnugnair/Guru-3/src/services/lecture/transcription.unit.test.ts:77:43)
          at Generator.next (<anonymous>)
          at asyncGeneratorStep (/Users/vishnugnair/Guru-3/node_modules/@babel/runtime/helpers/asyncToGenerator.js:3:17)
          at _next (/Users/vishnugnair/Guru-3/node_modules/@babel/runtime/helpers/asyncToGenerator.js:17:9)
          at /Users/vishnugnair/Guru-3/node_modules/@babel/runtime/helpers/asyncToGenerator.js:22:7
          at new Promise (<anonymous>)
          at Object.<anonymous> (/Users/vishnugnair/Guru-3/node_modules/@babel/runtime/helpers/asyncToGenerator.js:14:12)
          at Promise.finally.completed (/Users/vishnugnair/Guru-3/node_modules/jest-circus/build/jestAdapterInit.js:1557:28)
          at new Promise (<anonymous>)
          at callAsyncCircusFn (/Users/vishnugnair/Guru-3/node_modules/jest-circus/build/jestAdapterInit.js:1497:10)
          at _callCircusTest (/Users/vishnugnair/Guru-3/node_modules/jest-circus/build/jestAdapterInit.js:1007:40)
          at _runTest (/Users/vishnugnair/Guru-3/node_modules/jest-circus/build/jestAdapterInit.js:947:3)
          at /Users/vishnugnair/Guru-3/node_modules/jest-circus/build/jestAdapterInit.js:849:7
          at _runTestsForDescribeBlock (/Users/vishnugnair/Guru-3/node_modules/jest-circus/build/jestAdapterInit.js:862:11)
          at _runTestsForDescribeBlock (/Users/vishnugnair/Guru-3/node_modules/jest-circus/build/jestAdapterInit.js:857:11)
          at run (/Users/vishnugnair/Guru-3/node_modules/jest-circus/build/jestAdapterInit.js:761:3)
          at runAndTransformResultsToJestFormat (/Users/vishnugnair/Guru-3/node_modules/jest-circus/build/jestAdapterInit.js:1918:21)
          at jestAdapter (/Users/vishnugnair/Guru-3/node_modules/jest-circus/build/runner.js:101:19)

      30 |           if (__DEV__) console.log(`[Transcription] Cleaned up stale checkpoint dir: ${entry}`);
      31 |         } catch (e) {
    > 32 |           console.warn(`[Transcription] Failed to delete stale checkpoint dir ${entry}:`, e);
         |                   ^
      33 |         }
      34 |       }
      35 |     }

      at warn (src/services/lecture/transcription.ts:32:19)
          at Generator.throw (<anonymous>)
      at asyncGeneratorStep (node_modules/@babel/runtime/helpers/asyncToGenerator.js:3:17)
      at _throw (node_modules/@babel/runtime/helpers/asyncToGenerator.js:20:9)

    console.log
      [Transcription] Cleaned up stale checkpoint dir: transcripts_checkpoint_good

      at log (src/services/lecture/transcription.ts:30:32)

    console.log
      [LectureChunking] Recording inspection {
        recordingPath: '/test/small.m4a',
        sizeBytes: 1024,
        needsChunking: false,
        groqLimitBytes: 25165824
      }

      at log (src/services/lecture/transcription.ts:69:13)

    console.log
      [LectureChunking] Single upload transcript ready {
        recordingPath: '/test/small.m4a',
        transcriptChars: 21,
        preview: 'small file transcript'
      }

      at log (src/services/lecture/transcription.ts:86:15)

    console.log
      [LectureChunking] Recording inspection {
        recordingPath: '/test/large.m4a',
        sizeBytes: 31457280,
        needsChunking: true,
        groqLimitBytes: 25165824
      }

      at log (src/services/lecture/transcription.ts:69:13)

    console.log
      [LectureChunking] WAV conversion complete { recordingPath: '/test/large.m4a', wavPath: '/tmp/converted.wav' }

      at log (src/services/lecture/transcription.ts:116:15)

    console.log
      [LectureChunking] Chunk plan ready {
        recordingPath: '/test/large.m4a',
        wavPath: '/tmp/converted.wav',
        chunkBytes: 18848000,
        chunkCount: 2
      }

      at log (src/services/lecture/transcription.ts:131:15)

    console.log
      [LectureChunking] Chunk starting {
        recordingPath: '/test/large.m4a',
        chunkIndex: 1,
        chunkCount: 2,
        chunkPath: '/tmp/chunk0.wav',
        checkpointPath: '/mock-docs/transcripts_checkpoint_42/chunk_000.txt',
        usingCheckpoint: false
      }

      at log (src/services/lecture/transcription.ts:150:17)

    console.log
      [LectureChunking] Uploading chunk to Groq {
        recordingPath: '/test/large.m4a',
        chunkIndex: 1,
        chunkCount: 2,
        chunkPath: '/tmp/chunk0.wav'
      }

      at log (src/services/lecture/transcription.ts:191:19)

    console.log
      [LectureChunking] Chunk transcript saved {
        recordingPath: '/test/large.m4a',
        chunkIndex: 1,
        chunkCount: 2,
        transcriptChars: 12,
        preview: 'chunk 0 text'
      }

      at log (src/services/lecture/transcription.ts:220:19)

    console.log
      [LectureChunking] Chunk starting {
        recordingPath: '/test/large.m4a',
        chunkIndex: 2,
        chunkCount: 2,
        chunkPath: '/tmp/chunk1.wav',
        checkpointPath: '/mock-docs/transcripts_checkpoint_42/chunk_001.txt',
        usingCheckpoint: false
      }

      at log (src/services/lecture/transcription.ts:150:17)

    console.log
      [LectureChunking] Uploading chunk to Groq {
        recordingPath: '/test/large.m4a',
        chunkIndex: 2,
        chunkCount: 2,
        chunkPath: '/tmp/chunk1.wav'
      }

      at log (src/services/lecture/transcription.ts:191:19)

    console.log
      [LectureChunking] Chunk transcript saved {
        recordingPath: '/test/large.m4a',
        chunkIndex: 2,
        chunkCount: 2,
        transcriptChars: 12,
        preview: 'chunk 1 text'
      }

      at log (src/services/lecture/transcription.ts:220:19)

    console.log
      [LectureChunking] Combined transcript ready {
        recordingPath: '/test/large.m4a',
        chunkCount: 2,
        transcriptChars: 26,
        preview: 'chunk 0 text chunk 1 text'
      }

      at log (src/services/lecture/transcription.ts:258:15)

    console.log
      [LectureChunking] Recording inspection {
        recordingPath: '/test/large.m4a',
        sizeBytes: 31457280,
        needsChunking: true,
        groqLimitBytes: 25165824
      }

      at log (src/services/lecture/transcription.ts:69:13)

    console.log
      [LectureChunking] WAV conversion complete { recordingPath: '/test/large.m4a', wavPath: '/tmp/converted.wav' }

      at log (src/services/lecture/transcription.ts:116:15)

    console.log
      [LectureChunking] Chunk plan ready {
        recordingPath: '/test/large.m4a',
        wavPath: '/tmp/converted.wav',
        chunkBytes: 18848000,
        chunkCount: 2
      }

      at log (src/services/lecture/transcription.ts:131:15)

    console.log
      [LectureChunking] Chunk starting {
        recordingPath: '/test/large.m4a',
        chunkIndex: 1,
        chunkCount: 2,
        chunkPath: '/tmp/chunk0.wav',
        checkpointPath: '/mock-docs/transcripts_checkpoint_99/chunk_000.txt',
        usingCheckpoint: true
      }

      at log (src/services/lecture/transcription.ts:150:17)

    console.log
      [LectureChunking] Resumed chunk from checkpoint {
        recordingPath: '/test/large.m4a',
        chunkIndex: 1,
        chunkCount: 2,
        transcriptChars: 20,
        preview: 'resumed chunk 0 text'
      }

      at log (src/services/lecture/transcription.ts:173:19)

    console.log
      [LectureChunking] Chunk starting {
        recordingPath: '/test/large.m4a',
        chunkIndex: 2,
        chunkCount: 2,
        chunkPath: '/tmp/chunk1.wav',
        checkpointPath: '/mock-docs/transcripts_checkpoint_99/chunk_001.txt',
        usingCheckpoint: false
      }

      at log (src/services/lecture/transcription.ts:150:17)

    console.log
      [LectureChunking] Uploading chunk to Groq {
        recordingPath: '/test/large.m4a',
        chunkIndex: 2,
        chunkCount: 2,
        chunkPath: '/tmp/chunk1.wav'
      }

      at log (src/services/lecture/transcription.ts:191:19)

    console.log
      [LectureChunking] Chunk transcript saved {
        recordingPath: '/test/large.m4a',
        chunkIndex: 2,
        chunkCount: 2,
        transcriptChars: 12,
        preview: 'chunk 1 text'
      }

      at log (src/services/lecture/transcription.ts:220:19)

    console.log
      [LectureChunking] Combined transcript ready {
        recordingPath: '/test/large.m4a',
        chunkCount: 2,
        transcriptChars: 34,
        preview: 'resumed chunk 0 text chunk 1 text'
      }

      at log (src/services/lecture/transcription.ts:258:15)

    console.log
      [LectureChunking] Recording inspection {
        recordingPath: '/test/large.m4a',
        sizeBytes: 31457280,
        needsChunking: true,
        groqLimitBytes: 25165824
      }

      at log (src/services/lecture/transcription.ts:69:13)

PASS src/services/ai/embeddingService.unit.test.ts
  ● Console

    console.log
      [Embedding] OpenRouter success: text-3-small (3 dims)

      at log (src/services/ai/embeddingService.ts:124:21)

    console.log
      [Embedding] OpenRouter undefined, skipping

      at log (src/services/ai/embeddingService.ts:129:30)

    console.log
      [Embedding] Jina failed: undefined

      at log (src/services/ai/embeddingService.ts:185:17)

    console.log
      [Embedding] No embedding vector this session; topic search uses text matching where needed.

      at log (src/services/ai/embeddingService.ts:42:11)

    console.log
      [Embedding] Jina OK but missing embedding array

      at log (src/services/ai/embeddingService.ts:172:30)

PASS src/services/offlineTranscription/batchTranscriber.unit.test.ts
  ● Console

    console.log
      [Batch] Split 1s audio into 0 chunks (30s each, 1s overlap)

      at BatchTranscriber.log (src/services/offlineTranscription/batchTranscriber.ts:268:15)

PASS src/services/ai/liveModelCatalog.unit.test.ts
PASS src/db/repositories/externalLogsRepository.drizzle.unit.test.ts
PASS src/screens/GuruChatRevealSection.unit.test.tsx
  ● Console

    console.error
      react-test-renderer is deprecated. See https://react.dev/warnings/react-test-renderer

      22 |     }
      23 |
    > 24 |     const { rerender } = render(
         |                                ^
      25 |       <RevealSection active={false} delayMs={0}>
      26 |         <Probe />
      27 |       </RevealSection>,

      at Object.process.env.NODE_ENV.exports.create (node_modules/react-test-renderer/cjs/react-test-renderer.development.js:14598:17)
      at create (node_modules/@testing-library/react-native/src/render-act.ts:15:29)
      at callback (node_modules/@testing-library/react-native/src/act.ts:31:24)
      at process.env.NODE_ENV.exports.act (node_modules/react/cjs/react.development.js:789:22)
      at actImplementation (node_modules/@testing-library/react-native/src/act.ts:30:25)
      at renderWithAct (node_modules/@testing-library/react-native/src/render-act.ts:13:11)
      at renderInternal (node_modules/@testing-library/react-native/src/render.tsx:69:33)
      at renderInternal (node_modules/@testing-library/react-native/src/render.tsx:44:10)
      at Object.<anonymous> (src/screens/GuruChatRevealSection.unit.test.tsx:24:32)

PASS src/hooks/useFaceTracking.unit.test.ts
  ● Console

    console.error
      react-test-renderer is deprecated. See https://react.dev/warnings/react-test-renderer

      17 | describe('useFaceTracking', () => {
      18 |   it('returns "focused" state and undefined frameProcessor by default', () => {
    > 19 |     const { result } = renderHook(() => useFaceTracking());
         |                                  ^
      20 |
      21 |     expect(result.current.focusState).toBe('focused');
      22 |     expect(result.current.frameProcessor).toBeUndefined();

      at Object.process.env.NODE_ENV.exports.create (node_modules/react-test-renderer/cjs/react-test-renderer.development.js:14598:17)
      at create (node_modules/@testing-library/react-native/src/render-act.ts:15:29)
      at callback (node_modules/@testing-library/react-native/src/act.ts:31:24)
      at process.env.NODE_ENV.exports.act (node_modules/react/cjs/react.development.js:789:22)
      at actImplementation (node_modules/@testing-library/react-native/src/act.ts:30:25)
      at renderWithAct (node_modules/@testing-library/react-native/src/render-act.ts:13:11)
      at renderInternal (node_modules/@testing-library/react-native/src/render.tsx:69:33)
      at renderInternal (node_modules/@testing-library/react-native/src/render.tsx:44:10)
      at renderHook (node_modules/@testing-library/react-native/src/render-hook.tsx:55:58)
      at Object.<anonymous> (src/hooks/useFaceTracking.unit.test.ts:19:34)

    console.error
      react-test-renderer is deprecated. See https://react.dev/warnings/react-test-renderer

      30 |     };
      31 |
    > 32 |     const { result } = renderHook(() => useFaceTracking(options));
         |                                  ^
      33 |
      34 |     expect(result.current.focusState).toBe('focused');
      35 |     expect(result.current.frameProcessor).toBeUndefined();

      at Object.process.env.NODE_ENV.exports.create (node_modules/react-test-renderer/cjs/react-test-renderer.development.js:14598:17)
      at create (node_modules/@testing-library/react-native/src/render-act.ts:15:29)
      at callback (node_modules/@testing-library/react-native/src/act.ts:31:24)
      at process.env.NODE_ENV.exports.act (node_modules/react/cjs/react.development.js:789:22)
      at actImplementation (node_modules/@testing-library/react-native/src/act.ts:30:25)
      at renderWithAct (node_modules/@testing-library/react-native/src/render-act.ts:13:11)
      at renderInternal (node_modules/@testing-library/react-native/src/render.tsx:69:33)
      at renderInternal (node_modules/@testing-library/react-native/src/render.tsx:44:10)
      at renderHook (node_modules/@testing-library/react-native/src/render-hook.tsx:55:58)
      at Object.<anonymous> (src/hooks/useFaceTracking.unit.test.ts:32:34)

PASS src/components/primitives/LinearButton.unit.test.tsx
  ● Console

    console.error
      react-test-renderer is deprecated. See https://react.dev/warnings/react-test-renderer

       6 | describe('LinearButton', () => {
       7 |   it('keeps the label centered when only a left icon is provided', () => {
    >  8 |     const { toJSON } = render(
         |                              ^
       9 |       <LinearButton
      10 |         label="Watch a lecture"
      11 |         leftIcon={<View testID="left-icon" />}

      at Object.process.env.NODE_ENV.exports.create (node_modules/react-test-renderer/cjs/react-test-renderer.development.js:14598:17)
      at create (node_modules/@testing-library/react-native/src/render-act.ts:15:29)
      at callback (node_modules/@testing-library/react-native/src/act.ts:31:24)
      at process.env.NODE_ENV.exports.act (node_modules/react/cjs/react.development.js:789:22)
      at actImplementation (node_modules/@testing-library/react-native/src/act.ts:30:25)
      at renderWithAct (node_modules/@testing-library/react-native/src/render-act.ts:13:11)
      at renderInternal (node_modules/@testing-library/react-native/src/render.tsx:69:33)
      at renderInternal (node_modules/@testing-library/react-native/src/render.tsx:44:10)
      at Object.<anonymous> (src/components/primitives/LinearButton.unit.test.tsx:8:30)

PASS src/services/studyPlannerBuckets.unit.test.ts
PASS src/navigation/linking.unit.test.ts
PASS src/db/repositories/lectureNotesRepository.drizzle.unit.test.ts
PASS src/db/repositories/topicProgressRepository.drizzle.unit.test.ts
PASS src/db/repositories/questionBankRepository.drizzle.unit.test.ts
PASS src/db/repositories/mindMapsRepository.drizzle.unit.test.ts
PASS src/db/repositories/aiCacheRepository.drizzle.unit.test.ts
PASS src/store/splitSessionStorage.unit.test.ts
PASS src/services/ai/chatgpt/chatgptApi.unit.test.ts
PASS src/db/repositories/subjectsRepository.drizzle.unit.test.ts
PASS src/services/errorReporting.unit.test.ts
  ● Console

    console.log
      [Sentry] Initialized successfully.

      at log (src/services/errorReporting.ts:57:13)

    console.log
      [Sentry] DSN not found, skipping initialization.

      at log (src/services/errorReporting.ts:12:15)

    console.log
      [Sentry] Initialized successfully.

      at log (src/services/errorReporting.ts:57:13)

    console.log
      [Sentry] Initialized successfully.

      at log (src/services/errorReporting.ts:57:13)

    console.log
      [Sentry] Initialized successfully.

      at log (src/services/errorReporting.ts:57:13)

    console.log
      [Sentry] Initialized successfully.

      at log (src/services/errorReporting.ts:57:13)

PASS src/services/guruChatSessionSummary.unit.test.ts
  ● Console

    console.warn
      [GuruChat] Session summary skipped: Error: fail
          at Object.<anonymous> (/Users/vishnugnair/Guru-3/src/services/guruChatSessionSummary.unit.test.ts:126:36)
          at Generator.next (<anonymous>)
          at asyncGeneratorStep (/Users/vishnugnair/Guru-3/node_modules/@babel/runtime/helpers/asyncToGenerator.js:3:17)
          at _next (/Users/vishnugnair/Guru-3/node_modules/@babel/runtime/helpers/asyncToGenerator.js:17:9)
          at /Users/vishnugnair/Guru-3/node_modules/@babel/runtime/helpers/asyncToGenerator.js:22:7
          at new Promise (<anonymous>)
          at Object.<anonymous> (/Users/vishnugnair/Guru-3/node_modules/@babel/runtime/helpers/asyncToGenerator.js:14:12)
          at Promise.finally.completed (/Users/vishnugnair/Guru-3/node_modules/jest-circus/build/jestAdapterInit.js:1557:28)
          at new Promise (<anonymous>)
          at callAsyncCircusFn (/Users/vishnugnair/Guru-3/node_modules/jest-circus/build/jestAdapterInit.js:1497:10)
          at _callCircusTest (/Users/vishnugnair/Guru-3/node_modules/jest-circus/build/jestAdapterInit.js:1007:40)
          at _runTest (/Users/vishnugnair/Guru-3/node_modules/jest-circus/build/jestAdapterInit.js:947:3)
          at /Users/vishnugnair/Guru-3/node_modules/jest-circus/build/jestAdapterInit.js:849:7
          at _runTestsForDescribeBlock (/Users/vishnugnair/Guru-3/node_modules/jest-circus/build/jestAdapterInit.js:862:11)
          at _runTestsForDescribeBlock (/Users/vishnugnair/Guru-3/node_modules/jest-circus/build/jestAdapterInit.js:857:11)
          at run (/Users/vishnugnair/Guru-3/node_modules/jest-circus/build/jestAdapterInit.js:761:3)
          at runAndTransformResultsToJestFormat (/Users/vishnugnair/Guru-3/node_modules/jest-circus/build/jestAdapterInit.js:1918:21)
          at jestAdapter (/Users/vishnugnair/Guru-3/node_modules/jest-circus/build/runner.js:101:19)

      219 |     await upsertSessionMemory(threadId, topicName, summary, count, JSON.stringify(nextState));
      220 |   } catch (e) {
    > 221 |     if (__DEV__) console.warn('[GuruChat] Session summary skipped:', e);
          |                          ^
      222 |   }
      223 | }
      224 |

      at warn (src/services/guruChatSessionSummary.ts:221:26)
          at Generator.throw (<anonymous>)
      at asyncGeneratorStep (node_modules/@babel/runtime/helpers/asyncToGenerator.js:3:17)
      at _throw (node_modules/@babel/runtime/helpers/asyncToGenerator.js:20:9)

PASS src/services/offlineTranscription/transcriptMerger.unit.test.ts
PASS src/services/offlineTranscription/RealtimeTranscriber.unit.test.ts
  ● Console

    console.warn
      [RealtimeTranscriber] initWhisperVad not available, proceeding without VAD

      272 |   private async initVad(): Promise<void> {
      273 |     if (!initWhisperVad) {
    > 274 |       console.warn('[RealtimeTranscriber] initWhisperVad not available, proceeding without VAD');
          |               ^
      275 |       return;
      276 |     }
      277 |

      at RealtimeTranscriptionController.warn (src/services/offlineTranscription/realtimeTranscriber.ts:274:15)
      at asyncGeneratorStep (node_modules/@babel/runtime/helpers/asyncToGenerator.js:3:17)
      at _next (node_modules/@babel/runtime/helpers/asyncToGenerator.js:17:9)
      at node_modules/@babel/runtime/helpers/asyncToGenerator.js:22:7
      at RealtimeTranscriptionController.<anonymous> (node_modules/@babel/runtime/helpers/asyncToGenerator.js:14:12)
      at RealtimeTranscriptionController.apply [as initVad] (src/services/offlineTranscription/realtimeTranscriber.ts:272:24)
      at RealtimeTranscriptionController.initVad (src/services/offlineTranscription/realtimeTranscriber.ts:146:16)
      at asyncGeneratorStep (node_modules/@babel/runtime/helpers/asyncToGenerator.js:3:17)
      at _next (node_modules/@babel/runtime/helpers/asyncToGenerator.js:17:9)
      at node_modules/@babel/runtime/helpers/asyncToGenerator.js:22:7
      at RealtimeTranscriptionController.<anonymous> (node_modules/@babel/runtime/helpers/asyncToGenerator.js:14:12)
      at RealtimeTranscriptionController.apply (src/services/offlineTranscription/realtimeTranscriber.ts:118:14)
      at Object.start (src/services/offlineTranscription/RealtimeTranscriber.unit.test.ts:43:22)
      at asyncGeneratorStep (node_modules/@babel/runtime/helpers/asyncToGenerator.js:3:17)
      at _next (node_modules/@babel/runtime/helpers/asyncToGenerator.js:17:9)
      at node_modules/@babel/runtime/helpers/asyncToGenerator.js:22:7
      at Object.<anonymous> (node_modules/@babel/runtime/helpers/asyncToGenerator.js:14:12)

    console.warn
      [RealtimeTranscriber] initWhisperVad not available, proceeding without VAD

      272 |   private async initVad(): Promise<void> {
      273 |     if (!initWhisperVad) {
    > 274 |       console.warn('[RealtimeTranscriber] initWhisperVad not available, proceeding without VAD');
          |               ^
      275 |       return;
      276 |     }
      277 |

      at RealtimeTranscriptionController.warn (src/services/offlineTranscription/realtimeTranscriber.ts:274:15)
      at asyncGeneratorStep (node_modules/@babel/runtime/helpers/asyncToGenerator.js:3:17)
      at _next (node_modules/@babel/runtime/helpers/asyncToGenerator.js:17:9)
      at node_modules/@babel/runtime/helpers/asyncToGenerator.js:22:7
      at RealtimeTranscriptionController.<anonymous> (node_modules/@babel/runtime/helpers/asyncToGenerator.js:14:12)
      at RealtimeTranscriptionController.apply [as initVad] (src/services/offlineTranscription/realtimeTranscriber.ts:272:24)
      at RealtimeTranscriptionController.initVad (src/services/offlineTranscription/realtimeTranscriber.ts:146:16)
      at asyncGeneratorStep (node_modules/@babel/runtime/helpers/asyncToGenerator.js:3:17)
      at _next (node_modules/@babel/runtime/helpers/asyncToGenerator.js:17:9)
      at node_modules/@babel/runtime/helpers/asyncToGenerator.js:22:7
      at RealtimeTranscriptionController.<anonymous> (node_modules/@babel/runtime/helpers/asyncToGenerator.js:14:12)
      at RealtimeTranscriptionController.apply (src/services/offlineTranscription/realtimeTranscriber.ts:118:14)
      at Object.start (src/services/offlineTranscription/RealtimeTranscriber.unit.test.ts:52:22)
      at asyncGeneratorStep (node_modules/@babel/runtime/helpers/asyncToGenerator.js:3:17)
      at _next (node_modules/@babel/runtime/helpers/asyncToGenerator.js:17:9)
      at node_modules/@babel/runtime/helpers/asyncToGenerator.js:22:7
      at Object.<anonymous> (node_modules/@babel/runtime/helpers/asyncToGenerator.js:14:12)

PASS src/services/ai/validation.unit.test.ts
  ● Console

    console.warn
      [AI_VALIDATION] Failed: name: Invalid input: expected string, received number, count: Invalid input: expected number, received string

      11 |   if (!result.success) {
      12 |     const errorMsg = result.error.issues.map((i) => `${i.path.join('.')}: ${i.message}`).join(', ');
    > 13 |     console.warn(`[AI_VALIDATION] Failed: ${errorMsg}`);
         |             ^
      14 |     throw new Error(`AI response failed validation: ${errorMsg}`);
      15 |   }
      16 |

      at warn (src/services/ai/validation.ts:13:13)
      at src/services/ai/validation.unit.test.ts:13:36
      at Object.<anonymous> (node_modules/expect/build/index.js:1824:9)
      at Object.throwingMatcher [as toThrow] (node_modules/expect/build/index.js:2235:93)
      at Object.toThrow (src/services/ai/validation.unit.test.ts:13:74)

PASS src/db/repositories/offlineQueueRepository.drizzle.unit.test.ts
PASS src/db/repositories/generatedStudyImagesRepository.drizzle.unit.test.ts
PASS src/db/repositories/dailyLogRepository.drizzle.unit.test.ts
PASS src/services/ai/google/zodToResponseJsonSchema.unit.test.ts
PASS src/db/repositories/lectureScheduleRepository.drizzle.unit.test.ts
PASS src/db/repositories/brainDumpsRepository.drizzle.unit.test.ts
PASS src/services/lecture/health.unit.test.ts
PASS src/db/repositories/dailyAgendaRepository.drizzle.unit.test.ts
PASS src/services/recordingValidation.unit.test.ts
PASS src/services/imageService.unit.test.ts
  ● Console

    console.debug
      [imageService] Wikipedia list search failed: Error: Search failed
          at Object.<anonymous> (/Users/vishnugnair/Guru-3/src/services/imageService.unit.test.ts:100:32)
          at Generator.next (<anonymous>)
          at asyncGeneratorStep (/Users/vishnugnair/Guru-3/node_modules/@babel/runtime/helpers/asyncToGenerator.js:3:17)
          at _next (/Users/vishnugnair/Guru-3/node_modules/@babel/runtime/helpers/asyncToGenerator.js:17:9)
          at /Users/vishnugnair/Guru-3/node_modules/@babel/runtime/helpers/asyncToGenerator.js:22:7
          at new Promise (<anonymous>)
          at Object.<anonymous> (/Users/vishnugnair/Guru-3/node_modules/@babel/runtime/helpers/asyncToGenerator.js:14:12)
          at Promise.finally.completed (/Users/vishnugnair/Guru-3/node_modules/jest-circus/build/jestAdapterInit.js:1557:28)
          at new Promise (<anonymous>)
          at callAsyncCircusFn (/Users/vishnugnair/Guru-3/node_modules/jest-circus/build/jestAdapterInit.js:1497:10)
          at _callCircusTest (/Users/vishnugnair/Guru-3/node_modules/jest-circus/build/jestAdapterInit.js:1007:40)
          at _runTest (/Users/vishnugnair/Guru-3/node_modules/jest-circus/build/jestAdapterInit.js:947:3)
          at /Users/vishnugnair/Guru-3/node_modules/jest-circus/build/jestAdapterInit.js:849:7
          at _runTestsForDescribeBlock (/Users/vishnugnair/Guru-3/node_modules/jest-circus/build/jestAdapterInit.js:862:11)
          at _runTestsForDescribeBlock (/Users/vishnugnair/Guru-3/node_modules/jest-circus/build/jestAdapterInit.js:857:11)
          at _runTestsForDescribeBlock (/Users/vishnugnair/Guru-3/node_modules/jest-circus/build/jestAdapterInit.js:857:11)
          at run (/Users/vishnugnair/Guru-3/node_modules/jest-circus/build/jestAdapterInit.js:761:3)
          at runAndTransformResultsToJestFormat (/Users/vishnugnair/Guru-3/node_modules/jest-circus/build/jestAdapterInit.js:1918:21)
          at jestAdapter (/Users/vishnugnair/Guru-3/node_modules/jest-circus/build/runner.js:101:19)

      at debug (src/services/imageService.ts:152:26)
          at Generator.throw (<anonymous>)

    console.debug
      [imageService] Wikipedia list search failed: Error: Network error
          at Object.<anonymous> (/Users/vishnugnair/Guru-3/src/services/imageService.unit.test.ts:124:57)
          at Generator.next (<anonymous>)
          at asyncGeneratorStep (/Users/vishnugnair/Guru-3/node_modules/@babel/runtime/helpers/asyncToGenerator.js:3:17)
          at _next (/Users/vishnugnair/Guru-3/node_modules/@babel/runtime/helpers/asyncToGenerator.js:17:9)
          at /Users/vishnugnair/Guru-3/node_modules/@babel/runtime/helpers/asyncToGenerator.js:22:7
          at new Promise (<anonymous>)
          at Object.<anonymous> (/Users/vishnugnair/Guru-3/node_modules/@babel/runtime/helpers/asyncToGenerator.js:14:12)
          at Promise.finally.completed (/Users/vishnugnair/Guru-3/node_modules/jest-circus/build/jestAdapterInit.js:1557:28)
          at new Promise (<anonymous>)
          at callAsyncCircusFn (/Users/vishnugnair/Guru-3/node_modules/jest-circus/build/jestAdapterInit.js:1497:10)
          at _callCircusTest (/Users/vishnugnair/Guru-3/node_modules/jest-circus/build/jestAdapterInit.js:1007:40)
          at _runTest (/Users/vishnugnair/Guru-3/node_modules/jest-circus/build/jestAdapterInit.js:947:3)
          at /Users/vishnugnair/Guru-3/node_modules/jest-circus/build/jestAdapterInit.js:849:7
          at _runTestsForDescribeBlock (/Users/vishnugnair/Guru-3/node_modules/jest-circus/build/jestAdapterInit.js:862:11)
          at _runTestsForDescribeBlock (/Users/vishnugnair/Guru-3/node_modules/jest-circus/build/jestAdapterInit.js:857:11)
          at _runTestsForDescribeBlock (/Users/vishnugnair/Guru-3/node_modules/jest-circus/build/jestAdapterInit.js:857:11)
          at run (/Users/vishnugnair/Guru-3/node_modules/jest-circus/build/jestAdapterInit.js:761:3)
          at runAndTransformResultsToJestFormat (/Users/vishnugnair/Guru-3/node_modules/jest-circus/build/jestAdapterInit.js:1918:21)
          at jestAdapter (/Users/vishnugnair/Guru-3/node_modules/jest-circus/build/runner.js:101:19)

      at debug (src/services/imageService.ts:152:26)
          at Generator.throw (<anonymous>)

    console.debug
      [imageService] Commons fallback failed: Error: Network error
          at Object.<anonymous> (/Users/vishnugnair/Guru-3/src/services/imageService.unit.test.ts:124:57)
          at Generator.next (<anonymous>)
          at asyncGeneratorStep (/Users/vishnugnair/Guru-3/node_modules/@babel/runtime/helpers/asyncToGenerator.js:3:17)
          at _next (/Users/vishnugnair/Guru-3/node_modules/@babel/runtime/helpers/asyncToGenerator.js:17:9)
          at /Users/vishnugnair/Guru-3/node_modules/@babel/runtime/helpers/asyncToGenerator.js:22:7
          at new Promise (<anonymous>)
          at Object.<anonymous> (/Users/vishnugnair/Guru-3/node_modules/@babel/runtime/helpers/asyncToGenerator.js:14:12)
          at Promise.finally.completed (/Users/vishnugnair/Guru-3/node_modules/jest-circus/build/jestAdapterInit.js:1557:28)
          at new Promise (<anonymous>)
          at callAsyncCircusFn (/Users/vishnugnair/Guru-3/node_modules/jest-circus/build/jestAdapterInit.js:1497:10)
          at _callCircusTest (/Users/vishnugnair/Guru-3/node_modules/jest-circus/build/jestAdapterInit.js:1007:40)
          at _runTest (/Users/vishnugnair/Guru-3/node_modules/jest-circus/build/jestAdapterInit.js:947:3)
          at /Users/vishnugnair/Guru-3/node_modules/jest-circus/build/jestAdapterInit.js:849:7
          at _runTestsForDescribeBlock (/Users/vishnugnair/Guru-3/node_modules/jest-circus/build/jestAdapterInit.js:862:11)
          at _runTestsForDescribeBlock (/Users/vishnugnair/Guru-3/node_modules/jest-circus/build/jestAdapterInit.js:857:11)
          at _runTestsForDescribeBlock (/Users/vishnugnair/Guru-3/node_modules/jest-circus/build/jestAdapterInit.js:857:11)
          at run (/Users/vishnugnair/Guru-3/node_modules/jest-circus/build/jestAdapterInit.js:761:3)
          at runAndTransformResultsToJestFormat (/Users/vishnugnair/Guru-3/node_modules/jest-circus/build/jestAdapterInit.js:1918:21)
          at jestAdapter (/Users/vishnugnair/Guru-3/node_modules/jest-circus/build/runner.js:101:19)

      at debug (src/services/imageService.ts:191:26)
          at Generator.throw (<anonymous>)

PASS src/services/appPermissions.unit.test.ts
  ● Console

    console.warn
      [AppPermissions] Audio request failed: Error: fail
          at Object.<anonymous> (/Users/vishnugnair/Guru-3/src/services/appPermissions.unit.test.ts:123:66)
          at Generator.next (<anonymous>)
          at asyncGeneratorStep (/Users/vishnugnair/Guru-3/node_modules/@babel/runtime/helpers/asyncToGenerator.js:3:17)
          at _next (/Users/vishnugnair/Guru-3/node_modules/@babel/runtime/helpers/asyncToGenerator.js:17:9)
          at /Users/vishnugnair/Guru-3/node_modules/@babel/runtime/helpers/asyncToGenerator.js:22:7
          at new Promise (<anonymous>)
          at Object.<anonymous> (/Users/vishnugnair/Guru-3/node_modules/@babel/runtime/helpers/asyncToGenerator.js:14:12)
          at Promise.finally.completed (/Users/vishnugnair/Guru-3/node_modules/jest-circus/build/jestAdapterInit.js:1557:28)
          at new Promise (<anonymous>)
          at callAsyncCircusFn (/Users/vishnugnair/Guru-3/node_modules/jest-circus/build/jestAdapterInit.js:1497:10)
          at _callCircusTest (/Users/vishnugnair/Guru-3/node_modules/jest-circus/build/jestAdapterInit.js:1007:40)
          at _runTest (/Users/vishnugnair/Guru-3/node_modules/jest-circus/build/jestAdapterInit.js:947:3)
          at /Users/vishnugnair/Guru-3/node_modules/jest-circus/build/jestAdapterInit.js:849:7
          at _runTestsForDescribeBlock (/Users/vishnugnair/Guru-3/node_modules/jest-circus/build/jestAdapterInit.js:862:11)
          at _runTestsForDescribeBlock (/Users/vishnugnair/Guru-3/node_modules/jest-circus/build/jestAdapterInit.js:857:11)
          at _runTestsForDescribeBlock (/Users/vishnugnair/Guru-3/node_modules/jest-circus/build/jestAdapterInit.js:857:11)
          at run (/Users/vishnugnair/Guru-3/node_modules/jest-circus/build/jestAdapterInit.js:761:3)
          at runAndTransformResultsToJestFormat (/Users/vishnugnair/Guru-3/node_modules/jest-circus/build/jestAdapterInit.js:1918:21)
          at jestAdapter (/Users/vishnugnair/Guru-3/node_modules/jest-circus/build/runner.js:101:19)

      56 |     return newStatus === 'granted';
      57 |   } catch (e) {
    > 58 |     if (__DEV__) console.warn('[AppPermissions] Audio request failed:', e);
         |                          ^
      59 |     return false;
      60 |   }
      61 | }

      at warn (src/services/appPermissions.ts:58:26)
          at Generator.throw (<anonymous>)
      at asyncGeneratorStep (node_modules/@babel/runtime/helpers/asyncToGenerator.js:3:17)
      at _throw (node_modules/@babel/runtime/helpers/asyncToGenerator.js:20:9)

PASS src/services/ai/schemas.flashcards.unit.test.ts
PASS src/services/backupService.unit.test.ts
PASS src/services/notificationService.unit.test.ts
  ● Console

    console.warn
      Failed to request notification permissions: Error: error
          at Object.<anonymous> (/Users/vishnugnair/Guru-3/src/services/notificationService.unit.test.ts:82:78)
          at Generator.next (<anonymous>)
          at asyncGeneratorStep (/Users/vishnugnair/Guru-3/node_modules/@babel/runtime/helpers/asyncToGenerator.js:3:17)
          at _next (/Users/vishnugnair/Guru-3/node_modules/@babel/runtime/helpers/asyncToGenerator.js:17:9)
          at /Users/vishnugnair/Guru-3/node_modules/@babel/runtime/helpers/asyncToGenerator.js:22:7
          at new Promise (<anonymous>)
          at Object.<anonymous> (/Users/vishnugnair/Guru-3/node_modules/@babel/runtime/helpers/asyncToGenerator.js:14:12)
          at Promise.finally.completed (/Users/vishnugnair/Guru-3/node_modules/jest-circus/build/jestAdapterInit.js:1557:28)
          at new Promise (<anonymous>)
          at callAsyncCircusFn (/Users/vishnugnair/Guru-3/node_modules/jest-circus/build/jestAdapterInit.js:1497:10)
          at _callCircusTest (/Users/vishnugnair/Guru-3/node_modules/jest-circus/build/jestAdapterInit.js:1007:40)
          at _runTest (/Users/vishnugnair/Guru-3/node_modules/jest-circus/build/jestAdapterInit.js:947:3)
          at /Users/vishnugnair/Guru-3/node_modules/jest-circus/build/jestAdapterInit.js:849:7
          at _runTestsForDescribeBlock (/Users/vishnugnair/Guru-3/node_modules/jest-circus/build/jestAdapterInit.js:862:11)
          at _runTestsForDescribeBlock (/Users/vishnugnair/Guru-3/node_modules/jest-circus/build/jestAdapterInit.js:857:11)
          at _runTestsForDescribeBlock (/Users/vishnugnair/Guru-3/node_modules/jest-circus/build/jestAdapterInit.js:857:11)
          at run (/Users/vishnugnair/Guru-3/node_modules/jest-circus/build/jestAdapterInit.js:761:3)
          at runAndTransformResultsToJestFormat (/Users/vishnugnair/Guru-3/node_modules/jest-circus/build/jestAdapterInit.js:1918:21)
          at jestAdapter (/Users/vishnugnair/Guru-3/node_modules/jest-circus/build/runner.js:101:19)

      63 |     return status === 'granted';
      64 |   } catch (error) {
    > 65 |     if (__DEV__) console.warn('Failed to request notification permissions:', error);
         |                          ^
      66 |     return false;
      67 |   }
      68 | }

      at warn (src/services/notificationService.ts:65:26)
          at Generator.throw (<anonymous>)
      at asyncGeneratorStep (node_modules/@babel/runtime/helpers/asyncToGenerator.js:3:17)
      at _throw (node_modules/@babel/runtime/helpers/asyncToGenerator.js:20:9)

    console.warn
      [Notifications] AI generation failed, using smart fallbacks: Error: AI failed
          at Object.<anonymous> (/Users/vishnugnair/Guru-3/src/services/notificationService.unit.test.ts:175:71)
          at Generator.next (<anonymous>)
          at asyncGeneratorStep (/Users/vishnugnair/Guru-3/node_modules/@babel/runtime/helpers/asyncToGenerator.js:3:17)
          at _next (/Users/vishnugnair/Guru-3/node_modules/@babel/runtime/helpers/asyncToGenerator.js:17:9)
          at /Users/vishnugnair/Guru-3/node_modules/@babel/runtime/helpers/asyncToGenerator.js:22:7
          at new Promise (<anonymous>)
          at Object.<anonymous> (/Users/vishnugnair/Guru-3/node_modules/@babel/runtime/helpers/asyncToGenerator.js:14:12)
          at Promise.finally.completed (/Users/vishnugnair/Guru-3/node_modules/jest-circus/build/jestAdapterInit.js:1557:28)
          at new Promise (<anonymous>)
          at callAsyncCircusFn (/Users/vishnugnair/Guru-3/node_modules/jest-circus/build/jestAdapterInit.js:1497:10)
          at _callCircusTest (/Users/vishnugnair/Guru-3/node_modules/jest-circus/build/jestAdapterInit.js:1007:40)
          at _runTest (/Users/vishnugnair/Guru-3/node_modules/jest-circus/build/jestAdapterInit.js:947:3)
          at /Users/vishnugnair/Guru-3/node_modules/jest-circus/build/jestAdapterInit.js:849:7
          at _runTestsForDescribeBlock (/Users/vishnugnair/Guru-3/node_modules/jest-circus/build/jestAdapterInit.js:862:11)
          at _runTestsForDescribeBlock (/Users/vishnugnair/Guru-3/node_modules/jest-circus/build/jestAdapterInit.js:857:11)
          at _runTestsForDescribeBlock (/Users/vishnugnair/Guru-3/node_modules/jest-circus/build/jestAdapterInit.js:857:11)
          at run (/Users/vishnugnair/Guru-3/node_modules/jest-circus/build/jestAdapterInit.js:761:3)
          at runAndTransformResultsToJestFormat (/Users/vishnugnair/Guru-3/node_modules/jest-circus/build/jestAdapterInit.js:1918:21)
          at jestAdapter (/Users/vishnugnair/Guru-3/node_modules/jest-circus/build/runner.js:101:19)

      411 |     } catch (aiError) {
      412 |       if (__DEV__)
    > 413 |         console.warn('[Notifications] AI generation failed, using smart fallbacks:', aiError);
          |                 ^
      414 |
      415 |       // Smart fallbacks: use real user data even without AI
      416 |       const name = profile.displayName;

      at warn (src/services/notificationService.ts:413:17)
          at Generator.throw (<anonymous>)
      at asyncGeneratorStep (node_modules/@babel/runtime/helpers/asyncToGenerator.js:3:17)
      at _throw (node_modules/@babel/runtime/helpers/asyncToGenerator.js:20:9)

PASS src/db/repositories/guruChatRepository.drizzle.unit.test.ts
PASS src/services/lecture/lectureIdentity.unit.test.ts
PASS src/services/lecture/lectureManager.unit.test.ts
PASS src/db/repositories/profileRepository.unit.test.ts
PASS src/services/fsrsService.unit.test.ts
PASS src/services/ai/guruChatModelPreference.unit.test.ts
PASS src/services/ai/v2/fallback.unit.test.ts
PASS src/services/xpService.unit.test.ts
PASS src/services/deviceMemory.unit.test.ts
PASS src/services/appLauncher/storageStartupPrompt.unit.test.ts
PASS src/services/guruChatStudyContext.unit.test.ts
PASS src/services/appLauncher/overlayStartupPrompt.unit.test.ts
PASS src/store/useAppStore.unit.test.ts
PASS src/services/ai/chat/intent.unit.test.ts
PASS src/services/ai/middleware.unit.test.ts
PASS src/utils/saveImageToGallery.unit.test.ts
PASS src/components/notificationService.unit.test.ts
PASS src/services/__tests__/samsungPerf.unit.test.ts
PASS src/services/databaseEvents.unit.test.ts
  ● Console

    console.log
      [DB_EVENT] Notifying: LECTURE_SAVED

      at log (src/services/databaseEvents.ts:19:24)

    console.log
      [DB_EVENT] Notifying: TRANSCRIPT_RECOVERED

      at log (src/services/databaseEvents.ts:19:24)

    console.log
      [DB_EVENT] Notifying: RECORDING_RECOVERED

      at log (src/services/databaseEvents.ts:19:24)

    console.log
      [DB_EVENT] Notifying: PROGRESS_UPDATED

      at log (src/services/databaseEvents.ts:19:24)

    console.log
      [DB_EVENT] Notifying: PROFILE_UPDATED

      at log (src/services/databaseEvents.ts:19:24)

    console.log
      [DB_EVENT] Notifying: ANY_EVENT

      at log (src/services/databaseEvents.ts:19:24)

    console.log
      [DB_EVENT] Notifying: CUSTOM_EVENT

      at log (src/services/databaseEvents.ts:19:24)

PASS src/services/mindMapLayout.unit.test.ts
PASS src/services/cryptoUtils.unit.test.ts
PASS src/config/expoIconConfig.unit.test.ts
  ● Console

    console.log
      [dotenv@17.3.1] injecting env (10) from .env -- tip: 🤖 agentic secret storage: https://dotenvx.com/as2

      at _log (node_modules/dotenv/lib/main.js:139:11)

PASS src/services/appLauncher/overlay.unit.test.ts
PASS src/db/queries/sessionMetrics.unit.test.ts
PASS src/services/offlineQueueState.unit.test.ts
PASS src/services/fsrsHelpers.unit.test.ts
PASS src/screens/guruChatLoadingState.unit.test.ts
PASS src/services/ai/chat/postprocess.unit.test.ts
PASS src/services/lecture/lectureSubjectRequirement.unit.test.ts
PASS src/db/repositories/dailyLogRepository.unit.test.ts
PASS src/services/documentPicker.unit.test.ts
PASS src/navigation/navigationRef.unit.test.ts
PASS src/services/backupShare.unit.test.ts
PASS src/services/examIntelligence.unit.test.ts
PASS src/components/dialogService.unit.test.ts
PASS src/services/ai/gitlab/gitlabDuoGatewayModels.unit.test.ts
PASS src/db/repositories/dailyAgendaRepository.unit.test.ts
PASS src/navigation/tabUiVisibility.unit.test.ts
PASS src/services/ai/google/geminiContents.unit.test.ts
PASS src/services/ai/completionLimits.unit.test.ts
PASS src/navigation/tabNavigatorOptions.unit.test.ts
FAIL src/services/ai/v2/providers/guruFallback.unit.test.ts
  ● Test suite failed to run

    ReferenceError: /Users/vishnugnair/Guru-3/src/services/ai/v2/providers/guruFallback.unit.test.ts: The module factory of `jest.mock()` is not allowed to reference any out-of-scope variables.
    Invalid variable access: makeMockModel
    Allowed objects: AbortController, AbortSignal, AggregateError, Array, ArrayBuffer, Atomics, BigInt, BigInt64Array, BigUint64Array, Blob, Boolean, BroadcastChannel, Buffer, ByteLengthQueuingStrategy, CompressionStream, CountQueuingStrategy, Crypto, CryptoKey, CustomEvent, DOMException, DataView, Date, DecompressionStream, Error, EvalError, Event, EventTarget, File, FinalizationRegistry, Float32Array, Float64Array, FormData, Function, Generator, GeneratorFunction, Headers, Infinity, Int16Array, Int32Array, Int8Array, InternalError, Intl, JSON, Map, Math, MessageChannel, MessageEvent, MessagePort, NaN, Number, Object, Performance, PerformanceEntry, PerformanceMark, PerformanceMeasure, PerformanceObserver, PerformanceObserverEntryList, PerformanceResourceTiming, Promise, Proxy, RangeError, ReadableByteStreamController, ReadableStream, ReadableStreamBYOBReader, ReadableStreamBYOBRequest, ReadableStreamDefaultController, ReadableStreamDefaultReader, ReferenceError, Reflect, RegExp, Request, Response, Set, SharedArrayBuffer, String, SubtleCrypto, Symbol, SyntaxError, TextDecoder, TextDecoderStream, TextEncoder, TextEncoderStream, TransformStream, TransformStreamDefaultController, TypeError, URIError, URL, URLSearchParams, Uint16Array, Uint32Array, Uint8Array, Uint8ClampedArray, WeakMap, WeakRef, WeakSet, WebAssembly, WritableStream, WritableStreamDefaultController, WritableStreamDefaultWriter, __dirname, __filename, arguments, atob, btoa, clearImmediate, clearInterval, clearTimeout, console, crypto, decodeURI, decodeURIComponent, encodeURI, encodeURIComponent, escape, eval, expect, exports, fetch, global, globalThis, isFinite, isNaN, jest, module, parseFloat, parseInt, performance, process, queueMicrotask, require, setImmediate, setInterval, setTimeout, structuredClone, undefined, unescape.
    Note: This is a precaution to guard against uninitialized mock variables. If it is ensured that the mock is required lazily, variable names prefixed with `mock` (case insensitive) are permitted.

      19 |
      20 | jest.mock('./presets', () => ({
    > 21 |   createGroqModel: jest.fn(({ modelId }: { modelId: string }) => makeMockModel('groq', modelId)),
         |                                                                  ^^^^^^^^^^^^^
      22 |   createOpenRouterModel: jest.fn(({ modelId }: { modelId: string }) => ({
      23 |     ...makeMockModel('openrouter', modelId),
      24 |   })),

      at File.buildCodeFrameError (node_modules/@babel/core/src/transformation/file/file.ts:251:12)
      at NodePath.buildError [as buildCodeFrameError] (node_modules/@babel/traverse/src/path/index.ts:161:21)
      at call (node_modules/@babel/traverse/src/visitors.ts:299:14)
      at NodePath.call [as _call] (node_modules/@babel/traverse/src/path/context.ts:36:20)
      at NodePath.call (node_modules/@babel/traverse/src/path/context.ts:21:18)
      at NodePath.call [as visit] (node_modules/@babel/traverse/src/path/context.ts:97:31)
      at TraversalContext.visit [as visitQueue] (node_modules/@babel/traverse/src/context.ts:161:16)
      at TraversalContext.visitQueue [as visitMultiple] (node_modules/@babel/traverse/src/context.ts:109:17)
      at TraversalContext.visitMultiple [as visit] (node_modules/@babel/traverse/src/context.ts:192:19)
      at visit (node_modules/@babel/traverse/src/traverse-node.ts:208:17)
      at NodePath.visit (node_modules/@babel/traverse/src/path/context.ts:104:33)
      at TraversalContext.visit [as visitQueue] (node_modules/@babel/traverse/src/context.ts:161:16)
      at TraversalContext.visitQueue [as visitSingle] (node_modules/@babel/traverse/src/context.ts:119:19)
      at TraversalContext.visitSingle [as visit] (node_modules/@babel/traverse/src/context.ts:194:19)
      at visit (node_modules/@babel/traverse/src/traverse-node.ts:208:17)
      at traverse (node_modules/@babel/traverse/src/index.ts:84:15)
      at transformFile (node_modules/@babel/core/src/transformation/index.ts:120:15)
          at transformFile.next (<anonymous>)
      at transformFile (node_modules/@babel/core/src/transformation/index.ts:50:12)
          at run.next (<anonymous>)
      at transform (node_modules/@babel/core/src/transform.ts:29:20)
          at transform.next (<anonymous>)
      at evaluateSync (node_modules/gensync/index.js:251:28)
      at sync (node_modules/gensync/index.js:89:14)
      at fn (node_modules/@babel/core/src/errors/rewrite-stack-trace.ts:99:14)
      at transformSync (node_modules/@babel/core/src/transform.ts:66:52)

FAIL src/services/lecture/lectureSessionMonitor.unit.test.ts
  ● Test suite failed to run

    ReferenceError: /Users/vishnugnair/Guru-3/src/services/lecture/lectureSessionMonitor.unit.test.ts: The module factory of `jest.mock()` is not allowed to reference any out-of-scope variables.
    Invalid variable access: readLiveTranscriptMock
    Allowed objects: AbortController, AbortSignal, AggregateError, Array, ArrayBuffer, Atomics, BigInt, BigInt64Array, BigUint64Array, Blob, Boolean, BroadcastChannel, Buffer, ByteLengthQueuingStrategy, CompressionStream, CountQueuingStrategy, Crypto, CryptoKey, CustomEvent, DOMException, DataView, Date, DecompressionStream, Error, EvalError, Event, EventTarget, File, FinalizationRegistry, Float32Array, Float64Array, FormData, Function, Generator, GeneratorFunction, Headers, Infinity, Int16Array, Int32Array, Int8Array, InternalError, Intl, JSON, Map, Math, MessageChannel, MessageEvent, MessagePort, NaN, Number, Object, Performance, PerformanceEntry, PerformanceMark, PerformanceMeasure, PerformanceObserver, PerformanceObserverEntryList, PerformanceResourceTiming, Promise, Proxy, RangeError, ReadableByteStreamController, ReadableStream, ReadableStreamBYOBReader, ReadableStreamBYOBRequest, ReadableStreamDefaultController, ReadableStreamDefaultReader, ReferenceError, Reflect, RegExp, Request, Response, Set, SharedArrayBuffer, String, SubtleCrypto, Symbol, SyntaxError, TextDecoder, TextDecoderStream, TextEncoder, TextEncoderStream, TransformStream, TransformStreamDefaultController, TypeError, URIError, URL, URLSearchParams, Uint16Array, Uint32Array, Uint8Array, Uint8ClampedArray, WeakMap, WeakRef, WeakSet, WebAssembly, WritableStream, WritableStreamDefaultController, WritableStreamDefaultWriter, __dirname, __filename, arguments, atob, btoa, clearImmediate, clearInterval, clearTimeout, console, crypto, decodeURI, decodeURIComponent, encodeURI, encodeURIComponent, escape, eval, expect, exports, fetch, global, globalThis, isFinite, isNaN, jest, module, parseFloat, parseInt, performance, process, queueMicrotask, require, setImmediate, setInterval, setTimeout, structuredClone, undefined, unescape.
    Note: This is a precaution to guard against uninitialized mock variables. If it is ensured that the mock is required lazily, variable names prefixed with `mock` (case insensitive) are permitted.

      108 |
      109 | jest.mock('../../../modules/app-launcher', () => ({
    > 110 |   readLiveTranscript: (recordingPath: string) => readLiveTranscriptMock(recordingPath),
          |                                                  ^^^^^^^^^^^^^^^^^^^^^^
      111 |   readLectureInsights: (recordingPath: string) => readLectureInsightsMock(recordingPath),
      112 | }));
      113 |

      at File.buildCodeFrameError (node_modules/@babel/core/src/transformation/file/file.ts:251:12)
      at NodePath.buildError [as buildCodeFrameError] (node_modules/@babel/traverse/src/path/index.ts:161:21)
      at call (node_modules/@babel/traverse/src/visitors.ts:299:14)
      at NodePath.call [as _call] (node_modules/@babel/traverse/src/path/context.ts:36:20)
      at NodePath.call (node_modules/@babel/traverse/src/path/context.ts:21:18)
      at NodePath.call [as visit] (node_modules/@babel/traverse/src/path/context.ts:97:31)
      at TraversalContext.visit [as visitQueue] (node_modules/@babel/traverse/src/context.ts:161:16)
      at TraversalContext.visitQueue [as visitMultiple] (node_modules/@babel/traverse/src/context.ts:109:17)
      at TraversalContext.visitMultiple [as visit] (node_modules/@babel/traverse/src/context.ts:192:19)
      at visit (node_modules/@babel/traverse/src/traverse-node.ts:208:17)
      at NodePath.visit (node_modules/@babel/traverse/src/path/context.ts:104:33)
      at TraversalContext.visit [as visitQueue] (node_modules/@babel/traverse/src/context.ts:161:16)
      at TraversalContext.visitQueue [as visitSingle] (node_modules/@babel/traverse/src/context.ts:119:19)
      at TraversalContext.visitSingle [as visit] (node_modules/@babel/traverse/src/context.ts:194:19)
      at visit (node_modules/@babel/traverse/src/traverse-node.ts:208:17)
      at traverse (node_modules/@babel/traverse/src/index.ts:84:15)
      at transformFile (node_modules/@babel/core/src/transformation/index.ts:120:15)
          at transformFile.next (<anonymous>)
      at transformFile (node_modules/@babel/core/src/transformation/index.ts:50:12)
          at run.next (<anonymous>)
      at transform (node_modules/@babel/core/src/transform.ts:29:20)
          at transform.next (<anonymous>)
      at evaluateSync (node_modules/gensync/index.js:251:28)
      at sync (node_modules/gensync/index.js:89:14)
      at fn (node_modules/@babel/core/src/errors/rewrite-stack-trace.ts:99:14)
      at transformSync (node_modules/@babel/core/src/transform.ts:66:52)

FAIL src/screens/__tests__/ManualNoteCreationScreen.unit.test.tsx
  ● Test suite failed to run

    ReferenceError: /Users/vishnugnair/Guru-3/src/screens/__tests__/ManualNoteCreationScreen.unit.test.tsx: The module factory of `jest.mock()` is not allowed to reference any out-of-scope variables.
    Invalid variable access: View
    Allowed objects: AbortController, AbortSignal, AggregateError, Array, ArrayBuffer, Atomics, BigInt, BigInt64Array, BigUint64Array, Blob, Boolean, BroadcastChannel, Buffer, ByteLengthQueuingStrategy, CompressionStream, CountQueuingStrategy, Crypto, CryptoKey, CustomEvent, DOMException, DataView, Date, DecompressionStream, Error, EvalError, Event, EventTarget, File, FinalizationRegistry, Float32Array, Float64Array, FormData, Function, Generator, GeneratorFunction, Headers, Infinity, Int16Array, Int32Array, Int8Array, InternalError, Intl, JSON, Map, Math, MessageChannel, MessageEvent, MessagePort, NaN, Number, Object, Performance, PerformanceEntry, PerformanceMark, PerformanceMeasure, PerformanceObserver, PerformanceObserverEntryList, PerformanceResourceTiming, Promise, Proxy, RangeError, ReadableByteStreamController, ReadableStream, ReadableStreamBYOBReader, ReadableStreamBYOBRequest, ReadableStreamDefaultController, ReadableStreamDefaultReader, ReferenceError, Reflect, RegExp, Request, Response, Set, SharedArrayBuffer, String, SubtleCrypto, Symbol, SyntaxError, TextDecoder, TextDecoderStream, TextEncoder, TextEncoderStream, TransformStream, TransformStreamDefaultController, TypeError, URIError, URL, URLSearchParams, Uint16Array, Uint32Array, Uint8Array, Uint8ClampedArray, WeakMap, WeakRef, WeakSet, WebAssembly, WritableStream, WritableStreamDefaultController, WritableStreamDefaultWriter, __dirname, __filename, arguments, atob, btoa, clearImmediate, clearInterval, clearTimeout, console, crypto, decodeURI, decodeURIComponent, encodeURI, encodeURIComponent, escape, eval, expect, exports, fetch, global, globalThis, isFinite, isNaN, jest, module, parseFloat, parseInt, performance, process, queueMicrotask, require, setImmediate, setInterval, setTimeout, structuredClone, undefined, unescape.
    Note: This is a precaution to guard against uninitialized mock variables. If it is ensured that the mock is required lazily, variable names prefixed with `mock` (case insensitive) are permitted.

      28 |   __esModule: true,
      29 |   default: ({ onSelectSubject }: { onSelectSubject: (subject: string) => void }) => (
    > 30 |     <View>
         |      ^^^^
      31 |       <Text>Subject required</Text>
      32 |       <Text>Choose the lecture subject before saving so topics get filed correctly.</Text>
      33 |       <Text>Detected: Unknown</Text>

      at File.buildCodeFrameError (node_modules/@babel/core/src/transformation/file/file.ts:251:12)
      at NodePath.buildError [as buildCodeFrameError] (node_modules/@babel/traverse/src/path/index.ts:161:21)
      at call (node_modules/@babel/traverse/src/visitors.ts:299:14)
      at NodePath.call [as _call] (node_modules/@babel/traverse/src/path/context.ts:36:20)
      at NodePath.call (node_modules/@babel/traverse/src/path/context.ts:21:18)
      at NodePath.call [as visit] (node_modules/@babel/traverse/src/path/context.ts:97:31)
      at TraversalContext.visit [as visitQueue] (node_modules/@babel/traverse/src/context.ts:161:16)
      at TraversalContext.visitQueue [as visitMultiple] (node_modules/@babel/traverse/src/context.ts:109:17)
      at TraversalContext.visitMultiple [as visit] (node_modules/@babel/traverse/src/context.ts:192:19)
      at visit (node_modules/@babel/traverse/src/traverse-node.ts:208:17)
      at NodePath.visit (node_modules/@babel/traverse/src/path/context.ts:104:33)
      at TraversalContext.visit [as visitQueue] (node_modules/@babel/traverse/src/context.ts:161:16)
      at TraversalContext.visitQueue [as visitSingle] (node_modules/@babel/traverse/src/context.ts:119:19)
      at TraversalContext.visitSingle [as visit] (node_modules/@babel/traverse/src/context.ts:194:19)
      at visit (node_modules/@babel/traverse/src/traverse-node.ts:208:17)
      at traverse (node_modules/@babel/traverse/src/index.ts:84:15)
      at transformFile (node_modules/@babel/core/src/transformation/index.ts:120:15)
          at transformFile.next (<anonymous>)
      at transformFile (node_modules/@babel/core/src/transformation/index.ts:50:12)
          at run.next (<anonymous>)
      at transform (node_modules/@babel/core/src/transform.ts:29:20)
          at transform.next (<anonymous>)
      at evaluateSync (node_modules/gensync/index.js:251:28)
      at sync (node_modules/gensync/index.js:89:14)
      at fn (node_modules/@babel/core/src/errors/rewrite-stack-trace.ts:99:14)
      at transformSync (node_modules/@babel/core/src/transform.ts:66:52)

FAIL src/components/home/QuickStatsCard.unit.test.tsx
  ● Test suite failed to run

    ReferenceError: /Users/vishnugnair/Guru-3/src/components/home/QuickStatsCard.unit.test.tsx: The module factory of `jest.mock()` is not allowed to reference any out-of-scope variables.
    Invalid variable access: _ReactNativeCSSInterop
    Allowed objects: AbortController, AbortSignal, AggregateError, Array, ArrayBuffer, Atomics, BigInt, BigInt64Array, BigUint64Array, Blob, Boolean, BroadcastChannel, Buffer, ByteLengthQueuingStrategy, CompressionStream, CountQueuingStrategy, Crypto, CryptoKey, CustomEvent, DOMException, DataView, Date, DecompressionStream, Error, EvalError, Event, EventTarget, File, FinalizationRegistry, Float32Array, Float64Array, FormData, Function, Generator, GeneratorFunction, Headers, Infinity, Int16Array, Int32Array, Int8Array, InternalError, Intl, JSON, Map, Math, MessageChannel, MessageEvent, MessagePort, NaN, Number, Object, Performance, PerformanceEntry, PerformanceMark, PerformanceMeasure, PerformanceObserver, PerformanceObserverEntryList, PerformanceResourceTiming, Promise, Proxy, RangeError, ReadableByteStreamController, ReadableStream, ReadableStreamBYOBReader, ReadableStreamBYOBRequest, ReadableStreamDefaultController, ReadableStreamDefaultReader, ReferenceError, Reflect, RegExp, Request, Response, Set, SharedArrayBuffer, String, SubtleCrypto, Symbol, SyntaxError, TextDecoder, TextDecoderStream, TextEncoder, TextEncoderStream, TransformStream, TransformStreamDefaultController, TypeError, URIError, URL, URLSearchParams, Uint16Array, Uint32Array, Uint8Array, Uint8ClampedArray, WeakMap, WeakRef, WeakSet, WebAssembly, WritableStream, WritableStreamDefaultController, WritableStreamDefaultWriter, __dirname, __filename, arguments, atob, btoa, clearImmediate, clearInterval, clearTimeout, console, crypto, decodeURI, decodeURIComponent, encodeURI, encodeURIComponent, escape, eval, expect, exports, fetch, global, globalThis, isFinite, isNaN, jest, module, parseFloat, parseInt, performance, process, queueMicrotask, require, setImmediate, setInterval, setTimeout, structuredClone, undefined, unescape.
    Note: This is a precaution to guard against uninitialized mock variables. If it is ensured that the mock is required lazily, variable names prefixed with `mock` (case insensitive) are permitted.
     (This is an error on an internal node. Probably an internal error.)

      at File.buildCodeFrameError (node_modules/@babel/core/src/transformation/file/file.ts:251:12)
      at NodePath.buildError [as buildCodeFrameError] (node_modules/@babel/traverse/src/path/index.ts:161:21)
      at call (node_modules/@babel/traverse/src/visitors.ts:299:14)
      at NodePath.call [as _call] (node_modules/@babel/traverse/src/path/context.ts:36:20)
      at NodePath.call (node_modules/@babel/traverse/src/path/context.ts:21:18)
      at NodePath.call [as visit] (node_modules/@babel/traverse/src/path/context.ts:97:31)
      at TraversalContext.visit [as visitQueue] (node_modules/@babel/traverse/src/context.ts:161:16)
      at TraversalContext.visitQueue [as visitMultiple] (node_modules/@babel/traverse/src/context.ts:109:17)
      at TraversalContext.visitMultiple [as visit] (node_modules/@babel/traverse/src/context.ts:192:19)
      at visit (node_modules/@babel/traverse/src/traverse-node.ts:208:17)
      at NodePath.visit (node_modules/@babel/traverse/src/path/context.ts:104:33)
      at TraversalContext.visit [as visitQueue] (node_modules/@babel/traverse/src/context.ts:161:16)
      at TraversalContext.visitQueue [as visitSingle] (node_modules/@babel/traverse/src/context.ts:119:19)
      at TraversalContext.visitSingle [as visit] (node_modules/@babel/traverse/src/context.ts:194:19)
      at visit (node_modules/@babel/traverse/src/traverse-node.ts:208:17)
      at traverse (node_modules/@babel/traverse/src/index.ts:84:15)
      at transformFile (node_modules/@babel/core/src/transformation/index.ts:120:15)
          at transformFile.next (<anonymous>)
      at transformFile (node_modules/@babel/core/src/transformation/index.ts:50:12)
          at run.next (<anonymous>)
      at transform (node_modules/@babel/core/src/transform.ts:29:20)
          at transform.next (<anonymous>)
      at evaluateSync (node_modules/gensync/index.js:251:28)
      at sync (node_modules/gensync/index.js:89:14)
      at fn (node_modules/@babel/core/src/errors/rewrite-stack-trace.ts:99:14)
      at transformSync (node_modules/@babel/core/src/transform.ts:66:52)

FAIL src/services/transcriptionService.unit.test.ts
  ● Test suite failed to run

    ReferenceError: /Users/vishnugnair/Guru-3/src/services/transcriptionService.unit.test.ts: The module factory of `jest.mock()` is not allowed to reference any out-of-scope variables.
    Invalid variable access: getProfileMock
    Allowed objects: AbortController, AbortSignal, AggregateError, Array, ArrayBuffer, Atomics, BigInt, BigInt64Array, BigUint64Array, Blob, Boolean, BroadcastChannel, Buffer, ByteLengthQueuingStrategy, CompressionStream, CountQueuingStrategy, Crypto, CryptoKey, CustomEvent, DOMException, DataView, Date, DecompressionStream, Error, EvalError, Event, EventTarget, File, FinalizationRegistry, Float32Array, Float64Array, FormData, Function, Generator, GeneratorFunction, Headers, Infinity, Int16Array, Int32Array, Int8Array, InternalError, Intl, JSON, Map, Math, MessageChannel, MessageEvent, MessagePort, NaN, Number, Object, Performance, PerformanceEntry, PerformanceMark, PerformanceMeasure, PerformanceObserver, PerformanceObserverEntryList, PerformanceResourceTiming, Promise, Proxy, RangeError, ReadableByteStreamController, ReadableStream, ReadableStreamBYOBReader, ReadableStreamBYOBRequest, ReadableStreamDefaultController, ReadableStreamDefaultReader, ReferenceError, Reflect, RegExp, Request, Response, Set, SharedArrayBuffer, String, SubtleCrypto, Symbol, SyntaxError, TextDecoder, TextDecoderStream, TextEncoder, TextEncoderStream, TransformStream, TransformStreamDefaultController, TypeError, URIError, URL, URLSearchParams, Uint16Array, Uint32Array, Uint8Array, Uint8ClampedArray, WeakMap, WeakRef, WeakSet, WebAssembly, WritableStream, WritableStreamDefaultController, WritableStreamDefaultWriter, __dirname, __filename, arguments, atob, btoa, clearImmediate, clearInterval, clearTimeout, console, crypto, decodeURI, decodeURIComponent, encodeURI, encodeURIComponent, escape, eval, expect, exports, fetch, global, globalThis, isFinite, isNaN, jest, module, parseFloat, parseInt, performance, process, queueMicrotask, require, setImmediate, setInterval, setTimeout, structuredClone, undefined, unescape.
    Note: This is a precaution to guard against uninitialized mock variables. If it is ensured that the mock is required lazily, variable names prefixed with `mock` (case insensitive) are permitted.

      11 | jest.mock('../db/repositories', () => ({
      12 |   profileRepository: {
    > 13 |     getProfile: () => getProfileMock(),
         |                       ^^^^^^^^^^^^^^
      14 |   },
      15 | }));
      16 |

      at File.buildCodeFrameError (node_modules/@babel/core/src/transformation/file/file.ts:251:12)
      at NodePath.buildError [as buildCodeFrameError] (node_modules/@babel/traverse/src/path/index.ts:161:21)
      at call (node_modules/@babel/traverse/src/visitors.ts:299:14)
      at NodePath.call [as _call] (node_modules/@babel/traverse/src/path/context.ts:36:20)
      at NodePath.call (node_modules/@babel/traverse/src/path/context.ts:21:18)
      at NodePath.call [as visit] (node_modules/@babel/traverse/src/path/context.ts:97:31)
      at TraversalContext.visit [as visitQueue] (node_modules/@babel/traverse/src/context.ts:161:16)
      at TraversalContext.visitQueue [as visitMultiple] (node_modules/@babel/traverse/src/context.ts:109:17)
      at TraversalContext.visitMultiple [as visit] (node_modules/@babel/traverse/src/context.ts:192:19)
      at visit (node_modules/@babel/traverse/src/traverse-node.ts:208:17)
      at NodePath.visit (node_modules/@babel/traverse/src/path/context.ts:104:33)
      at TraversalContext.visit [as visitQueue] (node_modules/@babel/traverse/src/context.ts:161:16)
      at TraversalContext.visitQueue [as visitSingle] (node_modules/@babel/traverse/src/context.ts:119:19)
      at TraversalContext.visitSingle [as visit] (node_modules/@babel/traverse/src/context.ts:194:19)
      at visit (node_modules/@babel/traverse/src/traverse-node.ts:208:17)
      at traverse (node_modules/@babel/traverse/src/index.ts:84:15)
      at transformFile (node_modules/@babel/core/src/transformation/index.ts:120:15)
          at transformFile.next (<anonymous>)
      at transformFile (node_modules/@babel/core/src/transformation/index.ts:50:12)
          at run.next (<anonymous>)
      at transform (node_modules/@babel/core/src/transform.ts:29:20)
          at transform.next (<anonymous>)
      at evaluateSync (node_modules/gensync/index.js:251:28)
      at sync (node_modules/gensync/index.js:89:14)
      at fn (node_modules/@babel/core/src/errors/rewrite-stack-trace.ts:99:14)
      at transformSync (node_modules/@babel/core/src/transform.ts:66:52)

FAIL src/services/studyImageService.unit.test.ts
  ● Test suite failed to run

    ReferenceError: /Users/vishnugnair/Guru-3/src/services/studyImageService.unit.test.ts: The module factory of `jest.mock()` is not allowed to reference any out-of-scope variables.
    Invalid variable access: getProfileMock
    Allowed objects: AbortController, AbortSignal, AggregateError, Array, ArrayBuffer, Atomics, BigInt, BigInt64Array, BigUint64Array, Blob, Boolean, BroadcastChannel, Buffer, ByteLengthQueuingStrategy, CompressionStream, CountQueuingStrategy, Crypto, CryptoKey, CustomEvent, DOMException, DataView, Date, DecompressionStream, Error, EvalError, Event, EventTarget, File, FinalizationRegistry, Float32Array, Float64Array, FormData, Function, Generator, GeneratorFunction, Headers, Infinity, Int16Array, Int32Array, Int8Array, InternalError, Intl, JSON, Map, Math, MessageChannel, MessageEvent, MessagePort, NaN, Number, Object, Performance, PerformanceEntry, PerformanceMark, PerformanceMeasure, PerformanceObserver, PerformanceObserverEntryList, PerformanceResourceTiming, Promise, Proxy, RangeError, ReadableByteStreamController, ReadableStream, ReadableStreamBYOBReader, ReadableStreamBYOBRequest, ReadableStreamDefaultController, ReadableStreamDefaultReader, ReferenceError, Reflect, RegExp, Request, Response, Set, SharedArrayBuffer, String, SubtleCrypto, Symbol, SyntaxError, TextDecoder, TextDecoderStream, TextEncoder, TextEncoderStream, TransformStream, TransformStreamDefaultController, TypeError, URIError, URL, URLSearchParams, Uint16Array, Uint32Array, Uint8Array, Uint8ClampedArray, WeakMap, WeakRef, WeakSet, WebAssembly, WritableStream, WritableStreamDefaultController, WritableStreamDefaultWriter, __dirname, __filename, arguments, atob, btoa, clearImmediate, clearInterval, clearTimeout, console, crypto, decodeURI, decodeURIComponent, encodeURI, encodeURIComponent, escape, eval, expect, exports, fetch, global, globalThis, isFinite, isNaN, jest, module, parseFloat, parseInt, performance, process, queueMicrotask, require, setImmediate, setInterval, setTimeout, structuredClone, undefined, unescape.
    Note: This is a precaution to guard against uninitialized mock variables. If it is ensured that the mock is required lazily, variable names prefixed with `mock` (case insensitive) are permitted.

       7 | jest.mock('../db/repositories', () => ({
       8 |   profileRepository: {
    >  9 |     getProfile: () => getProfileMock(),
         |                       ^^^^^^^^^^^^^^
      10 |   },
      11 | }));
      12 |

      at File.buildCodeFrameError (node_modules/@babel/core/src/transformation/file/file.ts:251:12)
      at NodePath.buildError [as buildCodeFrameError] (node_modules/@babel/traverse/src/path/index.ts:161:21)
      at call (node_modules/@babel/traverse/src/visitors.ts:299:14)
      at NodePath.call [as _call] (node_modules/@babel/traverse/src/path/context.ts:36:20)
      at NodePath.call (node_modules/@babel/traverse/src/path/context.ts:21:18)
      at NodePath.call [as visit] (node_modules/@babel/traverse/src/path/context.ts:97:31)
      at TraversalContext.visit [as visitQueue] (node_modules/@babel/traverse/src/context.ts:161:16)
      at TraversalContext.visitQueue [as visitMultiple] (node_modules/@babel/traverse/src/context.ts:109:17)
      at TraversalContext.visitMultiple [as visit] (node_modules/@babel/traverse/src/context.ts:192:19)
      at visit (node_modules/@babel/traverse/src/traverse-node.ts:208:17)
      at NodePath.visit (node_modules/@babel/traverse/src/path/context.ts:104:33)
      at TraversalContext.visit [as visitQueue] (node_modules/@babel/traverse/src/context.ts:161:16)
      at TraversalContext.visitQueue [as visitSingle] (node_modules/@babel/traverse/src/context.ts:119:19)
      at TraversalContext.visitSingle [as visit] (node_modules/@babel/traverse/src/context.ts:194:19)
      at visit (node_modules/@babel/traverse/src/traverse-node.ts:208:17)
      at traverse (node_modules/@babel/traverse/src/index.ts:84:15)
      at transformFile (node_modules/@babel/core/src/transformation/index.ts:120:15)
          at transformFile.next (<anonymous>)
      at transformFile (node_modules/@babel/core/src/transformation/index.ts:50:12)
          at run.next (<anonymous>)
      at transform (node_modules/@babel/core/src/transform.ts:29:20)
          at transform.next (<anonymous>)
      at evaluateSync (node_modules/gensync/index.js:251:28)
      at sync (node_modules/gensync/index.js:89:14)
      at fn (node_modules/@babel/core/src/errors/rewrite-stack-trace.ts:99:14)
      at transformSync (node_modules/@babel/core/src/transform.ts:66:52)

FAIL src/services/appLauncherModuleCompat.unit.test.ts
  ● Test suite failed to run

    ReferenceError: /Users/vishnugnair/Guru-3/src/services/appLauncherModuleCompat.unit.test.ts: The module factory of `jest.mock()` is not allowed to reference any out-of-scope variables.
    Invalid variable access: requireNativeModuleMock
    Allowed objects: AbortController, AbortSignal, AggregateError, Array, ArrayBuffer, Atomics, BigInt, BigInt64Array, BigUint64Array, Blob, Boolean, BroadcastChannel, Buffer, ByteLengthQueuingStrategy, CompressionStream, CountQueuingStrategy, Crypto, CryptoKey, CustomEvent, DOMException, DataView, Date, DecompressionStream, Error, EvalError, Event, EventTarget, File, FinalizationRegistry, Float32Array, Float64Array, FormData, Function, Generator, GeneratorFunction, Headers, Infinity, Int16Array, Int32Array, Int8Array, InternalError, Intl, JSON, Map, Math, MessageChannel, MessageEvent, MessagePort, NaN, Number, Object, Performance, PerformanceEntry, PerformanceMark, PerformanceMeasure, PerformanceObserver, PerformanceObserverEntryList, PerformanceResourceTiming, Promise, Proxy, RangeError, ReadableByteStreamController, ReadableStream, ReadableStreamBYOBReader, ReadableStreamBYOBRequest, ReadableStreamDefaultController, ReadableStreamDefaultReader, ReferenceError, Reflect, RegExp, Request, Response, Set, SharedArrayBuffer, String, SubtleCrypto, Symbol, SyntaxError, TextDecoder, TextDecoderStream, TextEncoder, TextEncoderStream, TransformStream, TransformStreamDefaultController, TypeError, URIError, URL, URLSearchParams, Uint16Array, Uint32Array, Uint8Array, Uint8ClampedArray, WeakMap, WeakRef, WeakSet, WebAssembly, WritableStream, WritableStreamDefaultController, WritableStreamDefaultWriter, __dirname, __filename, arguments, atob, btoa, clearImmediate, clearInterval, clearTimeout, console, crypto, decodeURI, decodeURIComponent, encodeURI, encodeURIComponent, escape, eval, expect, exports, fetch, global, globalThis, isFinite, isNaN, jest, module, parseFloat, parseInt, performance, process, queueMicrotask, require, setImmediate, setInterval, setTimeout, structuredClone, undefined, unescape.
    Note: This is a precaution to guard against uninitialized mock variables. If it is ensured that the mock is required lazily, variable names prefixed with `mock` (case insensitive) are permitted.

      2 |
      3 | jest.mock('expo-modules-core', () => ({
    > 4 |   requireNativeModule: (...args: unknown[]) => requireNativeModuleMock(...args),
        |                                                ^^^^^^^^^^^^^^^^^^^^^^^
      5 | }));
      6 |
      7 | describe('app launcher module compatibility', () => {

      at File.buildCodeFrameError (node_modules/@babel/core/src/transformation/file/file.ts:251:12)
      at NodePath.buildError [as buildCodeFrameError] (node_modules/@babel/traverse/src/path/index.ts:161:21)
      at call (node_modules/@babel/traverse/src/visitors.ts:299:14)
      at NodePath.call [as _call] (node_modules/@babel/traverse/src/path/context.ts:36:20)
      at NodePath.call (node_modules/@babel/traverse/src/path/context.ts:21:18)
      at NodePath.call [as visit] (node_modules/@babel/traverse/src/path/context.ts:97:31)
      at TraversalContext.visit [as visitQueue] (node_modules/@babel/traverse/src/context.ts:161:16)
      at TraversalContext.visitQueue [as visitMultiple] (node_modules/@babel/traverse/src/context.ts:109:17)
      at TraversalContext.visitMultiple [as visit] (node_modules/@babel/traverse/src/context.ts:192:19)
      at visit (node_modules/@babel/traverse/src/traverse-node.ts:208:17)
      at NodePath.visit (node_modules/@babel/traverse/src/path/context.ts:104:33)
      at TraversalContext.visit [as visitQueue] (node_modules/@babel/traverse/src/context.ts:161:16)
      at TraversalContext.visitQueue [as visitSingle] (node_modules/@babel/traverse/src/context.ts:119:19)
      at TraversalContext.visitSingle [as visit] (node_modules/@babel/traverse/src/context.ts:194:19)
      at visit (node_modules/@babel/traverse/src/traverse-node.ts:208:17)
      at traverse (node_modules/@babel/traverse/src/index.ts:84:15)
      at transformFile (node_modules/@babel/core/src/transformation/index.ts:120:15)
          at transformFile.next (<anonymous>)
      at transformFile (node_modules/@babel/core/src/transformation/index.ts:50:12)
          at run.next (<anonymous>)
      at transform (node_modules/@babel/core/src/transform.ts:29:20)
          at transform.next (<anonymous>)
      at evaluateSync (node_modules/gensync/index.js:251:28)
      at sync (node_modules/gensync/index.js:89:14)
      at fn (node_modules/@babel/core/src/errors/rewrite-stack-trace.ts:99:14)
      at transformSync (node_modules/@babel/core/src/transform.ts:66:52)

FAIL src/screens/SyllabusScreen.unit.test.tsx
  ● Test suite failed to run

    ReferenceError: /Users/vishnugnair/Guru-3/src/screens/SyllabusScreen.unit.test.tsx: The module factory of `jest.mock()` is not allowed to reference any out-of-scope variables.
    Invalid variable access: _ReactNativeCSSInterop
    Allowed objects: AbortController, AbortSignal, AggregateError, Array, ArrayBuffer, Atomics, BigInt, BigInt64Array, BigUint64Array, Blob, Boolean, BroadcastChannel, Buffer, ByteLengthQueuingStrategy, CompressionStream, CountQueuingStrategy, Crypto, CryptoKey, CustomEvent, DOMException, DataView, Date, DecompressionStream, Error, EvalError, Event, EventTarget, File, FinalizationRegistry, Float32Array, Float64Array, FormData, Function, Generator, GeneratorFunction, Headers, Infinity, Int16Array, Int32Array, Int8Array, InternalError, Intl, JSON, Map, Math, MessageChannel, MessageEvent, MessagePort, NaN, Number, Object, Performance, PerformanceEntry, PerformanceMark, PerformanceMeasure, PerformanceObserver, PerformanceObserverEntryList, PerformanceResourceTiming, Promise, Proxy, RangeError, ReadableByteStreamController, ReadableStream, ReadableStreamBYOBReader, ReadableStreamBYOBRequest, ReadableStreamDefaultController, ReadableStreamDefaultReader, ReferenceError, Reflect, RegExp, Request, Response, Set, SharedArrayBuffer, String, SubtleCrypto, Symbol, SyntaxError, TextDecoder, TextDecoderStream, TextEncoder, TextEncoderStream, TransformStream, TransformStreamDefaultController, TypeError, URIError, URL, URLSearchParams, Uint16Array, Uint32Array, Uint8Array, Uint8ClampedArray, WeakMap, WeakRef, WeakSet, WebAssembly, WritableStream, WritableStreamDefaultController, WritableStreamDefaultWriter, __dirname, __filename, arguments, atob, btoa, clearImmediate, clearInterval, clearTimeout, console, crypto, decodeURI, decodeURIComponent, encodeURI, encodeURIComponent, escape, eval, expect, exports, fetch, global, globalThis, isFinite, isNaN, jest, module, parseFloat, parseInt, performance, process, queueMicrotask, require, setImmediate, setInterval, setTimeout, structuredClone, undefined, unescape.
    Note: This is a precaution to guard against uninitialized mock variables. If it is ensured that the mock is required lazily, variable names prefixed with `mock` (case insensitive) are permitted.
     (This is an error on an internal node. Probably an internal error.)

      at File.buildCodeFrameError (node_modules/@babel/core/src/transformation/file/file.ts:251:12)
      at NodePath.buildError [as buildCodeFrameError] (node_modules/@babel/traverse/src/path/index.ts:161:21)
      at call (node_modules/@babel/traverse/src/visitors.ts:299:14)
      at NodePath.call [as _call] (node_modules/@babel/traverse/src/path/context.ts:36:20)
      at NodePath.call (node_modules/@babel/traverse/src/path/context.ts:21:18)
      at NodePath.call [as visit] (node_modules/@babel/traverse/src/path/context.ts:97:31)
      at TraversalContext.visit [as visitQueue] (node_modules/@babel/traverse/src/context.ts:161:16)
      at TraversalContext.visitQueue [as visitMultiple] (node_modules/@babel/traverse/src/context.ts:109:17)
      at TraversalContext.visitMultiple [as visit] (node_modules/@babel/traverse/src/context.ts:192:19)
      at visit (node_modules/@babel/traverse/src/traverse-node.ts:208:17)
      at NodePath.visit (node_modules/@babel/traverse/src/path/context.ts:104:33)
      at TraversalContext.visit [as visitQueue] (node_modules/@babel/traverse/src/context.ts:161:16)
      at TraversalContext.visitQueue [as visitSingle] (node_modules/@babel/traverse/src/context.ts:119:19)
      at TraversalContext.visitSingle [as visit] (node_modules/@babel/traverse/src/context.ts:194:19)
      at visit (node_modules/@babel/traverse/src/traverse-node.ts:208:17)
      at traverse (node_modules/@babel/traverse/src/index.ts:84:15)
      at transformFile (node_modules/@babel/core/src/transformation/index.ts:120:15)
          at transformFile.next (<anonymous>)
      at transformFile (node_modules/@babel/core/src/transformation/index.ts:50:12)
          at run.next (<anonymous>)
      at transform (node_modules/@babel/core/src/transform.ts:29:20)
          at transform.next (<anonymous>)
      at evaluateSync (node_modules/gensync/index.js:251:28)
      at sync (node_modules/gensync/index.js:89:14)
      at fn (node_modules/@babel/core/src/errors/rewrite-stack-trace.ts:99:14)
      at transformSync (node_modules/@babel/core/src/transform.ts:66:52)

FAIL src/screens/GuruChatScreen.unit.test.tsx
  ● Test suite failed to run

    ReferenceError: /Users/vishnugnair/Guru-3/src/screens/GuruChatScreen.unit.test.tsx: The module factory of `jest.mock()` is not allowed to reference any out-of-scope variables.
    Invalid variable access: React
    Allowed objects: AbortController, AbortSignal, AggregateError, Array, ArrayBuffer, Atomics, BigInt, BigInt64Array, BigUint64Array, Blob, Boolean, BroadcastChannel, Buffer, ByteLengthQueuingStrategy, CompressionStream, CountQueuingStrategy, Crypto, CryptoKey, CustomEvent, DOMException, DataView, Date, DecompressionStream, Error, EvalError, Event, EventTarget, File, FinalizationRegistry, Float32Array, Float64Array, FormData, Function, Generator, GeneratorFunction, Headers, Infinity, Int16Array, Int32Array, Int8Array, InternalError, Intl, JSON, Map, Math, MessageChannel, MessageEvent, MessagePort, NaN, Number, Object, Performance, PerformanceEntry, PerformanceMark, PerformanceMeasure, PerformanceObserver, PerformanceObserverEntryList, PerformanceResourceTiming, Promise, Proxy, RangeError, ReadableByteStreamController, ReadableStream, ReadableStreamBYOBReader, ReadableStreamBYOBRequest, ReadableStreamDefaultController, ReadableStreamDefaultReader, ReferenceError, Reflect, RegExp, Request, Response, Set, SharedArrayBuffer, String, SubtleCrypto, Symbol, SyntaxError, TextDecoder, TextDecoderStream, TextEncoder, TextEncoderStream, TransformStream, TransformStreamDefaultController, TypeError, URIError, URL, URLSearchParams, Uint16Array, Uint32Array, Uint8Array, Uint8ClampedArray, WeakMap, WeakRef, WeakSet, WebAssembly, WritableStream, WritableStreamDefaultController, WritableStreamDefaultWriter, __dirname, __filename, arguments, atob, btoa, clearImmediate, clearInterval, clearTimeout, console, crypto, decodeURI, decodeURIComponent, encodeURI, encodeURIComponent, escape, eval, expect, exports, fetch, global, globalThis, isFinite, isNaN, jest, module, parseFloat, parseInt, performance, process, queueMicrotask, require, setImmediate, setInterval, setTimeout, structuredClone, undefined, unescape.
    Note: This is a precaution to guard against uninitialized mock variables. If it is ensured that the mock is required lazily, variable names prefixed with `mock` (case insensitive) are permitted.

      111 |     isEntryComplete?: () => void;
      112 |   }) => {
    > 113 |     React.useEffect(() => {
          |     ^^^^^
      114 |       isEntryComplete?.();
      115 |     }, [isEntryComplete]);
      116 |     return <ReactNative.View>{children}</ReactNative.View>;

      at File.buildCodeFrameError (node_modules/@babel/core/src/transformation/file/file.ts:251:12)
      at NodePath.buildError [as buildCodeFrameError] (node_modules/@babel/traverse/src/path/index.ts:161:21)
      at call (node_modules/@babel/traverse/src/visitors.ts:299:14)
      at NodePath.call [as _call] (node_modules/@babel/traverse/src/path/context.ts:36:20)
      at NodePath.call (node_modules/@babel/traverse/src/path/context.ts:21:18)
      at NodePath.call [as visit] (node_modules/@babel/traverse/src/path/context.ts:97:31)
      at TraversalContext.visit [as visitQueue] (node_modules/@babel/traverse/src/context.ts:161:16)
      at TraversalContext.visitQueue [as visitMultiple] (node_modules/@babel/traverse/src/context.ts:109:17)
      at TraversalContext.visitMultiple [as visit] (node_modules/@babel/traverse/src/context.ts:192:19)
      at visit (node_modules/@babel/traverse/src/traverse-node.ts:208:17)
      at NodePath.visit (node_modules/@babel/traverse/src/path/context.ts:104:33)
      at TraversalContext.visit [as visitQueue] (node_modules/@babel/traverse/src/context.ts:161:16)
      at TraversalContext.visitQueue [as visitSingle] (node_modules/@babel/traverse/src/context.ts:119:19)
      at TraversalContext.visitSingle [as visit] (node_modules/@babel/traverse/src/context.ts:194:19)
      at visit (node_modules/@babel/traverse/src/traverse-node.ts:208:17)
      at traverse (node_modules/@babel/traverse/src/index.ts:84:15)
      at transformFile (node_modules/@babel/core/src/transformation/index.ts:120:15)
          at transformFile.next (<anonymous>)
      at transformFile (node_modules/@babel/core/src/transformation/index.ts:50:12)
          at run.next (<anonymous>)
      at transform (node_modules/@babel/core/src/transform.ts:29:20)
          at transform.next (<anonymous>)
      at evaluateSync (node_modules/gensync/index.js:251:28)
      at sync (node_modules/gensync/index.js:89:14)
      at fn (node_modules/@babel/core/src/errors/rewrite-stack-trace.ts:99:14)
      at transformSync (node_modules/@babel/core/src/transform.ts:66:52)

FAIL src/navigation/TabNavigator.unit.test.tsx
  ● Test suite failed to run

    ReferenceError: /Users/vishnugnair/Guru-3/src/navigation/TabNavigator.unit.test.tsx: The module factory of `jest.mock()` is not allowed to reference any out-of-scope variables.
    Invalid variable access: _ReactNativeCSSInterop
    Allowed objects: AbortController, AbortSignal, AggregateError, Array, ArrayBuffer, Atomics, BigInt, BigInt64Array, BigUint64Array, Blob, Boolean, BroadcastChannel, Buffer, ByteLengthQueuingStrategy, CompressionStream, CountQueuingStrategy, Crypto, CryptoKey, CustomEvent, DOMException, DataView, Date, DecompressionStream, Error, EvalError, Event, EventTarget, File, FinalizationRegistry, Float32Array, Float64Array, FormData, Function, Generator, GeneratorFunction, Headers, Infinity, Int16Array, Int32Array, Int8Array, InternalError, Intl, JSON, Map, Math, MessageChannel, MessageEvent, MessagePort, NaN, Number, Object, Performance, PerformanceEntry, PerformanceMark, PerformanceMeasure, PerformanceObserver, PerformanceObserverEntryList, PerformanceResourceTiming, Promise, Proxy, RangeError, ReadableByteStreamController, ReadableStream, ReadableStreamBYOBReader, ReadableStreamBYOBRequest, ReadableStreamDefaultController, ReadableStreamDefaultReader, ReferenceError, Reflect, RegExp, Request, Response, Set, SharedArrayBuffer, String, SubtleCrypto, Symbol, SyntaxError, TextDecoder, TextDecoderStream, TextEncoder, TextEncoderStream, TransformStream, TransformStreamDefaultController, TypeError, URIError, URL, URLSearchParams, Uint16Array, Uint32Array, Uint8Array, Uint8ClampedArray, WeakMap, WeakRef, WeakSet, WebAssembly, WritableStream, WritableStreamDefaultController, WritableStreamDefaultWriter, __dirname, __filename, arguments, atob, btoa, clearImmediate, clearInterval, clearTimeout, console, crypto, decodeURI, decodeURIComponent, encodeURI, encodeURIComponent, escape, eval, expect, exports, fetch, global, globalThis, isFinite, isNaN, jest, module, parseFloat, parseInt, performance, process, queueMicrotask, require, setImmediate, setInterval, setTimeout, structuredClone, undefined, unescape.
    Note: This is a precaution to guard against uninitialized mock variables. If it is ensured that the mock is required lazily, variable names prefixed with `mock` (case insensitive) are permitted.
     (This is an error on an internal node. Probably an internal error.)

      at File.buildCodeFrameError (node_modules/@babel/core/src/transformation/file/file.ts:251:12)
      at NodePath.buildError [as buildCodeFrameError] (node_modules/@babel/traverse/src/path/index.ts:161:21)
      at call (node_modules/@babel/traverse/src/visitors.ts:299:14)
      at NodePath.call [as _call] (node_modules/@babel/traverse/src/path/context.ts:36:20)
      at NodePath.call (node_modules/@babel/traverse/src/path/context.ts:21:18)
      at NodePath.call [as visit] (node_modules/@babel/traverse/src/path/context.ts:97:31)
      at TraversalContext.visit [as visitQueue] (node_modules/@babel/traverse/src/context.ts:161:16)
      at TraversalContext.visitQueue [as visitMultiple] (node_modules/@babel/traverse/src/context.ts:109:17)
      at TraversalContext.visitMultiple [as visit] (node_modules/@babel/traverse/src/context.ts:192:19)
      at visit (node_modules/@babel/traverse/src/traverse-node.ts:208:17)
      at NodePath.visit (node_modules/@babel/traverse/src/path/context.ts:104:33)
      at TraversalContext.visit [as visitQueue] (node_modules/@babel/traverse/src/context.ts:161:16)
      at TraversalContext.visitQueue [as visitSingle] (node_modules/@babel/traverse/src/context.ts:119:19)
      at TraversalContext.visitSingle [as visit] (node_modules/@babel/traverse/src/context.ts:194:19)
      at visit (node_modules/@babel/traverse/src/traverse-node.ts:208:17)
      at traverse (node_modules/@babel/traverse/src/index.ts:84:15)
      at transformFile (node_modules/@babel/core/src/transformation/index.ts:120:15)
          at transformFile.next (<anonymous>)
      at transformFile (node_modules/@babel/core/src/transformation/index.ts:50:12)
          at run.next (<anonymous>)
      at transform (node_modules/@babel/core/src/transform.ts:29:20)
          at transform.next (<anonymous>)
      at evaluateSync (node_modules/gensync/index.js:251:28)
      at sync (node_modules/gensync/index.js:89:14)
      at fn (node_modules/@babel/core/src/errors/rewrite-stack-trace.ts:99:14)
      at transformSync (node_modules/@babel/core/src/transform.ts:66:52)

FAIL src/navigation/RootNavigator.unit.test.tsx
  ● Test suite failed to run

    ReferenceError: /Users/vishnugnair/Guru-3/src/navigation/RootNavigator.unit.test.tsx: The module factory of `jest.mock()` is not allowed to reference any out-of-scope variables.
    Invalid variable access: _ReactNativeCSSInterop
    Allowed objects: AbortController, AbortSignal, AggregateError, Array, ArrayBuffer, Atomics, BigInt, BigInt64Array, BigUint64Array, Blob, Boolean, BroadcastChannel, Buffer, ByteLengthQueuingStrategy, CompressionStream, CountQueuingStrategy, Crypto, CryptoKey, CustomEvent, DOMException, DataView, Date, DecompressionStream, Error, EvalError, Event, EventTarget, File, FinalizationRegistry, Float32Array, Float64Array, FormData, Function, Generator, GeneratorFunction, Headers, Infinity, Int16Array, Int32Array, Int8Array, InternalError, Intl, JSON, Map, Math, MessageChannel, MessageEvent, MessagePort, NaN, Number, Object, Performance, PerformanceEntry, PerformanceMark, PerformanceMeasure, PerformanceObserver, PerformanceObserverEntryList, PerformanceResourceTiming, Promise, Proxy, RangeError, ReadableByteStreamController, ReadableStream, ReadableStreamBYOBReader, ReadableStreamBYOBRequest, ReadableStreamDefaultController, ReadableStreamDefaultReader, ReferenceError, Reflect, RegExp, Request, Response, Set, SharedArrayBuffer, String, SubtleCrypto, Symbol, SyntaxError, TextDecoder, TextDecoderStream, TextEncoder, TextEncoderStream, TransformStream, TransformStreamDefaultController, TypeError, URIError, URL, URLSearchParams, Uint16Array, Uint32Array, Uint8Array, Uint8ClampedArray, WeakMap, WeakRef, WeakSet, WebAssembly, WritableStream, WritableStreamDefaultController, WritableStreamDefaultWriter, __dirname, __filename, arguments, atob, btoa, clearImmediate, clearInterval, clearTimeout, console, crypto, decodeURI, decodeURIComponent, encodeURI, encodeURIComponent, escape, eval, expect, exports, fetch, global, globalThis, isFinite, isNaN, jest, module, parseFloat, parseInt, performance, process, queueMicrotask, require, setImmediate, setInterval, setTimeout, structuredClone, undefined, unescape.
    Note: This is a precaution to guard against uninitialized mock variables. If it is ensured that the mock is required lazily, variable names prefixed with `mock` (case insensitive) are permitted.
     (This is an error on an internal node. Probably an internal error.)

      at File.buildCodeFrameError (node_modules/@babel/core/src/transformation/file/file.ts:251:12)
      at NodePath.buildError [as buildCodeFrameError] (node_modules/@babel/traverse/src/path/index.ts:161:21)
      at call (node_modules/@babel/traverse/src/visitors.ts:299:14)
      at NodePath.call [as _call] (node_modules/@babel/traverse/src/path/context.ts:36:20)
      at NodePath.call (node_modules/@babel/traverse/src/path/context.ts:21:18)
      at NodePath.call [as visit] (node_modules/@babel/traverse/src/path/context.ts:97:31)
      at TraversalContext.visit [as visitQueue] (node_modules/@babel/traverse/src/context.ts:161:16)
      at TraversalContext.visitQueue [as visitMultiple] (node_modules/@babel/traverse/src/context.ts:109:17)
      at TraversalContext.visitMultiple [as visit] (node_modules/@babel/traverse/src/context.ts:192:19)
      at visit (node_modules/@babel/traverse/src/traverse-node.ts:208:17)
      at NodePath.visit (node_modules/@babel/traverse/src/path/context.ts:104:33)
      at TraversalContext.visit [as visitQueue] (node_modules/@babel/traverse/src/context.ts:161:16)
      at TraversalContext.visitQueue [as visitSingle] (node_modules/@babel/traverse/src/context.ts:119:19)
      at TraversalContext.visitSingle [as visit] (node_modules/@babel/traverse/src/context.ts:194:19)
      at visit (node_modules/@babel/traverse/src/traverse-node.ts:208:17)
      at traverse (node_modules/@babel/traverse/src/index.ts:84:15)
      at transformFile (node_modules/@babel/core/src/transformation/index.ts:120:15)
          at transformFile.next (<anonymous>)
      at transformFile (node_modules/@babel/core/src/transformation/index.ts:50:12)
          at run.next (<anonymous>)
      at transform (node_modules/@babel/core/src/transform.ts:29:20)
          at transform.next (<anonymous>)
      at evaluateSync (node_modules/gensync/index.js:251:28)
      at sync (node_modules/gensync/index.js:89:14)
      at fn (node_modules/@babel/core/src/errors/rewrite-stack-trace.ts:99:14)
      at transformSync (node_modules/@babel/core/src/transform.ts:66:52)

FAIL src/hooks/useResponsive.unit.test.ts
  ● Test suite failed to run

    TypeError: Cannot read properties of undefined (reading 'getColorScheme')

       6 | const SPACING_FACTOR = 1.8;
       7 | const FONT_FACTOR = 1.3;
    >  8 | const SIZE_FACTOR = 1.4;
         |                         ^
       9 |
      10 | export function useResponsive() {
      11 |   const { width, height } = useWindowDimensions();

      at Object.getColorScheme (node_modules/react-native-css-interop/src/runtime/web/color-scheme.ts:55:14)
      at Object.require (node_modules/react-native-css-interop/src/runtime/web/api.ts:11:1)
      at Object.require (node_modules/react-native-css-interop/src/runtime/api.ts:1:1)
      at Object.require (node_modules/react-native-css-interop/src/runtime/wrap-jsx.ts:2:1)
      at Object.require (node_modules/react-native-css-interop/src/index.ts:3:1)
      at Object.<anonymous> (src/hooks/useResponsive.ts:8:54)
      at Object.require (src/hooks/useResponsive.unit.test.ts:2:1)

FAIL src/hooks/useLectureReturnRecovery.unit.test.ts
  ● Test suite failed to run

    TypeError: Cannot read properties of undefined (reading 'getColorScheme')

      74 | jest.mock('../services/recordingValidation', () => ({
      75 |   validateRecordingWithBackoff: mockValidateRecordingWithBackoff,
    > 76 | }));
         |     ^
      77 |
      78 | describe('useLectureReturnRecovery', () => {
      79 |   let hookApi: any;

      at Object.getColorScheme (node_modules/react-native-css-interop/src/runtime/web/color-scheme.ts:55:14)
      at Object.require (node_modules/react-native-css-interop/src/runtime/web/api.ts:11:1)
      at Object.require (node_modules/react-native-css-interop/src/runtime/api.ts:1:1)
      at Object.require (node_modules/react-native-css-interop/src/runtime/wrap-jsx.ts:2:1)
      at Object.require (node_modules/react-native-css-interop/src/index.ts:3:1)
      at Object.require (src/hooks/useLectureReturnRecovery.unit.test.ts:76:5)

FAIL src/motion/presets.unit.test.ts
  ● Test suite failed to run

    ReferenceError: /Users/vishnugnair/Guru-3/src/motion/presets.unit.test.ts: The module factory of `jest.mock()` is not allowed to reference any out-of-scope variables.
    Invalid variable access: _ReactNativeCSSInterop
    Allowed objects: AbortController, AbortSignal, AggregateError, Array, ArrayBuffer, Atomics, BigInt, BigInt64Array, BigUint64Array, Blob, Boolean, BroadcastChannel, Buffer, ByteLengthQueuingStrategy, CompressionStream, CountQueuingStrategy, Crypto, CryptoKey, CustomEvent, DOMException, DataView, Date, DecompressionStream, Error, EvalError, Event, EventTarget, File, FinalizationRegistry, Float32Array, Float64Array, FormData, Function, Generator, GeneratorFunction, Headers, Infinity, Int16Array, Int32Array, Int8Array, InternalError, Intl, JSON, Map, Math, MessageChannel, MessageEvent, MessagePort, NaN, Number, Object, Performance, PerformanceEntry, PerformanceMark, PerformanceMeasure, PerformanceObserver, PerformanceObserverEntryList, PerformanceResourceTiming, Promise, Proxy, RangeError, ReadableByteStreamController, ReadableStream, ReadableStreamBYOBReader, ReadableStreamBYOBRequest, ReadableStreamDefaultController, ReadableStreamDefaultReader, ReferenceError, Reflect, RegExp, Request, Response, Set, SharedArrayBuffer, String, SubtleCrypto, Symbol, SyntaxError, TextDecoder, TextDecoderStream, TextEncoder, TextEncoderStream, TransformStream, TransformStreamDefaultController, TypeError, URIError, URL, URLSearchParams, Uint16Array, Uint32Array, Uint8Array, Uint8ClampedArray, WeakMap, WeakRef, WeakSet, WebAssembly, WritableStream, WritableStreamDefaultController, WritableStreamDefaultWriter, __dirname, __filename, arguments, atob, btoa, clearImmediate, clearInterval, clearTimeout, console, crypto, decodeURI, decodeURIComponent, encodeURI, encodeURIComponent, escape, eval, expect, exports, fetch, global, globalThis, isFinite, isNaN, jest, module, parseFloat, parseInt, performance, process, queueMicrotask, require, setImmediate, setInterval, setTimeout, structuredClone, undefined, unescape.
    Note: This is a precaution to guard against uninitialized mock variables. If it is ensured that the mock is required lazily, variable names prefixed with `mock` (case insensitive) are permitted.
     (This is an error on an internal node. Probably an internal error.)

      at File.buildCodeFrameError (node_modules/@babel/core/src/transformation/file/file.ts:251:12)
      at NodePath.buildError [as buildCodeFrameError] (node_modules/@babel/traverse/src/path/index.ts:161:21)
      at call (node_modules/@babel/traverse/src/visitors.ts:299:14)
      at NodePath.call [as _call] (node_modules/@babel/traverse/src/path/context.ts:36:20)
      at NodePath.call (node_modules/@babel/traverse/src/path/context.ts:21:18)
      at NodePath.call [as visit] (node_modules/@babel/traverse/src/path/context.ts:97:31)
      at TraversalContext.visit [as visitQueue] (node_modules/@babel/traverse/src/context.ts:161:16)
      at TraversalContext.visitQueue [as visitMultiple] (node_modules/@babel/traverse/src/context.ts:109:17)
      at TraversalContext.visitMultiple [as visit] (node_modules/@babel/traverse/src/context.ts:192:19)
      at visit (node_modules/@babel/traverse/src/traverse-node.ts:208:17)
      at NodePath.visit (node_modules/@babel/traverse/src/path/context.ts:104:33)
      at TraversalContext.visit [as visitQueue] (node_modules/@babel/traverse/src/context.ts:161:16)
      at TraversalContext.visitQueue [as visitSingle] (node_modules/@babel/traverse/src/context.ts:119:19)
      at TraversalContext.visitSingle [as visit] (node_modules/@babel/traverse/src/context.ts:194:19)
      at visit (node_modules/@babel/traverse/src/traverse-node.ts:208:17)
      at traverse (node_modules/@babel/traverse/src/index.ts:84:15)
      at transformFile (node_modules/@babel/core/src/transformation/index.ts:120:15)
          at transformFile.next (<anonymous>)
      at transformFile (node_modules/@babel/core/src/transformation/index.ts:50:12)
          at run.next (<anonymous>)
      at transform (node_modules/@babel/core/src/transform.ts:29:20)
          at transform.next (<anonymous>)
      at evaluateSync (node_modules/gensync/index.js:251:28)
      at sync (node_modules/gensync/index.js:89:14)
      at fn (node_modules/@babel/core/src/errors/rewrite-stack-trace.ts:99:14)
      at transformSync (node_modules/@babel/core/src/transform.ts:66:52)

FAIL src/components/StartButton.unit.test.tsx
  ● Test suite failed to run

    ReferenceError: /Users/vishnugnair/Guru-3/src/components/StartButton.unit.test.tsx: The module factory of `jest.mock()` is not allowed to reference any out-of-scope variables.
    Invalid variable access: _ReactNativeCSSInterop
    Allowed objects: AbortController, AbortSignal, AggregateError, Array, ArrayBuffer, Atomics, BigInt, BigInt64Array, BigUint64Array, Blob, Boolean, BroadcastChannel, Buffer, ByteLengthQueuingStrategy, CompressionStream, CountQueuingStrategy, Crypto, CryptoKey, CustomEvent, DOMException, DataView, Date, DecompressionStream, Error, EvalError, Event, EventTarget, File, FinalizationRegistry, Float32Array, Float64Array, FormData, Function, Generator, GeneratorFunction, Headers, Infinity, Int16Array, Int32Array, Int8Array, InternalError, Intl, JSON, Map, Math, MessageChannel, MessageEvent, MessagePort, NaN, Number, Object, Performance, PerformanceEntry, PerformanceMark, PerformanceMeasure, PerformanceObserver, PerformanceObserverEntryList, PerformanceResourceTiming, Promise, Proxy, RangeError, ReadableByteStreamController, ReadableStream, ReadableStreamBYOBReader, ReadableStreamBYOBRequest, ReadableStreamDefaultController, ReadableStreamDefaultReader, ReferenceError, Reflect, RegExp, Request, Response, Set, SharedArrayBuffer, String, SubtleCrypto, Symbol, SyntaxError, TextDecoder, TextDecoderStream, TextEncoder, TextEncoderStream, TransformStream, TransformStreamDefaultController, TypeError, URIError, URL, URLSearchParams, Uint16Array, Uint32Array, Uint8Array, Uint8ClampedArray, WeakMap, WeakRef, WeakSet, WebAssembly, WritableStream, WritableStreamDefaultController, WritableStreamDefaultWriter, __dirname, __filename, arguments, atob, btoa, clearImmediate, clearInterval, clearTimeout, console, crypto, decodeURI, decodeURIComponent, encodeURI, encodeURIComponent, escape, eval, expect, exports, fetch, global, globalThis, isFinite, isNaN, jest, module, parseFloat, parseInt, performance, process, queueMicrotask, require, setImmediate, setInterval, setTimeout, structuredClone, undefined, unescape.
    Note: This is a precaution to guard against uninitialized mock variables. If it is ensured that the mock is required lazily, variable names prefixed with `mock` (case insensitive) are permitted.
     (This is an error on an internal node. Probably an internal error.)

      at File.buildCodeFrameError (node_modules/@babel/core/src/transformation/file/file.ts:251:12)
      at NodePath.buildError [as buildCodeFrameError] (node_modules/@babel/traverse/src/path/index.ts:161:21)
      at call (node_modules/@babel/traverse/src/visitors.ts:299:14)
      at NodePath.call [as _call] (node_modules/@babel/traverse/src/path/context.ts:36:20)
      at NodePath.call (node_modules/@babel/traverse/src/path/context.ts:21:18)
      at NodePath.call [as visit] (node_modules/@babel/traverse/src/path/context.ts:97:31)
      at TraversalContext.visit [as visitQueue] (node_modules/@babel/traverse/src/context.ts:161:16)
      at TraversalContext.visitQueue [as visitMultiple] (node_modules/@babel/traverse/src/context.ts:109:17)
      at TraversalContext.visitMultiple [as visit] (node_modules/@babel/traverse/src/context.ts:192:19)
      at visit (node_modules/@babel/traverse/src/traverse-node.ts:208:17)
      at NodePath.visit (node_modules/@babel/traverse/src/path/context.ts:104:33)
      at TraversalContext.visit [as visitQueue] (node_modules/@babel/traverse/src/context.ts:161:16)
      at TraversalContext.visitQueue [as visitSingle] (node_modules/@babel/traverse/src/context.ts:119:19)
      at TraversalContext.visitSingle [as visit] (node_modules/@babel/traverse/src/context.ts:194:19)
      at visit (node_modules/@babel/traverse/src/traverse-node.ts:208:17)
      at traverse (node_modules/@babel/traverse/src/index.ts:84:15)
      at transformFile (node_modules/@babel/core/src/transformation/index.ts:120:15)
          at transformFile.next (<anonymous>)
      at transformFile (node_modules/@babel/core/src/transformation/index.ts:50:12)
          at run.next (<anonymous>)
      at transform (node_modules/@babel/core/src/transform.ts:29:20)
          at transform.next (<anonymous>)
      at evaluateSync (node_modules/gensync/index.js:251:28)
      at sync (node_modules/gensync/index.js:89:14)
      at fn (node_modules/@babel/core/src/errors/rewrite-stack-trace.ts:99:14)
      at transformSync (node_modules/@babel/core/src/transform.ts:66:52)

FAIL src/components/LoadingOrb.unit.test.tsx
  ● Test suite failed to run

    ReferenceError: /Users/vishnugnair/Guru-3/src/components/LoadingOrb.unit.test.tsx: The module factory of `jest.mock()` is not allowed to reference any out-of-scope variables.
    Invalid variable access: turbulentOrbMock
    Allowed objects: AbortController, AbortSignal, AggregateError, Array, ArrayBuffer, Atomics, BigInt, BigInt64Array, BigUint64Array, Blob, Boolean, BroadcastChannel, Buffer, ByteLengthQueuingStrategy, CompressionStream, CountQueuingStrategy, Crypto, CryptoKey, CustomEvent, DOMException, DataView, Date, DecompressionStream, Error, EvalError, Event, EventTarget, File, FinalizationRegistry, Float32Array, Float64Array, FormData, Function, Generator, GeneratorFunction, Headers, Infinity, Int16Array, Int32Array, Int8Array, InternalError, Intl, JSON, Map, Math, MessageChannel, MessageEvent, MessagePort, NaN, Number, Object, Performance, PerformanceEntry, PerformanceMark, PerformanceMeasure, PerformanceObserver, PerformanceObserverEntryList, PerformanceResourceTiming, Promise, Proxy, RangeError, ReadableByteStreamController, ReadableStream, ReadableStreamBYOBReader, ReadableStreamBYOBRequest, ReadableStreamDefaultController, ReadableStreamDefaultReader, ReferenceError, Reflect, RegExp, Request, Response, Set, SharedArrayBuffer, String, SubtleCrypto, Symbol, SyntaxError, TextDecoder, TextDecoderStream, TextEncoder, TextEncoderStream, TransformStream, TransformStreamDefaultController, TypeError, URIError, URL, URLSearchParams, Uint16Array, Uint32Array, Uint8Array, Uint8ClampedArray, WeakMap, WeakRef, WeakSet, WebAssembly, WritableStream, WritableStreamDefaultController, WritableStreamDefaultWriter, __dirname, __filename, arguments, atob, btoa, clearImmediate, clearInterval, clearTimeout, console, crypto, decodeURI, decodeURIComponent, encodeURI, encodeURIComponent, escape, eval, expect, exports, fetch, global, globalThis, isFinite, isNaN, jest, module, parseFloat, parseInt, performance, process, queueMicrotask, require, setImmediate, setInterval, setTimeout, structuredClone, undefined, unescape.
    Note: This is a precaution to guard against uninitialized mock variables. If it is ensured that the mock is required lazily, variable names prefixed with `mock` (case insensitive) are permitted.

       9 | jest.mock('./TurbulentOrb', () => ({
      10 |   __esModule: true,
    > 11 |   default: (props: any) => turbulentOrbMock(props),
         |                            ^^^^^^^^^^^^^^^^
      12 | }));
      13 |
      14 | jest.mock('../hooks/queries/useProfile', () => ({

      at File.buildCodeFrameError (node_modules/@babel/core/src/transformation/file/file.ts:251:12)
      at NodePath.buildError [as buildCodeFrameError] (node_modules/@babel/traverse/src/path/index.ts:161:21)
      at call (node_modules/@babel/traverse/src/visitors.ts:299:14)
      at NodePath.call [as _call] (node_modules/@babel/traverse/src/path/context.ts:36:20)
      at NodePath.call (node_modules/@babel/traverse/src/path/context.ts:21:18)
      at NodePath.call [as visit] (node_modules/@babel/traverse/src/path/context.ts:97:31)
      at TraversalContext.visit [as visitQueue] (node_modules/@babel/traverse/src/context.ts:161:16)
      at TraversalContext.visitQueue [as visitMultiple] (node_modules/@babel/traverse/src/context.ts:109:17)
      at TraversalContext.visitMultiple [as visit] (node_modules/@babel/traverse/src/context.ts:192:19)
      at visit (node_modules/@babel/traverse/src/traverse-node.ts:208:17)
      at NodePath.visit (node_modules/@babel/traverse/src/path/context.ts:104:33)
      at TraversalContext.visit [as visitQueue] (node_modules/@babel/traverse/src/context.ts:161:16)
      at TraversalContext.visitQueue [as visitSingle] (node_modules/@babel/traverse/src/context.ts:119:19)
      at TraversalContext.visitSingle [as visit] (node_modules/@babel/traverse/src/context.ts:194:19)
      at visit (node_modules/@babel/traverse/src/traverse-node.ts:208:17)
      at traverse (node_modules/@babel/traverse/src/index.ts:84:15)
      at transformFile (node_modules/@babel/core/src/transformation/index.ts:120:15)
          at transformFile.next (<anonymous>)
      at transformFile (node_modules/@babel/core/src/transformation/index.ts:50:12)
          at run.next (<anonymous>)
      at transform (node_modules/@babel/core/src/transform.ts:29:20)
          at transform.next (<anonymous>)
      at evaluateSync (node_modules/gensync/index.js:251:28)
      at sync (node_modules/gensync/index.js:89:14)
      at fn (node_modules/@babel/core/src/errors/rewrite-stack-trace.ts:99:14)
      at transformSync (node_modules/@babel/core/src/transform.ts:66:52)

FAIL src/components/LectureReturnSheet.unit.test.tsx
  ● Test suite failed to run

    ReferenceError: /Users/vishnugnair/Guru-3/src/components/LectureReturnSheet.unit.test.tsx: The module factory of `jest.mock()` is not allowed to reference any out-of-scope variables.
    Invalid variable access: View
    Allowed objects: AbortController, AbortSignal, AggregateError, Array, ArrayBuffer, Atomics, BigInt, BigInt64Array, BigUint64Array, Blob, Boolean, BroadcastChannel, Buffer, ByteLengthQueuingStrategy, CompressionStream, CountQueuingStrategy, Crypto, CryptoKey, CustomEvent, DOMException, DataView, Date, DecompressionStream, Error, EvalError, Event, EventTarget, File, FinalizationRegistry, Float32Array, Float64Array, FormData, Function, Generator, GeneratorFunction, Headers, Infinity, Int16Array, Int32Array, Int8Array, InternalError, Intl, JSON, Map, Math, MessageChannel, MessageEvent, MessagePort, NaN, Number, Object, Performance, PerformanceEntry, PerformanceMark, PerformanceMeasure, PerformanceObserver, PerformanceObserverEntryList, PerformanceResourceTiming, Promise, Proxy, RangeError, ReadableByteStreamController, ReadableStream, ReadableStreamBYOBReader, ReadableStreamBYOBRequest, ReadableStreamDefaultController, ReadableStreamDefaultReader, ReferenceError, Reflect, RegExp, Request, Response, Set, SharedArrayBuffer, String, SubtleCrypto, Symbol, SyntaxError, TextDecoder, TextDecoderStream, TextEncoder, TextEncoderStream, TransformStream, TransformStreamDefaultController, TypeError, URIError, URL, URLSearchParams, Uint16Array, Uint32Array, Uint8Array, Uint8ClampedArray, WeakMap, WeakRef, WeakSet, WebAssembly, WritableStream, WritableStreamDefaultController, WritableStreamDefaultWriter, __dirname, __filename, arguments, atob, btoa, clearImmediate, clearInterval, clearTimeout, console, crypto, decodeURI, decodeURIComponent, encodeURI, encodeURIComponent, escape, eval, expect, exports, fetch, global, globalThis, isFinite, isNaN, jest, module, parseFloat, parseInt, performance, process, queueMicrotask, require, setImmediate, setInterval, setTimeout, structuredClone, undefined, unescape.
    Note: This is a precaution to guard against uninitialized mock variables. If it is ensured that the mock is required lazily, variable names prefixed with `mock` (case insensitive) are permitted.

       8 |   __esModule: true,
       9 |   default: ({ onSelectSubject }: { onSelectSubject: (subject: string) => void }) => (
    > 10 |     <View>
         |      ^^^^
      11 |       <Text>Subject required</Text>
      12 |       <Text>Choose the lecture subject before saving so topics get filed correctly.</Text>
      13 |       <TouchableOpacity onPress={() => onSelectSubject('Physiology')}>

      at File.buildCodeFrameError (node_modules/@babel/core/src/transformation/file/file.ts:251:12)
      at NodePath.buildError [as buildCodeFrameError] (node_modules/@babel/traverse/src/path/index.ts:161:21)
      at call (node_modules/@babel/traverse/src/visitors.ts:299:14)
      at NodePath.call [as _call] (node_modules/@babel/traverse/src/path/context.ts:36:20)
      at NodePath.call (node_modules/@babel/traverse/src/path/context.ts:21:18)
      at NodePath.call [as visit] (node_modules/@babel/traverse/src/path/context.ts:97:31)
      at TraversalContext.visit [as visitQueue] (node_modules/@babel/traverse/src/context.ts:161:16)
      at TraversalContext.visitQueue [as visitMultiple] (node_modules/@babel/traverse/src/context.ts:109:17)
      at TraversalContext.visitMultiple [as visit] (node_modules/@babel/traverse/src/context.ts:192:19)
      at visit (node_modules/@babel/traverse/src/traverse-node.ts:208:17)
      at NodePath.visit (node_modules/@babel/traverse/src/path/context.ts:104:33)
      at TraversalContext.visit [as visitQueue] (node_modules/@babel/traverse/src/context.ts:161:16)
      at TraversalContext.visitQueue [as visitSingle] (node_modules/@babel/traverse/src/context.ts:119:19)
      at TraversalContext.visitSingle [as visit] (node_modules/@babel/traverse/src/context.ts:194:19)
      at visit (node_modules/@babel/traverse/src/traverse-node.ts:208:17)
      at traverse (node_modules/@babel/traverse/src/index.ts:84:15)
      at transformFile (node_modules/@babel/core/src/transformation/index.ts:120:15)
          at transformFile.next (<anonymous>)
      at transformFile (node_modules/@babel/core/src/transformation/index.ts:50:12)
          at run.next (<anonymous>)
      at transform (node_modules/@babel/core/src/transform.ts:29:20)
          at transform.next (<anonymous>)
      at evaluateSync (node_modules/gensync/index.js:251:28)
      at sync (node_modules/gensync/index.js:89:14)
      at fn (node_modules/@babel/core/src/errors/rewrite-stack-trace.ts:99:14)
      at transformSync (node_modules/@babel/core/src/transform.ts:66:52)

FAIL src/components/GuruChatOverlay.unit.test.tsx
  ● Test suite failed to run

    ReferenceError: /Users/vishnugnair/Guru-3/src/components/GuruChatOverlay.unit.test.tsx: The module factory of `jest.mock()` is not allowed to reference any out-of-scope variables.
    Invalid variable access: setCurrentThreadMock
    Allowed objects: AbortController, AbortSignal, AggregateError, Array, ArrayBuffer, Atomics, BigInt, BigInt64Array, BigUint64Array, Blob, Boolean, BroadcastChannel, Buffer, ByteLengthQueuingStrategy, CompressionStream, CountQueuingStrategy, Crypto, CryptoKey, CustomEvent, DOMException, DataView, Date, DecompressionStream, Error, EvalError, Event, EventTarget, File, FinalizationRegistry, Float32Array, Float64Array, FormData, Function, Generator, GeneratorFunction, Headers, Infinity, Int16Array, Int32Array, Int8Array, InternalError, Intl, JSON, Map, Math, MessageChannel, MessageEvent, MessagePort, NaN, Number, Object, Performance, PerformanceEntry, PerformanceMark, PerformanceMeasure, PerformanceObserver, PerformanceObserverEntryList, PerformanceResourceTiming, Promise, Proxy, RangeError, ReadableByteStreamController, ReadableStream, ReadableStreamBYOBReader, ReadableStreamBYOBRequest, ReadableStreamDefaultController, ReadableStreamDefaultReader, ReferenceError, Reflect, RegExp, Request, Response, Set, SharedArrayBuffer, String, SubtleCrypto, Symbol, SyntaxError, TextDecoder, TextDecoderStream, TextEncoder, TextEncoderStream, TransformStream, TransformStreamDefaultController, TypeError, URIError, URL, URLSearchParams, Uint16Array, Uint32Array, Uint8Array, Uint8ClampedArray, WeakMap, WeakRef, WeakSet, WebAssembly, WritableStream, WritableStreamDefaultController, WritableStreamDefaultWriter, __dirname, __filename, arguments, atob, btoa, clearImmediate, clearInterval, clearTimeout, console, crypto, decodeURI, decodeURIComponent, encodeURI, encodeURIComponent, escape, eval, expect, exports, fetch, global, globalThis, isFinite, isNaN, jest, module, parseFloat, parseInt, performance, process, queueMicrotask, require, setImmediate, setInterval, setTimeout, structuredClone, undefined, unescape.
    Note: This is a precaution to guard against uninitialized mock variables. If it is ensured that the mock is required lazily, variable names prefixed with `mock` (case insensitive) are permitted.

      37 |   useGuruChatSession: jest.fn(() => ({
      38 |     currentThread: undefined,
    > 39 |     setCurrentThread: setCurrentThreadMock,
         |                       ^^^^^^^^^^^^^^^^^^^^
      40 |     refreshThreads: jest.fn(),
      41 |     isHydratingThread: false,
      42 |     sessionSummary: '',

      at File.buildCodeFrameError (node_modules/@babel/core/src/transformation/file/file.ts:251:12)
      at NodePath.buildError [as buildCodeFrameError] (node_modules/@babel/traverse/src/path/index.ts:161:21)
      at call (node_modules/@babel/traverse/src/visitors.ts:299:14)
      at NodePath.call [as _call] (node_modules/@babel/traverse/src/path/context.ts:36:20)
      at NodePath.call (node_modules/@babel/traverse/src/path/context.ts:21:18)
      at NodePath.call [as visit] (node_modules/@babel/traverse/src/path/context.ts:97:31)
      at TraversalContext.visit [as visitQueue] (node_modules/@babel/traverse/src/context.ts:161:16)
      at TraversalContext.visitQueue [as visitMultiple] (node_modules/@babel/traverse/src/context.ts:109:17)
      at TraversalContext.visitMultiple [as visit] (node_modules/@babel/traverse/src/context.ts:192:19)
      at visit (node_modules/@babel/traverse/src/traverse-node.ts:208:17)
      at NodePath.visit (node_modules/@babel/traverse/src/path/context.ts:104:33)
      at TraversalContext.visit [as visitQueue] (node_modules/@babel/traverse/src/context.ts:161:16)
      at TraversalContext.visitQueue [as visitSingle] (node_modules/@babel/traverse/src/context.ts:119:19)
      at TraversalContext.visitSingle [as visit] (node_modules/@babel/traverse/src/context.ts:194:19)
      at visit (node_modules/@babel/traverse/src/traverse-node.ts:208:17)
      at traverse (node_modules/@babel/traverse/src/index.ts:84:15)
      at transformFile (node_modules/@babel/core/src/transformation/index.ts:120:15)
          at transformFile.next (<anonymous>)
      at transformFile (node_modules/@babel/core/src/transformation/index.ts:50:12)
          at run.next (<anonymous>)
      at transform (node_modules/@babel/core/src/transform.ts:29:20)
          at transform.next (<anonymous>)
      at evaluateSync (node_modules/gensync/index.js:251:28)
      at sync (node_modules/gensync/index.js:89:14)
      at fn (node_modules/@babel/core/src/errors/rewrite-stack-trace.ts:99:14)
      at transformSync (node_modules/@babel/core/src/transform.ts:66:52)

Summary of all failing tests
FAIL src/db/database.unit.test.ts
  ● database.ts › initDatabase › initializes the database successfully without force seed

    TypeError: A dynamic import callback was invoked without --experimental-vm-modules

      297 |   // only needed here. On normal cold starts (topicCount > 0) this module
      298 |   // never loads, keeping the JS heap smaller.
    > 299 |   const { TOPICS_SEED } = await import('../constants/syllabus/topics');
          |   ^
      300 |   await runInTransaction(async (db) => {
      301 |     // Pass 1: Insert all topics without parent links (ensures parents exist).
      302 |     // Batched multi-VALUES INSERTs to minimize JS↔native bridge crossings.

      at src/db/database.ts:299:3
      at asyncGeneratorStep (node_modules/@babel/runtime/helpers/asyncToGenerator.js:3:17)
      at _next (node_modules/@babel/runtime/helpers/asyncToGenerator.js:17:9)
      at node_modules/@babel/runtime/helpers/asyncToGenerator.js:22:7
      at node_modules/@babel/runtime/helpers/asyncToGenerator.js:14:12
      at apply (src/db/database.ts:361:2)
      at apply (src/db/database.ts:295:33)
      at seedTopics (src/db/database.ts:211:11)
      at asyncGeneratorStep (node_modules/@babel/runtime/helpers/asyncToGenerator.js:3:17)
      at _next (node_modules/@babel/runtime/helpers/asyncToGenerator.js:17:9)

  ● database.ts › runInTransaction › runs the function inside a transaction

    TypeError: A dynamic import callback was invoked without --experimental-vm-modules

      297 |   // only needed here. On normal cold starts (topicCount > 0) this module
      298 |   // never loads, keeping the JS heap smaller.
    > 299 |   const { TOPICS_SEED } = await import('../constants/syllabus/topics');
          |   ^
      300 |   await runInTransaction(async (db) => {
      301 |     // Pass 1: Insert all topics without parent links (ensures parents exist).
      302 |     // Batched multi-VALUES INSERTs to minimize JS↔native bridge crossings.

      at src/db/database.ts:299:3
      at asyncGeneratorStep (node_modules/@babel/runtime/helpers/asyncToGenerator.js:3:17)
      at _next (node_modules/@babel/runtime/helpers/asyncToGenerator.js:17:9)
      at node_modules/@babel/runtime/helpers/asyncToGenerator.js:22:7
      at node_modules/@babel/runtime/helpers/asyncToGenerator.js:14:12
      at apply (src/db/database.ts:361:2)
      at apply (src/db/database.ts:295:33)
      at seedTopics (src/db/database.ts:211:11)
      at asyncGeneratorStep (node_modules/@babel/runtime/helpers/asyncToGenerator.js:3:17)
      at _next (node_modules/@babel/runtime/helpers/asyncToGenerator.js:17:9)

  ● database.ts › runInTransaction › rolls back if the function throws

    TypeError: A dynamic import callback was invoked without --experimental-vm-modules

      297 |   // only needed here. On normal cold starts (topicCount > 0) this module
      298 |   // never loads, keeping the JS heap smaller.
    > 299 |   const { TOPICS_SEED } = await import('../constants/syllabus/topics');
          |   ^
      300 |   await runInTransaction(async (db) => {
      301 |     // Pass 1: Insert all topics without parent links (ensures parents exist).
      302 |     // Batched multi-VALUES INSERTs to minimize JS↔native bridge crossings.

      at src/db/database.ts:299:3
      at asyncGeneratorStep (node_modules/@babel/runtime/helpers/asyncToGenerator.js:3:17)
      at _next (node_modules/@babel/runtime/helpers/asyncToGenerator.js:17:9)
      at node_modules/@babel/runtime/helpers/asyncToGenerator.js:22:7
      at node_modules/@babel/runtime/helpers/asyncToGenerator.js:14:12
      at apply (src/db/database.ts:361:2)
      at apply (src/db/database.ts:295:33)
      at seedTopics (src/db/database.ts:211:11)
      at asyncGeneratorStep (node_modules/@babel/runtime/helpers/asyncToGenerator.js:3:17)
      at _next (node_modules/@babel/runtime/helpers/asyncToGenerator.js:17:9)

FAIL src/db/drizzleQueryParity.db.test.ts
  ● Drizzle query parity (in-memory SQLite) › matches legacy mind-map list/load/search outputs on the same dataset

    TypeError: A dynamic import callback was invoked without --experimental-vm-modules

      86 |
      87 |   async function seedSubjectAndTopics(): Promise<void> {
    > 88 |     const db = (await import('./database')).getDb();
         |                ^
      89 |
      90 |     await db.runAsync(
      91 |       `INSERT INTO subjects

      at src/db/drizzleQueryParity.db.test.ts:88:16
      at asyncGeneratorStep (node_modules/@babel/runtime/helpers/asyncToGenerator.js:3:17)
      at _next (node_modules/@babel/runtime/helpers/asyncToGenerator.js:17:9)
      at node_modules/@babel/runtime/helpers/asyncToGenerator.js:22:7
      at node_modules/@babel/runtime/helpers/asyncToGenerator.js:14:12
      at apply (src/db/drizzleQueryParity.db.test.ts:117:4)
      at apply (src/db/drizzleQueryParity.db.test.ts:87:38)
      at Object.seedSubjectAndTopics (src/db/drizzleQueryParity.db.test.ts:159:11)
      at asyncGeneratorStep (node_modules/@babel/runtime/helpers/asyncToGenerator.js:3:17)
      at _next (node_modules/@babel/runtime/helpers/asyncToGenerator.js:17:9)
      at node_modules/@babel/runtime/helpers/asyncToGenerator.js:22:7
      at Object.<anonymous> (node_modules/@babel/runtime/helpers/asyncToGenerator.js:14:12)

FAIL src/db/seedTopics.db.test.ts
  ● seedSubjects + seedTopics (integration) › inserts all 19 subjects

    TypeError: A dynamic import callback was invoked without --experimental-vm-modules

      44 |
      45 |   it('inserts all 19 subjects', async () => {
    > 46 |     const db = (await import('./database')).getDb();
         |                ^
      47 |     await seedSubjects(db);
      48 |     const row = await db.getFirstAsync<{ c: number }>('SELECT COUNT(*) AS c FROM subjects');
      49 |     expect(row?.c).toBe(SNAPSHOT.subjectsCount);

      at Object.<anonymous> (src/db/seedTopics.db.test.ts:46:16)
      at asyncGeneratorStep (node_modules/@babel/runtime/helpers/asyncToGenerator.js:3:17)
      at _next (node_modules/@babel/runtime/helpers/asyncToGenerator.js:17:9)
      at node_modules/@babel/runtime/helpers/asyncToGenerator.js:22:7
      at Object.<anonymous> (node_modules/@babel/runtime/helpers/asyncToGenerator.js:14:12)

  ● seedSubjects + seedTopics (integration) › inserts every topic tuple without data loss and wires parent links

    TypeError: A dynamic import callback was invoked without --experimental-vm-modules

      51 |
      52 |   it('inserts every topic tuple without data loss and wires parent links', async () => {
    > 53 |     const db = (await import('./database')).getDb();
         |                ^
      54 |     await seedSubjects(db);
      55 |     await seedTopics(db);
      56 |

      at Object.<anonymous> (src/db/seedTopics.db.test.ts:53:16)
      at asyncGeneratorStep (node_modules/@babel/runtime/helpers/asyncToGenerator.js:3:17)
      at _next (node_modules/@babel/runtime/helpers/asyncToGenerator.js:17:9)
      at node_modules/@babel/runtime/helpers/asyncToGenerator.js:22:7
      at Object.<anonymous> (node_modules/@babel/runtime/helpers/asyncToGenerator.js:14:12)

  ● seedSubjects + seedTopics (integration) › is idempotent: running seedTopics twice leaves row counts unchanged

    TypeError: A dynamic import callback was invoked without --experimental-vm-modules

      91 |
      92 |   it('is idempotent: running seedTopics twice leaves row counts unchanged', async () => {
    > 93 |     const db = (await import('./database')).getDb();
         |                ^
      94 |     await seedSubjects(db);
      95 |     await seedTopics(db);
      96 |     await seedTopics(db);

      at Object.<anonymous> (src/db/seedTopics.db.test.ts:93:16)
      at asyncGeneratorStep (node_modules/@babel/runtime/helpers/asyncToGenerator.js:3:17)
      at _next (node_modules/@babel/runtime/helpers/asyncToGenerator.js:17:9)
      at node_modules/@babel/runtime/helpers/asyncToGenerator.js:22:7
      at Object.<anonymous> (node_modules/@babel/runtime/helpers/asyncToGenerator.js:14:12)

FAIL src/services/transcription/engines.unit.test.ts
  ● transcription engines (Groq / HF) › transcribeRawWithLocalWhisper batch-transcribes large WAV files instead of single-shot inference

    TypeError: _batchTranscriber.BatchTranscriber is not a constructor

      387 |
      388 |     if (whisperInputInfo.size > LOCAL_WHISPER_BATCH_THRESHOLD_BYTES) {
    > 389 |       const batch = new BatchTranscriber(whisperModelManager, {
          |                     ^
      390 |         chunkDurationSec: 30,
      391 |         overlapSec: 1,
      392 |         beamSize: 1,

      at src/services/transcription/engines.ts:389:21
      at asyncGeneratorStep (node_modules/@babel/runtime/helpers/asyncToGenerator.js:3:17)
      at _next (node_modules/@babel/runtime/helpers/asyncToGenerator.js:17:9)

FAIL src/services/ai/google/geminiStructured.unit.test.ts
  ● geminiGenerateStructuredJsonSdk › rethrows RateLimitError on 429-like SDK errors

    TypeError: A dynamic import callback was invoked without --experimental-vm-modules

      93 |
      94 |     const schema = z.object({ a: z.number() });
    > 95 |     const { RateLimitError } = await import('../schemas');
         |     ^
      96 |     await expect(
      97 |       geminiGenerateStructuredJsonSdk([{ role: 'user', content: 'x' }], schema, 'k', 'low'),
      98 |     ).rejects.toBeInstanceOf(RateLimitError);

      at Object.<anonymous> (src/services/ai/google/geminiStructured.unit.test.ts:95:5)
      at asyncGeneratorStep (node_modules/@babel/runtime/helpers/asyncToGenerator.js:3:17)
      at _next (node_modules/@babel/runtime/helpers/asyncToGenerator.js:17:9)
      at node_modules/@babel/runtime/helpers/asyncToGenerator.js:22:7
      at Object.<anonymous> (node_modules/@babel/runtime/helpers/asyncToGenerator.js:14:12)

FAIL src/services/transcriptStorage.unit.test.ts
  ● transcriptStorage › backupNoteToPublic › should save to cloud (SAF) and local public dir on Android

    TypeError: A dynamic import callback was invoked without --experimental-vm-modules

      40 |   }));
      41 |
    > 42 |   const service = await import('./transcriptStorage');
         |                ^
      43 |   return { service, mockFileSystem };
      44 | }
      45 |

      at src/services/transcriptStorage.unit.test.ts:42:16
      at asyncGeneratorStep (node_modules/@babel/runtime/helpers/asyncToGenerator.js:3:17)
      at _next (node_modules/@babel/runtime/helpers/asyncToGenerator.js:17:9)
      at node_modules/@babel/runtime/helpers/asyncToGenerator.js:22:7
      at node_modules/@babel/runtime/helpers/asyncToGenerator.js:14:12
      at apply (src/services/transcriptStorage.unit.test.ts:44:2)
      at apply (src/services/transcriptStorage.unit.test.ts:6:27)
      at Object.loadService (src/services/transcriptStorage.unit.test.ts:79:49)
      at asyncGeneratorStep (node_modules/@babel/runtime/helpers/asyncToGenerator.js:3:17)
      at _next (node_modules/@babel/runtime/helpers/asyncToGenerator.js:17:9)
      at node_modules/@babel/runtime/helpers/asyncToGenerator.js:22:7
      at Object.<anonymous> (node_modules/@babel/runtime/helpers/asyncToGenerator.js:14:12)

  ● transcriptStorage › backupNoteToPublic › should save to public directory even if cloud backup is disabled

    TypeError: A dynamic import callback was invoked without --experimental-vm-modules

      40 |   }));
      41 |
    > 42 |   const service = await import('./transcriptStorage');
         |                ^
      43 |   return { service, mockFileSystem };
      44 | }
      45 |

      at src/services/transcriptStorage.unit.test.ts:42:16
      at asyncGeneratorStep (node_modules/@babel/runtime/helpers/asyncToGenerator.js:3:17)
      at _next (node_modules/@babel/runtime/helpers/asyncToGenerator.js:17:9)
      at node_modules/@babel/runtime/helpers/asyncToGenerator.js:22:7
      at node_modules/@babel/runtime/helpers/asyncToGenerator.js:14:12
      at apply (src/services/transcriptStorage.unit.test.ts:6:27)
      at Object.loadService (src/services/transcriptStorage.unit.test.ts:116:49)
      at asyncGeneratorStep (node_modules/@babel/runtime/helpers/asyncToGenerator.js:3:17)
      at _next (node_modules/@babel/runtime/helpers/asyncToGenerator.js:17:9)
      at node_modules/@babel/runtime/helpers/asyncToGenerator.js:22:7
      at Object.<anonymous> (node_modules/@babel/runtime/helpers/asyncToGenerator.js:14:12)

  ● transcriptStorage › backupNoteToPublic › should handle missing PUBLIC_NOTES_DIR gracefully

    TypeError: A dynamic import callback was invoked without --experimental-vm-modules

      40 |   }));
      41 |
    > 42 |   const service = await import('./transcriptStorage');
         |                ^
      43 |   return { service, mockFileSystem };
      44 | }
      45 |

      at src/services/transcriptStorage.unit.test.ts:42:16
      at asyncGeneratorStep (node_modules/@babel/runtime/helpers/asyncToGenerator.js:3:17)
      at _next (node_modules/@babel/runtime/helpers/asyncToGenerator.js:17:9)
      at node_modules/@babel/runtime/helpers/asyncToGenerator.js:22:7
      at node_modules/@babel/runtime/helpers/asyncToGenerator.js:14:12
      at apply (src/services/transcriptStorage.unit.test.ts:6:27)
      at Object.loadService (src/services/transcriptStorage.unit.test.ts:145:49)
      at asyncGeneratorStep (node_modules/@babel/runtime/helpers/asyncToGenerator.js:3:17)
      at _next (node_modules/@babel/runtime/helpers/asyncToGenerator.js:17:9)
      at node_modules/@babel/runtime/helpers/asyncToGenerator.js:22:7
      at Object.<anonymous> (node_modules/@babel/runtime/helpers/asyncToGenerator.js:14:12)

  ● transcriptStorage › saveTranscriptToFile › should save transcript locally, to SAF cloud, and public local backup

    TypeError: A dynamic import callback was invoked without --experimental-vm-modules

      40 |   }));
      41 |
    > 42 |   const service = await import('./transcriptStorage');
         |                ^
      43 |   return { service, mockFileSystem };
      44 | }
      45 |

      at src/services/transcriptStorage.unit.test.ts:42:16
      at asyncGeneratorStep (node_modules/@babel/runtime/helpers/asyncToGenerator.js:3:17)
      at _next (node_modules/@babel/runtime/helpers/asyncToGenerator.js:17:9)
      at node_modules/@babel/runtime/helpers/asyncToGenerator.js:22:7
      at node_modules/@babel/runtime/helpers/asyncToGenerator.js:14:12
      at apply (src/services/transcriptStorage.unit.test.ts:6:27)
      at Object.loadService (src/services/transcriptStorage.unit.test.ts:170:49)
      at asyncGeneratorStep (node_modules/@babel/runtime/helpers/asyncToGenerator.js:3:17)
      at _next (node_modules/@babel/runtime/helpers/asyncToGenerator.js:17:9)
      at node_modules/@babel/runtime/helpers/asyncToGenerator.js:22:7
      at Object.<anonymous> (node_modules/@babel/runtime/helpers/asyncToGenerator.js:14:12)

  ● transcriptStorage › saveTranscriptToFile › returns the text directly if it is not a path

    TypeError: A dynamic import callback was invoked without --experimental-vm-modules

      40 |   }));
      41 |
    > 42 |   const service = await import('./transcriptStorage');
         |                ^
      43 |   return { service, mockFileSystem };
      44 | }
      45 |

      at src/services/transcriptStorage.unit.test.ts:42:16
      at asyncGeneratorStep (node_modules/@babel/runtime/helpers/asyncToGenerator.js:3:17)
      at _next (node_modules/@babel/runtime/helpers/asyncToGenerator.js:17:9)
      at node_modules/@babel/runtime/helpers/asyncToGenerator.js:22:7
      at node_modules/@babel/runtime/helpers/asyncToGenerator.js:14:12
      at apply (src/services/transcriptStorage.unit.test.ts:6:27)
      at Object.loadService (src/services/transcriptStorage.unit.test.ts:215:33)
      at asyncGeneratorStep (node_modules/@babel/runtime/helpers/asyncToGenerator.js:3:17)
      at _next (node_modules/@babel/runtime/helpers/asyncToGenerator.js:17:9)
      at node_modules/@babel/runtime/helpers/asyncToGenerator.js:22:7
      at Object.<anonymous> (node_modules/@babel/runtime/helpers/asyncToGenerator.js:14:12)

  ● transcriptStorage › loadTranscriptFromFile › returns null if input is falsy

    TypeError: A dynamic import callback was invoked without --experimental-vm-modules

      40 |   }));
      41 |
    > 42 |   const service = await import('./transcriptStorage');
         |                ^
      43 |   return { service, mockFileSystem };
      44 | }
      45 |

      at src/services/transcriptStorage.unit.test.ts:42:16
      at asyncGeneratorStep (node_modules/@babel/runtime/helpers/asyncToGenerator.js:3:17)
      at _next (node_modules/@babel/runtime/helpers/asyncToGenerator.js:17:9)
      at node_modules/@babel/runtime/helpers/asyncToGenerator.js:22:7
      at node_modules/@babel/runtime/helpers/asyncToGenerator.js:14:12
      at apply (src/services/transcriptStorage.unit.test.ts:6:27)
      at Object.loadService (src/services/transcriptStorage.unit.test.ts:223:33)
      at asyncGeneratorStep (node_modules/@babel/runtime/helpers/asyncToGenerator.js:3:17)
      at _next (node_modules/@babel/runtime/helpers/asyncToGenerator.js:17:9)
      at node_modules/@babel/runtime/helpers/asyncToGenerator.js:22:7
      at Object.<anonymous> (node_modules/@babel/runtime/helpers/asyncToGenerator.js:14:12)

  ● transcriptStorage › loadTranscriptFromFile › returns the text if it is not a file URI

    TypeError: A dynamic import callback was invoked without --experimental-vm-modules

      40 |   }));
      41 |
    > 42 |   const service = await import('./transcriptStorage');
         |                ^
      43 |   return { service, mockFileSystem };
      44 | }
      45 |

      at src/services/transcriptStorage.unit.test.ts:42:16
      at asyncGeneratorStep (node_modules/@babel/runtime/helpers/asyncToGenerator.js:3:17)
      at _next (node_modules/@babel/runtime/helpers/asyncToGenerator.js:17:9)
      at node_modules/@babel/runtime/helpers/asyncToGenerator.js:22:7
      at node_modules/@babel/runtime/helpers/asyncToGenerator.js:14:12
      at apply (src/services/transcriptStorage.unit.test.ts:6:27)
      at Object.loadService (src/services/transcriptStorage.unit.test.ts:232:33)
      at asyncGeneratorStep (node_modules/@babel/runtime/helpers/asyncToGenerator.js:3:17)
      at _next (node_modules/@babel/runtime/helpers/asyncToGenerator.js:17:9)
      at node_modules/@babel/runtime/helpers/asyncToGenerator.js:22:7
      at Object.<anonymous> (node_modules/@babel/runtime/helpers/asyncToGenerator.js:14:12)

  ● transcriptStorage › loadTranscriptFromFile › loads from URI correctly

    TypeError: A dynamic import callback was invoked without --experimental-vm-modules

      40 |   }));
      41 |
    > 42 |   const service = await import('./transcriptStorage');
         |                ^
      43 |   return { service, mockFileSystem };
      44 | }
      45 |

      at src/services/transcriptStorage.unit.test.ts:42:16
      at asyncGeneratorStep (node_modules/@babel/runtime/helpers/asyncToGenerator.js:3:17)
      at _next (node_modules/@babel/runtime/helpers/asyncToGenerator.js:17:9)
      at node_modules/@babel/runtime/helpers/asyncToGenerator.js:22:7
      at node_modules/@babel/runtime/helpers/asyncToGenerator.js:14:12
      at apply (src/services/transcriptStorage.unit.test.ts:6:27)
      at Object.loadService (src/services/transcriptStorage.unit.test.ts:238:49)
      at asyncGeneratorStep (node_modules/@babel/runtime/helpers/asyncToGenerator.js:3:17)
      at _next (node_modules/@babel/runtime/helpers/asyncToGenerator.js:17:9)
      at node_modules/@babel/runtime/helpers/asyncToGenerator.js:22:7
      at Object.<anonymous> (node_modules/@babel/runtime/helpers/asyncToGenerator.js:14:12)

  ● transcriptStorage › loadTranscriptFromFile › falls back to local current directory if absolute path fails

    TypeError: A dynamic import callback was invoked without --experimental-vm-modules

      40 |   }));
      41 |
    > 42 |   const service = await import('./transcriptStorage');
         |                ^
      43 |   return { service, mockFileSystem };
      44 | }
      45 |

      at src/services/transcriptStorage.unit.test.ts:42:16
      at asyncGeneratorStep (node_modules/@babel/runtime/helpers/asyncToGenerator.js:3:17)
      at _next (node_modules/@babel/runtime/helpers/asyncToGenerator.js:17:9)
      at node_modules/@babel/runtime/helpers/asyncToGenerator.js:22:7
      at node_modules/@babel/runtime/helpers/asyncToGenerator.js:14:12
      at apply (src/services/transcriptStorage.unit.test.ts:6:27)
      at Object.loadService (src/services/transcriptStorage.unit.test.ts:250:49)
      at asyncGeneratorStep (node_modules/@babel/runtime/helpers/asyncToGenerator.js:3:17)
      at _next (node_modules/@babel/runtime/helpers/asyncToGenerator.js:17:9)
      at node_modules/@babel/runtime/helpers/asyncToGenerator.js:22:7
      at Object.<anonymous> (node_modules/@babel/runtime/helpers/asyncToGenerator.js:14:12)

  ● transcriptStorage › loadTranscriptFromFile › returns an error message if both primary and fallback paths fail

    TypeError: A dynamic import callback was invoked without --experimental-vm-modules

      40 |   }));
      41 |
    > 42 |   const service = await import('./transcriptStorage');
         |                ^
      43 |   return { service, mockFileSystem };
      44 | }
      45 |

      at src/services/transcriptStorage.unit.test.ts:42:16
      at asyncGeneratorStep (node_modules/@babel/runtime/helpers/asyncToGenerator.js:3:17)
      at _next (node_modules/@babel/runtime/helpers/asyncToGenerator.js:17:9)
      at node_modules/@babel/runtime/helpers/asyncToGenerator.js:22:7
      at node_modules/@babel/runtime/helpers/asyncToGenerator.js:14:12
      at apply (src/services/transcriptStorage.unit.test.ts:6:27)
      at Object.loadService (src/services/transcriptStorage.unit.test.ts:276:49)
      at asyncGeneratorStep (node_modules/@babel/runtime/helpers/asyncToGenerator.js:3:17)
      at _next (node_modules/@babel/runtime/helpers/asyncToGenerator.js:17:9)
      at node_modules/@babel/runtime/helpers/asyncToGenerator.js:22:7
      at Object.<anonymous> (node_modules/@babel/runtime/helpers/asyncToGenerator.js:14:12)

  ● transcriptStorage › loadTranscriptFromFile › returns an error message immediately if original URI is already the current fallback URI and fails

    TypeError: A dynamic import callback was invoked without --experimental-vm-modules

      40 |   }));
      41 |
    > 42 |   const service = await import('./transcriptStorage');
         |                ^
      43 |   return { service, mockFileSystem };
      44 | }
      45 |

      at src/services/transcriptStorage.unit.test.ts:42:16
      at asyncGeneratorStep (node_modules/@babel/runtime/helpers/asyncToGenerator.js:3:17)
      at _next (node_modules/@babel/runtime/helpers/asyncToGenerator.js:17:9)
      at node_modules/@babel/runtime/helpers/asyncToGenerator.js:22:7
      at node_modules/@babel/runtime/helpers/asyncToGenerator.js:14:12
      at apply (src/services/transcriptStorage.unit.test.ts:6:27)
      at Object.loadService (src/services/transcriptStorage.unit.test.ts:291:49)
      at asyncGeneratorStep (node_modules/@babel/runtime/helpers/asyncToGenerator.js:3:17)
      at _next (node_modules/@babel/runtime/helpers/asyncToGenerator.js:17:9)
      at node_modules/@babel/runtime/helpers/asyncToGenerator.js:22:7
      at Object.<anonymous> (node_modules/@babel/runtime/helpers/asyncToGenerator.js:14:12)

  ● transcriptStorage › moveFileToRecovery › copies file to recovery folder and returns new URI

    TypeError: A dynamic import callback was invoked without --experimental-vm-modules

      40 |   }));
      41 |
    > 42 |   const service = await import('./transcriptStorage');
         |                ^
      43 |   return { service, mockFileSystem };
      44 | }
      45 |

      at src/services/transcriptStorage.unit.test.ts:42:16
      at asyncGeneratorStep (node_modules/@babel/runtime/helpers/asyncToGenerator.js:3:17)
      at _next (node_modules/@babel/runtime/helpers/asyncToGenerator.js:17:9)
      at node_modules/@babel/runtime/helpers/asyncToGenerator.js:22:7
      at node_modules/@babel/runtime/helpers/asyncToGenerator.js:14:12
      at apply (src/services/transcriptStorage.unit.test.ts:6:27)
      at Object.loadService (src/services/transcriptStorage.unit.test.ts:309:49)
      at asyncGeneratorStep (node_modules/@babel/runtime/helpers/asyncToGenerator.js:3:17)
      at _next (node_modules/@babel/runtime/helpers/asyncToGenerator.js:17:9)
      at node_modules/@babel/runtime/helpers/asyncToGenerator.js:22:7
      at Object.<anonymous> (node_modules/@babel/runtime/helpers/asyncToGenerator.js:14:12)

  ● transcriptStorage › moveFileToRecovery › returns original URI when recovery copy fails

    TypeError: A dynamic import callback was invoked without --experimental-vm-modules

      40 |   }));
      41 |
    > 42 |   const service = await import('./transcriptStorage');
         |                ^
      43 |   return { service, mockFileSystem };
      44 | }
      45 |

      at src/services/transcriptStorage.unit.test.ts:42:16
      at asyncGeneratorStep (node_modules/@babel/runtime/helpers/asyncToGenerator.js:3:17)
      at _next (node_modules/@babel/runtime/helpers/asyncToGenerator.js:17:9)
      at node_modules/@babel/runtime/helpers/asyncToGenerator.js:22:7
      at node_modules/@babel/runtime/helpers/asyncToGenerator.js:14:12
      at apply (src/services/transcriptStorage.unit.test.ts:6:27)
      at Object.loadService (src/services/transcriptStorage.unit.test.ts:328:49)
      at asyncGeneratorStep (node_modules/@babel/runtime/helpers/asyncToGenerator.js:3:17)
      at _next (node_modules/@babel/runtime/helpers/asyncToGenerator.js:17:9)
      at node_modules/@babel/runtime/helpers/asyncToGenerator.js:22:7
      at Object.<anonymous> (node_modules/@babel/runtime/helpers/asyncToGenerator.js:14:12)

  ● transcriptStorage › renameRecordingToLectureIdentity › renames file URI and returns updated URI

    TypeError: A dynamic import callback was invoked without --experimental-vm-modules

      40 |   }));
      41 |
    > 42 |   const service = await import('./transcriptStorage');
         |                ^
      43 |   return { service, mockFileSystem };
      44 | }
      45 |

      at src/services/transcriptStorage.unit.test.ts:42:16
      at asyncGeneratorStep (node_modules/@babel/runtime/helpers/asyncToGenerator.js:3:17)
      at _next (node_modules/@babel/runtime/helpers/asyncToGenerator.js:17:9)
      at node_modules/@babel/runtime/helpers/asyncToGenerator.js:22:7
      at node_modules/@babel/runtime/helpers/asyncToGenerator.js:14:12
      at apply (src/services/transcriptStorage.unit.test.ts:6:27)
      at Object.loadService (src/services/transcriptStorage.unit.test.ts:338:49)
      at asyncGeneratorStep (node_modules/@babel/runtime/helpers/asyncToGenerator.js:3:17)
      at _next (node_modules/@babel/runtime/helpers/asyncToGenerator.js:17:9)
      at node_modules/@babel/runtime/helpers/asyncToGenerator.js:22:7
      at Object.<anonymous> (node_modules/@babel/runtime/helpers/asyncToGenerator.js:14:12)

  ● transcriptStorage › renameRecordingToLectureIdentity › preserves raw path format when input has no file:// prefix

    TypeError: A dynamic import callback was invoked without --experimental-vm-modules

      40 |   }));
      41 |
    > 42 |   const service = await import('./transcriptStorage');
         |                ^
      43 |   return { service, mockFileSystem };
      44 | }
      45 |

      at src/services/transcriptStorage.unit.test.ts:42:16
      at asyncGeneratorStep (node_modules/@babel/runtime/helpers/asyncToGenerator.js:3:17)
      at _next (node_modules/@babel/runtime/helpers/asyncToGenerator.js:17:9)
      at node_modules/@babel/runtime/helpers/asyncToGenerator.js:22:7
      at node_modules/@babel/runtime/helpers/asyncToGenerator.js:14:12
      at apply (src/services/transcriptStorage.unit.test.ts:6:27)
      at Object.loadService (src/services/transcriptStorage.unit.test.ts:356:49)
      at asyncGeneratorStep (node_modules/@babel/runtime/helpers/asyncToGenerator.js:3:17)
      at _next (node_modules/@babel/runtime/helpers/asyncToGenerator.js:17:9)
      at node_modules/@babel/runtime/helpers/asyncToGenerator.js:22:7
      at Object.<anonymous> (node_modules/@babel/runtime/helpers/asyncToGenerator.js:14:12)

  ● transcriptStorage › getTranscriptText › returns null for blank inputs

    TypeError: A dynamic import callback was invoked without --experimental-vm-modules

      40 |   }));
      41 |
    > 42 |   const service = await import('./transcriptStorage');
         |                ^
      43 |   return { service, mockFileSystem };
      44 | }
      45 |

      at src/services/transcriptStorage.unit.test.ts:42:16
      at asyncGeneratorStep (node_modules/@babel/runtime/helpers/asyncToGenerator.js:3:17)
      at _next (node_modules/@babel/runtime/helpers/asyncToGenerator.js:17:9)
      at node_modules/@babel/runtime/helpers/asyncToGenerator.js:22:7
      at node_modules/@babel/runtime/helpers/asyncToGenerator.js:14:12
      at apply (src/services/transcriptStorage.unit.test.ts:6:27)
      at Object.loadService (src/services/transcriptStorage.unit.test.ts:376:33)
      at asyncGeneratorStep (node_modules/@babel/runtime/helpers/asyncToGenerator.js:3:17)
      at _next (node_modules/@babel/runtime/helpers/asyncToGenerator.js:17:9)
      at node_modules/@babel/runtime/helpers/asyncToGenerator.js:22:7
      at Object.<anonymous> (node_modules/@babel/runtime/helpers/asyncToGenerator.js:14:12)

  ● transcriptStorage › getTranscriptText › resolves transcript text for non-blank values

    TypeError: A dynamic import callback was invoked without --experimental-vm-modules

      40 |   }));
      41 |
    > 42 |   const service = await import('./transcriptStorage');
         |                ^
      43 |   return { service, mockFileSystem };
      44 | }
      45 |

      at src/services/transcriptStorage.unit.test.ts:42:16
      at asyncGeneratorStep (node_modules/@babel/runtime/helpers/asyncToGenerator.js:3:17)
      at _next (node_modules/@babel/runtime/helpers/asyncToGenerator.js:17:9)
      at node_modules/@babel/runtime/helpers/asyncToGenerator.js:22:7
      at node_modules/@babel/runtime/helpers/asyncToGenerator.js:14:12
      at apply (src/services/transcriptStorage.unit.test.ts:6:27)
      at Object.loadService (src/services/transcriptStorage.unit.test.ts:383:49)
      at asyncGeneratorStep (node_modules/@babel/runtime/helpers/asyncToGenerator.js:3:17)
      at _next (node_modules/@babel/runtime/helpers/asyncToGenerator.js:17:9)
      at node_modules/@babel/runtime/helpers/asyncToGenerator.js:22:7
      at Object.<anonymous> (node_modules/@babel/runtime/helpers/asyncToGenerator.js:14:12)

FAIL src/services/offlineQueue.unit.test.ts
  ● offlineQueue › processQueue › skips immediate foreground re-processing right after a manual run

    TypeError: A dynamic import callback was invoked without --experimental-vm-modules

      230 |       }));
      231 |
    > 232 |       const isolatedModule = await import('./offlineQueue');
          |                           ^
      233 |
      234 |       await isolatedModule.processQueue();
      235 |       expect(isolatedDb.getAllAsync).toHaveBeenCalledTimes(1);

      at Object.<anonymous> (src/services/offlineQueue.unit.test.ts:232:27)
      at asyncGeneratorStep (node_modules/@babel/runtime/helpers/asyncToGenerator.js:3:17)
      at _next (node_modules/@babel/runtime/helpers/asyncToGenerator.js:17:9)
      at node_modules/@babel/runtime/helpers/asyncToGenerator.js:22:7
      at Object.<anonymous> (node_modules/@babel/runtime/helpers/asyncToGenerator.js:14:12)

  ● offlineQueue › processQueue › does not process from foreground listener before the initial explicit queue run

    TypeError: A dynamic import callback was invoked without --experimental-vm-modules

      270 |       }));
      271 |
    > 272 |       await import('./offlineQueue');
          |       ^
      273 |
      274 |       const activeListener = addEventListener.mock.calls.find(
      275 |         ([eventName]: [string]) => eventName === 'change',

      at Object.<anonymous> (src/services/offlineQueue.unit.test.ts:272:7)
      at asyncGeneratorStep (node_modules/@babel/runtime/helpers/asyncToGenerator.js:3:17)
      at _next (node_modules/@babel/runtime/helpers/asyncToGenerator.js:17:9)
      at node_modules/@babel/runtime/helpers/asyncToGenerator.js:22:7
      at Object.<anonymous> (node_modules/@babel/runtime/helpers/asyncToGenerator.js:14:12)

FAIL src/services/backgroundTasks.unit.test.ts
  ● backgroundTasks › task definition › should prefetch content for due or unseen topics

    expect(received).toBe(expected) // Object.is equality

    Expected: 1
    Received: 2

      107 |       const result = await capturedTaskCallback();
      108 |
    > 109 |       expect(result).toBe(BackgroundTask.BackgroundTaskResult.Success);
          |                      ^
      110 |       expect(prefetchTopicContent).toHaveBeenCalledTimes(2); // Topic 1 and Topic 2
      111 |       expect(prefetchTopicContent).toHaveBeenNthCalledWith(
      112 |         1,

      at Object.toBe (src/services/backgroundTasks.unit.test.ts:109:22)
      at asyncGeneratorStep (node_modules/@babel/runtime/helpers/asyncToGenerator.js:3:17)
      at _next (node_modules/@babel/runtime/helpers/asyncToGenerator.js:17:9)

  ● backgroundTasks › task definition › should return NoData if no candidates found

    expect(received).toBe(expected) // Object.is equality

    Expected: 1
    Received: 2

      132 |       const result = await capturedTaskCallback();
      133 |
    > 134 |       expect(result).toBe(BackgroundTask.BackgroundTaskResult.Success);
          |                      ^
      135 |     });
      136 |
      137 |     it('should return Failed if an error occurs', async () => {

      at Object.toBe (src/services/backgroundTasks.unit.test.ts:134:22)
      at asyncGeneratorStep (node_modules/@babel/runtime/helpers/asyncToGenerator.js:3:17)
      at _next (node_modules/@babel/runtime/helpers/asyncToGenerator.js:17:9)

  ● backgroundTasks › task definition › should filter blocked content types

    TypeError: Cannot read properties of undefined (reading '1')

      154 |       await capturedTaskCallback();
      155 |
    > 156 |       const typesToFetch = (prefetchTopicContent as jest.Mock).mock.calls[0][1];
          |                                                                             ^
      157 |       expect(typesToFetch).not.toContain('keypoints');
      158 |       expect((prefetchTopicContent as jest.Mock).mock.calls[0][2]).toBe('groq');
      159 |     });

      at Object.<anonymous> (src/services/backgroundTasks.unit.test.ts:156:77)
      at asyncGeneratorStep (node_modules/@babel/runtime/helpers/asyncToGenerator.js:3:17)
      at _next (node_modules/@babel/runtime/helpers/asyncToGenerator.js:17:9)

  ● backgroundTasks › warmAiContentCache › prefetches a small candidate set on app-open warmup without notification refresh

    TypeError: A dynamic import callback was invoked without --experimental-vm-modules

      33 |   refreshNotifications?: boolean;
      34 | }): Promise<number> {
    > 35 |   const { prefetchTopicContent } = await import('./aiService');
         |   ^
      36 |   const profile = await profileRepository.getProfile();
      37 |   const allTopics = await getAllTopicsWithProgress();
      38 |   const candidates = selectPrefetchCandidates(

      at src/services/backgroundTasks.ts:35:3
      at asyncGeneratorStep (node_modules/@babel/runtime/helpers/asyncToGenerator.js:3:17)
      at _next (node_modules/@babel/runtime/helpers/asyncToGenerator.js:17:9)
      at node_modules/@babel/runtime/helpers/asyncToGenerator.js:22:7
      at node_modules/@babel/runtime/helpers/asyncToGenerator.js:14:12
      at apply (src/services/backgroundTasks.ts:31:41)
      at Object.<anonymous> (src/services/backgroundTasks.unit.test.ts:173:45)
      at asyncGeneratorStep (node_modules/@babel/runtime/helpers/asyncToGenerator.js:3:17)
      at _next (node_modules/@babel/runtime/helpers/asyncToGenerator.js:17:9)
      at node_modules/@babel/runtime/helpers/asyncToGenerator.js:22:7
      at Object.<anonymous> (node_modules/@babel/runtime/helpers/asyncToGenerator.js:14:12)

FAIL src/services/ai/llmRouting.unit.test.ts
  ● llmRouting › clears local model profile state when model file is missing/corrupt

    TypeError: A dynamic import callback was invoked without --experimental-vm-modules

      24 |   }));
      25 |
    > 26 |   const module = await import('./llmRouting');
         |               ^
      27 |   return {
      28 |     module,
      29 |     initializeMock,

      at src/services/ai/llmRouting.unit.test.ts:26:15
      at asyncGeneratorStep (node_modules/@babel/runtime/helpers/asyncToGenerator.js:3:17)
      at _next (node_modules/@babel/runtime/helpers/asyncToGenerator.js:17:9)
      at node_modules/@babel/runtime/helpers/asyncToGenerator.js:22:7
      at node_modules/@babel/runtime/helpers/asyncToGenerator.js:14:12
      at apply (src/services/ai/llmRouting.unit.test.ts:36:2)
      at apply (src/services/ai/llmRouting.unit.test.ts:1:33)
      at Object.loadRoutingModule (src/services/ai/llmRouting.unit.test.ts:44:59)
      at asyncGeneratorStep (node_modules/@babel/runtime/helpers/asyncToGenerator.js:3:17)
      at _next (node_modules/@babel/runtime/helpers/asyncToGenerator.js:17:9)
      at node_modules/@babel/runtime/helpers/asyncToGenerator.js:22:7
      at Object.<anonymous> (node_modules/@babel/runtime/helpers/asyncToGenerator.js:14:12)

  ● llmRouting › throws error when local model returns empty response

    TypeError: A dynamic import callback was invoked without --experimental-vm-modules

      24 |   }));
      25 |
    > 26 |   const module = await import('./llmRouting');
         |               ^
      27 |   return {
      28 |     module,
      29 |     initializeMock,

      at src/services/ai/llmRouting.unit.test.ts:26:15
      at asyncGeneratorStep (node_modules/@babel/runtime/helpers/asyncToGenerator.js:3:17)
      at _next (node_modules/@babel/runtime/helpers/asyncToGenerator.js:17:9)
      at node_modules/@babel/runtime/helpers/asyncToGenerator.js:22:7
      at node_modules/@babel/runtime/helpers/asyncToGenerator.js:14:12
      at apply (src/services/ai/llmRouting.unit.test.ts:1:33)
      at Object.loadRoutingModule (src/services/ai/llmRouting.unit.test.ts:56:40)
      at asyncGeneratorStep (node_modules/@babel/runtime/helpers/asyncToGenerator.js:3:17)
      at _next (node_modules/@babel/runtime/helpers/asyncToGenerator.js:17:9)
      at node_modules/@babel/runtime/helpers/asyncToGenerator.js:22:7
      at Object.<anonymous> (node_modules/@babel/runtime/helpers/asyncToGenerator.js:14:12)

  ● llmRouting › reports the correct local Gemma variant for E2B files

    TypeError: A dynamic import callback was invoked without --experimental-vm-modules

      24 |   }));
      25 |
    > 26 |   const module = await import('./llmRouting');
         |               ^
      27 |   return {
      28 |     module,
      29 |     initializeMock,

      at src/services/ai/llmRouting.unit.test.ts:26:15
      at asyncGeneratorStep (node_modules/@babel/runtime/helpers/asyncToGenerator.js:3:17)
      at _next (node_modules/@babel/runtime/helpers/asyncToGenerator.js:17:9)
      at node_modules/@babel/runtime/helpers/asyncToGenerator.js:22:7
      at node_modules/@babel/runtime/helpers/asyncToGenerator.js:14:12
      at apply (src/services/ai/llmRouting.unit.test.ts:1:33)
      at Object.loadRoutingModule (src/services/ai/llmRouting.unit.test.ts:66:30)
      at asyncGeneratorStep (node_modules/@babel/runtime/helpers/asyncToGenerator.js:3:17)
      at _next (node_modules/@babel/runtime/helpers/asyncToGenerator.js:17:9)
      at node_modules/@babel/runtime/helpers/asyncToGenerator.js:22:7
      at Object.<anonymous> (node_modules/@babel/runtime/helpers/asyncToGenerator.js:14:12)

  ● llmRouting › loads Gemma 4 without overriding the native token budget

    TypeError: A dynamic import callback was invoked without --experimental-vm-modules

      24 |   }));
      25 |
    > 26 |   const module = await import('./llmRouting');
         |               ^
      27 |   return {
      28 |     module,
      29 |     initializeMock,

      at src/services/ai/llmRouting.unit.test.ts:26:15
      at asyncGeneratorStep (node_modules/@babel/runtime/helpers/asyncToGenerator.js:3:17)
      at _next (node_modules/@babel/runtime/helpers/asyncToGenerator.js:17:9)
      at node_modules/@babel/runtime/helpers/asyncToGenerator.js:22:7
      at node_modules/@babel/runtime/helpers/asyncToGenerator.js:14:12
      at apply (src/services/ai/llmRouting.unit.test.ts:1:33)
      at Object.loadRoutingModule (src/services/ai/llmRouting.unit.test.ts:78:46)
      at asyncGeneratorStep (node_modules/@babel/runtime/helpers/asyncToGenerator.js:3:17)
      at _next (node_modules/@babel/runtime/helpers/asyncToGenerator.js:17:9)
      at node_modules/@babel/runtime/helpers/asyncToGenerator.js:22:7
      at Object.<anonymous> (node_modules/@babel/runtime/helpers/asyncToGenerator.js:14:12)

  ● llmRouting › releaseLlamaContext does nothing when context is in use

    TypeError: A dynamic import callback was invoked without --experimental-vm-modules

      114 |     }));
      115 |
    > 116 |     const module = await import('./llmRouting');
          |                 ^
      117 |
      118 |     // Start a generation (it will be in flight)
      119 |     let resolveGenerate: (val: { text: string; backend: string }) => void;

      at Object.<anonymous> (src/services/ai/llmRouting.unit.test.ts:116:17)
      at asyncGeneratorStep (node_modules/@babel/runtime/helpers/asyncToGenerator.js:3:17)
      at _next (node_modules/@babel/runtime/helpers/asyncToGenerator.js:17:9)
      at node_modules/@babel/runtime/helpers/asyncToGenerator.js:22:7
      at Object.<anonymous> (node_modules/@babel/runtime/helpers/asyncToGenerator.js:14:12)

FAIL src/services/ai/imageGeneration.unit.test.ts
  ● ai/imageGeneration › uses Gemini first and saves the generated image locally

    TypeError: A dynamic import callback was invoked without --experimental-vm-modules

      67 |   }));
      68 |
    > 69 |   return import('./imageGeneration');
         |   ^
      70 | }
      71 |
      72 | describe('ai/imageGeneration', () => {

      at src/services/ai/imageGeneration.unit.test.ts:69:3
      at asyncGeneratorStep (node_modules/@babel/runtime/helpers/asyncToGenerator.js:3:17)
      at _next (node_modules/@babel/runtime/helpers/asyncToGenerator.js:17:9)
      at node_modules/@babel/runtime/helpers/asyncToGenerator.js:22:7
      at node_modules/@babel/runtime/helpers/asyncToGenerator.js:14:12
      at apply (src/services/ai/imageGeneration.unit.test.ts:70:2)
      at apply (src/services/ai/imageGeneration.unit.test.ts:6:26)
      at Object.loadModule (src/services/ai/imageGeneration.unit.test.ts:95:37)
      at asyncGeneratorStep (node_modules/@babel/runtime/helpers/asyncToGenerator.js:3:17)
      at _next (node_modules/@babel/runtime/helpers/asyncToGenerator.js:17:9)
      at node_modules/@babel/runtime/helpers/asyncToGenerator.js:22:7
      at Object.<anonymous> (node_modules/@babel/runtime/helpers/asyncToGenerator.js:14:12)

  ● ai/imageGeneration › falls back to Cloudflare when Gemini fails

    TypeError: A dynamic import callback was invoked without --experimental-vm-modules

      67 |   }));
      68 |
    > 69 |   return import('./imageGeneration');
         |   ^
      70 | }
      71 |
      72 | describe('ai/imageGeneration', () => {

      at src/services/ai/imageGeneration.unit.test.ts:69:3
      at asyncGeneratorStep (node_modules/@babel/runtime/helpers/asyncToGenerator.js:3:17)
      at _next (node_modules/@babel/runtime/helpers/asyncToGenerator.js:17:9)
      at node_modules/@babel/runtime/helpers/asyncToGenerator.js:22:7
      at node_modules/@babel/runtime/helpers/asyncToGenerator.js:14:12
      at apply (src/services/ai/imageGeneration.unit.test.ts:6:26)
      at Object.loadModule (src/services/ai/imageGeneration.unit.test.ts:141:37)
      at asyncGeneratorStep (node_modules/@babel/runtime/helpers/asyncToGenerator.js:3:17)
      at _next (node_modules/@babel/runtime/helpers/asyncToGenerator.js:17:9)
      at node_modules/@babel/runtime/helpers/asyncToGenerator.js:22:7
      at Object.<anonymous> (node_modules/@babel/runtime/helpers/asyncToGenerator.js:14:12)

  ● ai/imageGeneration › uses only Cloudflare when imageGenerationModel is a CF model id

    TypeError: A dynamic import callback was invoked without --experimental-vm-modules

      67 |   }));
      68 |
    > 69 |   return import('./imageGeneration');
         |   ^
      70 | }
      71 |
      72 | describe('ai/imageGeneration', () => {

      at src/services/ai/imageGeneration.unit.test.ts:69:3
      at asyncGeneratorStep (node_modules/@babel/runtime/helpers/asyncToGenerator.js:3:17)
      at _next (node_modules/@babel/runtime/helpers/asyncToGenerator.js:17:9)
      at node_modules/@babel/runtime/helpers/asyncToGenerator.js:22:7
      at node_modules/@babel/runtime/helpers/asyncToGenerator.js:14:12
      at apply (src/services/ai/imageGeneration.unit.test.ts:6:26)
      at Object.loadModule (src/services/ai/imageGeneration.unit.test.ts:174:37)
      at asyncGeneratorStep (node_modules/@babel/runtime/helpers/asyncToGenerator.js:3:17)
      at _next (node_modules/@babel/runtime/helpers/asyncToGenerator.js:17:9)
      at node_modules/@babel/runtime/helpers/asyncToGenerator.js:22:7
      at Object.<anonymous> (node_modules/@babel/runtime/helpers/asyncToGenerator.js:14:12)

  ● ai/imageGeneration › does not fall back to Cloudflare when Gemini-only and Gemini fails

    TypeError: A dynamic import callback was invoked without --experimental-vm-modules

      67 |   }));
      68 |
    > 69 |   return import('./imageGeneration');
         |   ^
      70 | }
      71 |
      72 | describe('ai/imageGeneration', () => {

      at src/services/ai/imageGeneration.unit.test.ts:69:3
      at asyncGeneratorStep (node_modules/@babel/runtime/helpers/asyncToGenerator.js:3:17)
      at _next (node_modules/@babel/runtime/helpers/asyncToGenerator.js:17:9)
      at node_modules/@babel/runtime/helpers/asyncToGenerator.js:22:7
      at node_modules/@babel/runtime/helpers/asyncToGenerator.js:14:12
      at apply (src/services/ai/imageGeneration.unit.test.ts:6:26)
      at Object.loadModule (src/services/ai/imageGeneration.unit.test.ts:199:37)
      at asyncGeneratorStep (node_modules/@babel/runtime/helpers/asyncToGenerator.js:3:17)
      at _next (node_modules/@babel/runtime/helpers/asyncToGenerator.js:17:9)
      at node_modules/@babel/runtime/helpers/asyncToGenerator.js:22:7
      at Object.<anonymous> (node_modules/@babel/runtime/helpers/asyncToGenerator.js:14:12)

  ● ai/imageGeneration › uses Cloudflare when Gemini key is missing

    TypeError: A dynamic import callback was invoked without --experimental-vm-modules

      67 |   }));
      68 |
    > 69 |   return import('./imageGeneration');
         |   ^
      70 | }
      71 |
      72 | describe('ai/imageGeneration', () => {

      at src/services/ai/imageGeneration.unit.test.ts:69:3
      at asyncGeneratorStep (node_modules/@babel/runtime/helpers/asyncToGenerator.js:3:17)
      at _next (node_modules/@babel/runtime/helpers/asyncToGenerator.js:17:9)
      at node_modules/@babel/runtime/helpers/asyncToGenerator.js:22:7
      at node_modules/@babel/runtime/helpers/asyncToGenerator.js:14:12
      at apply (src/services/ai/imageGeneration.unit.test.ts:6:26)
      at Object.loadModule (src/services/ai/imageGeneration.unit.test.ts:223:37)
      at asyncGeneratorStep (node_modules/@babel/runtime/helpers/asyncToGenerator.js:3:17)
      at _next (node_modules/@babel/runtime/helpers/asyncToGenerator.js:17:9)
      at node_modules/@babel/runtime/helpers/asyncToGenerator.js:22:7
      at Object.<anonymous> (node_modules/@babel/runtime/helpers/asyncToGenerator.js:14:12)

  ● ai/imageGeneration › throws a clear error when no image backend credentials are available

    TypeError: A dynamic import callback was invoked without --experimental-vm-modules

      67 |   }));
      68 |
    > 69 |   return import('./imageGeneration');
         |   ^
      70 | }
      71 |
      72 | describe('ai/imageGeneration', () => {

      at src/services/ai/imageGeneration.unit.test.ts:69:3
      at asyncGeneratorStep (node_modules/@babel/runtime/helpers/asyncToGenerator.js:3:17)
      at _next (node_modules/@babel/runtime/helpers/asyncToGenerator.js:17:9)
      at node_modules/@babel/runtime/helpers/asyncToGenerator.js:22:7
      at node_modules/@babel/runtime/helpers/asyncToGenerator.js:14:12
      at apply (src/services/ai/imageGeneration.unit.test.ts:6:26)
      at Object.loadModule (src/services/ai/imageGeneration.unit.test.ts:240:37)
      at asyncGeneratorStep (node_modules/@babel/runtime/helpers/asyncToGenerator.js:3:17)
      at _next (node_modules/@babel/runtime/helpers/asyncToGenerator.js:17:9)
      at node_modules/@babel/runtime/helpers/asyncToGenerator.js:22:7
      at Object.<anonymous> (node_modules/@babel/runtime/helpers/asyncToGenerator.js:14:12)

  ● ai/imageGeneration › uses fal when imageGenerationModel is a fal image model id

    TypeError: A dynamic import callback was invoked without --experimental-vm-modules

      67 |   }));
      68 |
    > 69 |   return import('./imageGeneration');
         |   ^
      70 | }
      71 |
      72 | describe('ai/imageGeneration', () => {

      at src/services/ai/imageGeneration.unit.test.ts:69:3
      at asyncGeneratorStep (node_modules/@babel/runtime/helpers/asyncToGenerator.js:3:17)
      at _next (node_modules/@babel/runtime/helpers/asyncToGenerator.js:17:9)
      at node_modules/@babel/runtime/helpers/asyncToGenerator.js:22:7
      at node_modules/@babel/runtime/helpers/asyncToGenerator.js:14:12
      at apply (src/services/ai/imageGeneration.unit.test.ts:6:26)
      at Object.loadModule (src/services/ai/imageGeneration.unit.test.ts:267:37)
      at asyncGeneratorStep (node_modules/@babel/runtime/helpers/asyncToGenerator.js:3:17)
      at _next (node_modules/@babel/runtime/helpers/asyncToGenerator.js:17:9)
      at node_modules/@babel/runtime/helpers/asyncToGenerator.js:22:7
      at Object.<anonymous> (node_modules/@babel/runtime/helpers/asyncToGenerator.js:14:12)

  ● ai/imageGeneration › uses the newer fal text-to-image payload for Nano Banana 2

    TypeError: A dynamic import callback was invoked without --experimental-vm-modules

      67 |   }));
      68 |
    > 69 |   return import('./imageGeneration');
         |   ^
      70 | }
      71 |
      72 | describe('ai/imageGeneration', () => {

      at src/services/ai/imageGeneration.unit.test.ts:69:3
      at asyncGeneratorStep (node_modules/@babel/runtime/helpers/asyncToGenerator.js:3:17)
      at _next (node_modules/@babel/runtime/helpers/asyncToGenerator.js:17:9)
      at node_modules/@babel/runtime/helpers/asyncToGenerator.js:22:7
      at node_modules/@babel/runtime/helpers/asyncToGenerator.js:14:12
      at apply (src/services/ai/imageGeneration.unit.test.ts:6:26)
      at Object.loadModule (src/services/ai/imageGeneration.unit.test.ts:309:37)
      at asyncGeneratorStep (node_modules/@babel/runtime/helpers/asyncToGenerator.js:3:17)
      at _next (node_modules/@babel/runtime/helpers/asyncToGenerator.js:17:9)
      at node_modules/@babel/runtime/helpers/asyncToGenerator.js:22:7
      at Object.<anonymous> (node_modules/@babel/runtime/helpers/asyncToGenerator.js:14:12)

  ● ai/imageGeneration › reports image generation as available when fal key is present

    TypeError: A dynamic import callback was invoked without --experimental-vm-modules

      67 |   }));
      68 |
    > 69 |   return import('./imageGeneration');
         |   ^
      70 | }
      71 |
      72 | describe('ai/imageGeneration', () => {

      at src/services/ai/imageGeneration.unit.test.ts:69:3
      at asyncGeneratorStep (node_modules/@babel/runtime/helpers/asyncToGenerator.js:3:17)
      at _next (node_modules/@babel/runtime/helpers/asyncToGenerator.js:17:9)
      at node_modules/@babel/runtime/helpers/asyncToGenerator.js:22:7
      at node_modules/@babel/runtime/helpers/asyncToGenerator.js:14:12
      at apply (src/services/ai/imageGeneration.unit.test.ts:6:26)
      at Object.loadModule (src/services/ai/imageGeneration.unit.test.ts:329:50)
      at asyncGeneratorStep (node_modules/@babel/runtime/helpers/asyncToGenerator.js:3:17)
      at _next (node_modules/@babel/runtime/helpers/asyncToGenerator.js:17:9)
      at node_modules/@babel/runtime/helpers/asyncToGenerator.js:22:7
      at Object.<anonymous> (node_modules/@babel/runtime/helpers/asyncToGenerator.js:14:12)

FAIL src/services/appLauncher.unit.test.ts
  ● appLauncher mock external lecture flow › uses mock audio URL launch path when mock mode is enabled

    TypeError: A dynamic import callback was invoked without --experimental-vm-modules

      74 |   }));
      75 |
    > 76 |   return import('./appLauncher');
         |   ^
      77 | }
      78 |
      79 | describe('appLauncher mock external lecture flow', () => {

      at src/services/appLauncher.unit.test.ts:76:3
      at asyncGeneratorStep (node_modules/@babel/runtime/helpers/asyncToGenerator.js:3:17)
      at _next (node_modules/@babel/runtime/helpers/asyncToGenerator.js:17:9)
      at node_modules/@babel/runtime/helpers/asyncToGenerator.js:22:7
      at node_modules/@babel/runtime/helpers/asyncToGenerator.js:14:12
      at apply (src/services/appLauncher.unit.test.ts:77:2)
      at apply (src/services/appLauncher.unit.test.ts:20:31)
      at Object.loadAppLauncher (src/services/appLauncher.unit.test.ts:93:31)
      at asyncGeneratorStep (node_modules/@babel/runtime/helpers/asyncToGenerator.js:3:17)
      at _next (node_modules/@babel/runtime/helpers/asyncToGenerator.js:17:9)
      at node_modules/@babel/runtime/helpers/asyncToGenerator.js:22:7
      at Object.<anonymous> (node_modules/@babel/runtime/helpers/asyncToGenerator.js:14:12)

  ● appLauncher mock external lecture flow › falls back safely when mock URL launch fails

    TypeError: A dynamic import callback was invoked without --experimental-vm-modules

      74 |   }));
      75 |
    > 76 |   return import('./appLauncher');
         |   ^
      77 | }
      78 |
      79 | describe('appLauncher mock external lecture flow', () => {

      at src/services/appLauncher.unit.test.ts:76:3
      at asyncGeneratorStep (node_modules/@babel/runtime/helpers/asyncToGenerator.js:3:17)
      at _next (node_modules/@babel/runtime/helpers/asyncToGenerator.js:17:9)
      at node_modules/@babel/runtime/helpers/asyncToGenerator.js:22:7
      at node_modules/@babel/runtime/helpers/asyncToGenerator.js:14:12
      at apply (src/services/appLauncher.unit.test.ts:20:31)
      at Object.loadAppLauncher (src/services/appLauncher.unit.test.ts:118:31)
      at asyncGeneratorStep (node_modules/@babel/runtime/helpers/asyncToGenerator.js:3:17)
      at _next (node_modules/@babel/runtime/helpers/asyncToGenerator.js:17:9)
      at node_modules/@babel/runtime/helpers/asyncToGenerator.js:22:7
      at Object.<anonymous> (node_modules/@babel/runtime/helpers/asyncToGenerator.js:14:12)

  ● appLauncher mock external lecture flow › keeps normal installed-app launch path when mock mode is disabled

    TypeError: A dynamic import callback was invoked without --experimental-vm-modules

      74 |   }));
      75 |
    > 76 |   return import('./appLauncher');
         |   ^
      77 | }
      78 |
      79 | describe('appLauncher mock external lecture flow', () => {

      at src/services/appLauncher.unit.test.ts:76:3
      at asyncGeneratorStep (node_modules/@babel/runtime/helpers/asyncToGenerator.js:3:17)
      at _next (node_modules/@babel/runtime/helpers/asyncToGenerator.js:17:9)
      at node_modules/@babel/runtime/helpers/asyncToGenerator.js:22:7
      at node_modules/@babel/runtime/helpers/asyncToGenerator.js:14:12
      at apply (src/services/appLauncher.unit.test.ts:20:31)
      at Object.loadAppLauncher (src/services/appLauncher.unit.test.ts:140:31)
      at asyncGeneratorStep (node_modules/@babel/runtime/helpers/asyncToGenerator.js:3:17)
      at _next (node_modules/@babel/runtime/helpers/asyncToGenerator.js:17:9)
      at node_modules/@babel/runtime/helpers/asyncToGenerator.js:22:7
      at Object.<anonymous> (node_modules/@babel/runtime/helpers/asyncToGenerator.js:14:12)

  ● appLauncher mock external lecture flow › enables the live quiz sidecar for installed-app launch when both deepgram and groq keys exist

    TypeError: A dynamic import callback was invoked without --experimental-vm-modules

      74 |   }));
      75 |
    > 76 |   return import('./appLauncher');
         |   ^
      77 | }
      78 |
      79 | describe('appLauncher mock external lecture flow', () => {

      at src/services/appLauncher.unit.test.ts:76:3
      at asyncGeneratorStep (node_modules/@babel/runtime/helpers/asyncToGenerator.js:3:17)
      at _next (node_modules/@babel/runtime/helpers/asyncToGenerator.js:17:9)
      at node_modules/@babel/runtime/helpers/asyncToGenerator.js:22:7
      at node_modules/@babel/runtime/helpers/asyncToGenerator.js:14:12
      at apply (src/services/appLauncher.unit.test.ts:20:31)
      at Object.loadAppLauncher (src/services/appLauncher.unit.test.ts:152:31)
      at asyncGeneratorStep (node_modules/@babel/runtime/helpers/asyncToGenerator.js:3:17)
      at _next (node_modules/@babel/runtime/helpers/asyncToGenerator.js:17:9)
      at node_modules/@babel/runtime/helpers/asyncToGenerator.js:22:7
      at Object.<anonymous> (node_modules/@babel/runtime/helpers/asyncToGenerator.js:14:12)

  ● appLauncher mock external lecture flow › falls back to audio-only recording when live quiz sidecar startup fails

    TypeError: A dynamic import callback was invoked without --experimental-vm-modules

      74 |   }));
      75 |
    > 76 |   return import('./appLauncher');
         |   ^
      77 | }
      78 |
      79 | describe('appLauncher mock external lecture flow', () => {

      at src/services/appLauncher.unit.test.ts:76:3
      at asyncGeneratorStep (node_modules/@babel/runtime/helpers/asyncToGenerator.js:3:17)
      at _next (node_modules/@babel/runtime/helpers/asyncToGenerator.js:17:9)
      at node_modules/@babel/runtime/helpers/asyncToGenerator.js:22:7
      at node_modules/@babel/runtime/helpers/asyncToGenerator.js:14:12
      at apply (src/services/appLauncher.unit.test.ts:20:31)
      at Object.loadAppLauncher (src/services/appLauncher.unit.test.ts:170:31)
      at asyncGeneratorStep (node_modules/@babel/runtime/helpers/asyncToGenerator.js:3:17)
      at _next (node_modules/@babel/runtime/helpers/asyncToGenerator.js:17:9)
      at node_modules/@babel/runtime/helpers/asyncToGenerator.js:22:7
      at Object.<anonymous> (node_modules/@babel/runtime/helpers/asyncToGenerator.js:14:12)

FAIL src/services/aiService.unit.test.ts
  ● aiService routing policy › uses OpenRouter after Groq models fail when both keys are available

    TypeError: A dynamic import callback was invoked without --experimental-vm-modules

      70 |   }));
      71 |
    > 72 |   const aiService = await import('./aiService');
         |                  ^
      73 |   return { aiService, chatMock };
      74 | }
      75 |

      at src/services/aiService.unit.test.ts:72:18
      at asyncGeneratorStep (node_modules/@babel/runtime/helpers/asyncToGenerator.js:3:17)
      at _next (node_modules/@babel/runtime/helpers/asyncToGenerator.js:17:9)
      at node_modules/@babel/runtime/helpers/asyncToGenerator.js:22:7
      at node_modules/@babel/runtime/helpers/asyncToGenerator.js:14:12
      at apply (src/services/aiService.unit.test.ts:74:2)
      at apply (src/services/aiService.unit.test.ts:15:29)
      at Object.loadAiService (src/services/aiService.unit.test.ts:82:33)
      at asyncGeneratorStep (node_modules/@babel/runtime/helpers/asyncToGenerator.js:3:17)
      at _next (node_modules/@babel/runtime/helpers/asyncToGenerator.js:17:9)
      at node_modules/@babel/runtime/helpers/asyncToGenerator.js:22:7
      at Object.<anonymous> (node_modules/@babel/runtime/helpers/asyncToGenerator.js:14:12)

  ● aiService routing policy › uses Groq after OpenRouter fails when both keys are available

    TypeError: A dynamic import callback was invoked without --experimental-vm-modules

      70 |   }));
      71 |
    > 72 |   const aiService = await import('./aiService');
         |                  ^
      73 |   return { aiService, chatMock };
      74 | }
      75 |

      at src/services/aiService.unit.test.ts:72:18
      at asyncGeneratorStep (node_modules/@babel/runtime/helpers/asyncToGenerator.js:3:17)
      at _next (node_modules/@babel/runtime/helpers/asyncToGenerator.js:17:9)
      at node_modules/@babel/runtime/helpers/asyncToGenerator.js:22:7
      at node_modules/@babel/runtime/helpers/asyncToGenerator.js:14:12
      at apply (src/services/aiService.unit.test.ts:15:29)
      at Object.loadAiService (src/services/aiService.unit.test.ts:121:33)
      at asyncGeneratorStep (node_modules/@babel/runtime/helpers/asyncToGenerator.js:3:17)
      at _next (node_modules/@babel/runtime/helpers/asyncToGenerator.js:17:9)
      at node_modules/@babel/runtime/helpers/asyncToGenerator.js:22:7
      at Object.<anonymous> (node_modules/@babel/runtime/helpers/asyncToGenerator.js:14:12)

  ● aiService routing policy › falls back to cloud if local fails

    TypeError: A dynamic import callback was invoked without --experimental-vm-modules

      70 |   }));
      71 |
    > 72 |   const aiService = await import('./aiService');
         |                  ^
      73 |   return { aiService, chatMock };
      74 | }
      75 |

      at src/services/aiService.unit.test.ts:72:18
      at asyncGeneratorStep (node_modules/@babel/runtime/helpers/asyncToGenerator.js:3:17)
      at _next (node_modules/@babel/runtime/helpers/asyncToGenerator.js:17:9)
      at node_modules/@babel/runtime/helpers/asyncToGenerator.js:22:7
      at node_modules/@babel/runtime/helpers/asyncToGenerator.js:14:12
      at apply (src/services/aiService.unit.test.ts:15:29)
      at Object.loadAiService (src/services/aiService.unit.test.ts:167:43)
      at asyncGeneratorStep (node_modules/@babel/runtime/helpers/asyncToGenerator.js:3:17)
      at _next (node_modules/@babel/runtime/helpers/asyncToGenerator.js:17:9)
      at node_modules/@babel/runtime/helpers/asyncToGenerator.js:22:7
      at Object.<anonymous> (node_modules/@babel/runtime/helpers/asyncToGenerator.js:14:12)

  ● aiService routing policy › prioritizes explicitly requested OpenRouter model

    TypeError: A dynamic import callback was invoked without --experimental-vm-modules

      70 |   }));
      71 |
    > 72 |   const aiService = await import('./aiService');
         |                  ^
      73 |   return { aiService, chatMock };
      74 | }
      75 |

      at src/services/aiService.unit.test.ts:72:18
      at asyncGeneratorStep (node_modules/@babel/runtime/helpers/asyncToGenerator.js:3:17)
      at _next (node_modules/@babel/runtime/helpers/asyncToGenerator.js:17:9)
      at node_modules/@babel/runtime/helpers/asyncToGenerator.js:22:7
      at node_modules/@babel/runtime/helpers/asyncToGenerator.js:14:12
      at apply (src/services/aiService.unit.test.ts:15:29)
      at Object.loadAiService (src/services/aiService.unit.test.ts:203:33)
      at asyncGeneratorStep (node_modules/@babel/runtime/helpers/asyncToGenerator.js:3:17)
      at _next (node_modules/@babel/runtime/helpers/asyncToGenerator.js:17:9)
      at node_modules/@babel/runtime/helpers/asyncToGenerator.js:22:7
      at Object.<anonymous> (node_modules/@babel/runtime/helpers/asyncToGenerator.js:14:12)

  ● aiService routing policy › uses local directly when local model is explicitly selected

    TypeError: A dynamic import callback was invoked without --experimental-vm-modules

      70 |   }));
      71 |
    > 72 |   const aiService = await import('./aiService');
         |                  ^
      73 |   return { aiService, chatMock };
      74 | }
      75 |

      at src/services/aiService.unit.test.ts:72:18
      at asyncGeneratorStep (node_modules/@babel/runtime/helpers/asyncToGenerator.js:3:17)
      at _next (node_modules/@babel/runtime/helpers/asyncToGenerator.js:17:9)
      at node_modules/@babel/runtime/helpers/asyncToGenerator.js:22:7
      at node_modules/@babel/runtime/helpers/asyncToGenerator.js:14:12
      at apply (src/services/aiService.unit.test.ts:15:29)
      at Object.loadAiService (src/services/aiService.unit.test.ts:257:43)
      at asyncGeneratorStep (node_modules/@babel/runtime/helpers/asyncToGenerator.js:3:17)
      at _next (node_modules/@babel/runtime/helpers/asyncToGenerator.js:17:9)
      at node_modules/@babel/runtime/helpers/asyncToGenerator.js:22:7
      at Object.<anonymous> (node_modules/@babel/runtime/helpers/asyncToGenerator.js:14:12)

  ● aiService routing policy › uses local when no cloud keys exist but local model file is present

    TypeError: A dynamic import callback was invoked without --experimental-vm-modules

      70 |   }));
      71 |
    > 72 |   const aiService = await import('./aiService');
         |                  ^
      73 |   return { aiService, chatMock };
      74 | }
      75 |

      at src/services/aiService.unit.test.ts:72:18
      at asyncGeneratorStep (node_modules/@babel/runtime/helpers/asyncToGenerator.js:3:17)
      at _next (node_modules/@babel/runtime/helpers/asyncToGenerator.js:17:9)
      at node_modules/@babel/runtime/helpers/asyncToGenerator.js:22:7
      at node_modules/@babel/runtime/helpers/asyncToGenerator.js:14:12
      at apply (src/services/aiService.unit.test.ts:15:29)
      at Object.loadAiService (src/services/aiService.unit.test.ts:275:43)
      at asyncGeneratorStep (node_modules/@babel/runtime/helpers/asyncToGenerator.js:3:17)
      at _next (node_modules/@babel/runtime/helpers/asyncToGenerator.js:17:9)
      at node_modules/@babel/runtime/helpers/asyncToGenerator.js:22:7
      at Object.<anonymous> (node_modules/@babel/runtime/helpers/asyncToGenerator.js:14:12)

FAIL src/services/offlineQueueBootstrap.unit.test.ts
  ● offlineQueueBootstrap › registers processors that fail safely for legacy queued work

    TypeError: A dynamic import callback was invoked without --experimental-vm-modules

      31 |
      32 |   it('registers processors that fail safely for legacy queued work', async () => {
    > 33 |     const { registerOfflineQueueProcessors } = await import('./offlineQueueBootstrap');
         |     ^
      34 |     registerOfflineQueueProcessors();
      35 |
      36 |     const processors = Object.fromEntries(

      at Object.<anonymous> (src/services/offlineQueueBootstrap.unit.test.ts:33:5)
      at asyncGeneratorStep (node_modules/@babel/runtime/helpers/asyncToGenerator.js:3:17)
      at _next (node_modules/@babel/runtime/helpers/asyncToGenerator.js:17:9)
      at node_modules/@babel/runtime/helpers/asyncToGenerator.js:22:7
      at Object.<anonymous> (node_modules/@babel/runtime/helpers/asyncToGenerator.js:14:12)

  ● offlineQueueBootstrap › retries queued transcription work and marks it complete on success

    TypeError: A dynamic import callback was invoked without --experimental-vm-modules

      53 |   it('retries queued transcription work and marks it complete on success', async () => {
      54 |     mockRunFullTranscriptionPipeline.mockResolvedValue({ success: true });
    > 55 |     const { registerOfflineQueueProcessors } = await import('./offlineQueueBootstrap');
         |     ^
      56 |     registerOfflineQueueProcessors();
      57 |
      58 |     const processors = Object.fromEntries(

      at Object.<anonymous> (src/services/offlineQueueBootstrap.unit.test.ts:55:5)
      at asyncGeneratorStep (node_modules/@babel/runtime/helpers/asyncToGenerator.js:3:17)
      at _next (node_modules/@babel/runtime/helpers/asyncToGenerator.js:17:9)
      at node_modules/@babel/runtime/helpers/asyncToGenerator.js:22:7
      at Object.<anonymous> (node_modules/@babel/runtime/helpers/asyncToGenerator.js:14:12)

  ● offlineQueueBootstrap › surfaces transcription retry failures

    TypeError: A dynamic import callback was invoked without --experimental-vm-modules

      74 |       error: 'pipeline failed',
      75 |     });
    > 76 |     const { registerOfflineQueueProcessors } = await import('./offlineQueueBootstrap');
         |     ^
      77 |     registerOfflineQueueProcessors();
      78 |
      79 |     const processors = Object.fromEntries(

      at Object.<anonymous> (src/services/offlineQueueBootstrap.unit.test.ts:76:5)
      at asyncGeneratorStep (node_modules/@babel/runtime/helpers/asyncToGenerator.js:3:17)
      at _next (node_modules/@babel/runtime/helpers/asyncToGenerator.js:17:9)
      at node_modules/@babel/runtime/helpers/asyncToGenerator.js:22:7
      at Object.<anonymous> (node_modules/@babel/runtime/helpers/asyncToGenerator.js:14:12)

FAIL src/services/deviceSyncService.unit.test.ts
  ● deviceSyncService › normalizes sync codes before connecting

    TypeError: A dynamic import callback was invoked without --experimental-vm-modules

      48 |     }));
      49 |
    > 50 |     const { connectToRoom, normalizeSyncCode } = await import('./deviceSyncService');
         |     ^
      51 |
      52 |     expect(normalizeSyncCode(' neet-2026 ')).toBe('NEET2026');
      53 |

      at Object.<anonymous> (src/services/deviceSyncService.unit.test.ts:50:5)
      at asyncGeneratorStep (node_modules/@babel/runtime/helpers/asyncToGenerator.js:3:17)
      at _next (node_modules/@babel/runtime/helpers/asyncToGenerator.js:17:9)
      at node_modules/@babel/runtime/helpers/asyncToGenerator.js:22:7
      at Object.<anonymous> (node_modules/@babel/runtime/helpers/asyncToGenerator.js:14:12)

  ● deviceSyncService › keeps one shared connection for multiple listeners

    TypeError: A dynamic import callback was invoked without --experimental-vm-modules

       98 |     }));
       99 |
    > 100 |     const { connectToRoom } = await import('./deviceSyncService');
          |     ^
      101 |     const listenerA = jest.fn();
      102 |     const listenerB = jest.fn();
      103 |

      at Object.<anonymous> (src/services/deviceSyncService.unit.test.ts:100:5)
      at asyncGeneratorStep (node_modules/@babel/runtime/helpers/asyncToGenerator.js:3:17)
      at _next (node_modules/@babel/runtime/helpers/asyncToGenerator.js:17:9)
      at node_modules/@babel/runtime/helpers/asyncToGenerator.js:22:7
      at Object.<anonymous> (node_modules/@babel/runtime/helpers/asyncToGenerator.js:14:12)

FAIL src/services/appBootstrap.unit.test.ts
  ● appBootstrap lazy bundle guard › treats Metro lazy bundle failures as skippable optional startup errors

    TypeError: A dynamic import callback was invoked without --experimental-vm-modules

      1 | describe('appBootstrap lazy bundle guard', () => {
      2 |   test('treats Metro lazy bundle failures as skippable optional startup errors', async () => {
    > 3 |     const { isSkippableOptionalStartupError } = await import('./appBootstrapErrors');
        |     ^
      4 |
      5 |     expect(
      6 |       isSkippableOptionalStartupError({

      at Object.<anonymous> (src/services/appBootstrap.unit.test.ts:3:5)
      at asyncGeneratorStep (node_modules/@babel/runtime/helpers/asyncToGenerator.js:3:17)
      at _next (node_modules/@babel/runtime/helpers/asyncToGenerator.js:17:9)
      at node_modules/@babel/runtime/helpers/asyncToGenerator.js:22:7
      at Object.<anonymous> (node_modules/@babel/runtime/helpers/asyncToGenerator.js:14:12)

  ● appBootstrap lazy bundle guard › does not swallow unrelated startup errors

    TypeError: A dynamic import callback was invoked without --experimental-vm-modules

      12 |
      13 |   test('does not swallow unrelated startup errors', async () => {
    > 14 |     const { isSkippableOptionalStartupError } = await import('./appBootstrapErrors');
         |     ^
      15 |
      16 |     expect(isSkippableOptionalStartupError(new Error('disk full'))).toBe(false);
      17 |   });

      at Object.<anonymous> (src/services/appBootstrap.unit.test.ts:14:5)
      at asyncGeneratorStep (node_modules/@babel/runtime/helpers/asyncToGenerator.js:3:17)
      at _next (node_modules/@babel/runtime/helpers/asyncToGenerator.js:17:9)
      at node_modules/@babel/runtime/helpers/asyncToGenerator.js:22:7
      at Object.<anonymous> (node_modules/@babel/runtime/helpers/asyncToGenerator.js:14:12)

FAIL src/services/aiService.compat.unit.test.ts
  ● ai service compat exports › exports the legacy runtime listener helper

    TypeError: A dynamic import callback was invoked without --experimental-vm-modules

       7 |     }));
       8 |
    >  9 |     const mod = await import('./aiService');
         |              ^
      10 |
      11 |     expect(typeof mod.addLlmStateListener).toBe('function');
      12 |   });

      at Object.<anonymous> (src/services/aiService.compat.unit.test.ts:9:14)
      at asyncGeneratorStep (node_modules/@babel/runtime/helpers/asyncToGenerator.js:3:17)
      at _next (node_modules/@babel/runtime/helpers/asyncToGenerator.js:17:9)
      at node_modules/@babel/runtime/helpers/asyncToGenerator.js:22:7
      at Object.<anonymous> (node_modules/@babel/runtime/helpers/asyncToGenerator.js:14:12)

FAIL src/services/ai/v2/providers/guruFallback.unit.test.ts
  ● Test suite failed to run

    ReferenceError: /Users/vishnugnair/Guru-3/src/services/ai/v2/providers/guruFallback.unit.test.ts: The module factory of `jest.mock()` is not allowed to reference any out-of-scope variables.
    Invalid variable access: makeMockModel
    Allowed objects: AbortController, AbortSignal, AggregateError, Array, ArrayBuffer, Atomics, BigInt, BigInt64Array, BigUint64Array, Blob, Boolean, BroadcastChannel, Buffer, ByteLengthQueuingStrategy, CompressionStream, CountQueuingStrategy, Crypto, CryptoKey, CustomEvent, DOMException, DataView, Date, DecompressionStream, Error, EvalError, Event, EventTarget, File, FinalizationRegistry, Float32Array, Float64Array, FormData, Function, Generator, GeneratorFunction, Headers, Infinity, Int16Array, Int32Array, Int8Array, InternalError, Intl, JSON, Map, Math, MessageChannel, MessageEvent, MessagePort, NaN, Number, Object, Performance, PerformanceEntry, PerformanceMark, PerformanceMeasure, PerformanceObserver, PerformanceObserverEntryList, PerformanceResourceTiming, Promise, Proxy, RangeError, ReadableByteStreamController, ReadableStream, ReadableStreamBYOBReader, ReadableStreamBYOBRequest, ReadableStreamDefaultController, ReadableStreamDefaultReader, ReferenceError, Reflect, RegExp, Request, Response, Set, SharedArrayBuffer, String, SubtleCrypto, Symbol, SyntaxError, TextDecoder, TextDecoderStream, TextEncoder, TextEncoderStream, TransformStream, TransformStreamDefaultController, TypeError, URIError, URL, URLSearchParams, Uint16Array, Uint32Array, Uint8Array, Uint8ClampedArray, WeakMap, WeakRef, WeakSet, WebAssembly, WritableStream, WritableStreamDefaultController, WritableStreamDefaultWriter, __dirname, __filename, arguments, atob, btoa, clearImmediate, clearInterval, clearTimeout, console, crypto, decodeURI, decodeURIComponent, encodeURI, encodeURIComponent, escape, eval, expect, exports, fetch, global, globalThis, isFinite, isNaN, jest, module, parseFloat, parseInt, performance, process, queueMicrotask, require, setImmediate, setInterval, setTimeout, structuredClone, undefined, unescape.
    Note: This is a precaution to guard against uninitialized mock variables. If it is ensured that the mock is required lazily, variable names prefixed with `mock` (case insensitive) are permitted.

      19 |
      20 | jest.mock('./presets', () => ({
    > 21 |   createGroqModel: jest.fn(({ modelId }: { modelId: string }) => makeMockModel('groq', modelId)),
         |                                                                  ^^^^^^^^^^^^^
      22 |   createOpenRouterModel: jest.fn(({ modelId }: { modelId: string }) => ({
      23 |     ...makeMockModel('openrouter', modelId),
      24 |   })),

      at File.buildCodeFrameError (node_modules/@babel/core/src/transformation/file/file.ts:251:12)
      at NodePath.buildError [as buildCodeFrameError] (node_modules/@babel/traverse/src/path/index.ts:161:21)
      at call (node_modules/@babel/traverse/src/visitors.ts:299:14)
      at NodePath.call [as _call] (node_modules/@babel/traverse/src/path/context.ts:36:20)
      at NodePath.call (node_modules/@babel/traverse/src/path/context.ts:21:18)
      at NodePath.call [as visit] (node_modules/@babel/traverse/src/path/context.ts:97:31)
      at TraversalContext.visit [as visitQueue] (node_modules/@babel/traverse/src/context.ts:161:16)
      at TraversalContext.visitQueue [as visitMultiple] (node_modules/@babel/traverse/src/context.ts:109:17)
      at TraversalContext.visitMultiple [as visit] (node_modules/@babel/traverse/src/context.ts:192:19)
      at visit (node_modules/@babel/traverse/src/traverse-node.ts:208:17)
      at NodePath.visit (node_modules/@babel/traverse/src/path/context.ts:104:33)
      at TraversalContext.visit [as visitQueue] (node_modules/@babel/traverse/src/context.ts:161:16)
      at TraversalContext.visitQueue [as visitSingle] (node_modules/@babel/traverse/src/context.ts:119:19)
      at TraversalContext.visitSingle [as visit] (node_modules/@babel/traverse/src/context.ts:194:19)
      at visit (node_modules/@babel/traverse/src/traverse-node.ts:208:17)
      at traverse (node_modules/@babel/traverse/src/index.ts:84:15)
      at transformFile (node_modules/@babel/core/src/transformation/index.ts:120:15)
          at transformFile.next (<anonymous>)
      at transformFile (node_modules/@babel/core/src/transformation/index.ts:50:12)
          at run.next (<anonymous>)
      at transform (node_modules/@babel/core/src/transform.ts:29:20)
          at transform.next (<anonymous>)
      at evaluateSync (node_modules/gensync/index.js:251:28)
      at sync (node_modules/gensync/index.js:89:14)
      at fn (node_modules/@babel/core/src/errors/rewrite-stack-trace.ts:99:14)
      at transformSync (node_modules/@babel/core/src/transform.ts:66:52)

FAIL src/services/lecture/lectureSessionMonitor.unit.test.ts
  ● Test suite failed to run

    ReferenceError: /Users/vishnugnair/Guru-3/src/services/lecture/lectureSessionMonitor.unit.test.ts: The module factory of `jest.mock()` is not allowed to reference any out-of-scope variables.
    Invalid variable access: readLiveTranscriptMock
    Allowed objects: AbortController, AbortSignal, AggregateError, Array, ArrayBuffer, Atomics, BigInt, BigInt64Array, BigUint64Array, Blob, Boolean, BroadcastChannel, Buffer, ByteLengthQueuingStrategy, CompressionStream, CountQueuingStrategy, Crypto, CryptoKey, CustomEvent, DOMException, DataView, Date, DecompressionStream, Error, EvalError, Event, EventTarget, File, FinalizationRegistry, Float32Array, Float64Array, FormData, Function, Generator, GeneratorFunction, Headers, Infinity, Int16Array, Int32Array, Int8Array, InternalError, Intl, JSON, Map, Math, MessageChannel, MessageEvent, MessagePort, NaN, Number, Object, Performance, PerformanceEntry, PerformanceMark, PerformanceMeasure, PerformanceObserver, PerformanceObserverEntryList, PerformanceResourceTiming, Promise, Proxy, RangeError, ReadableByteStreamController, ReadableStream, ReadableStreamBYOBReader, ReadableStreamBYOBRequest, ReadableStreamDefaultController, ReadableStreamDefaultReader, ReferenceError, Reflect, RegExp, Request, Response, Set, SharedArrayBuffer, String, SubtleCrypto, Symbol, SyntaxError, TextDecoder, TextDecoderStream, TextEncoder, TextEncoderStream, TransformStream, TransformStreamDefaultController, TypeError, URIError, URL, URLSearchParams, Uint16Array, Uint32Array, Uint8Array, Uint8ClampedArray, WeakMap, WeakRef, WeakSet, WebAssembly, WritableStream, WritableStreamDefaultController, WritableStreamDefaultWriter, __dirname, __filename, arguments, atob, btoa, clearImmediate, clearInterval, clearTimeout, console, crypto, decodeURI, decodeURIComponent, encodeURI, encodeURIComponent, escape, eval, expect, exports, fetch, global, globalThis, isFinite, isNaN, jest, module, parseFloat, parseInt, performance, process, queueMicrotask, require, setImmediate, setInterval, setTimeout, structuredClone, undefined, unescape.
    Note: This is a precaution to guard against uninitialized mock variables. If it is ensured that the mock is required lazily, variable names prefixed with `mock` (case insensitive) are permitted.

      108 |
      109 | jest.mock('../../../modules/app-launcher', () => ({
    > 110 |   readLiveTranscript: (recordingPath: string) => readLiveTranscriptMock(recordingPath),
          |                                                  ^^^^^^^^^^^^^^^^^^^^^^
      111 |   readLectureInsights: (recordingPath: string) => readLectureInsightsMock(recordingPath),
      112 | }));
      113 |

      at File.buildCodeFrameError (node_modules/@babel/core/src/transformation/file/file.ts:251:12)
      at NodePath.buildError [as buildCodeFrameError] (node_modules/@babel/traverse/src/path/index.ts:161:21)
      at call (node_modules/@babel/traverse/src/visitors.ts:299:14)
      at NodePath.call [as _call] (node_modules/@babel/traverse/src/path/context.ts:36:20)
      at NodePath.call (node_modules/@babel/traverse/src/path/context.ts:21:18)
      at NodePath.call [as visit] (node_modules/@babel/traverse/src/path/context.ts:97:31)
      at TraversalContext.visit [as visitQueue] (node_modules/@babel/traverse/src/context.ts:161:16)
      at TraversalContext.visitQueue [as visitMultiple] (node_modules/@babel/traverse/src/context.ts:109:17)
      at TraversalContext.visitMultiple [as visit] (node_modules/@babel/traverse/src/context.ts:192:19)
      at visit (node_modules/@babel/traverse/src/traverse-node.ts:208:17)
      at NodePath.visit (node_modules/@babel/traverse/src/path/context.ts:104:33)
      at TraversalContext.visit [as visitQueue] (node_modules/@babel/traverse/src/context.ts:161:16)
      at TraversalContext.visitQueue [as visitSingle] (node_modules/@babel/traverse/src/context.ts:119:19)
      at TraversalContext.visitSingle [as visit] (node_modules/@babel/traverse/src/context.ts:194:19)
      at visit (node_modules/@babel/traverse/src/traverse-node.ts:208:17)
      at traverse (node_modules/@babel/traverse/src/index.ts:84:15)
      at transformFile (node_modules/@babel/core/src/transformation/index.ts:120:15)
          at transformFile.next (<anonymous>)
      at transformFile (node_modules/@babel/core/src/transformation/index.ts:50:12)
          at run.next (<anonymous>)
      at transform (node_modules/@babel/core/src/transform.ts:29:20)
          at transform.next (<anonymous>)
      at evaluateSync (node_modules/gensync/index.js:251:28)
      at sync (node_modules/gensync/index.js:89:14)
      at fn (node_modules/@babel/core/src/errors/rewrite-stack-trace.ts:99:14)
      at transformSync (node_modules/@babel/core/src/transform.ts:66:52)

FAIL src/screens/__tests__/ManualNoteCreationScreen.unit.test.tsx
  ● Test suite failed to run

    ReferenceError: /Users/vishnugnair/Guru-3/src/screens/__tests__/ManualNoteCreationScreen.unit.test.tsx: The module factory of `jest.mock()` is not allowed to reference any out-of-scope variables.
    Invalid variable access: View
    Allowed objects: AbortController, AbortSignal, AggregateError, Array, ArrayBuffer, Atomics, BigInt, BigInt64Array, BigUint64Array, Blob, Boolean, BroadcastChannel, Buffer, ByteLengthQueuingStrategy, CompressionStream, CountQueuingStrategy, Crypto, CryptoKey, CustomEvent, DOMException, DataView, Date, DecompressionStream, Error, EvalError, Event, EventTarget, File, FinalizationRegistry, Float32Array, Float64Array, FormData, Function, Generator, GeneratorFunction, Headers, Infinity, Int16Array, Int32Array, Int8Array, InternalError, Intl, JSON, Map, Math, MessageChannel, MessageEvent, MessagePort, NaN, Number, Object, Performance, PerformanceEntry, PerformanceMark, PerformanceMeasure, PerformanceObserver, PerformanceObserverEntryList, PerformanceResourceTiming, Promise, Proxy, RangeError, ReadableByteStreamController, ReadableStream, ReadableStreamBYOBReader, ReadableStreamBYOBRequest, ReadableStreamDefaultController, ReadableStreamDefaultReader, ReferenceError, Reflect, RegExp, Request, Response, Set, SharedArrayBuffer, String, SubtleCrypto, Symbol, SyntaxError, TextDecoder, TextDecoderStream, TextEncoder, TextEncoderStream, TransformStream, TransformStreamDefaultController, TypeError, URIError, URL, URLSearchParams, Uint16Array, Uint32Array, Uint8Array, Uint8ClampedArray, WeakMap, WeakRef, WeakSet, WebAssembly, WritableStream, WritableStreamDefaultController, WritableStreamDefaultWriter, __dirname, __filename, arguments, atob, btoa, clearImmediate, clearInterval, clearTimeout, console, crypto, decodeURI, decodeURIComponent, encodeURI, encodeURIComponent, escape, eval, expect, exports, fetch, global, globalThis, isFinite, isNaN, jest, module, parseFloat, parseInt, performance, process, queueMicrotask, require, setImmediate, setInterval, setTimeout, structuredClone, undefined, unescape.
    Note: This is a precaution to guard against uninitialized mock variables. If it is ensured that the mock is required lazily, variable names prefixed with `mock` (case insensitive) are permitted.

      28 |   __esModule: true,
      29 |   default: ({ onSelectSubject }: { onSelectSubject: (subject: string) => void }) => (
    > 30 |     <View>
         |      ^^^^
      31 |       <Text>Subject required</Text>
      32 |       <Text>Choose the lecture subject before saving so topics get filed correctly.</Text>
      33 |       <Text>Detected: Unknown</Text>

      at File.buildCodeFrameError (node_modules/@babel/core/src/transformation/file/file.ts:251:12)
      at NodePath.buildError [as buildCodeFrameError] (node_modules/@babel/traverse/src/path/index.ts:161:21)
      at call (node_modules/@babel/traverse/src/visitors.ts:299:14)
      at NodePath.call [as _call] (node_modules/@babel/traverse/src/path/context.ts:36:20)
      at NodePath.call (node_modules/@babel/traverse/src/path/context.ts:21:18)
      at NodePath.call [as visit] (node_modules/@babel/traverse/src/path/context.ts:97:31)
      at TraversalContext.visit [as visitQueue] (node_modules/@babel/traverse/src/context.ts:161:16)
      at TraversalContext.visitQueue [as visitMultiple] (node_modules/@babel/traverse/src/context.ts:109:17)
      at TraversalContext.visitMultiple [as visit] (node_modules/@babel/traverse/src/context.ts:192:19)
      at visit (node_modules/@babel/traverse/src/traverse-node.ts:208:17)
      at NodePath.visit (node_modules/@babel/traverse/src/path/context.ts:104:33)
      at TraversalContext.visit [as visitQueue] (node_modules/@babel/traverse/src/context.ts:161:16)
      at TraversalContext.visitQueue [as visitSingle] (node_modules/@babel/traverse/src/context.ts:119:19)
      at TraversalContext.visitSingle [as visit] (node_modules/@babel/traverse/src/context.ts:194:19)
      at visit (node_modules/@babel/traverse/src/traverse-node.ts:208:17)
      at traverse (node_modules/@babel/traverse/src/index.ts:84:15)
      at transformFile (node_modules/@babel/core/src/transformation/index.ts:120:15)
          at transformFile.next (<anonymous>)
      at transformFile (node_modules/@babel/core/src/transformation/index.ts:50:12)
          at run.next (<anonymous>)
      at transform (node_modules/@babel/core/src/transform.ts:29:20)
          at transform.next (<anonymous>)
      at evaluateSync (node_modules/gensync/index.js:251:28)
      at sync (node_modules/gensync/index.js:89:14)
      at fn (node_modules/@babel/core/src/errors/rewrite-stack-trace.ts:99:14)
      at transformSync (node_modules/@babel/core/src/transform.ts:66:52)

FAIL src/components/home/QuickStatsCard.unit.test.tsx
  ● Test suite failed to run

    ReferenceError: /Users/vishnugnair/Guru-3/src/components/home/QuickStatsCard.unit.test.tsx: The module factory of `jest.mock()` is not allowed to reference any out-of-scope variables.
    Invalid variable access: _ReactNativeCSSInterop
    Allowed objects: AbortController, AbortSignal, AggregateError, Array, ArrayBuffer, Atomics, BigInt, BigInt64Array, BigUint64Array, Blob, Boolean, BroadcastChannel, Buffer, ByteLengthQueuingStrategy, CompressionStream, CountQueuingStrategy, Crypto, CryptoKey, CustomEvent, DOMException, DataView, Date, DecompressionStream, Error, EvalError, Event, EventTarget, File, FinalizationRegistry, Float32Array, Float64Array, FormData, Function, Generator, GeneratorFunction, Headers, Infinity, Int16Array, Int32Array, Int8Array, InternalError, Intl, JSON, Map, Math, MessageChannel, MessageEvent, MessagePort, NaN, Number, Object, Performance, PerformanceEntry, PerformanceMark, PerformanceMeasure, PerformanceObserver, PerformanceObserverEntryList, PerformanceResourceTiming, Promise, Proxy, RangeError, ReadableByteStreamController, ReadableStream, ReadableStreamBYOBReader, ReadableStreamBYOBRequest, ReadableStreamDefaultController, ReadableStreamDefaultReader, ReferenceError, Reflect, RegExp, Request, Response, Set, SharedArrayBuffer, String, SubtleCrypto, Symbol, SyntaxError, TextDecoder, TextDecoderStream, TextEncoder, TextEncoderStream, TransformStream, TransformStreamDefaultController, TypeError, URIError, URL, URLSearchParams, Uint16Array, Uint32Array, Uint8Array, Uint8ClampedArray, WeakMap, WeakRef, WeakSet, WebAssembly, WritableStream, WritableStreamDefaultController, WritableStreamDefaultWriter, __dirname, __filename, arguments, atob, btoa, clearImmediate, clearInterval, clearTimeout, console, crypto, decodeURI, decodeURIComponent, encodeURI, encodeURIComponent, escape, eval, expect, exports, fetch, global, globalThis, isFinite, isNaN, jest, module, parseFloat, parseInt, performance, process, queueMicrotask, require, setImmediate, setInterval, setTimeout, structuredClone, undefined, unescape.
    Note: This is a precaution to guard against uninitialized mock variables. If it is ensured that the mock is required lazily, variable names prefixed with `mock` (case insensitive) are permitted.
     (This is an error on an internal node. Probably an internal error.)

      at File.buildCodeFrameError (node_modules/@babel/core/src/transformation/file/file.ts:251:12)
      at NodePath.buildError [as buildCodeFrameError] (node_modules/@babel/traverse/src/path/index.ts:161:21)
      at call (node_modules/@babel/traverse/src/visitors.ts:299:14)
      at NodePath.call [as _call] (node_modules/@babel/traverse/src/path/context.ts:36:20)
      at NodePath.call (node_modules/@babel/traverse/src/path/context.ts:21:18)
      at NodePath.call [as visit] (node_modules/@babel/traverse/src/path/context.ts:97:31)
      at TraversalContext.visit [as visitQueue] (node_modules/@babel/traverse/src/context.ts:161:16)
      at TraversalContext.visitQueue [as visitMultiple] (node_modules/@babel/traverse/src/context.ts:109:17)
      at TraversalContext.visitMultiple [as visit] (node_modules/@babel/traverse/src/context.ts:192:19)
      at visit (node_modules/@babel/traverse/src/traverse-node.ts:208:17)
      at NodePath.visit (node_modules/@babel/traverse/src/path/context.ts:104:33)
      at TraversalContext.visit [as visitQueue] (node_modules/@babel/traverse/src/context.ts:161:16)
      at TraversalContext.visitQueue [as visitSingle] (node_modules/@babel/traverse/src/context.ts:119:19)
      at TraversalContext.visitSingle [as visit] (node_modules/@babel/traverse/src/context.ts:194:19)
      at visit (node_modules/@babel/traverse/src/traverse-node.ts:208:17)
      at traverse (node_modules/@babel/traverse/src/index.ts:84:15)
      at transformFile (node_modules/@babel/core/src/transformation/index.ts:120:15)
          at transformFile.next (<anonymous>)
      at transformFile (node_modules/@babel/core/src/transformation/index.ts:50:12)
          at run.next (<anonymous>)
      at transform (node_modules/@babel/core/src/transform.ts:29:20)
          at transform.next (<anonymous>)
      at evaluateSync (node_modules/gensync/index.js:251:28)
      at sync (node_modules/gensync/index.js:89:14)
      at fn (node_modules/@babel/core/src/errors/rewrite-stack-trace.ts:99:14)
      at transformSync (node_modules/@babel/core/src/transform.ts:66:52)

FAIL src/services/transcriptionService.unit.test.ts
  ● Test suite failed to run

    ReferenceError: /Users/vishnugnair/Guru-3/src/services/transcriptionService.unit.test.ts: The module factory of `jest.mock()` is not allowed to reference any out-of-scope variables.
    Invalid variable access: getProfileMock
    Allowed objects: AbortController, AbortSignal, AggregateError, Array, ArrayBuffer, Atomics, BigInt, BigInt64Array, BigUint64Array, Blob, Boolean, BroadcastChannel, Buffer, ByteLengthQueuingStrategy, CompressionStream, CountQueuingStrategy, Crypto, CryptoKey, CustomEvent, DOMException, DataView, Date, DecompressionStream, Error, EvalError, Event, EventTarget, File, FinalizationRegistry, Float32Array, Float64Array, FormData, Function, Generator, GeneratorFunction, Headers, Infinity, Int16Array, Int32Array, Int8Array, InternalError, Intl, JSON, Map, Math, MessageChannel, MessageEvent, MessagePort, NaN, Number, Object, Performance, PerformanceEntry, PerformanceMark, PerformanceMeasure, PerformanceObserver, PerformanceObserverEntryList, PerformanceResourceTiming, Promise, Proxy, RangeError, ReadableByteStreamController, ReadableStream, ReadableStreamBYOBReader, ReadableStreamBYOBRequest, ReadableStreamDefaultController, ReadableStreamDefaultReader, ReferenceError, Reflect, RegExp, Request, Response, Set, SharedArrayBuffer, String, SubtleCrypto, Symbol, SyntaxError, TextDecoder, TextDecoderStream, TextEncoder, TextEncoderStream, TransformStream, TransformStreamDefaultController, TypeError, URIError, URL, URLSearchParams, Uint16Array, Uint32Array, Uint8Array, Uint8ClampedArray, WeakMap, WeakRef, WeakSet, WebAssembly, WritableStream, WritableStreamDefaultController, WritableStreamDefaultWriter, __dirname, __filename, arguments, atob, btoa, clearImmediate, clearInterval, clearTimeout, console, crypto, decodeURI, decodeURIComponent, encodeURI, encodeURIComponent, escape, eval, expect, exports, fetch, global, globalThis, isFinite, isNaN, jest, module, parseFloat, parseInt, performance, process, queueMicrotask, require, setImmediate, setInterval, setTimeout, structuredClone, undefined, unescape.
    Note: This is a precaution to guard against uninitialized mock variables. If it is ensured that the mock is required lazily, variable names prefixed with `mock` (case insensitive) are permitted.

      11 | jest.mock('../db/repositories', () => ({
      12 |   profileRepository: {
    > 13 |     getProfile: () => getProfileMock(),
         |                       ^^^^^^^^^^^^^^
      14 |   },
      15 | }));
      16 |

      at File.buildCodeFrameError (node_modules/@babel/core/src/transformation/file/file.ts:251:12)
      at NodePath.buildError [as buildCodeFrameError] (node_modules/@babel/traverse/src/path/index.ts:161:21)
      at call (node_modules/@babel/traverse/src/visitors.ts:299:14)
      at NodePath.call [as _call] (node_modules/@babel/traverse/src/path/context.ts:36:20)
      at NodePath.call (node_modules/@babel/traverse/src/path/context.ts:21:18)
      at NodePath.call [as visit] (node_modules/@babel/traverse/src/path/context.ts:97:31)
      at TraversalContext.visit [as visitQueue] (node_modules/@babel/traverse/src/context.ts:161:16)
      at TraversalContext.visitQueue [as visitMultiple] (node_modules/@babel/traverse/src/context.ts:109:17)
      at TraversalContext.visitMultiple [as visit] (node_modules/@babel/traverse/src/context.ts:192:19)
      at visit (node_modules/@babel/traverse/src/traverse-node.ts:208:17)
      at NodePath.visit (node_modules/@babel/traverse/src/path/context.ts:104:33)
      at TraversalContext.visit [as visitQueue] (node_modules/@babel/traverse/src/context.ts:161:16)
      at TraversalContext.visitQueue [as visitSingle] (node_modules/@babel/traverse/src/context.ts:119:19)
      at TraversalContext.visitSingle [as visit] (node_modules/@babel/traverse/src/context.ts:194:19)
      at visit (node_modules/@babel/traverse/src/traverse-node.ts:208:17)
      at traverse (node_modules/@babel/traverse/src/index.ts:84:15)
      at transformFile (node_modules/@babel/core/src/transformation/index.ts:120:15)
          at transformFile.next (<anonymous>)
      at transformFile (node_modules/@babel/core/src/transformation/index.ts:50:12)
          at run.next (<anonymous>)
      at transform (node_modules/@babel/core/src/transform.ts:29:20)
          at transform.next (<anonymous>)
      at evaluateSync (node_modules/gensync/index.js:251:28)
      at sync (node_modules/gensync/index.js:89:14)
      at fn (node_modules/@babel/core/src/errors/rewrite-stack-trace.ts:99:14)
      at transformSync (node_modules/@babel/core/src/transform.ts:66:52)

FAIL src/services/studyImageService.unit.test.ts
  ● Test suite failed to run

    ReferenceError: /Users/vishnugnair/Guru-3/src/services/studyImageService.unit.test.ts: The module factory of `jest.mock()` is not allowed to reference any out-of-scope variables.
    Invalid variable access: getProfileMock
    Allowed objects: AbortController, AbortSignal, AggregateError, Array, ArrayBuffer, Atomics, BigInt, BigInt64Array, BigUint64Array, Blob, Boolean, BroadcastChannel, Buffer, ByteLengthQueuingStrategy, CompressionStream, CountQueuingStrategy, Crypto, CryptoKey, CustomEvent, DOMException, DataView, Date, DecompressionStream, Error, EvalError, Event, EventTarget, File, FinalizationRegistry, Float32Array, Float64Array, FormData, Function, Generator, GeneratorFunction, Headers, Infinity, Int16Array, Int32Array, Int8Array, InternalError, Intl, JSON, Map, Math, MessageChannel, MessageEvent, MessagePort, NaN, Number, Object, Performance, PerformanceEntry, PerformanceMark, PerformanceMeasure, PerformanceObserver, PerformanceObserverEntryList, PerformanceResourceTiming, Promise, Proxy, RangeError, ReadableByteStreamController, ReadableStream, ReadableStreamBYOBReader, ReadableStreamBYOBRequest, ReadableStreamDefaultController, ReadableStreamDefaultReader, ReferenceError, Reflect, RegExp, Request, Response, Set, SharedArrayBuffer, String, SubtleCrypto, Symbol, SyntaxError, TextDecoder, TextDecoderStream, TextEncoder, TextEncoderStream, TransformStream, TransformStreamDefaultController, TypeError, URIError, URL, URLSearchParams, Uint16Array, Uint32Array, Uint8Array, Uint8ClampedArray, WeakMap, WeakRef, WeakSet, WebAssembly, WritableStream, WritableStreamDefaultController, WritableStreamDefaultWriter, __dirname, __filename, arguments, atob, btoa, clearImmediate, clearInterval, clearTimeout, console, crypto, decodeURI, decodeURIComponent, encodeURI, encodeURIComponent, escape, eval, expect, exports, fetch, global, globalThis, isFinite, isNaN, jest, module, parseFloat, parseInt, performance, process, queueMicrotask, require, setImmediate, setInterval, setTimeout, structuredClone, undefined, unescape.
    Note: This is a precaution to guard against uninitialized mock variables. If it is ensured that the mock is required lazily, variable names prefixed with `mock` (case insensitive) are permitted.

       7 | jest.mock('../db/repositories', () => ({
       8 |   profileRepository: {
    >  9 |     getProfile: () => getProfileMock(),
         |                       ^^^^^^^^^^^^^^
      10 |   },
      11 | }));
      12 |

      at File.buildCodeFrameError (node_modules/@babel/core/src/transformation/file/file.ts:251:12)
      at NodePath.buildError [as buildCodeFrameError] (node_modules/@babel/traverse/src/path/index.ts:161:21)
      at call (node_modules/@babel/traverse/src/visitors.ts:299:14)
      at NodePath.call [as _call] (node_modules/@babel/traverse/src/path/context.ts:36:20)
      at NodePath.call (node_modules/@babel/traverse/src/path/context.ts:21:18)
      at NodePath.call [as visit] (node_modules/@babel/traverse/src/path/context.ts:97:31)
      at TraversalContext.visit [as visitQueue] (node_modules/@babel/traverse/src/context.ts:161:16)
      at TraversalContext.visitQueue [as visitMultiple] (node_modules/@babel/traverse/src/context.ts:109:17)
      at TraversalContext.visitMultiple [as visit] (node_modules/@babel/traverse/src/context.ts:192:19)
      at visit (node_modules/@babel/traverse/src/traverse-node.ts:208:17)
      at NodePath.visit (node_modules/@babel/traverse/src/path/context.ts:104:33)
      at TraversalContext.visit [as visitQueue] (node_modules/@babel/traverse/src/context.ts:161:16)
      at TraversalContext.visitQueue [as visitSingle] (node_modules/@babel/traverse/src/context.ts:119:19)
      at TraversalContext.visitSingle [as visit] (node_modules/@babel/traverse/src/context.ts:194:19)
      at visit (node_modules/@babel/traverse/src/traverse-node.ts:208:17)
      at traverse (node_modules/@babel/traverse/src/index.ts:84:15)
      at transformFile (node_modules/@babel/core/src/transformation/index.ts:120:15)
          at transformFile.next (<anonymous>)
      at transformFile (node_modules/@babel/core/src/transformation/index.ts:50:12)
          at run.next (<anonymous>)
      at transform (node_modules/@babel/core/src/transform.ts:29:20)
          at transform.next (<anonymous>)
      at evaluateSync (node_modules/gensync/index.js:251:28)
      at sync (node_modules/gensync/index.js:89:14)
      at fn (node_modules/@babel/core/src/errors/rewrite-stack-trace.ts:99:14)
      at transformSync (node_modules/@babel/core/src/transform.ts:66:52)

FAIL src/services/appLauncherModuleCompat.unit.test.ts
  ● Test suite failed to run

    ReferenceError: /Users/vishnugnair/Guru-3/src/services/appLauncherModuleCompat.unit.test.ts: The module factory of `jest.mock()` is not allowed to reference any out-of-scope variables.
    Invalid variable access: requireNativeModuleMock
    Allowed objects: AbortController, AbortSignal, AggregateError, Array, ArrayBuffer, Atomics, BigInt, BigInt64Array, BigUint64Array, Blob, Boolean, BroadcastChannel, Buffer, ByteLengthQueuingStrategy, CompressionStream, CountQueuingStrategy, Crypto, CryptoKey, CustomEvent, DOMException, DataView, Date, DecompressionStream, Error, EvalError, Event, EventTarget, File, FinalizationRegistry, Float32Array, Float64Array, FormData, Function, Generator, GeneratorFunction, Headers, Infinity, Int16Array, Int32Array, Int8Array, InternalError, Intl, JSON, Map, Math, MessageChannel, MessageEvent, MessagePort, NaN, Number, Object, Performance, PerformanceEntry, PerformanceMark, PerformanceMeasure, PerformanceObserver, PerformanceObserverEntryList, PerformanceResourceTiming, Promise, Proxy, RangeError, ReadableByteStreamController, ReadableStream, ReadableStreamBYOBReader, ReadableStreamBYOBRequest, ReadableStreamDefaultController, ReadableStreamDefaultReader, ReferenceError, Reflect, RegExp, Request, Response, Set, SharedArrayBuffer, String, SubtleCrypto, Symbol, SyntaxError, TextDecoder, TextDecoderStream, TextEncoder, TextEncoderStream, TransformStream, TransformStreamDefaultController, TypeError, URIError, URL, URLSearchParams, Uint16Array, Uint32Array, Uint8Array, Uint8ClampedArray, WeakMap, WeakRef, WeakSet, WebAssembly, WritableStream, WritableStreamDefaultController, WritableStreamDefaultWriter, __dirname, __filename, arguments, atob, btoa, clearImmediate, clearInterval, clearTimeout, console, crypto, decodeURI, decodeURIComponent, encodeURI, encodeURIComponent, escape, eval, expect, exports, fetch, global, globalThis, isFinite, isNaN, jest, module, parseFloat, parseInt, performance, process, queueMicrotask, require, setImmediate, setInterval, setTimeout, structuredClone, undefined, unescape.
    Note: This is a precaution to guard against uninitialized mock variables. If it is ensured that the mock is required lazily, variable names prefixed with `mock` (case insensitive) are permitted.

      2 |
      3 | jest.mock('expo-modules-core', () => ({
    > 4 |   requireNativeModule: (...args: unknown[]) => requireNativeModuleMock(...args),
        |                                                ^^^^^^^^^^^^^^^^^^^^^^^
      5 | }));
      6 |
      7 | describe('app launcher module compatibility', () => {

      at File.buildCodeFrameError (node_modules/@babel/core/src/transformation/file/file.ts:251:12)
      at NodePath.buildError [as buildCodeFrameError] (node_modules/@babel/traverse/src/path/index.ts:161:21)
      at call (node_modules/@babel/traverse/src/visitors.ts:299:14)
      at NodePath.call [as _call] (node_modules/@babel/traverse/src/path/context.ts:36:20)
      at NodePath.call (node_modules/@babel/traverse/src/path/context.ts:21:18)
      at NodePath.call [as visit] (node_modules/@babel/traverse/src/path/context.ts:97:31)
      at TraversalContext.visit [as visitQueue] (node_modules/@babel/traverse/src/context.ts:161:16)
      at TraversalContext.visitQueue [as visitMultiple] (node_modules/@babel/traverse/src/context.ts:109:17)
      at TraversalContext.visitMultiple [as visit] (node_modules/@babel/traverse/src/context.ts:192:19)
      at visit (node_modules/@babel/traverse/src/traverse-node.ts:208:17)
      at NodePath.visit (node_modules/@babel/traverse/src/path/context.ts:104:33)
      at TraversalContext.visit [as visitQueue] (node_modules/@babel/traverse/src/context.ts:161:16)
      at TraversalContext.visitQueue [as visitSingle] (node_modules/@babel/traverse/src/context.ts:119:19)
      at TraversalContext.visitSingle [as visit] (node_modules/@babel/traverse/src/context.ts:194:19)
      at visit (node_modules/@babel/traverse/src/traverse-node.ts:208:17)
      at traverse (node_modules/@babel/traverse/src/index.ts:84:15)
      at transformFile (node_modules/@babel/core/src/transformation/index.ts:120:15)
          at transformFile.next (<anonymous>)
      at transformFile (node_modules/@babel/core/src/transformation/index.ts:50:12)
          at run.next (<anonymous>)
      at transform (node_modules/@babel/core/src/transform.ts:29:20)
          at transform.next (<anonymous>)
      at evaluateSync (node_modules/gensync/index.js:251:28)
      at sync (node_modules/gensync/index.js:89:14)
      at fn (node_modules/@babel/core/src/errors/rewrite-stack-trace.ts:99:14)
      at transformSync (node_modules/@babel/core/src/transform.ts:66:52)

FAIL src/screens/SyllabusScreen.unit.test.tsx
  ● Test suite failed to run

    ReferenceError: /Users/vishnugnair/Guru-3/src/screens/SyllabusScreen.unit.test.tsx: The module factory of `jest.mock()` is not allowed to reference any out-of-scope variables.
    Invalid variable access: _ReactNativeCSSInterop
    Allowed objects: AbortController, AbortSignal, AggregateError, Array, ArrayBuffer, Atomics, BigInt, BigInt64Array, BigUint64Array, Blob, Boolean, BroadcastChannel, Buffer, ByteLengthQueuingStrategy, CompressionStream, CountQueuingStrategy, Crypto, CryptoKey, CustomEvent, DOMException, DataView, Date, DecompressionStream, Error, EvalError, Event, EventTarget, File, FinalizationRegistry, Float32Array, Float64Array, FormData, Function, Generator, GeneratorFunction, Headers, Infinity, Int16Array, Int32Array, Int8Array, InternalError, Intl, JSON, Map, Math, MessageChannel, MessageEvent, MessagePort, NaN, Number, Object, Performance, PerformanceEntry, PerformanceMark, PerformanceMeasure, PerformanceObserver, PerformanceObserverEntryList, PerformanceResourceTiming, Promise, Proxy, RangeError, ReadableByteStreamController, ReadableStream, ReadableStreamBYOBReader, ReadableStreamBYOBRequest, ReadableStreamDefaultController, ReadableStreamDefaultReader, ReferenceError, Reflect, RegExp, Request, Response, Set, SharedArrayBuffer, String, SubtleCrypto, Symbol, SyntaxError, TextDecoder, TextDecoderStream, TextEncoder, TextEncoderStream, TransformStream, TransformStreamDefaultController, TypeError, URIError, URL, URLSearchParams, Uint16Array, Uint32Array, Uint8Array, Uint8ClampedArray, WeakMap, WeakRef, WeakSet, WebAssembly, WritableStream, WritableStreamDefaultController, WritableStreamDefaultWriter, __dirname, __filename, arguments, atob, btoa, clearImmediate, clearInterval, clearTimeout, console, crypto, decodeURI, decodeURIComponent, encodeURI, encodeURIComponent, escape, eval, expect, exports, fetch, global, globalThis, isFinite, isNaN, jest, module, parseFloat, parseInt, performance, process, queueMicrotask, require, setImmediate, setInterval, setTimeout, structuredClone, undefined, unescape.
    Note: This is a precaution to guard against uninitialized mock variables. If it is ensured that the mock is required lazily, variable names prefixed with `mock` (case insensitive) are permitted.
     (This is an error on an internal node. Probably an internal error.)

      at File.buildCodeFrameError (node_modules/@babel/core/src/transformation/file/file.ts:251:12)
      at NodePath.buildError [as buildCodeFrameError] (node_modules/@babel/traverse/src/path/index.ts:161:21)
      at call (node_modules/@babel/traverse/src/visitors.ts:299:14)
      at NodePath.call [as _call] (node_modules/@babel/traverse/src/path/context.ts:36:20)
      at NodePath.call (node_modules/@babel/traverse/src/path/context.ts:21:18)
      at NodePath.call [as visit] (node_modules/@babel/traverse/src/path/context.ts:97:31)
      at TraversalContext.visit [as visitQueue] (node_modules/@babel/traverse/src/context.ts:161:16)
      at TraversalContext.visitQueue [as visitMultiple] (node_modules/@babel/traverse/src/context.ts:109:17)
      at TraversalContext.visitMultiple [as visit] (node_modules/@babel/traverse/src/context.ts:192:19)
      at visit (node_modules/@babel/traverse/src/traverse-node.ts:208:17)
      at NodePath.visit (node_modules/@babel/traverse/src/path/context.ts:104:33)
      at TraversalContext.visit [as visitQueue] (node_modules/@babel/traverse/src/context.ts:161:16)
      at TraversalContext.visitQueue [as visitSingle] (node_modules/@babel/traverse/src/context.ts:119:19)
      at TraversalContext.visitSingle [as visit] (node_modules/@babel/traverse/src/context.ts:194:19)
      at visit (node_modules/@babel/traverse/src/traverse-node.ts:208:17)
      at traverse (node_modules/@babel/traverse/src/index.ts:84:15)
      at transformFile (node_modules/@babel/core/src/transformation/index.ts:120:15)
          at transformFile.next (<anonymous>)
      at transformFile (node_modules/@babel/core/src/transformation/index.ts:50:12)
          at run.next (<anonymous>)
      at transform (node_modules/@babel/core/src/transform.ts:29:20)
          at transform.next (<anonymous>)
      at evaluateSync (node_modules/gensync/index.js:251:28)
      at sync (node_modules/gensync/index.js:89:14)
      at fn (node_modules/@babel/core/src/errors/rewrite-stack-trace.ts:99:14)
      at transformSync (node_modules/@babel/core/src/transform.ts:66:52)

FAIL src/screens/GuruChatScreen.unit.test.tsx
  ● Test suite failed to run

    ReferenceError: /Users/vishnugnair/Guru-3/src/screens/GuruChatScreen.unit.test.tsx: The module factory of `jest.mock()` is not allowed to reference any out-of-scope variables.
    Invalid variable access: React
    Allowed objects: AbortController, AbortSignal, AggregateError, Array, ArrayBuffer, Atomics, BigInt, BigInt64Array, BigUint64Array, Blob, Boolean, BroadcastChannel, Buffer, ByteLengthQueuingStrategy, CompressionStream, CountQueuingStrategy, Crypto, CryptoKey, CustomEvent, DOMException, DataView, Date, DecompressionStream, Error, EvalError, Event, EventTarget, File, FinalizationRegistry, Float32Array, Float64Array, FormData, Function, Generator, GeneratorFunction, Headers, Infinity, Int16Array, Int32Array, Int8Array, InternalError, Intl, JSON, Map, Math, MessageChannel, MessageEvent, MessagePort, NaN, Number, Object, Performance, PerformanceEntry, PerformanceMark, PerformanceMeasure, PerformanceObserver, PerformanceObserverEntryList, PerformanceResourceTiming, Promise, Proxy, RangeError, ReadableByteStreamController, ReadableStream, ReadableStreamBYOBReader, ReadableStreamBYOBRequest, ReadableStreamDefaultController, ReadableStreamDefaultReader, ReferenceError, Reflect, RegExp, Request, Response, Set, SharedArrayBuffer, String, SubtleCrypto, Symbol, SyntaxError, TextDecoder, TextDecoderStream, TextEncoder, TextEncoderStream, TransformStream, TransformStreamDefaultController, TypeError, URIError, URL, URLSearchParams, Uint16Array, Uint32Array, Uint8Array, Uint8ClampedArray, WeakMap, WeakRef, WeakSet, WebAssembly, WritableStream, WritableStreamDefaultController, WritableStreamDefaultWriter, __dirname, __filename, arguments, atob, btoa, clearImmediate, clearInterval, clearTimeout, console, crypto, decodeURI, decodeURIComponent, encodeURI, encodeURIComponent, escape, eval, expect, exports, fetch, global, globalThis, isFinite, isNaN, jest, module, parseFloat, parseInt, performance, process, queueMicrotask, require, setImmediate, setInterval, setTimeout, structuredClone, undefined, unescape.
    Note: This is a precaution to guard against uninitialized mock variables. If it is ensured that the mock is required lazily, variable names prefixed with `mock` (case insensitive) are permitted.

      111 |     isEntryComplete?: () => void;
      112 |   }) => {
    > 113 |     React.useEffect(() => {
          |     ^^^^^
      114 |       isEntryComplete?.();
      115 |     }, [isEntryComplete]);
      116 |     return <ReactNative.View>{children}</ReactNative.View>;

      at File.buildCodeFrameError (node_modules/@babel/core/src/transformation/file/file.ts:251:12)
      at NodePath.buildError [as buildCodeFrameError] (node_modules/@babel/traverse/src/path/index.ts:161:21)
      at call (node_modules/@babel/traverse/src/visitors.ts:299:14)
      at NodePath.call [as _call] (node_modules/@babel/traverse/src/path/context.ts:36:20)
      at NodePath.call (node_modules/@babel/traverse/src/path/context.ts:21:18)
      at NodePath.call [as visit] (node_modules/@babel/traverse/src/path/context.ts:97:31)
      at TraversalContext.visit [as visitQueue] (node_modules/@babel/traverse/src/context.ts:161:16)
      at TraversalContext.visitQueue [as visitMultiple] (node_modules/@babel/traverse/src/context.ts:109:17)
      at TraversalContext.visitMultiple [as visit] (node_modules/@babel/traverse/src/context.ts:192:19)
      at visit (node_modules/@babel/traverse/src/traverse-node.ts:208:17)
      at NodePath.visit (node_modules/@babel/traverse/src/path/context.ts:104:33)
      at TraversalContext.visit [as visitQueue] (node_modules/@babel/traverse/src/context.ts:161:16)
      at TraversalContext.visitQueue [as visitSingle] (node_modules/@babel/traverse/src/context.ts:119:19)
      at TraversalContext.visitSingle [as visit] (node_modules/@babel/traverse/src/context.ts:194:19)
      at visit (node_modules/@babel/traverse/src/traverse-node.ts:208:17)
      at traverse (node_modules/@babel/traverse/src/index.ts:84:15)
      at transformFile (node_modules/@babel/core/src/transformation/index.ts:120:15)
          at transformFile.next (<anonymous>)
      at transformFile (node_modules/@babel/core/src/transformation/index.ts:50:12)
          at run.next (<anonymous>)
      at transform (node_modules/@babel/core/src/transform.ts:29:20)
          at transform.next (<anonymous>)
      at evaluateSync (node_modules/gensync/index.js:251:28)
      at sync (node_modules/gensync/index.js:89:14)
      at fn (node_modules/@babel/core/src/errors/rewrite-stack-trace.ts:99:14)
      at transformSync (node_modules/@babel/core/src/transform.ts:66:52)

FAIL src/navigation/TabNavigator.unit.test.tsx
  ● Test suite failed to run

    ReferenceError: /Users/vishnugnair/Guru-3/src/navigation/TabNavigator.unit.test.tsx: The module factory of `jest.mock()` is not allowed to reference any out-of-scope variables.
    Invalid variable access: _ReactNativeCSSInterop
    Allowed objects: AbortController, AbortSignal, AggregateError, Array, ArrayBuffer, Atomics, BigInt, BigInt64Array, BigUint64Array, Blob, Boolean, BroadcastChannel, Buffer, ByteLengthQueuingStrategy, CompressionStream, CountQueuingStrategy, Crypto, CryptoKey, CustomEvent, DOMException, DataView, Date, DecompressionStream, Error, EvalError, Event, EventTarget, File, FinalizationRegistry, Float32Array, Float64Array, FormData, Function, Generator, GeneratorFunction, Headers, Infinity, Int16Array, Int32Array, Int8Array, InternalError, Intl, JSON, Map, Math, MessageChannel, MessageEvent, MessagePort, NaN, Number, Object, Performance, PerformanceEntry, PerformanceMark, PerformanceMeasure, PerformanceObserver, PerformanceObserverEntryList, PerformanceResourceTiming, Promise, Proxy, RangeError, ReadableByteStreamController, ReadableStream, ReadableStreamBYOBReader, ReadableStreamBYOBRequest, ReadableStreamDefaultController, ReadableStreamDefaultReader, ReferenceError, Reflect, RegExp, Request, Response, Set, SharedArrayBuffer, String, SubtleCrypto, Symbol, SyntaxError, TextDecoder, TextDecoderStream, TextEncoder, TextEncoderStream, TransformStream, TransformStreamDefaultController, TypeError, URIError, URL, URLSearchParams, Uint16Array, Uint32Array, Uint8Array, Uint8ClampedArray, WeakMap, WeakRef, WeakSet, WebAssembly, WritableStream, WritableStreamDefaultController, WritableStreamDefaultWriter, __dirname, __filename, arguments, atob, btoa, clearImmediate, clearInterval, clearTimeout, console, crypto, decodeURI, decodeURIComponent, encodeURI, encodeURIComponent, escape, eval, expect, exports, fetch, global, globalThis, isFinite, isNaN, jest, module, parseFloat, parseInt, performance, process, queueMicrotask, require, setImmediate, setInterval, setTimeout, structuredClone, undefined, unescape.
    Note: This is a precaution to guard against uninitialized mock variables. If it is ensured that the mock is required lazily, variable names prefixed with `mock` (case insensitive) are permitted.
     (This is an error on an internal node. Probably an internal error.)

      at File.buildCodeFrameError (node_modules/@babel/core/src/transformation/file/file.ts:251:12)
      at NodePath.buildError [as buildCodeFrameError] (node_modules/@babel/traverse/src/path/index.ts:161:21)
      at call (node_modules/@babel/traverse/src/visitors.ts:299:14)
      at NodePath.call [as _call] (node_modules/@babel/traverse/src/path/context.ts:36:20)
      at NodePath.call (node_modules/@babel/traverse/src/path/context.ts:21:18)
      at NodePath.call [as visit] (node_modules/@babel/traverse/src/path/context.ts:97:31)
      at TraversalContext.visit [as visitQueue] (node_modules/@babel/traverse/src/context.ts:161:16)
      at TraversalContext.visitQueue [as visitMultiple] (node_modules/@babel/traverse/src/context.ts:109:17)
      at TraversalContext.visitMultiple [as visit] (node_modules/@babel/traverse/src/context.ts:192:19)
      at visit (node_modules/@babel/traverse/src/traverse-node.ts:208:17)
      at NodePath.visit (node_modules/@babel/traverse/src/path/context.ts:104:33)
      at TraversalContext.visit [as visitQueue] (node_modules/@babel/traverse/src/context.ts:161:16)
      at TraversalContext.visitQueue [as visitSingle] (node_modules/@babel/traverse/src/context.ts:119:19)
      at TraversalContext.visitSingle [as visit] (node_modules/@babel/traverse/src/context.ts:194:19)
      at visit (node_modules/@babel/traverse/src/traverse-node.ts:208:17)
      at traverse (node_modules/@babel/traverse/src/index.ts:84:15)
      at transformFile (node_modules/@babel/core/src/transformation/index.ts:120:15)
          at transformFile.next (<anonymous>)
      at transformFile (node_modules/@babel/core/src/transformation/index.ts:50:12)
          at run.next (<anonymous>)
      at transform (node_modules/@babel/core/src/transform.ts:29:20)
          at transform.next (<anonymous>)
      at evaluateSync (node_modules/gensync/index.js:251:28)
      at sync (node_modules/gensync/index.js:89:14)
      at fn (node_modules/@babel/core/src/errors/rewrite-stack-trace.ts:99:14)
      at transformSync (node_modules/@babel/core/src/transform.ts:66:52)

FAIL src/navigation/RootNavigator.unit.test.tsx
  ● Test suite failed to run

    ReferenceError: /Users/vishnugnair/Guru-3/src/navigation/RootNavigator.unit.test.tsx: The module factory of `jest.mock()` is not allowed to reference any out-of-scope variables.
    Invalid variable access: _ReactNativeCSSInterop
    Allowed objects: AbortController, AbortSignal, AggregateError, Array, ArrayBuffer, Atomics, BigInt, BigInt64Array, BigUint64Array, Blob, Boolean, BroadcastChannel, Buffer, ByteLengthQueuingStrategy, CompressionStream, CountQueuingStrategy, Crypto, CryptoKey, CustomEvent, DOMException, DataView, Date, DecompressionStream, Error, EvalError, Event, EventTarget, File, FinalizationRegistry, Float32Array, Float64Array, FormData, Function, Generator, GeneratorFunction, Headers, Infinity, Int16Array, Int32Array, Int8Array, InternalError, Intl, JSON, Map, Math, MessageChannel, MessageEvent, MessagePort, NaN, Number, Object, Performance, PerformanceEntry, PerformanceMark, PerformanceMeasure, PerformanceObserver, PerformanceObserverEntryList, PerformanceResourceTiming, Promise, Proxy, RangeError, ReadableByteStreamController, ReadableStream, ReadableStreamBYOBReader, ReadableStreamBYOBRequest, ReadableStreamDefaultController, ReadableStreamDefaultReader, ReferenceError, Reflect, RegExp, Request, Response, Set, SharedArrayBuffer, String, SubtleCrypto, Symbol, SyntaxError, TextDecoder, TextDecoderStream, TextEncoder, TextEncoderStream, TransformStream, TransformStreamDefaultController, TypeError, URIError, URL, URLSearchParams, Uint16Array, Uint32Array, Uint8Array, Uint8ClampedArray, WeakMap, WeakRef, WeakSet, WebAssembly, WritableStream, WritableStreamDefaultController, WritableStreamDefaultWriter, __dirname, __filename, arguments, atob, btoa, clearImmediate, clearInterval, clearTimeout, console, crypto, decodeURI, decodeURIComponent, encodeURI, encodeURIComponent, escape, eval, expect, exports, fetch, global, globalThis, isFinite, isNaN, jest, module, parseFloat, parseInt, performance, process, queueMicrotask, require, setImmediate, setInterval, setTimeout, structuredClone, undefined, unescape.
    Note: This is a precaution to guard against uninitialized mock variables. If it is ensured that the mock is required lazily, variable names prefixed with `mock` (case insensitive) are permitted.
     (This is an error on an internal node. Probably an internal error.)

      at File.buildCodeFrameError (node_modules/@babel/core/src/transformation/file/file.ts:251:12)
      at NodePath.buildError [as buildCodeFrameError] (node_modules/@babel/traverse/src/path/index.ts:161:21)
      at call (node_modules/@babel/traverse/src/visitors.ts:299:14)
      at NodePath.call [as _call] (node_modules/@babel/traverse/src/path/context.ts:36:20)
      at NodePath.call (node_modules/@babel/traverse/src/path/context.ts:21:18)
      at NodePath.call [as visit] (node_modules/@babel/traverse/src/path/context.ts:97:31)
      at TraversalContext.visit [as visitQueue] (node_modules/@babel/traverse/src/context.ts:161:16)
      at TraversalContext.visitQueue [as visitMultiple] (node_modules/@babel/traverse/src/context.ts:109:17)
      at TraversalContext.visitMultiple [as visit] (node_modules/@babel/traverse/src/context.ts:192:19)
      at visit (node_modules/@babel/traverse/src/traverse-node.ts:208:17)
      at NodePath.visit (node_modules/@babel/traverse/src/path/context.ts:104:33)
      at TraversalContext.visit [as visitQueue] (node_modules/@babel/traverse/src/context.ts:161:16)
      at TraversalContext.visitQueue [as visitSingle] (node_modules/@babel/traverse/src/context.ts:119:19)
      at TraversalContext.visitSingle [as visit] (node_modules/@babel/traverse/src/context.ts:194:19)
      at visit (node_modules/@babel/traverse/src/traverse-node.ts:208:17)
      at traverse (node_modules/@babel/traverse/src/index.ts:84:15)
      at transformFile (node_modules/@babel/core/src/transformation/index.ts:120:15)
          at transformFile.next (<anonymous>)
      at transformFile (node_modules/@babel/core/src/transformation/index.ts:50:12)
          at run.next (<anonymous>)
      at transform (node_modules/@babel/core/src/transform.ts:29:20)
          at transform.next (<anonymous>)
      at evaluateSync (node_modules/gensync/index.js:251:28)
      at sync (node_modules/gensync/index.js:89:14)
      at fn (node_modules/@babel/core/src/errors/rewrite-stack-trace.ts:99:14)
      at transformSync (node_modules/@babel/core/src/transform.ts:66:52)

FAIL src/hooks/useResponsive.unit.test.ts
  ● Test suite failed to run

    TypeError: Cannot read properties of undefined (reading 'getColorScheme')

       6 | const SPACING_FACTOR = 1.8;
       7 | const FONT_FACTOR = 1.3;
    >  8 | const SIZE_FACTOR = 1.4;
         |                         ^
       9 |
      10 | export function useResponsive() {
      11 |   const { width, height } = useWindowDimensions();

      at Object.getColorScheme (node_modules/react-native-css-interop/src/runtime/web/color-scheme.ts:55:14)
      at Object.require (node_modules/react-native-css-interop/src/runtime/web/api.ts:11:1)
      at Object.require (node_modules/react-native-css-interop/src/runtime/api.ts:1:1)
      at Object.require (node_modules/react-native-css-interop/src/runtime/wrap-jsx.ts:2:1)
      at Object.require (node_modules/react-native-css-interop/src/index.ts:3:1)
      at Object.<anonymous> (src/hooks/useResponsive.ts:8:54)
      at Object.require (src/hooks/useResponsive.unit.test.ts:2:1)

FAIL src/hooks/useLectureReturnRecovery.unit.test.ts
  ● Test suite failed to run

    TypeError: Cannot read properties of undefined (reading 'getColorScheme')

      74 | jest.mock('../services/recordingValidation', () => ({
      75 |   validateRecordingWithBackoff: mockValidateRecordingWithBackoff,
    > 76 | }));
         |     ^
      77 |
      78 | describe('useLectureReturnRecovery', () => {
      79 |   let hookApi: any;

      at Object.getColorScheme (node_modules/react-native-css-interop/src/runtime/web/color-scheme.ts:55:14)
      at Object.require (node_modules/react-native-css-interop/src/runtime/web/api.ts:11:1)
      at Object.require (node_modules/react-native-css-interop/src/runtime/api.ts:1:1)
      at Object.require (node_modules/react-native-css-interop/src/runtime/wrap-jsx.ts:2:1)
      at Object.require (node_modules/react-native-css-interop/src/index.ts:3:1)
      at Object.require (src/hooks/useLectureReturnRecovery.unit.test.ts:76:5)

FAIL src/motion/presets.unit.test.ts
  ● Test suite failed to run

    ReferenceError: /Users/vishnugnair/Guru-3/src/motion/presets.unit.test.ts: The module factory of `jest.mock()` is not allowed to reference any out-of-scope variables.
    Invalid variable access: _ReactNativeCSSInterop
    Allowed objects: AbortController, AbortSignal, AggregateError, Array, ArrayBuffer, Atomics, BigInt, BigInt64Array, BigUint64Array, Blob, Boolean, BroadcastChannel, Buffer, ByteLengthQueuingStrategy, CompressionStream, CountQueuingStrategy, Crypto, CryptoKey, CustomEvent, DOMException, DataView, Date, DecompressionStream, Error, EvalError, Event, EventTarget, File, FinalizationRegistry, Float32Array, Float64Array, FormData, Function, Generator, GeneratorFunction, Headers, Infinity, Int16Array, Int32Array, Int8Array, InternalError, Intl, JSON, Map, Math, MessageChannel, MessageEvent, MessagePort, NaN, Number, Object, Performance, PerformanceEntry, PerformanceMark, PerformanceMeasure, PerformanceObserver, PerformanceObserverEntryList, PerformanceResourceTiming, Promise, Proxy, RangeError, ReadableByteStreamController, ReadableStream, ReadableStreamBYOBReader, ReadableStreamBYOBRequest, ReadableStreamDefaultController, ReadableStreamDefaultReader, ReferenceError, Reflect, RegExp, Request, Response, Set, SharedArrayBuffer, String, SubtleCrypto, Symbol, SyntaxError, TextDecoder, TextDecoderStream, TextEncoder, TextEncoderStream, TransformStream, TransformStreamDefaultController, TypeError, URIError, URL, URLSearchParams, Uint16Array, Uint32Array, Uint8Array, Uint8ClampedArray, WeakMap, WeakRef, WeakSet, WebAssembly, WritableStream, WritableStreamDefaultController, WritableStreamDefaultWriter, __dirname, __filename, arguments, atob, btoa, clearImmediate, clearInterval, clearTimeout, console, crypto, decodeURI, decodeURIComponent, encodeURI, encodeURIComponent, escape, eval, expect, exports, fetch, global, globalThis, isFinite, isNaN, jest, module, parseFloat, parseInt, performance, process, queueMicrotask, require, setImmediate, setInterval, setTimeout, structuredClone, undefined, unescape.
    Note: This is a precaution to guard against uninitialized mock variables. If it is ensured that the mock is required lazily, variable names prefixed with `mock` (case insensitive) are permitted.
     (This is an error on an internal node. Probably an internal error.)

      at File.buildCodeFrameError (node_modules/@babel/core/src/transformation/file/file.ts:251:12)
      at NodePath.buildError [as buildCodeFrameError] (node_modules/@babel/traverse/src/path/index.ts:161:21)
      at call (node_modules/@babel/traverse/src/visitors.ts:299:14)
      at NodePath.call [as _call] (node_modules/@babel/traverse/src/path/context.ts:36:20)
      at NodePath.call (node_modules/@babel/traverse/src/path/context.ts:21:18)
      at NodePath.call [as visit] (node_modules/@babel/traverse/src/path/context.ts:97:31)
      at TraversalContext.visit [as visitQueue] (node_modules/@babel/traverse/src/context.ts:161:16)
      at TraversalContext.visitQueue [as visitMultiple] (node_modules/@babel/traverse/src/context.ts:109:17)
      at TraversalContext.visitMultiple [as visit] (node_modules/@babel/traverse/src/context.ts:192:19)
      at visit (node_modules/@babel/traverse/src/traverse-node.ts:208:17)
      at NodePath.visit (node_modules/@babel/traverse/src/path/context.ts:104:33)
      at TraversalContext.visit [as visitQueue] (node_modules/@babel/traverse/src/context.ts:161:16)
      at TraversalContext.visitQueue [as visitSingle] (node_modules/@babel/traverse/src/context.ts:119:19)
      at TraversalContext.visitSingle [as visit] (node_modules/@babel/traverse/src/context.ts:194:19)
      at visit (node_modules/@babel/traverse/src/traverse-node.ts:208:17)
      at traverse (node_modules/@babel/traverse/src/index.ts:84:15)
      at transformFile (node_modules/@babel/core/src/transformation/index.ts:120:15)
          at transformFile.next (<anonymous>)
      at transformFile (node_modules/@babel/core/src/transformation/index.ts:50:12)
          at run.next (<anonymous>)
      at transform (node_modules/@babel/core/src/transform.ts:29:20)
          at transform.next (<anonymous>)
      at evaluateSync (node_modules/gensync/index.js:251:28)
      at sync (node_modules/gensync/index.js:89:14)
      at fn (node_modules/@babel/core/src/errors/rewrite-stack-trace.ts:99:14)
      at transformSync (node_modules/@babel/core/src/transform.ts:66:52)

FAIL src/components/StartButton.unit.test.tsx
  ● Test suite failed to run

    ReferenceError: /Users/vishnugnair/Guru-3/src/components/StartButton.unit.test.tsx: The module factory of `jest.mock()` is not allowed to reference any out-of-scope variables.
    Invalid variable access: _ReactNativeCSSInterop
    Allowed objects: AbortController, AbortSignal, AggregateError, Array, ArrayBuffer, Atomics, BigInt, BigInt64Array, BigUint64Array, Blob, Boolean, BroadcastChannel, Buffer, ByteLengthQueuingStrategy, CompressionStream, CountQueuingStrategy, Crypto, CryptoKey, CustomEvent, DOMException, DataView, Date, DecompressionStream, Error, EvalError, Event, EventTarget, File, FinalizationRegistry, Float32Array, Float64Array, FormData, Function, Generator, GeneratorFunction, Headers, Infinity, Int16Array, Int32Array, Int8Array, InternalError, Intl, JSON, Map, Math, MessageChannel, MessageEvent, MessagePort, NaN, Number, Object, Performance, PerformanceEntry, PerformanceMark, PerformanceMeasure, PerformanceObserver, PerformanceObserverEntryList, PerformanceResourceTiming, Promise, Proxy, RangeError, ReadableByteStreamController, ReadableStream, ReadableStreamBYOBReader, ReadableStreamBYOBRequest, ReadableStreamDefaultController, ReadableStreamDefaultReader, ReferenceError, Reflect, RegExp, Request, Response, Set, SharedArrayBuffer, String, SubtleCrypto, Symbol, SyntaxError, TextDecoder, TextDecoderStream, TextEncoder, TextEncoderStream, TransformStream, TransformStreamDefaultController, TypeError, URIError, URL, URLSearchParams, Uint16Array, Uint32Array, Uint8Array, Uint8ClampedArray, WeakMap, WeakRef, WeakSet, WebAssembly, WritableStream, WritableStreamDefaultController, WritableStreamDefaultWriter, __dirname, __filename, arguments, atob, btoa, clearImmediate, clearInterval, clearTimeout, console, crypto, decodeURI, decodeURIComponent, encodeURI, encodeURIComponent, escape, eval, expect, exports, fetch, global, globalThis, isFinite, isNaN, jest, module, parseFloat, parseInt, performance, process, queueMicrotask, require, setImmediate, setInterval, setTimeout, structuredClone, undefined, unescape.
    Note: This is a precaution to guard against uninitialized mock variables. If it is ensured that the mock is required lazily, variable names prefixed with `mock` (case insensitive) are permitted.
     (This is an error on an internal node. Probably an internal error.)

      at File.buildCodeFrameError (node_modules/@babel/core/src/transformation/file/file.ts:251:12)
      at NodePath.buildError [as buildCodeFrameError] (node_modules/@babel/traverse/src/path/index.ts:161:21)
      at call (node_modules/@babel/traverse/src/visitors.ts:299:14)
      at NodePath.call [as _call] (node_modules/@babel/traverse/src/path/context.ts:36:20)
      at NodePath.call (node_modules/@babel/traverse/src/path/context.ts:21:18)
      at NodePath.call [as visit] (node_modules/@babel/traverse/src/path/context.ts:97:31)
      at TraversalContext.visit [as visitQueue] (node_modules/@babel/traverse/src/context.ts:161:16)
      at TraversalContext.visitQueue [as visitMultiple] (node_modules/@babel/traverse/src/context.ts:109:17)
      at TraversalContext.visitMultiple [as visit] (node_modules/@babel/traverse/src/context.ts:192:19)
      at visit (node_modules/@babel/traverse/src/traverse-node.ts:208:17)
      at NodePath.visit (node_modules/@babel/traverse/src/path/context.ts:104:33)
      at TraversalContext.visit [as visitQueue] (node_modules/@babel/traverse/src/context.ts:161:16)
      at TraversalContext.visitQueue [as visitSingle] (node_modules/@babel/traverse/src/context.ts:119:19)
      at TraversalContext.visitSingle [as visit] (node_modules/@babel/traverse/src/context.ts:194:19)
      at visit (node_modules/@babel/traverse/src/traverse-node.ts:208:17)
      at traverse (node_modules/@babel/traverse/src/index.ts:84:15)
      at transformFile (node_modules/@babel/core/src/transformation/index.ts:120:15)
          at transformFile.next (<anonymous>)
      at transformFile (node_modules/@babel/core/src/transformation/index.ts:50:12)
          at run.next (<anonymous>)
      at transform (node_modules/@babel/core/src/transform.ts:29:20)
          at transform.next (<anonymous>)
      at evaluateSync (node_modules/gensync/index.js:251:28)
      at sync (node_modules/gensync/index.js:89:14)
      at fn (node_modules/@babel/core/src/errors/rewrite-stack-trace.ts:99:14)
      at transformSync (node_modules/@babel/core/src/transform.ts:66:52)

FAIL src/components/LoadingOrb.unit.test.tsx
  ● Test suite failed to run

    ReferenceError: /Users/vishnugnair/Guru-3/src/components/LoadingOrb.unit.test.tsx: The module factory of `jest.mock()` is not allowed to reference any out-of-scope variables.
    Invalid variable access: turbulentOrbMock
    Allowed objects: AbortController, AbortSignal, AggregateError, Array, ArrayBuffer, Atomics, BigInt, BigInt64Array, BigUint64Array, Blob, Boolean, BroadcastChannel, Buffer, ByteLengthQueuingStrategy, CompressionStream, CountQueuingStrategy, Crypto, CryptoKey, CustomEvent, DOMException, DataView, Date, DecompressionStream, Error, EvalError, Event, EventTarget, File, FinalizationRegistry, Float32Array, Float64Array, FormData, Function, Generator, GeneratorFunction, Headers, Infinity, Int16Array, Int32Array, Int8Array, InternalError, Intl, JSON, Map, Math, MessageChannel, MessageEvent, MessagePort, NaN, Number, Object, Performance, PerformanceEntry, PerformanceMark, PerformanceMeasure, PerformanceObserver, PerformanceObserverEntryList, PerformanceResourceTiming, Promise, Proxy, RangeError, ReadableByteStreamController, ReadableStream, ReadableStreamBYOBReader, ReadableStreamBYOBRequest, ReadableStreamDefaultController, ReadableStreamDefaultReader, ReferenceError, Reflect, RegExp, Request, Response, Set, SharedArrayBuffer, String, SubtleCrypto, Symbol, SyntaxError, TextDecoder, TextDecoderStream, TextEncoder, TextEncoderStream, TransformStream, TransformStreamDefaultController, TypeError, URIError, URL, URLSearchParams, Uint16Array, Uint32Array, Uint8Array, Uint8ClampedArray, WeakMap, WeakRef, WeakSet, WebAssembly, WritableStream, WritableStreamDefaultController, WritableStreamDefaultWriter, __dirname, __filename, arguments, atob, btoa, clearImmediate, clearInterval, clearTimeout, console, crypto, decodeURI, decodeURIComponent, encodeURI, encodeURIComponent, escape, eval, expect, exports, fetch, global, globalThis, isFinite, isNaN, jest, module, parseFloat, parseInt, performance, process, queueMicrotask, require, setImmediate, setInterval, setTimeout, structuredClone, undefined, unescape.
    Note: This is a precaution to guard against uninitialized mock variables. If it is ensured that the mock is required lazily, variable names prefixed with `mock` (case insensitive) are permitted.

       9 | jest.mock('./TurbulentOrb', () => ({
      10 |   __esModule: true,
    > 11 |   default: (props: any) => turbulentOrbMock(props),
         |                            ^^^^^^^^^^^^^^^^
      12 | }));
      13 |
      14 | jest.mock('../hooks/queries/useProfile', () => ({

      at File.buildCodeFrameError (node_modules/@babel/core/src/transformation/file/file.ts:251:12)
      at NodePath.buildError [as buildCodeFrameError] (node_modules/@babel/traverse/src/path/index.ts:161:21)
      at call (node_modules/@babel/traverse/src/visitors.ts:299:14)
      at NodePath.call [as _call] (node_modules/@babel/traverse/src/path/context.ts:36:20)
      at NodePath.call (node_modules/@babel/traverse/src/path/context.ts:21:18)
      at NodePath.call [as visit] (node_modules/@babel/traverse/src/path/context.ts:97:31)
      at TraversalContext.visit [as visitQueue] (node_modules/@babel/traverse/src/context.ts:161:16)
      at TraversalContext.visitQueue [as visitMultiple] (node_modules/@babel/traverse/src/context.ts:109:17)
      at TraversalContext.visitMultiple [as visit] (node_modules/@babel/traverse/src/context.ts:192:19)
      at visit (node_modules/@babel/traverse/src/traverse-node.ts:208:17)
      at NodePath.visit (node_modules/@babel/traverse/src/path/context.ts:104:33)
      at TraversalContext.visit [as visitQueue] (node_modules/@babel/traverse/src/context.ts:161:16)
      at TraversalContext.visitQueue [as visitSingle] (node_modules/@babel/traverse/src/context.ts:119:19)
      at TraversalContext.visitSingle [as visit] (node_modules/@babel/traverse/src/context.ts:194:19)
      at visit (node_modules/@babel/traverse/src/traverse-node.ts:208:17)
      at traverse (node_modules/@babel/traverse/src/index.ts:84:15)
      at transformFile (node_modules/@babel/core/src/transformation/index.ts:120:15)
          at transformFile.next (<anonymous>)
      at transformFile (node_modules/@babel/core/src/transformation/index.ts:50:12)
          at run.next (<anonymous>)
      at transform (node_modules/@babel/core/src/transform.ts:29:20)
          at transform.next (<anonymous>)
      at evaluateSync (node_modules/gensync/index.js:251:28)
      at sync (node_modules/gensync/index.js:89:14)
      at fn (node_modules/@babel/core/src/errors/rewrite-stack-trace.ts:99:14)
      at transformSync (node_modules/@babel/core/src/transform.ts:66:52)

FAIL src/components/LectureReturnSheet.unit.test.tsx
  ● Test suite failed to run

    ReferenceError: /Users/vishnugnair/Guru-3/src/components/LectureReturnSheet.unit.test.tsx: The module factory of `jest.mock()` is not allowed to reference any out-of-scope variables.
    Invalid variable access: View
    Allowed objects: AbortController, AbortSignal, AggregateError, Array, ArrayBuffer, Atomics, BigInt, BigInt64Array, BigUint64Array, Blob, Boolean, BroadcastChannel, Buffer, ByteLengthQueuingStrategy, CompressionStream, CountQueuingStrategy, Crypto, CryptoKey, CustomEvent, DOMException, DataView, Date, DecompressionStream, Error, EvalError, Event, EventTarget, File, FinalizationRegistry, Float32Array, Float64Array, FormData, Function, Generator, GeneratorFunction, Headers, Infinity, Int16Array, Int32Array, Int8Array, InternalError, Intl, JSON, Map, Math, MessageChannel, MessageEvent, MessagePort, NaN, Number, Object, Performance, PerformanceEntry, PerformanceMark, PerformanceMeasure, PerformanceObserver, PerformanceObserverEntryList, PerformanceResourceTiming, Promise, Proxy, RangeError, ReadableByteStreamController, ReadableStream, ReadableStreamBYOBReader, ReadableStreamBYOBRequest, ReadableStreamDefaultController, ReadableStreamDefaultReader, ReferenceError, Reflect, RegExp, Request, Response, Set, SharedArrayBuffer, String, SubtleCrypto, Symbol, SyntaxError, TextDecoder, TextDecoderStream, TextEncoder, TextEncoderStream, TransformStream, TransformStreamDefaultController, TypeError, URIError, URL, URLSearchParams, Uint16Array, Uint32Array, Uint8Array, Uint8ClampedArray, WeakMap, WeakRef, WeakSet, WebAssembly, WritableStream, WritableStreamDefaultController, WritableStreamDefaultWriter, __dirname, __filename, arguments, atob, btoa, clearImmediate, clearInterval, clearTimeout, console, crypto, decodeURI, decodeURIComponent, encodeURI, encodeURIComponent, escape, eval, expect, exports, fetch, global, globalThis, isFinite, isNaN, jest, module, parseFloat, parseInt, performance, process, queueMicrotask, require, setImmediate, setInterval, setTimeout, structuredClone, undefined, unescape.
    Note: This is a precaution to guard against uninitialized mock variables. If it is ensured that the mock is required lazily, variable names prefixed with `mock` (case insensitive) are permitted.

       8 |   __esModule: true,
       9 |   default: ({ onSelectSubject }: { onSelectSubject: (subject: string) => void }) => (
    > 10 |     <View>
         |      ^^^^
      11 |       <Text>Subject required</Text>
      12 |       <Text>Choose the lecture subject before saving so topics get filed correctly.</Text>
      13 |       <TouchableOpacity onPress={() => onSelectSubject('Physiology')}>

      at File.buildCodeFrameError (node_modules/@babel/core/src/transformation/file/file.ts:251:12)
      at NodePath.buildError [as buildCodeFrameError] (node_modules/@babel/traverse/src/path/index.ts:161:21)
      at call (node_modules/@babel/traverse/src/visitors.ts:299:14)
      at NodePath.call [as _call] (node_modules/@babel/traverse/src/path/context.ts:36:20)
      at NodePath.call (node_modules/@babel/traverse/src/path/context.ts:21:18)
      at NodePath.call [as visit] (node_modules/@babel/traverse/src/path/context.ts:97:31)
      at TraversalContext.visit [as visitQueue] (node_modules/@babel/traverse/src/context.ts:161:16)
      at TraversalContext.visitQueue [as visitMultiple] (node_modules/@babel/traverse/src/context.ts:109:17)
      at TraversalContext.visitMultiple [as visit] (node_modules/@babel/traverse/src/context.ts:192:19)
      at visit (node_modules/@babel/traverse/src/traverse-node.ts:208:17)
      at NodePath.visit (node_modules/@babel/traverse/src/path/context.ts:104:33)
      at TraversalContext.visit [as visitQueue] (node_modules/@babel/traverse/src/context.ts:161:16)
      at TraversalContext.visitQueue [as visitSingle] (node_modules/@babel/traverse/src/context.ts:119:19)
      at TraversalContext.visitSingle [as visit] (node_modules/@babel/traverse/src/context.ts:194:19)
      at visit (node_modules/@babel/traverse/src/traverse-node.ts:208:17)
      at traverse (node_modules/@babel/traverse/src/index.ts:84:15)
      at transformFile (node_modules/@babel/core/src/transformation/index.ts:120:15)
          at transformFile.next (<anonymous>)
      at transformFile (node_modules/@babel/core/src/transformation/index.ts:50:12)
          at run.next (<anonymous>)
      at transform (node_modules/@babel/core/src/transform.ts:29:20)
          at transform.next (<anonymous>)
      at evaluateSync (node_modules/gensync/index.js:251:28)
      at sync (node_modules/gensync/index.js:89:14)
      at fn (node_modules/@babel/core/src/errors/rewrite-stack-trace.ts:99:14)
      at transformSync (node_modules/@babel/core/src/transform.ts:66:52)

FAIL src/components/GuruChatOverlay.unit.test.tsx
  ● Test suite failed to run

    ReferenceError: /Users/vishnugnair/Guru-3/src/components/GuruChatOverlay.unit.test.tsx: The module factory of `jest.mock()` is not allowed to reference any out-of-scope variables.
    Invalid variable access: setCurrentThreadMock
    Allowed objects: AbortController, AbortSignal, AggregateError, Array, ArrayBuffer, Atomics, BigInt, BigInt64Array, BigUint64Array, Blob, Boolean, BroadcastChannel, Buffer, ByteLengthQueuingStrategy, CompressionStream, CountQueuingStrategy, Crypto, CryptoKey, CustomEvent, DOMException, DataView, Date, DecompressionStream, Error, EvalError, Event, EventTarget, File, FinalizationRegistry, Float32Array, Float64Array, FormData, Function, Generator, GeneratorFunction, Headers, Infinity, Int16Array, Int32Array, Int8Array, InternalError, Intl, JSON, Map, Math, MessageChannel, MessageEvent, MessagePort, NaN, Number, Object, Performance, PerformanceEntry, PerformanceMark, PerformanceMeasure, PerformanceObserver, PerformanceObserverEntryList, PerformanceResourceTiming, Promise, Proxy, RangeError, ReadableByteStreamController, ReadableStream, ReadableStreamBYOBReader, ReadableStreamBYOBRequest, ReadableStreamDefaultController, ReadableStreamDefaultReader, ReferenceError, Reflect, RegExp, Request, Response, Set, SharedArrayBuffer, String, SubtleCrypto, Symbol, SyntaxError, TextDecoder, TextDecoderStream, TextEncoder, TextEncoderStream, TransformStream, TransformStreamDefaultController, TypeError, URIError, URL, URLSearchParams, Uint16Array, Uint32Array, Uint8Array, Uint8ClampedArray, WeakMap, WeakRef, WeakSet, WebAssembly, WritableStream, WritableStreamDefaultController, WritableStreamDefaultWriter, __dirname, __filename, arguments, atob, btoa, clearImmediate, clearInterval, clearTimeout, console, crypto, decodeURI, decodeURIComponent, encodeURI, encodeURIComponent, escape, eval, expect, exports, fetch, global, globalThis, isFinite, isNaN, jest, module, parseFloat, parseInt, performance, process, queueMicrotask, require, setImmediate, setInterval, setTimeout, structuredClone, undefined, unescape.
    Note: This is a precaution to guard against uninitialized mock variables. If it is ensured that the mock is required lazily, variable names prefixed with `mock` (case insensitive) are permitted.

      37 |   useGuruChatSession: jest.fn(() => ({
      38 |     currentThread: undefined,
    > 39 |     setCurrentThread: setCurrentThreadMock,
         |                       ^^^^^^^^^^^^^^^^^^^^
      40 |     refreshThreads: jest.fn(),
      41 |     isHydratingThread: false,
      42 |     sessionSummary: '',

      at File.buildCodeFrameError (node_modules/@babel/core/src/transformation/file/file.ts:251:12)
      at NodePath.buildError [as buildCodeFrameError] (node_modules/@babel/traverse/src/path/index.ts:161:21)
      at call (node_modules/@babel/traverse/src/visitors.ts:299:14)
      at NodePath.call [as _call] (node_modules/@babel/traverse/src/path/context.ts:36:20)
      at NodePath.call (node_modules/@babel/traverse/src/path/context.ts:21:18)
      at NodePath.call [as visit] (node_modules/@babel/traverse/src/path/context.ts:97:31)
      at TraversalContext.visit [as visitQueue] (node_modules/@babel/traverse/src/context.ts:161:16)
      at TraversalContext.visitQueue [as visitMultiple] (node_modules/@babel/traverse/src/context.ts:109:17)
      at TraversalContext.visitMultiple [as visit] (node_modules/@babel/traverse/src/context.ts:192:19)
      at visit (node_modules/@babel/traverse/src/traverse-node.ts:208:17)
      at NodePath.visit (node_modules/@babel/traverse/src/path/context.ts:104:33)
      at TraversalContext.visit [as visitQueue] (node_modules/@babel/traverse/src/context.ts:161:16)
      at TraversalContext.visitQueue [as visitSingle] (node_modules/@babel/traverse/src/context.ts:119:19)
      at TraversalContext.visitSingle [as visit] (node_modules/@babel/traverse/src/context.ts:194:19)
      at visit (node_modules/@babel/traverse/src/traverse-node.ts:208:17)
      at traverse (node_modules/@babel/traverse/src/index.ts:84:15)
      at transformFile (node_modules/@babel/core/src/transformation/index.ts:120:15)
          at transformFile.next (<anonymous>)
      at transformFile (node_modules/@babel/core/src/transformation/index.ts:50:12)
          at run.next (<anonymous>)
      at transform (node_modules/@babel/core/src/transform.ts:29:20)
          at transform.next (<anonymous>)
      at evaluateSync (node_modules/gensync/index.js:251:28)
      at sync (node_modules/gensync/index.js:89:14)
      at fn (node_modules/@babel/core/src/errors/rewrite-stack-trace.ts:99:14)
      at transformSync (node_modules/@babel/core/src/transform.ts:66:52)


Test Suites: 34 failed, 159 passed, 193 total
Tests:       65 failed, 1025 passed, 1090 total
Snapshots:   10 passed, 10 total
Time:        16.288 s, estimated 22 s
Ran all test suites.
